Archive member included to satisfy reference by file (symbol)

c:/users/medo4/downloads/compressed/avr8-gnu-toolchain-3.7.0.1796-win32.any.x86_64/avr8-gnu-toolchain-win32_x86_64/bin/../lib/gcc/avr/7.3.0/avr5\libgcc.a(_udivmodsi4.o)
                              ./Include/LOGIC/Polling/poller.o (__udivmodsi4)
c:/users/medo4/downloads/compressed/avr8-gnu-toolchain-3.7.0.1796-win32.any.x86_64/avr8-gnu-toolchain-win32_x86_64/bin/../lib/gcc/avr/7.3.0/avr5\libgcc.a(_divmodsi4.o)
                              ./Include/COMMUNICATION/Uart/Uart.o (__divmodsi4)
c:/users/medo4/downloads/compressed/avr8-gnu-toolchain-3.7.0.1796-win32.any.x86_64/avr8-gnu-toolchain-win32_x86_64/bin/../lib/gcc/avr/7.3.0/avr5\libgcc.a(_negsi2.o)
                              c:/users/medo4/downloads/compressed/avr8-gnu-toolchain-3.7.0.1796-win32.any.x86_64/avr8-gnu-toolchain-win32_x86_64/bin/../lib/gcc/avr/7.3.0/avr5\libgcc.a(_divmodsi4.o) (__negsi2)
c:/users/medo4/downloads/compressed/avr8-gnu-toolchain-3.7.0.1796-win32.any.x86_64/avr8-gnu-toolchain-win32_x86_64/bin/../lib/gcc/avr/7.3.0/avr5\libgcc.a(_exit.o)
                              c:/users/medo4/downloads/compressed/avr8-gnu-toolchain-3.7.0.1796-win32.any.x86_64/avr8-gnu-toolchain-win32_x86_64/bin/../lib/gcc/avr/7.3.0/../../../../avr/lib/avr5/crtatmega32a.o (exit)
c:/users/medo4/downloads/compressed/avr8-gnu-toolchain-3.7.0.1796-win32.any.x86_64/avr8-gnu-toolchain-win32_x86_64/bin/../lib/gcc/avr/7.3.0/avr5\libgcc.a(_tablejump2.o)
                              ./Include/MCAL/ADC/ADC.o (__tablejump2__)
c:/users/medo4/downloads/compressed/avr8-gnu-toolchain-3.7.0.1796-win32.any.x86_64/avr8-gnu-toolchain-win32_x86_64/bin/../lib/gcc/avr/7.3.0/avr5\libgcc.a(_copy_data.o)
                              ./Include/OS/Os.o (__do_copy_data)
c:/users/medo4/downloads/compressed/avr8-gnu-toolchain-3.7.0.1796-win32.any.x86_64/avr8-gnu-toolchain-win32_x86_64/bin/../lib/gcc/avr/7.3.0/avr5\libgcc.a(_clear_bss.o)
                              ./Include/OS/Os.o (__do_clear_bss)
c:/users/medo4/downloads/compressed/avr8-gnu-toolchain-3.7.0.1796-win32.any.x86_64/avr8-gnu-toolchain-win32_x86_64/bin/../lib/gcc/avr/7.3.0/../../../../avr/lib/avr5\libm.a(divsf3.o)
                              ./Include/MCAL/ADC/ADC.o (__divsf3)
c:/users/medo4/downloads/compressed/avr8-gnu-toolchain-3.7.0.1796-win32.any.x86_64/avr8-gnu-toolchain-win32_x86_64/bin/../lib/gcc/avr/7.3.0/../../../../avr/lib/avr5\libm.a(divsf3x.o)
                              c:/users/medo4/downloads/compressed/avr8-gnu-toolchain-3.7.0.1796-win32.any.x86_64/avr8-gnu-toolchain-win32_x86_64/bin/../lib/gcc/avr/7.3.0/../../../../avr/lib/avr5\libm.a(divsf3.o) (__divsf3x)
c:/users/medo4/downloads/compressed/avr8-gnu-toolchain-3.7.0.1796-win32.any.x86_64/avr8-gnu-toolchain-win32_x86_64/bin/../lib/gcc/avr/7.3.0/../../../../avr/lib/avr5\libm.a(floatsisf.o)
                              ./Include/MCAL/ADC/ADC.o (__floatunsisf)
c:/users/medo4/downloads/compressed/avr8-gnu-toolchain-3.7.0.1796-win32.any.x86_64/avr8-gnu-toolchain-win32_x86_64/bin/../lib/gcc/avr/7.3.0/../../../../avr/lib/avr5\libm.a(fp_inf.o)
                              c:/users/medo4/downloads/compressed/avr8-gnu-toolchain-3.7.0.1796-win32.any.x86_64/avr8-gnu-toolchain-win32_x86_64/bin/../lib/gcc/avr/7.3.0/../../../../avr/lib/avr5\libm.a(divsf3x.o) (__fp_inf)
c:/users/medo4/downloads/compressed/avr8-gnu-toolchain-3.7.0.1796-win32.any.x86_64/avr8-gnu-toolchain-win32_x86_64/bin/../lib/gcc/avr/7.3.0/../../../../avr/lib/avr5\libm.a(fp_nan.o)
                              c:/users/medo4/downloads/compressed/avr8-gnu-toolchain-3.7.0.1796-win32.any.x86_64/avr8-gnu-toolchain-win32_x86_64/bin/../lib/gcc/avr/7.3.0/../../../../avr/lib/avr5\libm.a(divsf3x.o) (__fp_nan)
c:/users/medo4/downloads/compressed/avr8-gnu-toolchain-3.7.0.1796-win32.any.x86_64/avr8-gnu-toolchain-win32_x86_64/bin/../lib/gcc/avr/7.3.0/../../../../avr/lib/avr5\libm.a(fp_pscA.o)
                              c:/users/medo4/downloads/compressed/avr8-gnu-toolchain-3.7.0.1796-win32.any.x86_64/avr8-gnu-toolchain-win32_x86_64/bin/../lib/gcc/avr/7.3.0/../../../../avr/lib/avr5\libm.a(divsf3x.o) (__fp_pscA)
c:/users/medo4/downloads/compressed/avr8-gnu-toolchain-3.7.0.1796-win32.any.x86_64/avr8-gnu-toolchain-win32_x86_64/bin/../lib/gcc/avr/7.3.0/../../../../avr/lib/avr5\libm.a(fp_pscB.o)
                              c:/users/medo4/downloads/compressed/avr8-gnu-toolchain-3.7.0.1796-win32.any.x86_64/avr8-gnu-toolchain-win32_x86_64/bin/../lib/gcc/avr/7.3.0/../../../../avr/lib/avr5\libm.a(divsf3x.o) (__fp_pscB)
c:/users/medo4/downloads/compressed/avr8-gnu-toolchain-3.7.0.1796-win32.any.x86_64/avr8-gnu-toolchain-win32_x86_64/bin/../lib/gcc/avr/7.3.0/../../../../avr/lib/avr5\libm.a(fp_round.o)
                              c:/users/medo4/downloads/compressed/avr8-gnu-toolchain-3.7.0.1796-win32.any.x86_64/avr8-gnu-toolchain-win32_x86_64/bin/../lib/gcc/avr/7.3.0/../../../../avr/lib/avr5\libm.a(divsf3.o) (__fp_round)
[...]
Memory Configuration

Name             Origin             Length             Attributes
text             0x0000000000000000 0x0000000000008000 xr
data             0x0000000000800060 0x0000000000000800 rw !x
eeprom           0x0000000000810000 0x0000000000000400 rw !x
fuse             0x0000000000820000 0x0000000000000002 rw !x
lock             0x0000000000830000 0x0000000000000400 rw !x
signature        0x0000000000840000 0x0000000000000400 rw !x
user_signatures  0x0000000000850000 0x0000000000000400 rw !x
*default*        0x0000000000000000 0xffffffffffffffff

Linker script and memory map

LOAD c:/users/medo4/downloads/compressed/avr8-gnu-toolchain-3.7.0.1796-win32.any.x86_64/avr8-gnu-toolchain-win32_x86_64/bin/../lib/gcc/avr/7.3.0/../../../../avr/lib/avr5/crtatmega32a.o
LOAD ./Include/OS/Os.o
LOAD ./Include/MCAL/Timer/timer.o
LOAD ./Include/MCAL/Gpio/Gpio.o
LOAD ./Include/MCAL/Gpio/Gpio_Config.o
LOAD ./Include/MCAL/ADC/ADC.o
LOAD ./Include/LOGIC/Polling/poller.o
LOAD ./Include/LOGIC/Logic.o
LOAD ./Include/HAL/Lcd/Lcd.o
LOAD ./Include/COMMUNICATION/Uart/Uart.o
LOAD ./FreeRtos/croutine.o
LOAD ./FreeRtos/event_groups.o
LOAD ./FreeRtos/heap_1.o
LOAD ./FreeRtos/list.o
LOAD ./FreeRtos/port.o
LOAD ./FreeRtos/queue.o
LOAD ./FreeRtos/stream_buffer.o
LOAD ./FreeRtos/tasks.o
LOAD ./FreeRtos/timers.o
LOAD ./main.o
START GROUP
LOAD c:/users/medo4/downloads/compressed/avr8-gnu-toolchain-3.7.0.1796-win32.any.x86_64/avr8-gnu-toolchain-win32_x86_64/bin/../lib/gcc/avr/7.3.0/avr5\libgcc.a
LOAD c:/users/medo4/downloads/compressed/avr8-gnu-toolchain-3.7.0.1796-win32.any.x86_64/avr8-gnu-toolchain-win32_x86_64/bin/../lib/gcc/avr/7.3.0/../../../../avr/lib/avr5\libm.a
LOAD c:/users/medo4/downloads/compressed/avr8-gnu-toolchain-3.7.0.1796-win32.any.x86_64/avr8-gnu-toolchain-win32_x86_64/bin/../lib/gcc/avr/7.3.0/../../../../avr/lib/avr5\libc.a
LOAD c:/users/medo4/downloads/compressed/avr8-gnu-toolchain-3.7.0.1796-win32.any.x86_64/avr8-gnu-toolchain-win32_x86_64/bin/../lib/gcc/avr/7.3.0/../../../../avr/lib/avr5\libatmega32a.a
END GROUP
                [0x0000000000000000]                __TEXT_REGION_ORIGIN__ = DEFINED (__TEXT_REGION_ORIGIN__)?__TEXT_REGION_ORIGIN__:0x0
                [0x0000000000800060]                __DATA_REGION_ORIGIN__ = DEFINED (__DATA_REGION_ORIGIN__)?__DATA_REGION_ORIGIN__:0x800060
                [0x0000000000008000]                __TEXT_REGION_LENGTH__ = DEFINED (__TEXT_REGION_LENGTH__)?__TEXT_REGION_LENGTH__:0x20000
                [0x0000000000000800]                __DATA_REGION_LENGTH__ = DEFINED (__DATA_REGION_LENGTH__)?__DATA_REGION_LENGTH__:0xffa0
                [0x0000000000000400]                __EEPROM_REGION_LENGTH__ = DEFINED (__EEPROM_REGION_LENGTH__)?__EEPROM_REGION_LENGTH__:0x10000
                [0x0000000000000002]                __FUSE_REGION_LENGTH__ = DEFINED (__FUSE_REGION_LENGTH__)?__FUSE_REGION_LENGTH__:0x400
                0x0000000000000400                __LOCK_REGION_LENGTH__ = DEFINED (__LOCK_REGION_LENGTH__)?__LOCK_REGION_LENGTH__:0x400
                0x0000000000000400                __SIGNATURE_REGION_LENGTH__ = DEFINED (__SIGNATURE_REGION_LENGTH__)?__SIGNATURE_REGION_LENGTH__:0x400
                0x0000000000000400                __USER_SIGNATURE_REGION_LENGTH__ = DEFINED (__USER_SIGNATURE_REGION_LENGTH__)?__USER_SIGNATURE_REGION_LENGTH__:0x400

.hash
 *(.hash)

.dynsym
 *(.dynsym)

.dynstr
 *(.dynstr)

.gnu.version
 *(.gnu.version)

.gnu.version_d
 *(.gnu.version_d)

.gnu.version_r
 *(.gnu.version_r)

.rel.init
 *(.rel.init)

.rela.init
 *(.rela.init)

.rel.text
 *(.rel.text)
 *(.rel.text.*)
 *(.rel.gnu.linkonce.t*)

.rela.text
 *(.rela.text)
 *(.rela.text.*)
 *(.rela.gnu.linkonce.t*)

.rel.fini
 *(.rel.fini)

.rela.fini
 *(.rela.fini)

.rel.rodata
 *(.rel.rodata)
 *(.rel.rodata.*)
 *(.rel.gnu.linkonce.r*)

.rela.rodata
 *(.rela.rodata)
 *(.rela.rodata.*)
 *(.rela.gnu.linkonce.r*)

.rel.data
 *(.rel.data)
 *(.rel.data.*)
 *(.rel.gnu.linkonce.d*)

.rela.data
 *(.rela.data)
 *(.rela.data.*)
 *(.rela.gnu.linkonce.d*)

.rel.ctors
 *(.rel.ctors)

.rela.ctors
 *(.rela.ctors)

.rel.dtors
 *(.rel.dtors)

.rela.dtors
 *(.rela.dtors)

.rel.got
 *(.rel.got)

.rela.got
 *(.rela.got)

.rel.bss
 *(.rel.bss)

.rela.bss
 *(.rela.bss)

.rel.plt
 *(.rel.plt)

.rela.plt
 *(.rela.plt)

.text           0x0000000000000000     0x4d7e
 *(.vectors)
 .vectors       0x0000000000000000       0x54 c:/users/medo4/downloads/compressed/avr8-gnu-toolchain-3.7.0.1796-win32.any.x86_64/avr8-gnu-toolchain-win32_x86_64/bin/../lib/gcc/avr/7.3.0/../../../../avr/lib/avr5/crtatmega32a.o
                0x0000000000000000                __vector_default
                0x0000000000000000                __vectors
 *(.vectors)
 *(.progmem.gcc*)
                0x0000000000000054                . = ALIGN (0x2)
                0x0000000000000054                __trampolines_start = .
 *(.trampolines)
 .trampolines   0x0000000000000054        0x0 linker stubs
 *(.trampolines*)
                0x0000000000000054                __trampolines_end = .
 *libprintf_flt.a:*(.progmem.data)
 *libc.a:*(.progmem.data)
 .progmem.data  0x0000000000000054       0xfa c:/users/medo4/downloads/compressed/avr8-gnu-toolchain-3.7.0.1796-win32.any.x86_64/avr8-gnu-toolchain-win32_x86_64/bin/../lib/gcc/avr/7.3.0/../../../../avr/lib/avr5\libc.a(ftoa_engine.o)
 *(.progmem*)
                0x000000000000014e                . = ALIGN (0x2)
 *(.jumptables)
 *(.jumptables*)
 *(.lowtext)
 *(.lowtext*)
                0x000000000000014e                __ctors_start = .
 *(.ctors)
                0x000000000000014e                __ctors_end = .
                0x000000000000014e                __dtors_start = .
 *(.dtors)
                0x000000000000014e                __dtors_end = .
 SORT(*)(.ctors)
 SORT(*)(.dtors)
 *(.init0)
 .init0         0x000000000000014e        0x0 c:/users/medo4/downloads/compressed/avr8-gnu-toolchain-3.7.0.1796-win32.any.x86_64/avr8-gnu-toolchain-win32_x86_64/bin/../lib/gcc/avr/7.3.0/../../../../avr/lib/avr5/crtatmega32a.o
                0x000000000000014e                __init
 *(.init0)
 *(.init1)
 *(.init1)
 *(.init2)
 .init2         0x000000000000014e        0xc c:/users/medo4/downloads/compressed/avr8-gnu-toolchain-3.7.0.1796-win32.any.x86_64/avr8-gnu-toolchain-win32_x86_64/bin/../lib/gcc/avr/7.3.0/../../../../avr/lib/avr5/crtatmega32a.o
 *(.init2)
 *(.init3)
 *(.init3)
 *(.init4)
 .init4         0x000000000000015a       0x16 c:/users/medo4/downloads/compressed/avr8-gnu-toolchain-3.7.0.1796-win32.any.x86_64/avr8-gnu-toolchain-win32_x86_64/bin/../lib/gcc/avr/7.3.0/avr5\libgcc.a(_copy_data.o)
                0x000000000000015a                __do_copy_data
 .init4         0x0000000000000170       0x10 c:/users/medo4/downloads/compressed/avr8-gnu-toolchain-3.7.0.1796-win32.any.x86_64/avr8-gnu-toolchain-win32_x86_64/bin/../lib/gcc/avr/7.3.0/avr5\libgcc.a(_clear_bss.o)
                0x0000000000000170                __do_clear_bss
 *(.init4)
 *(.init5)
 *(.init5)
 *(.init6)
 *(.init6)
 *(.init7)
 *(.init7)
 *(.init8)
 *(.init8)
 *(.init9)
 .init9         0x0000000000000180        0x8 c:/users/medo4/downloads/compressed/avr8-gnu-toolchain-3.7.0.1796-win32.any.x86_64/avr8-gnu-toolchain-win32_x86_64/bin/../lib/gcc/avr/7.3.0/../../../../avr/lib/avr5/crtatmega32a.o
 *(.init9)
 *(.text)
 .text          0x0000000000000188        0x4 c:/users/medo4/downloads/compressed/avr8-gnu-toolchain-3.7.0.1796-win32.any.x86_64/avr8-gnu-toolchain-win32_x86_64/bin/../lib/gcc/avr/7.3.0/../../../../avr/lib/avr5/crtatmega32a.o
                0x0000000000000188                __vector_1
                0x0000000000000188                __vector_12
                0x0000000000000188                __bad_interrupt
                0x0000000000000188                __vector_6
                0x0000000000000188                __vector_3
                0x0000000000000188                __vector_11
                0x0000000000000188                __vector_13
                0x0000000000000188                __vector_17
                0x0000000000000188                __vector_19
                0x0000000000000188                __vector_5
                0x0000000000000188                __vector_4
                0x0000000000000188                __vector_9
                0x0000000000000188                __vector_2
                0x0000000000000188                __vector_15
                0x0000000000000188                __vector_8
                0x0000000000000188                __vector_14
                0x0000000000000188                __vector_10
                0x0000000000000188                __vector_16
                0x0000000000000188                __vector_18
                0x0000000000000188                __vector_20
 .text          0x000000000000018c        0x0 ./Include/OS/Os.o
 .text          0x000000000000018c        0x0 ./Include/MCAL/Timer/timer.o
 .text          0x000000000000018c        0x0 ./Include/MCAL/Gpio/Gpio.o
 .text          0x000000000000018c        0x0 ./Include/MCAL/Gpio/Gpio_Config.o
 .text          0x000000000000018c        0x0 ./Include/MCAL/ADC/ADC.o
 .text          0x000000000000018c        0x0 ./Include/LOGIC/Polling/poller.o
 .text          0x000000000000018c        0x0 ./Include/LOGIC/Logic.o
 .text          0x000000000000018c        0x0 ./Include/HAL/Lcd/Lcd.o
 .text          0x000000000000018c        0x0 ./Include/COMMUNICATION/Uart/Uart.o
 .text          0x000000000000018c        0x0 ./FreeRtos/croutine.o
 .text          0x000000000000018c        0x0 ./FreeRtos/event_groups.o
 .text          0x000000000000018c        0x0 ./FreeRtos/heap_1.o
 .text          0x000000000000018c        0x0 ./FreeRtos/list.o
 .text          0x000000000000018c        0x0 ./FreeRtos/port.o
 .text          0x000000000000018c        0x0 ./FreeRtos/queue.o
 .text          0x000000000000018c        0x0 ./FreeRtos/stream_buffer.o
 .text          0x000000000000018c        0x0 ./FreeRtos/tasks.o
 .text          0x000000000000018c        0x0 ./FreeRtos/timers.o
 .text          0x000000000000018c        0x0 ./main.o
 .text          0x000000000000018c        0x0 c:/users/medo4/downloads/compressed/avr8-gnu-toolchain-3.7.0.1796-win32.any.x86_64/avr8-gnu-toolchain-win32_x86_64/bin/../lib/gcc/avr/7.3.0/avr5\libgcc.a(_udivmodsi4.o)
 .text          0x000000000000018c        0x0 c:/users/medo4/downloads/compressed/avr8-gnu-toolchain-3.7.0.1796-win32.any.x86_64/avr8-gnu-toolchain-win32_x86_64/bin/../lib/gcc/avr/7.3.0/avr5\libgcc.a(_divmodsi4.o)
 .text          0x000000000000018c        0x0 c:/users/medo4/downloads/compressed/avr8-gnu-toolchain-3.7.0.1796-win32.any.x86_64/avr8-gnu-toolchain-win32_x86_64/bin/../lib/gcc/avr/7.3.0/avr5\libgcc.a(_negsi2.o)
 .text          0x000000000000018c        0x0 c:/users/medo4/downloads/compressed/avr8-gnu-toolchain-3.7.0.1796-win32.any.x86_64/avr8-gnu-toolchain-win32_x86_64/bin/../lib/gcc/avr/7.3.0/avr5\libgcc.a(_exit.o)
 .text          0x000000000000018c        0x0 c:/users/medo4/downloads/compressed/avr8-gnu-toolchain-3.7.0.1796-win32.any.x86_64/avr8-gnu-toolchain-win32_x86_64/bin/../lib/gcc/avr/7.3.0/avr5\libgcc.a(_tablejump2.o)
 .text          0x000000000000018c        0x0 c:/users/medo4/downloads/compressed/avr8-gnu-toolchain-3.7.0.1796-win32.any.x86_64/avr8-gnu-toolchain-win32_x86_64/bin/../lib/gcc/avr/7.3.0/avr5\libgcc.a(_copy_data.o)
 .text          0x000000000000018c        0x0 c:/users/medo4/downloads/compressed/avr8-gnu-toolchain-3.7.0.1796-win32.any.x86_64/avr8-gnu-toolchain-win32_x86_64/bin/../lib/gcc/avr/7.3.0/avr5\libgcc.a(_clear_bss.o)
 .text          0x000000000000018c        0x0 c:/users/medo4/downloads/compressed/avr8-gnu-toolchain-3.7.0.1796-win32.any.x86_64/avr8-gnu-toolchain-win32_x86_64/bin/../lib/gcc/avr/7.3.0/../../../../avr/lib/avr5\libm.a(divsf3.o)
 .text          0x000000000000018c        0x0 c:/users/medo4/downloads/compressed/avr8-gnu-toolchain-3.7.0.1796-win32.any.x86_64/avr8-gnu-toolchain-win32_x86_64/bin/../lib/gcc/avr/7.3.0/../../../../avr/lib/avr5\libm.a(divsf3x.o)
 .text          0x000000000000018c        0x0 c:/users/medo4/downloads/compressed/avr8-gnu-toolchain-3.7.0.1796-win32.any.x86_64/avr8-gnu-toolchain-win32_x86_64/bin/../lib/gcc/avr/7.3.0/../../../../avr/lib/avr5\libm.a(floatsisf.o)
 .text          0x000000000000018c        0x0 c:/users/medo4/downloads/compressed/avr8-gnu-toolchain-3.7.0.1796-win32.any.x86_64/avr8-gnu-toolchain-win32_x86_64/bin/../lib/gcc/avr/7.3.0/../../../../avr/lib/avr5\libm.a(fp_inf.o)
 .text          0x000000000000018c        0x0 c:/users/medo4/downloads/compressed/avr8-gnu-toolchain-3.7.0.1796-win32.any.x86_64/avr8-gnu-toolchain-win32_x86_64/bin/../lib/gcc/avr/7.3.0/../../../../avr/lib/avr5\libm.a(fp_nan.o)
 .text          0x000000000000018c        0x0 c:/users/medo4/downloads/compressed/avr8-gnu-toolchain-3.7.0.1796-win32.any.x86_64/avr8-gnu-toolchain-win32_x86_64/bin/../lib/gcc/avr/7.3.0/../../../../avr/lib/avr5\libm.a(fp_pscA.o)
 .text          0x000000000000018c        0x0 c:/users/medo4/downloads/compressed/avr8-gnu-toolchain-3.7.0.1796-win32.any.x86_64/avr8-gnu-toolchain-win32_x86_64/bin/../lib/gcc/avr/7.3.0/../../../../avr/lib/avr5\libm.a(fp_pscB.o)
 .text          0x000000000000018c        0x0 c:/users/medo4/downloads/compressed/avr8-gnu-toolchain-3.7.0.1796-win32.any.x86_64/avr8-gnu-toolchain-win32_x86_64/bin/../lib/gcc/avr/7.3.0/../../../../avr/lib/avr5\libm.a(fp_round.o)
 .text          0x000000000000018c        0x0 c:/users/medo4/downloads/compressed/avr8-gnu-toolchain-3.7.0.1796-win32.any.x86_64/avr8-gnu-toolchain-win32_x86_64/bin/../lib/gcc/avr/7.3.0/../../../../avr/lib/avr5\libm.a(fp_split3.o)
 .text          0x000000000000018c        0x0 c:/users/medo4/downloads/compressed/avr8-gnu-toolchain-3.7.0.1796-win32.any.x86_64/avr8-gnu-toolchain-win32_x86_64/bin/../lib/gcc/avr/7.3.0/../../../../avr/lib/avr5\libm.a(fp_zero.o)
 .text          0x000000000000018c        0x0 c:/users/medo4/downloads/compressed/avr8-gnu-toolchain-3.7.0.1796-win32.any.x86_64/avr8-gnu-toolchain-win32_x86_64/bin/../lib/gcc/avr/7.3.0/../../../../avr/lib/avr5\libm.a(mulsf3.o)
 .text          0x000000000000018c        0x0 c:/users/medo4/downloads/compressed/avr8-gnu-toolchain-3.7.0.1796-win32.any.x86_64/avr8-gnu-toolchain-win32_x86_64/bin/../lib/gcc/avr/7.3.0/../../../../avr/lib/avr5\libm.a(mulsf3x.o)
 .text          0x000000000000018c        0x0 c:/users/medo4/downloads/compressed/avr8-gnu-toolchain-3.7.0.1796-win32.any.x86_64/avr8-gnu-toolchain-win32_x86_64/bin/../lib/gcc/avr/7.3.0/../../../../avr/lib/avr5\libc.a(dtostrf.o)
 .text          0x000000000000018c        0x0 c:/users/medo4/downloads/compressed/avr8-gnu-toolchain-3.7.0.1796-win32.any.x86_64/avr8-gnu-toolchain-win32_x86_64/bin/../lib/gcc/avr/7.3.0/../../../../avr/lib/avr5\libc.a(memcpy.o)
 .text          0x000000000000018c        0x0 c:/users/medo4/downloads/compressed/avr8-gnu-toolchain-3.7.0.1796-win32.any.x86_64/avr8-gnu-toolchain-win32_x86_64/bin/../lib/gcc/avr/7.3.0/../../../../avr/lib/avr5\libc.a(snprintf.o)
 .text          0x000000000000018c        0x0 c:/users/medo4/downloads/compressed/avr8-gnu-toolchain-3.7.0.1796-win32.any.x86_64/avr8-gnu-toolchain-win32_x86_64/bin/../lib/gcc/avr/7.3.0/../../../../avr/lib/avr5\libc.a(vfprintf_std.o)
 .text          0x000000000000018c        0x0 c:/users/medo4/downloads/compressed/avr8-gnu-toolchain-3.7.0.1796-win32.any.x86_64/avr8-gnu-toolchain-win32_x86_64/bin/../lib/gcc/avr/7.3.0/../../../../avr/lib/avr5\libc.a(dtoa_prf.o)
 .text          0x000000000000018c        0x0 c:/users/medo4/downloads/compressed/avr8-gnu-toolchain-3.7.0.1796-win32.any.x86_64/avr8-gnu-toolchain-win32_x86_64/bin/../lib/gcc/avr/7.3.0/../../../../avr/lib/avr5\libc.a(ftoa_engine.o)
 .text          0x000000000000018c        0x0 c:/users/medo4/downloads/compressed/avr8-gnu-toolchain-3.7.0.1796-win32.any.x86_64/avr8-gnu-toolchain-win32_x86_64/bin/../lib/gcc/avr/7.3.0/../../../../avr/lib/avr5\libc.a(strnlen_P.o)
 .text          0x000000000000018c        0x0 c:/users/medo4/downloads/compressed/avr8-gnu-toolchain-3.7.0.1796-win32.any.x86_64/avr8-gnu-toolchain-win32_x86_64/bin/../lib/gcc/avr/7.3.0/../../../../avr/lib/avr5\libc.a(strnlen.o)
 .text          0x000000000000018c        0x0 c:/users/medo4/downloads/compressed/avr8-gnu-toolchain-3.7.0.1796-win32.any.x86_64/avr8-gnu-toolchain-win32_x86_64/bin/../lib/gcc/avr/7.3.0/../../../../avr/lib/avr5\libc.a(fputc.o)
 .text          0x000000000000018c        0x0 c:/users/medo4/downloads/compressed/avr8-gnu-toolchain-3.7.0.1796-win32.any.x86_64/avr8-gnu-toolchain-win32_x86_64/bin/../lib/gcc/avr/7.3.0/../../../../avr/lib/avr5\libc.a(ultoa_invert.o)
 .text          0x000000000000018c        0x0 c:/users/medo4/downloads/compressed/avr8-gnu-toolchain-3.7.0.1796-win32.any.x86_64/avr8-gnu-toolchain-win32_x86_64/bin/../lib/gcc/avr/7.3.0/avr5\libgcc.a(_prologue.o)
 .text          0x000000000000018c        0x0 c:/users/medo4/downloads/compressed/avr8-gnu-toolchain-3.7.0.1796-win32.any.x86_64/avr8-gnu-toolchain-win32_x86_64/bin/../lib/gcc/avr/7.3.0/avr5\libgcc.a(_epilogue.o)
                0x000000000000018c                . = ALIGN (0x2)
 *(.text.*)
 .text.TaskDisplayRefresh
                0x000000000000018c       0x5a ./Include/OS/Os.o
                0x000000000000018c                TaskDisplayRefresh
 .text.TaskChargingStart
                0x00000000000001e6       0x42 ./Include/OS/Os.o
                0x00000000000001e6                TaskChargingStart
 .text.TaskStopSession
                0x0000000000000228       0x38 ./Include/OS/Os.o
                0x0000000000000228                TaskStopSession
 .text.TaskUserCommand
                0x0000000000000260        0x2 ./Include/OS/Os.o
                0x0000000000000260                TaskUserCommand
 .text.TaskFaultDetection
                0x0000000000000262        0x2 ./Include/OS/Os.o
                0x0000000000000262                TaskFaultDetection
 .text.Os_Init  0x0000000000000264       0x76 ./Include/OS/Os.o
                0x0000000000000264                Os_Init
 .text.Timer_vidInitTimer1
                0x00000000000002da       0x16 ./Include/MCAL/Timer/timer.o
                0x00000000000002da                Timer_vidInitTimer1
 .text.Timer_vidStartTimer1
                0x00000000000002f0        0x8 ./Include/MCAL/Timer/timer.o
                0x00000000000002f0                Timer_vidStartTimer1
 .text.Timer_vidStopTimer1
                0x00000000000002f8        0x8 ./Include/MCAL/Timer/timer.o
                0x00000000000002f8                Timer_vidStopTimer1
 .text.Timer_vidSetCallBackTimer1
                0x0000000000000300        0xe ./Include/MCAL/Timer/timer.o
                0x0000000000000300                Timer_vidSetCallBackTimer1
 .text.__vector_7
                0x000000000000030e       0x52 ./Include/MCAL/Timer/timer.o
                0x000000000000030e                __vector_7
 .text.CreateGpioProxy
                0x0000000000000360        0xa ./Include/MCAL/Gpio/Gpio.o
                0x0000000000000360                CreateGpioProxy
 .text.Proxy_SetPortDirection
                0x000000000000036a        0xa ./Include/MCAL/Gpio/Gpio.o
                0x000000000000036a                Proxy_SetPortDirection
 .text.Proxy_WritePort
                0x0000000000000374        0xc ./Include/MCAL/Gpio/Gpio.o
                0x0000000000000374                Proxy_WritePort
 .text.Proxy_ReadPort
                0x0000000000000380        0xc ./Include/MCAL/Gpio/Gpio.o
                0x0000000000000380                Proxy_ReadPort
 .text.Proxy_SetPin
                0x000000000000038c       0x1c ./Include/MCAL/Gpio/Gpio.o
                0x000000000000038c                Proxy_SetPin
 .text.Proxy_ClearPin
                0x00000000000003a8       0x1e ./Include/MCAL/Gpio/Gpio.o
                0x00000000000003a8                Proxy_ClearPin
 .text.Proxy_ReadPin
                0x00000000000003c6       0x2c ./Include/MCAL/Gpio/Gpio.o
                0x00000000000003c6                Proxy_ReadPin
 .text.ConfigurePins
                0x00000000000003f2       0x5e ./Include/MCAL/Gpio/Gpio.o
                0x00000000000003f2                ConfigurePins
 .text.ADC_PRESCALER_SET
                0x0000000000000450       0x50 ./Include/MCAL/ADC/ADC.o
                0x0000000000000450                ADC_PRESCALER_SET
 .text.ADC_voltage_Reference
                0x00000000000004a0       0x26 ./Include/MCAL/ADC/ADC.o
                0x00000000000004a0                ADC_voltage_Reference
 .text.ADC_INIT
                0x00000000000004c6       0x16 ./Include/MCAL/ADC/ADC.o
                0x00000000000004c6                ADC_INIT
 .text.ADC_READ
                0x00000000000004dc       0x5c ./Include/MCAL/ADC/ADC.o
                0x00000000000004dc                ADC_READ
 .text.ADC_GetVoltage
                0x0000000000000538       0x24 ./Include/MCAL/ADC/ADC.o
                0x0000000000000538                ADC_GetVoltage
 .text.updatePollCounter
                0x000000000000055c       0x14 ./Include/LOGIC/Polling/poller.o
                0x000000000000055c                updatePollCounter
 .text.poll     0x0000000000000570       0x8e ./Include/LOGIC/Polling/poller.o
                0x0000000000000570                poll
 .text.poller_Init
                0x00000000000005fe        0xc ./Include/LOGIC/Polling/poller.o
                0x00000000000005fe                poller_Init
 .text.Poller__StartPolling
                0x000000000000060a        0x4 ./Include/LOGIC/Polling/poller.o
                0x000000000000060a                Poller__StartPolling
 .text.Poller__StopPolling
                0x000000000000060e        0x4 ./Include/LOGIC/Polling/poller.o
                0x000000000000060e                Poller__StopPolling
 .text.poller_SetPollTime
                0x0000000000000612       0x16 ./Include/LOGIC/Polling/poller.o
                0x0000000000000612                poller_SetPollTime
 .text.Charge_Logic
                0x0000000000000628        0x6 ./Include/LOGIC/Logic.o
                0x0000000000000628                Charge_Logic
 .text.Stop_Charge_Logic
                0x000000000000062e        0xa ./Include/LOGIC/Logic.o
                0x000000000000062e                Stop_Charge_Logic
 .text.LCD_Command
                0x0000000000000638       0x96 ./Include/HAL/Lcd/Lcd.o
                0x0000000000000638                LCD_Command
 .text.LCD_Char
                0x00000000000006ce       0x96 ./Include/HAL/Lcd/Lcd.o
                0x00000000000006ce                LCD_Char
 .text.LCD_Init
                0x0000000000000764       0x4c ./Include/HAL/Lcd/Lcd.o
                0x0000000000000764                LCD_Init
 .text.LCD_String
                0x00000000000007b0       0x18 ./Include/HAL/Lcd/Lcd.o
                0x00000000000007b0                LCD_String
 .text.LCD_String_xy
                0x00000000000007c8       0x2e ./Include/HAL/Lcd/Lcd.o
                0x00000000000007c8                LCD_String_xy
 .text.LCD_Clear
                0x00000000000007f6       0x18 ./Include/HAL/Lcd/Lcd.o
                0x00000000000007f6                LCD_Clear
 .text.LCD_Float
                0x000000000000080e       0x46 ./Include/HAL/Lcd/Lcd.o
                0x000000000000080e                LCD_Float
 .text.UART_Init
                0x0000000000000854       0x24 ./Include/COMMUNICATION/Uart/Uart.o
                0x0000000000000854                UART_Init
 .text.UART_Transmit
                0x0000000000000878        0x8 ./Include/COMMUNICATION/Uart/Uart.o
                0x0000000000000878                UART_Transmit
 .text.UART_SendString
                0x0000000000000880       0x18 ./Include/COMMUNICATION/Uart/Uart.o
                0x0000000000000880                UART_SendString
 .text.xCoRoutineCreate
                0x0000000000000898       0xe2 ./FreeRtos/croutine.o
                0x0000000000000898                xCoRoutineCreate
 .text.vCoRoutineAddToDelayedList
                0x000000000000097a       0x84 ./FreeRtos/croutine.o
                0x000000000000097a                vCoRoutineAddToDelayedList
 .text.vCoRoutineSchedule
                0x00000000000009fe      0x208 ./FreeRtos/croutine.o
                0x00000000000009fe                vCoRoutineSchedule
 .text.xCoRoutineRemoveFromEventList
                0x0000000000000c06       0x48 ./FreeRtos/croutine.o
                0x0000000000000c06                xCoRoutineRemoveFromEventList
 .text.vCoRoutineResetState
                0x0000000000000c4e       0x36 ./FreeRtos/croutine.o
                0x0000000000000c4e                vCoRoutineResetState
 .text.xEventGroupCreate
                0x0000000000000c84       0x26 ./FreeRtos/event_groups.o
                0x0000000000000c84                xEventGroupCreate
 .text.xEventGroupWaitBits
                0x0000000000000caa       0xec ./FreeRtos/event_groups.o
                0x0000000000000caa                xEventGroupWaitBits
 .text.xEventGroupClearBits
                0x0000000000000d96       0x1e ./FreeRtos/event_groups.o
                0x0000000000000d96                xEventGroupClearBits
 .text.xEventGroupGetBitsFromISR
                0x0000000000000db4        0x8 ./FreeRtos/event_groups.o
                0x0000000000000db4                xEventGroupGetBitsFromISR
 .text.xEventGroupSetBits
                0x0000000000000dbc       0x9a ./FreeRtos/event_groups.o
                0x0000000000000dbc                xEventGroupSetBits
 .text.xEventGroupSync
                0x0000000000000e56       0xd8 ./FreeRtos/event_groups.o
                0x0000000000000e56                xEventGroupSync
 .text.vEventGroupDelete
                0x0000000000000f2e       0x2c ./FreeRtos/event_groups.o
                0x0000000000000f2e                vEventGroupDelete
 .text.vEventGroupSetBitsCallback
                0x0000000000000f5a        0x6 ./FreeRtos/event_groups.o
                0x0000000000000f5a                vEventGroupSetBitsCallback
 .text.vEventGroupClearBitsCallback
                0x0000000000000f60        0x6 ./FreeRtos/event_groups.o
                0x0000000000000f60                vEventGroupClearBitsCallback
 .text.pvPortMalloc
                0x0000000000000f66       0x70 ./FreeRtos/heap_1.o
                0x0000000000000f66                pvPortMalloc
 .text.vPortFree
                0x0000000000000fd6        0x2 ./FreeRtos/heap_1.o
                0x0000000000000fd6                vPortFree
 .text.vPortInitialiseBlocks
                0x0000000000000fd8        0xa ./FreeRtos/heap_1.o
                0x0000000000000fd8                vPortInitialiseBlocks
 .text.xPortGetFreeHeapSize
                0x0000000000000fe2       0x12 ./FreeRtos/heap_1.o
                0x0000000000000fe2                xPortGetFreeHeapSize
 .text.vPortHeapResetState
                0x0000000000000ff4        0xa ./FreeRtos/heap_1.o
                0x0000000000000ff4                vPortHeapResetState
 .text.vListInitialise
                0x0000000000000ffe       0x1c ./FreeRtos/list.o
                0x0000000000000ffe                vListInitialise
 .text.vListInitialiseItem
                0x000000000000101a        0x8 ./FreeRtos/list.o
                0x000000000000101a                vListInitialiseItem
 .text.vListInsertEnd
                0x0000000000001022       0x40 ./FreeRtos/list.o
                0x0000000000001022                vListInsertEnd
 .text.vListInsert
                0x0000000000001062       0x6c ./FreeRtos/list.o
                0x0000000000001062                vListInsert
 .text.uxListRemove
                0x00000000000010ce       0x46 ./FreeRtos/list.o
                0x00000000000010ce                uxListRemove
 .text.pxPortInitialiseStack
                0x0000000000001114       0xd8 ./FreeRtos/port.o
                0x0000000000001114                pxPortInitialiseStack
 .text.xPortStartScheduler
                0x00000000000011ec       0x6a ./FreeRtos/port.o
                0x00000000000011ec                xPortStartScheduler
 .text.vPortEndScheduler
                0x0000000000001256        0x2 ./FreeRtos/port.o
                0x0000000000001256                vPortEndScheduler
 .text.vPortYield
                0x0000000000001258       0xb2 ./FreeRtos/port.o
                0x0000000000001258                vPortYield
 .text.vPortYieldFromTick
                0x000000000000130a       0xb8 ./FreeRtos/port.o
                0x000000000000130a                vPortYieldFromTick
 .text.prvIsQueueEmpty
                0x00000000000013c2       0x16 ./FreeRtos/queue.o
 .text.prvCopyDataToQueue
                0x00000000000013d8       0x94 ./FreeRtos/queue.o
 .text.prvCopyDataFromQueue
                0x000000000000146c       0x34 ./FreeRtos/queue.o
 .text.prvUnlockQueue
                0x00000000000014a0       0x7c ./FreeRtos/queue.o
 .text.xQueueGenericReset
                0x000000000000151c       0x8c ./FreeRtos/queue.o
                0x000000000000151c                xQueueGenericReset
 .text.xQueueGenericCreate
                0x00000000000015a8       0x58 ./FreeRtos/queue.o
                0x00000000000015a8                xQueueGenericCreate
 .text.xQueueGenericSend
                0x0000000000001600      0x12a ./FreeRtos/queue.o
                0x0000000000001600                xQueueGenericSend
 .text.xQueueGenericSendFromISR
                0x000000000000172a       0x68 ./FreeRtos/queue.o
                0x000000000000172a                xQueueGenericSendFromISR
 .text.xQueueGiveFromISR
                0x0000000000001792       0x60 ./FreeRtos/queue.o
                0x0000000000001792                xQueueGiveFromISR
 .text.xQueueReceive
                0x00000000000017f2      0x122 ./FreeRtos/queue.o
                0x00000000000017f2                xQueueReceive
 .text.xQueueSemaphoreTake
                0x0000000000001914      0x10a ./FreeRtos/queue.o
                0x0000000000001914                xQueueSemaphoreTake
 .text.xQueuePeek
                0x0000000000001a1e      0x122 ./FreeRtos/queue.o
                0x0000000000001a1e                xQueuePeek
 .text.xQueueReceiveFromISR
                0x0000000000001b40       0x68 ./FreeRtos/queue.o
                0x0000000000001b40                xQueueReceiveFromISR
 .text.xQueuePeekFromISR
                0x0000000000001ba8       0x2e ./FreeRtos/queue.o
                0x0000000000001ba8                xQueuePeekFromISR
 .text.uxQueueMessagesWaiting
                0x0000000000001bd6       0x10 ./FreeRtos/queue.o
                0x0000000000001bd6                uxQueueMessagesWaiting
 .text.uxQueueSpacesAvailable
                0x0000000000001be6       0x14 ./FreeRtos/queue.o
                0x0000000000001be6                uxQueueSpacesAvailable
 .text.uxQueueMessagesWaitingFromISR
                0x0000000000001bfa        0x6 ./FreeRtos/queue.o
                0x0000000000001bfa                uxQueueMessagesWaitingFromISR
 .text.vQueueDelete
                0x0000000000001c00        0x4 ./FreeRtos/queue.o
                0x0000000000001c00                vQueueDelete
 .text.uxQueueGetQueueItemSize
                0x0000000000001c04        0x6 ./FreeRtos/queue.o
                0x0000000000001c04                uxQueueGetQueueItemSize
 .text.uxQueueGetQueueLength
                0x0000000000001c0a        0x6 ./FreeRtos/queue.o
                0x0000000000001c0a                uxQueueGetQueueLength
 .text.xQueueIsQueueEmptyFromISR
                0x0000000000001c10        0xc ./FreeRtos/queue.o
                0x0000000000001c10                xQueueIsQueueEmptyFromISR
 .text.xQueueIsQueueFullFromISR
                0x0000000000001c1c        0xe ./FreeRtos/queue.o
                0x0000000000001c1c                xQueueIsQueueFullFromISR
 .text.xQueueCRSend
                0x0000000000001c2a       0x6e ./FreeRtos/queue.o
                0x0000000000001c2a                xQueueCRSend
 .text.xQueueCRReceive
                0x0000000000001c98       0x8e ./FreeRtos/queue.o
                0x0000000000001c98                xQueueCRReceive
 .text.xQueueCRSendFromISR
                0x0000000000001d26       0x3e ./FreeRtos/queue.o
                0x0000000000001d26                xQueueCRSendFromISR
 .text.xQueueCRReceiveFromISR
                0x0000000000001d64       0x78 ./FreeRtos/queue.o
                0x0000000000001d64                xQueueCRReceiveFromISR
 .text.prvBytesInBuffer
                0x0000000000001ddc       0x26 ./FreeRtos/stream_buffer.o
 .text.prvWriteBytesToBuffer
                0x0000000000001e02       0x88 ./FreeRtos/stream_buffer.o
 .text.prvWriteMessageToBuffer
                0x0000000000001e8a       0x8c ./FreeRtos/stream_buffer.o
 .text.prvReadBytesFromBuffer
                0x0000000000001f16       0x88 ./FreeRtos/stream_buffer.o
 .text.prvReadMessageFromBuffer
                0x0000000000001f9e       0x90 ./FreeRtos/stream_buffer.o
 .text.xStreamBufferGenericCreate
                0x000000000000202e       0x70 ./FreeRtos/stream_buffer.o
                0x000000000000202e                xStreamBufferGenericCreate
 .text.vStreamBufferDelete
                0x000000000000209e       0x14 ./FreeRtos/stream_buffer.o
                0x000000000000209e                vStreamBufferDelete
 .text.xStreamBufferReset
                0x00000000000020b2       0x40 ./FreeRtos/stream_buffer.o
                0x00000000000020b2                xStreamBufferReset
 .text.xStreamBufferResetFromISR
                0x00000000000020f2       0x36 ./FreeRtos/stream_buffer.o
                0x00000000000020f2                xStreamBufferResetFromISR
 .text.xStreamBufferSetTriggerLevel
                0x0000000000002128       0x22 ./FreeRtos/stream_buffer.o
                0x0000000000002128                xStreamBufferSetTriggerLevel
 .text.xStreamBufferSpacesAvailable
                0x000000000000214a       0x34 ./FreeRtos/stream_buffer.o
                0x000000000000214a                xStreamBufferSpacesAvailable
 .text.xStreamBufferBytesAvailable
                0x000000000000217e        0x4 ./FreeRtos/stream_buffer.o
                0x000000000000217e                xStreamBufferBytesAvailable
 .text.xStreamBufferSend
                0x0000000000002182      0x174 ./FreeRtos/stream_buffer.o
                0x0000000000002182                xStreamBufferSend
 .text.xStreamBufferSendFromISR
                0x00000000000022f6       0x8a ./FreeRtos/stream_buffer.o
                0x00000000000022f6                xStreamBufferSendFromISR
 .text.xStreamBufferReceive
                0x0000000000002380       0xfe ./FreeRtos/stream_buffer.o
                0x0000000000002380                xStreamBufferReceive
 .text.xStreamBufferNextMessageLengthBytes
                0x000000000000247e       0x4e ./FreeRtos/stream_buffer.o
                0x000000000000247e                xStreamBufferNextMessageLengthBytes
 .text.xStreamBufferReceiveFromISR
                0x00000000000024cc       0x88 ./FreeRtos/stream_buffer.o
                0x00000000000024cc                xStreamBufferReceiveFromISR
 .text.xStreamBufferIsEmpty
                0x0000000000002554       0x16 ./FreeRtos/stream_buffer.o
                0x0000000000002554                xStreamBufferIsEmpty
 .text.xStreamBufferIsFull
                0x000000000000256a       0x2a ./FreeRtos/stream_buffer.o
                0x000000000000256a                xStreamBufferIsFull
 .text.xStreamBufferSendCompletedFromISR
                0x0000000000002594       0x4c ./FreeRtos/stream_buffer.o
                0x0000000000002594                xStreamBufferSendCompletedFromISR
 .text.xStreamBufferReceiveCompletedFromISR
                0x00000000000025e0       0x4c ./FreeRtos/stream_buffer.o
                0x00000000000025e0                xStreamBufferReceiveCompletedFromISR
 .text.uxStreamBufferGetStreamBufferNotificationIndex
                0x000000000000262c        0x6 ./FreeRtos/stream_buffer.o
                0x000000000000262c                uxStreamBufferGetStreamBufferNotificationIndex
 .text.vStreamBufferSetStreamBufferNotificationIndex
                0x0000000000002632        0x6 ./FreeRtos/stream_buffer.o
                0x0000000000002632                vStreamBufferSetStreamBufferNotificationIndex
 .text.prvResetNextTaskUnblockTime
                0x0000000000002638       0x30 ./FreeRtos/tasks.o
 .text.prvAddCurrentTaskToDelayedList
                0x0000000000002668      0x120 ./FreeRtos/tasks.o
 .text.prvCheckTasksWaitingTermination
                0x0000000000002788       0x54 ./FreeRtos/tasks.o
 .text.prvIdleTask
                0x00000000000027dc       0x12 ./FreeRtos/tasks.o
 .text.xTaskCreate
                0x00000000000027ee      0x242 ./FreeRtos/tasks.o
                0x00000000000027ee                xTaskCreate
 .text.vTaskDelete
                0x0000000000002a30       0xba ./FreeRtos/tasks.o
                0x0000000000002a30                vTaskDelete
 .text.vTaskResume
                0x0000000000002aea       0xd6 ./FreeRtos/tasks.o
                0x0000000000002aea                vTaskResume
 .text.xTaskResumeFromISR
                0x0000000000002bc0       0xe0 ./FreeRtos/tasks.o
                0x0000000000002bc0                xTaskResumeFromISR
 .text.vTaskStartScheduler
                0x0000000000002ca0       0x90 ./FreeRtos/tasks.o
                0x0000000000002ca0                vTaskStartScheduler
 .text.vTaskEndScheduler
                0x0000000000002d30       0x1a ./FreeRtos/tasks.o
                0x0000000000002d30                vTaskEndScheduler
 .text.vTaskSuspendAll
                0x0000000000002d4a        0xc ./FreeRtos/tasks.o
                0x0000000000002d4a                vTaskSuspendAll
 .text.xTaskGetTickCount
                0x0000000000002d56       0x14 ./FreeRtos/tasks.o
                0x0000000000002d56                xTaskGetTickCount
 .text.xTaskGetTickCountFromISR
                0x0000000000002d6a        0xa ./FreeRtos/tasks.o
                0x0000000000002d6a                xTaskGetTickCountFromISR
 .text.uxTaskGetNumberOfTasks
                0x0000000000002d74        0x6 ./FreeRtos/tasks.o
                0x0000000000002d74                uxTaskGetNumberOfTasks
 .text.pcTaskGetName
                0x0000000000002d7a       0x10 ./FreeRtos/tasks.o
                0x0000000000002d7a                pcTaskGetName
 .text.xTaskIncrementTick
                0x0000000000002d8a      0x1f8 ./FreeRtos/tasks.o
                0x0000000000002d8a                xTaskIncrementTick
 .text.xTaskResumeAll
                0x0000000000002f82      0x19a ./FreeRtos/tasks.o
                0x0000000000002f82                xTaskResumeAll
 .text.xTaskDelayUntil
                0x000000000000311c       0x66 ./FreeRtos/tasks.o
                0x000000000000311c                xTaskDelayUntil
 .text.vTaskDelay
                0x0000000000003182       0x2a ./FreeRtos/tasks.o
                0x0000000000003182                vTaskDelay
 .text.xTaskCatchUpTicks
                0x00000000000031ac       0x30 ./FreeRtos/tasks.o
                0x00000000000031ac                xTaskCatchUpTicks
 .text.vTaskSwitchContext
                0x00000000000031dc       0x8c ./FreeRtos/tasks.o
                0x00000000000031dc                vTaskSwitchContext
 .text.vTaskSuspend
                0x0000000000003268       0xaa ./FreeRtos/tasks.o
                0x0000000000003268                vTaskSuspend
 .text.vTaskPlaceOnEventList
                0x0000000000003312       0x22 ./FreeRtos/tasks.o
                0x0000000000003312                vTaskPlaceOnEventList
 .text.vTaskPlaceOnUnorderedEventList
                0x0000000000003334       0x8a ./FreeRtos/tasks.o
                0x0000000000003334                vTaskPlaceOnUnorderedEventList
 .text.xTaskRemoveFromEventList
                0x00000000000033be      0x14a ./FreeRtos/tasks.o
                0x00000000000033be                xTaskRemoveFromEventList
 .text.vTaskRemoveFromUnorderedEventList
                0x0000000000003508      0x10e ./FreeRtos/tasks.o
                0x0000000000003508                vTaskRemoveFromUnorderedEventList
 .text.vTaskSetTimeOutState
                0x0000000000003616       0x20 ./FreeRtos/tasks.o
                0x0000000000003616                vTaskSetTimeOutState
 .text.vTaskInternalSetTimeOutState
                0x0000000000003636       0x16 ./FreeRtos/tasks.o
                0x0000000000003636                vTaskInternalSetTimeOutState
 .text.xTaskCheckForTimeOut
                0x000000000000364c       0x62 ./FreeRtos/tasks.o
                0x000000000000364c                xTaskCheckForTimeOut
 .text.vTaskMissedYield
                0x00000000000036ae        0x8 ./FreeRtos/tasks.o
                0x00000000000036ae                vTaskMissedYield
 .text.xTaskGetCurrentTaskHandle
                0x00000000000036b6        0xa ./FreeRtos/tasks.o
                0x00000000000036b6                xTaskGetCurrentTaskHandle
 .text.xTaskGetCurrentTaskHandleForCore
                0x00000000000036c0       0x14 ./FreeRtos/tasks.o
                0x00000000000036c0                xTaskGetCurrentTaskHandleForCore
 .text.uxTaskResetEventItemValue
                0x00000000000036d4       0x2e ./FreeRtos/tasks.o
                0x00000000000036d4                uxTaskResetEventItemValue
 .text.ulTaskGenericNotifyTake
                0x0000000000003702      0x104 ./FreeRtos/tasks.o
                0x0000000000003702                ulTaskGenericNotifyTake
 .text.xTaskGenericNotifyWait
                0x0000000000003806      0x16e ./FreeRtos/tasks.o
                0x0000000000003806                xTaskGenericNotifyWait
 .text.xTaskGenericNotify
                0x0000000000003974      0x1c0 ./FreeRtos/tasks.o
                0x0000000000003974                xTaskGenericNotify
 .text.xTaskGenericNotifyFromISR
                0x0000000000003b34      0x212 ./FreeRtos/tasks.o
                0x0000000000003b34                xTaskGenericNotifyFromISR
 .text.vTaskGenericNotifyGiveFromISR
                0x0000000000003d46      0x156 ./FreeRtos/tasks.o
                0x0000000000003d46                vTaskGenericNotifyGiveFromISR
 .text.xTaskGenericNotifyStateClear
                0x0000000000003e9c       0x2c ./FreeRtos/tasks.o
                0x0000000000003e9c                xTaskGenericNotifyStateClear
 .text.ulTaskGenericNotifyValueClear
                0x0000000000003ec8       0x5c ./FreeRtos/tasks.o
                0x0000000000003ec8                ulTaskGenericNotifyValueClear
 .text.vTaskResetState
                0x0000000000003f24       0x42 ./FreeRtos/tasks.o
                0x0000000000003f24                vTaskResetState
 .text.startup.main
                0x0000000000003f66       0x26 ./main.o
                0x0000000000003f66                main
 .text.libgcc.mul
                0x0000000000003f8c        0x0 c:/users/medo4/downloads/compressed/avr8-gnu-toolchain-3.7.0.1796-win32.any.x86_64/avr8-gnu-toolchain-win32_x86_64/bin/../lib/gcc/avr/7.3.0/avr5\libgcc.a(_udivmodsi4.o)
 .text.libgcc.div
                0x0000000000003f8c       0x44 c:/users/medo4/downloads/compressed/avr8-gnu-toolchain-3.7.0.1796-win32.any.x86_64/avr8-gnu-toolchain-win32_x86_64/bin/../lib/gcc/avr/7.3.0/avr5\libgcc.a(_udivmodsi4.o)
                0x0000000000003f8c                __udivmodsi4
 .text.libgcc   0x0000000000003fd0        0x0 c:/users/medo4/downloads/compressed/avr8-gnu-toolchain-3.7.0.1796-win32.any.x86_64/avr8-gnu-toolchain-win32_x86_64/bin/../lib/gcc/avr/7.3.0/avr5\libgcc.a(_udivmodsi4.o)
 .text.libgcc.prologue
                0x0000000000003fd0        0x0 c:/users/medo4/downloads/compressed/avr8-gnu-toolchain-3.7.0.1796-win32.any.x86_64/avr8-gnu-toolchain-win32_x86_64/bin/../lib/gcc/avr/7.3.0/avr5\libgcc.a(_udivmodsi4.o)
 .text.libgcc.builtins
                0x0000000000003fd0        0x0 c:/users/medo4/downloads/compressed/avr8-gnu-toolchain-3.7.0.1796-win32.any.x86_64/avr8-gnu-toolchain-win32_x86_64/bin/../lib/gcc/avr/7.3.0/avr5\libgcc.a(_udivmodsi4.o)
 .text.libgcc.fmul
                0x0000000000003fd0        0x0 c:/users/medo4/downloads/compressed/avr8-gnu-toolchain-3.7.0.1796-win32.any.x86_64/avr8-gnu-toolchain-win32_x86_64/bin/../lib/gcc/avr/7.3.0/avr5\libgcc.a(_udivmodsi4.o)
 .text.libgcc.fixed
                0x0000000000003fd0        0x0 c:/users/medo4/downloads/compressed/avr8-gnu-toolchain-3.7.0.1796-win32.any.x86_64/avr8-gnu-toolchain-win32_x86_64/bin/../lib/gcc/avr/7.3.0/avr5\libgcc.a(_udivmodsi4.o)
 .text.libgcc.mul
                0x0000000000003fd0        0x0 c:/users/medo4/downloads/compressed/avr8-gnu-toolchain-3.7.0.1796-win32.any.x86_64/avr8-gnu-toolchain-win32_x86_64/bin/../lib/gcc/avr/7.3.0/avr5\libgcc.a(_divmodsi4.o)
 .text.libgcc.div
                0x0000000000003fd0       0x2e c:/users/medo4/downloads/compressed/avr8-gnu-toolchain-3.7.0.1796-win32.any.x86_64/avr8-gnu-toolchain-win32_x86_64/bin/../lib/gcc/avr/7.3.0/avr5\libgcc.a(_divmodsi4.o)
                0x0000000000003fd0                __divmodsi4
 .text.libgcc   0x0000000000003ffe        0x0 c:/users/medo4/downloads/compressed/avr8-gnu-toolchain-3.7.0.1796-win32.any.x86_64/avr8-gnu-toolchain-win32_x86_64/bin/../lib/gcc/avr/7.3.0/avr5\libgcc.a(_divmodsi4.o)
 .text.libgcc.prologue
                0x0000000000003ffe        0x0 c:/users/medo4/downloads/compressed/avr8-gnu-toolchain-3.7.0.1796-win32.any.x86_64/avr8-gnu-toolchain-win32_x86_64/bin/../lib/gcc/avr/7.3.0/avr5\libgcc.a(_divmodsi4.o)
 .text.libgcc.builtins
                0x0000000000003ffe        0x0 c:/users/medo4/downloads/compressed/avr8-gnu-toolchain-3.7.0.1796-win32.any.x86_64/avr8-gnu-toolchain-win32_x86_64/bin/../lib/gcc/avr/7.3.0/avr5\libgcc.a(_divmodsi4.o)
 .text.libgcc.fmul
                0x0000000000003ffe        0x0 c:/users/medo4/downloads/compressed/avr8-gnu-toolchain-3.7.0.1796-win32.any.x86_64/avr8-gnu-toolchain-win32_x86_64/bin/../lib/gcc/avr/7.3.0/avr5\libgcc.a(_divmodsi4.o)
 .text.libgcc.fixed
                0x0000000000003ffe        0x0 c:/users/medo4/downloads/compressed/avr8-gnu-toolchain-3.7.0.1796-win32.any.x86_64/avr8-gnu-toolchain-win32_x86_64/bin/../lib/gcc/avr/7.3.0/avr5\libgcc.a(_divmodsi4.o)
 .text.libgcc.mul
                0x0000000000003ffe        0x0 c:/users/medo4/downloads/compressed/avr8-gnu-toolchain-3.7.0.1796-win32.any.x86_64/avr8-gnu-toolchain-win32_x86_64/bin/../lib/gcc/avr/7.3.0/avr5\libgcc.a(_negsi2.o)
 .text.libgcc.div
                0x0000000000003ffe       0x10 c:/users/medo4/downloads/compressed/avr8-gnu-toolchain-3.7.0.1796-win32.any.x86_64/avr8-gnu-toolchain-win32_x86_64/bin/../lib/gcc/avr/7.3.0/avr5\libgcc.a(_negsi2.o)
                0x0000000000003ffe                __negsi2
 .text.libgcc   0x000000000000400e        0x0 c:/users/medo4/downloads/compressed/avr8-gnu-toolchain-3.7.0.1796-win32.any.x86_64/avr8-gnu-toolchain-win32_x86_64/bin/../lib/gcc/avr/7.3.0/avr5\libgcc.a(_negsi2.o)
 .text.libgcc.prologue
                0x000000000000400e        0x0 c:/users/medo4/downloads/compressed/avr8-gnu-toolchain-3.7.0.1796-win32.any.x86_64/avr8-gnu-toolchain-win32_x86_64/bin/../lib/gcc/avr/7.3.0/avr5\libgcc.a(_negsi2.o)
 .text.libgcc.builtins
                0x000000000000400e        0x0 c:/users/medo4/downloads/compressed/avr8-gnu-toolchain-3.7.0.1796-win32.any.x86_64/avr8-gnu-toolchain-win32_x86_64/bin/../lib/gcc/avr/7.3.0/avr5\libgcc.a(_negsi2.o)
 .text.libgcc.fmul
                0x000000000000400e        0x0 c:/users/medo4/downloads/compressed/avr8-gnu-toolchain-3.7.0.1796-win32.any.x86_64/avr8-gnu-toolchain-win32_x86_64/bin/../lib/gcc/avr/7.3.0/avr5\libgcc.a(_negsi2.o)
 .text.libgcc.fixed
                0x000000000000400e        0x0 c:/users/medo4/downloads/compressed/avr8-gnu-toolchain-3.7.0.1796-win32.any.x86_64/avr8-gnu-toolchain-win32_x86_64/bin/../lib/gcc/avr/7.3.0/avr5\libgcc.a(_negsi2.o)
 .text.libgcc.mul
                0x000000000000400e        0x0 c:/users/medo4/downloads/compressed/avr8-gnu-toolchain-3.7.0.1796-win32.any.x86_64/avr8-gnu-toolchain-win32_x86_64/bin/../lib/gcc/avr/7.3.0/avr5\libgcc.a(_exit.o)
 .text.libgcc.div
                0x000000000000400e        0x0 c:/users/medo4/downloads/compressed/avr8-gnu-toolchain-3.7.0.1796-win32.any.x86_64/avr8-gnu-toolchain-win32_x86_64/bin/../lib/gcc/avr/7.3.0/avr5\libgcc.a(_exit.o)
 .text.libgcc   0x000000000000400e        0x0 c:/users/medo4/downloads/compressed/avr8-gnu-toolchain-3.7.0.1796-win32.any.x86_64/avr8-gnu-toolchain-win32_x86_64/bin/../lib/gcc/avr/7.3.0/avr5\libgcc.a(_exit.o)
 .text.libgcc.prologue
                0x000000000000400e        0x0 c:/users/medo4/downloads/compressed/avr8-gnu-toolchain-3.7.0.1796-win32.any.x86_64/avr8-gnu-toolchain-win32_x86_64/bin/../lib/gcc/avr/7.3.0/avr5\libgcc.a(_exit.o)
 .text.libgcc.builtins
                0x000000000000400e        0x0 c:/users/medo4/downloads/compressed/avr8-gnu-toolchain-3.7.0.1796-win32.any.x86_64/avr8-gnu-toolchain-win32_x86_64/bin/../lib/gcc/avr/7.3.0/avr5\libgcc.a(_exit.o)
 .text.libgcc.fmul
                0x000000000000400e        0x0 c:/users/medo4/downloads/compressed/avr8-gnu-toolchain-3.7.0.1796-win32.any.x86_64/avr8-gnu-toolchain-win32_x86_64/bin/../lib/gcc/avr/7.3.0/avr5\libgcc.a(_exit.o)
 .text.libgcc.fixed
                0x000000000000400e        0x0 c:/users/medo4/downloads/compressed/avr8-gnu-toolchain-3.7.0.1796-win32.any.x86_64/avr8-gnu-toolchain-win32_x86_64/bin/../lib/gcc/avr/7.3.0/avr5\libgcc.a(_exit.o)
 .text.libgcc.mul
                0x000000000000400e        0x0 c:/users/medo4/downloads/compressed/avr8-gnu-toolchain-3.7.0.1796-win32.any.x86_64/avr8-gnu-toolchain-win32_x86_64/bin/../lib/gcc/avr/7.3.0/avr5\libgcc.a(_tablejump2.o)
 .text.libgcc.div
                0x000000000000400e        0x0 c:/users/medo4/downloads/compressed/avr8-gnu-toolchain-3.7.0.1796-win32.any.x86_64/avr8-gnu-toolchain-win32_x86_64/bin/../lib/gcc/avr/7.3.0/avr5\libgcc.a(_tablejump2.o)
 .text.libgcc   0x000000000000400e        0xc c:/users/medo4/downloads/compressed/avr8-gnu-toolchain-3.7.0.1796-win32.any.x86_64/avr8-gnu-toolchain-win32_x86_64/bin/../lib/gcc/avr/7.3.0/avr5\libgcc.a(_tablejump2.o)
                0x000000000000400e                __tablejump2__
 .text.libgcc.prologue
                0x000000000000401a        0x0 c:/users/medo4/downloads/compressed/avr8-gnu-toolchain-3.7.0.1796-win32.any.x86_64/avr8-gnu-toolchain-win32_x86_64/bin/../lib/gcc/avr/7.3.0/avr5\libgcc.a(_tablejump2.o)
 .text.libgcc.builtins
                0x000000000000401a        0x0 c:/users/medo4/downloads/compressed/avr8-gnu-toolchain-3.7.0.1796-win32.any.x86_64/avr8-gnu-toolchain-win32_x86_64/bin/../lib/gcc/avr/7.3.0/avr5\libgcc.a(_tablejump2.o)
 .text.libgcc.fmul
                0x000000000000401a        0x0 c:/users/medo4/downloads/compressed/avr8-gnu-toolchain-3.7.0.1796-win32.any.x86_64/avr8-gnu-toolchain-win32_x86_64/bin/../lib/gcc/avr/7.3.0/avr5\libgcc.a(_tablejump2.o)
 .text.libgcc.fixed
                0x000000000000401a        0x0 c:/users/medo4/downloads/compressed/avr8-gnu-toolchain-3.7.0.1796-win32.any.x86_64/avr8-gnu-toolchain-win32_x86_64/bin/../lib/gcc/avr/7.3.0/avr5\libgcc.a(_tablejump2.o)
 .text.libgcc.mul
                0x000000000000401a        0x0 c:/users/medo4/downloads/compressed/avr8-gnu-toolchain-3.7.0.1796-win32.any.x86_64/avr8-gnu-toolchain-win32_x86_64/bin/../lib/gcc/avr/7.3.0/avr5\libgcc.a(_copy_data.o)
 .text.libgcc.div
                0x000000000000401a        0x0 c:/users/medo4/downloads/compressed/avr8-gnu-toolchain-3.7.0.1796-win32.any.x86_64/avr8-gnu-toolchain-win32_x86_64/bin/../lib/gcc/avr/7.3.0/avr5\libgcc.a(_copy_data.o)
 .text.libgcc   0x000000000000401a        0x0 c:/users/medo4/downloads/compressed/avr8-gnu-toolchain-3.7.0.1796-win32.any.x86_64/avr8-gnu-toolchain-win32_x86_64/bin/../lib/gcc/avr/7.3.0/avr5\libgcc.a(_copy_data.o)
 .text.libgcc.prologue
                0x000000000000401a        0x0 c:/users/medo4/downloads/compressed/avr8-gnu-toolchain-3.7.0.1796-win32.any.x86_64/avr8-gnu-toolchain-win32_x86_64/bin/../lib/gcc/avr/7.3.0/avr5\libgcc.a(_copy_data.o)
 .text.libgcc.builtins
                0x000000000000401a        0x0 c:/users/medo4/downloads/compressed/avr8-gnu-toolchain-3.7.0.1796-win32.any.x86_64/avr8-gnu-toolchain-win32_x86_64/bin/../lib/gcc/avr/7.3.0/avr5\libgcc.a(_copy_data.o)
 .text.libgcc.fmul
                0x000000000000401a        0x0 c:/users/medo4/downloads/compressed/avr8-gnu-toolchain-3.7.0.1796-win32.any.x86_64/avr8-gnu-toolchain-win32_x86_64/bin/../lib/gcc/avr/7.3.0/avr5\libgcc.a(_copy_data.o)
 .text.libgcc.fixed
                0x000000000000401a        0x0 c:/users/medo4/downloads/compressed/avr8-gnu-toolchain-3.7.0.1796-win32.any.x86_64/avr8-gnu-toolchain-win32_x86_64/bin/../lib/gcc/avr/7.3.0/avr5\libgcc.a(_copy_data.o)
 .text.libgcc.mul
                0x000000000000401a        0x0 c:/users/medo4/downloads/compressed/avr8-gnu-toolchain-3.7.0.1796-win32.any.x86_64/avr8-gnu-toolchain-win32_x86_64/bin/../lib/gcc/avr/7.3.0/avr5\libgcc.a(_clear_bss.o)
 .text.libgcc.div
                0x000000000000401a        0x0 c:/users/medo4/downloads/compressed/avr8-gnu-toolchain-3.7.0.1796-win32.any.x86_64/avr8-gnu-toolchain-win32_x86_64/bin/../lib/gcc/avr/7.3.0/avr5\libgcc.a(_clear_bss.o)
 .text.libgcc   0x000000000000401a        0x0 c:/users/medo4/downloads/compressed/avr8-gnu-toolchain-3.7.0.1796-win32.any.x86_64/avr8-gnu-toolchain-win32_x86_64/bin/../lib/gcc/avr/7.3.0/avr5\libgcc.a(_clear_bss.o)
 .text.libgcc.prologue
                0x000000000000401a        0x0 c:/users/medo4/downloads/compressed/avr8-gnu-toolchain-3.7.0.1796-win32.any.x86_64/avr8-gnu-toolchain-win32_x86_64/bin/../lib/gcc/avr/7.3.0/avr5\libgcc.a(_clear_bss.o)
 .text.libgcc.builtins
                0x000000000000401a        0x0 c:/users/medo4/downloads/compressed/avr8-gnu-toolchain-3.7.0.1796-win32.any.x86_64/avr8-gnu-toolchain-win32_x86_64/bin/../lib/gcc/avr/7.3.0/avr5\libgcc.a(_clear_bss.o)
 .text.libgcc.fmul
                0x000000000000401a        0x0 c:/users/medo4/downloads/compressed/avr8-gnu-toolchain-3.7.0.1796-win32.any.x86_64/avr8-gnu-toolchain-win32_x86_64/bin/../lib/gcc/avr/7.3.0/avr5\libgcc.a(_clear_bss.o)
 .text.libgcc.fixed
                0x000000000000401a        0x0 c:/users/medo4/downloads/compressed/avr8-gnu-toolchain-3.7.0.1796-win32.any.x86_64/avr8-gnu-toolchain-win32_x86_64/bin/../lib/gcc/avr/7.3.0/avr5\libgcc.a(_clear_bss.o)
 .text.avr-libc.fplib
                0x000000000000401a        0x8 c:/users/medo4/downloads/compressed/avr8-gnu-toolchain-3.7.0.1796-win32.any.x86_64/avr8-gnu-toolchain-win32_x86_64/bin/../lib/gcc/avr/7.3.0/../../../../avr/lib/avr5\libm.a(divsf3.o)
                0x000000000000401a                __divsf3
 .text.avr-libc.fplib
                0x0000000000004022       0xdc c:/users/medo4/downloads/compressed/avr8-gnu-toolchain-3.7.0.1796-win32.any.x86_64/avr8-gnu-toolchain-win32_x86_64/bin/../lib/gcc/avr/7.3.0/../../../../avr/lib/avr5\libm.a(divsf3x.o)
                0x0000000000004042                __divsf3x
                0x0000000000004048                __divsf3_pse
 .text.avr-libc.fplib
                0x00000000000040fe       0x7a c:/users/medo4/downloads/compressed/avr8-gnu-toolchain-3.7.0.1796-win32.any.x86_64/avr8-gnu-toolchain-win32_x86_64/bin/../lib/gcc/avr/7.3.0/../../../../avr/lib/avr5\libm.a(floatsisf.o)
                0x00000000000040fe                __floatunsisf
                0x0000000000004102                __floatsisf
 .text.avr-libc.fplib
                0x0000000000004178        0xc c:/users/medo4/downloads/compressed/avr8-gnu-toolchain-3.7.0.1796-win32.any.x86_64/avr8-gnu-toolchain-win32_x86_64/bin/../lib/gcc/avr/7.3.0/../../../../avr/lib/avr5\libm.a(fp_inf.o)
                0x0000000000004178                __fp_inf
 .text.avr-libc.fplib
                0x0000000000004184        0x6 c:/users/medo4/downloads/compressed/avr8-gnu-toolchain-3.7.0.1796-win32.any.x86_64/avr8-gnu-toolchain-win32_x86_64/bin/../lib/gcc/avr/7.3.0/../../../../avr/lib/avr5\libm.a(fp_nan.o)
                0x0000000000004184                __fp_nan
 .text.avr-libc.fplib
                0x000000000000418a        0xe c:/users/medo4/downloads/compressed/avr8-gnu-toolchain-3.7.0.1796-win32.any.x86_64/avr8-gnu-toolchain-win32_x86_64/bin/../lib/gcc/avr/7.3.0/../../../../avr/lib/avr5\libm.a(fp_pscA.o)
                0x000000000000418a                __fp_pscA
 .text.avr-libc.fplib
                0x0000000000004198        0xe c:/users/medo4/downloads/compressed/avr8-gnu-toolchain-3.7.0.1796-win32.any.x86_64/avr8-gnu-toolchain-win32_x86_64/bin/../lib/gcc/avr/7.3.0/../../../../avr/lib/avr5\libm.a(fp_pscB.o)
                0x0000000000004198                __fp_pscB
 .text.avr-libc.fplib
                0x00000000000041a6       0x22 c:/users/medo4/downloads/compressed/avr8-gnu-toolchain-3.7.0.1796-win32.any.x86_64/avr8-gnu-toolchain-win32_x86_64/bin/../lib/gcc/avr/7.3.0/../../../../avr/lib/avr5\libm.a(fp_round.o)
                0x00000000000041a6                __fp_round
 .text.avr-libc.fplib
                0x00000000000041c8       0x44 c:/users/medo4/downloads/compressed/avr8-gnu-toolchain-3.7.0.1796-win32.any.x86_64/avr8-gnu-toolchain-win32_x86_64/bin/../lib/gcc/avr/7.3.0/../../../../avr/lib/avr5\libm.a(fp_split3.o)
                0x00000000000041c8                __fp_split3
                0x00000000000041d8                __fp_splitA
 .text.avr-libc.fplib
                0x000000000000420c        0xe c:/users/medo4/downloads/compressed/avr8-gnu-toolchain-3.7.0.1796-win32.any.x86_64/avr8-gnu-toolchain-win32_x86_64/bin/../lib/gcc/avr/7.3.0/../../../../avr/lib/avr5\libm.a(fp_zero.o)
                0x000000000000420c                __fp_zero
                0x000000000000420e                __fp_szero
 .text.avr-libc.fplib
                0x000000000000421a        0x8 c:/users/medo4/downloads/compressed/avr8-gnu-toolchain-3.7.0.1796-win32.any.x86_64/avr8-gnu-toolchain-win32_x86_64/bin/../lib/gcc/avr/7.3.0/../../../../avr/lib/avr5\libm.a(mulsf3.o)
                0x000000000000421a                __mulsf3
 .text.avr-libc.fplib
                0x0000000000004222       0xd2 c:/users/medo4/downloads/compressed/avr8-gnu-toolchain-3.7.0.1796-win32.any.x86_64/avr8-gnu-toolchain-win32_x86_64/bin/../lib/gcc/avr/7.3.0/../../../../avr/lib/avr5\libm.a(mulsf3x.o)
                0x0000000000004240                __mulsf3x
                0x0000000000004246                __mulsf3_pse
 .text.avr-libc
                0x00000000000042f4       0x3c c:/users/medo4/downloads/compressed/avr8-gnu-toolchain-3.7.0.1796-win32.any.x86_64/avr8-gnu-toolchain-win32_x86_64/bin/../lib/gcc/avr/7.3.0/../../../../avr/lib/avr5\libc.a(dtostrf.o)
                0x00000000000042f4                dtostrf
 .text.avr-libc
                0x0000000000004330       0x12 c:/users/medo4/downloads/compressed/avr8-gnu-toolchain-3.7.0.1796-win32.any.x86_64/avr8-gnu-toolchain-win32_x86_64/bin/../lib/gcc/avr/7.3.0/../../../../avr/lib/avr5\libc.a(memcpy.o)
                0x0000000000004330                memcpy
 .text.avr-libc
                0x0000000000004342       0x60 c:/users/medo4/downloads/compressed/avr8-gnu-toolchain-3.7.0.1796-win32.any.x86_64/avr8-gnu-toolchain-win32_x86_64/bin/../lib/gcc/avr/7.3.0/../../../../avr/lib/avr5\libc.a(snprintf.o)
                0x0000000000004342                snprintf
 .text.avr-libc
                0x00000000000043a2      0x3b4 c:/users/medo4/downloads/compressed/avr8-gnu-toolchain-3.7.0.1796-win32.any.x86_64/avr8-gnu-toolchain-win32_x86_64/bin/../lib/gcc/avr/7.3.0/../../../../avr/lib/avr5\libc.a(vfprintf_std.o)
                0x00000000000043a2                vfprintf
 .text.avr-libc
                0x0000000000004756      0x2be c:/users/medo4/downloads/compressed/avr8-gnu-toolchain-3.7.0.1796-win32.any.x86_64/avr8-gnu-toolchain-win32_x86_64/bin/../lib/gcc/avr/7.3.0/../../../../avr/lib/avr5\libc.a(dtoa_prf.o)
                0x0000000000004756                dtoa_prf
 .text.avr-libc
                0x0000000000004a14      0x1b0 c:/users/medo4/downloads/compressed/avr8-gnu-toolchain-3.7.0.1796-win32.any.x86_64/avr8-gnu-toolchain-win32_x86_64/bin/../lib/gcc/avr/7.3.0/../../../../avr/lib/avr5\libc.a(ftoa_engine.o)
                0x0000000000004a14                __ftoa_engine
 .text.avr-libc
                0x0000000000004bc4       0x16 c:/users/medo4/downloads/compressed/avr8-gnu-toolchain-3.7.0.1796-win32.any.x86_64/avr8-gnu-toolchain-win32_x86_64/bin/../lib/gcc/avr/7.3.0/../../../../avr/lib/avr5\libc.a(strnlen_P.o)
                0x0000000000004bc4                strnlen_P
 .text.avr-libc
                0x0000000000004bda       0x16 c:/users/medo4/downloads/compressed/avr8-gnu-toolchain-3.7.0.1796-win32.any.x86_64/avr8-gnu-toolchain-win32_x86_64/bin/../lib/gcc/avr/7.3.0/../../../../avr/lib/avr5\libc.a(strnlen.o)
                0x0000000000004bda                strnlen
 .text.avr-libc
                0x0000000000004bf0       0x60 c:/users/medo4/downloads/compressed/avr8-gnu-toolchain-3.7.0.1796-win32.any.x86_64/avr8-gnu-toolchain-win32_x86_64/bin/../lib/gcc/avr/7.3.0/../../../../avr/lib/avr5\libc.a(fputc.o)
                0x0000000000004bf0                fputc
 .text.avr-libc
                0x0000000000004c50       0xbc c:/users/medo4/downloads/compressed/avr8-gnu-toolchain-3.7.0.1796-win32.any.x86_64/avr8-gnu-toolchain-win32_x86_64/bin/../lib/gcc/avr/7.3.0/../../../../avr/lib/avr5\libc.a(ultoa_invert.o)
                0x0000000000004c50                __ultoa_invert
 .text.libgcc.mul
                0x0000000000004d0c        0x0 c:/users/medo4/downloads/compressed/avr8-gnu-toolchain-3.7.0.1796-win32.any.x86_64/avr8-gnu-toolchain-win32_x86_64/bin/../lib/gcc/avr/7.3.0/avr5\libgcc.a(_prologue.o)
 .text.libgcc.div
                0x0000000000004d0c        0x0 c:/users/medo4/downloads/compressed/avr8-gnu-toolchain-3.7.0.1796-win32.any.x86_64/avr8-gnu-toolchain-win32_x86_64/bin/../lib/gcc/avr/7.3.0/avr5\libgcc.a(_prologue.o)
 .text.libgcc   0x0000000000004d0c        0x0 c:/users/medo4/downloads/compressed/avr8-gnu-toolchain-3.7.0.1796-win32.any.x86_64/avr8-gnu-toolchain-win32_x86_64/bin/../lib/gcc/avr/7.3.0/avr5\libgcc.a(_prologue.o)
 .text.libgcc.prologue
                0x0000000000004d0c       0x38 c:/users/medo4/downloads/compressed/avr8-gnu-toolchain-3.7.0.1796-win32.any.x86_64/avr8-gnu-toolchain-win32_x86_64/bin/../lib/gcc/avr/7.3.0/avr5\libgcc.a(_prologue.o)
                0x0000000000004d0c                __prologue_saves__
 .text.libgcc.builtins
                0x0000000000004d44        0x0 c:/users/medo4/downloads/compressed/avr8-gnu-toolchain-3.7.0.1796-win32.any.x86_64/avr8-gnu-toolchain-win32_x86_64/bin/../lib/gcc/avr/7.3.0/avr5\libgcc.a(_prologue.o)
 .text.libgcc.fmul
                0x0000000000004d44        0x0 c:/users/medo4/downloads/compressed/avr8-gnu-toolchain-3.7.0.1796-win32.any.x86_64/avr8-gnu-toolchain-win32_x86_64/bin/../lib/gcc/avr/7.3.0/avr5\libgcc.a(_prologue.o)
 .text.libgcc.fixed
                0x0000000000004d44        0x0 c:/users/medo4/downloads/compressed/avr8-gnu-toolchain-3.7.0.1796-win32.any.x86_64/avr8-gnu-toolchain-win32_x86_64/bin/../lib/gcc/avr/7.3.0/avr5\libgcc.a(_prologue.o)
 .text.libgcc.mul
                0x0000000000004d44        0x0 c:/users/medo4/downloads/compressed/avr8-gnu-toolchain-3.7.0.1796-win32.any.x86_64/avr8-gnu-toolchain-win32_x86_64/bin/../lib/gcc/avr/7.3.0/avr5\libgcc.a(_epilogue.o)
 .text.libgcc.div
                0x0000000000004d44        0x0 c:/users/medo4/downloads/compressed/avr8-gnu-toolchain-3.7.0.1796-win32.any.x86_64/avr8-gnu-toolchain-win32_x86_64/bin/../lib/gcc/avr/7.3.0/avr5\libgcc.a(_epilogue.o)
 .text.libgcc   0x0000000000004d44        0x0 c:/users/medo4/downloads/compressed/avr8-gnu-toolchain-3.7.0.1796-win32.any.x86_64/avr8-gnu-toolchain-win32_x86_64/bin/../lib/gcc/avr/7.3.0/avr5\libgcc.a(_epilogue.o)
 .text.libgcc.prologue
                0x0000000000004d44       0x36 c:/users/medo4/downloads/compressed/avr8-gnu-toolchain-3.7.0.1796-win32.any.x86_64/avr8-gnu-toolchain-win32_x86_64/bin/../lib/gcc/avr/7.3.0/avr5\libgcc.a(_epilogue.o)
                0x0000000000004d44                __epilogue_restores__
 .text.libgcc.builtins
                0x0000000000004d7a        0x0 c:/users/medo4/downloads/compressed/avr8-gnu-toolchain-3.7.0.1796-win32.any.x86_64/avr8-gnu-toolchain-win32_x86_64/bin/../lib/gcc/avr/7.3.0/avr5\libgcc.a(_epilogue.o)
 .text.libgcc.fmul
                0x0000000000004d7a        0x0 c:/users/medo4/downloads/compressed/avr8-gnu-toolchain-3.7.0.1796-win32.any.x86_64/avr8-gnu-toolchain-win32_x86_64/bin/../lib/gcc/avr/7.3.0/avr5\libgcc.a(_epilogue.o)
 .text.libgcc.fixed
                0x0000000000004d7a        0x0 c:/users/medo4/downloads/compressed/avr8-gnu-toolchain-3.7.0.1796-win32.any.x86_64/avr8-gnu-toolchain-win32_x86_64/bin/../lib/gcc/avr/7.3.0/avr5\libgcc.a(_epilogue.o)
                0x0000000000004d7a                . = ALIGN (0x2)
 *(.fini9)
 .fini9         0x0000000000004d7a        0x0 c:/users/medo4/downloads/compressed/avr8-gnu-toolchain-3.7.0.1796-win32.any.x86_64/avr8-gnu-toolchain-win32_x86_64/bin/../lib/gcc/avr/7.3.0/avr5\libgcc.a(_exit.o)
                0x0000000000004d7a                _exit
                0x0000000000004d7a                exit
 *(.fini9)
 *(.fini8)
 *(.fini8)
 *(.fini7)
 *(.fini7)
 *(.fini6)
 *(.fini6)
 *(.fini5)
 *(.fini5)
 *(.fini4)
 *(.fini4)
 *(.fini3)
 *(.fini3)
 *(.fini2)
 *(.fini2)
 *(.fini1)
 *(.fini1)
 *(.fini0)
 .fini0         0x0000000000004d7a        0x4 c:/users/medo4/downloads/compressed/avr8-gnu-toolchain-3.7.0.1796-win32.any.x86_64/avr8-gnu-toolchain-win32_x86_64/bin/../lib/gcc/avr/7.3.0/avr5\libgcc.a(_exit.o)
 *(.fini0)
                0x0000000000004d7e                _etext = .

.data           0x0000000000800060       0x78 load address 0x0000000000004d7e
                0x0000000000800060                PROVIDE (__data_start, .)
 *(.data)
 .data          0x0000000000800060        0x0 c:/users/medo4/downloads/compressed/avr8-gnu-toolchain-3.7.0.1796-win32.any.x86_64/avr8-gnu-toolchain-win32_x86_64/bin/../lib/gcc/avr/7.3.0/../../../../avr/lib/avr5/crtatmega32a.o
 .data          0x0000000000800060        0x0 ./Include/OS/Os.o
 .data          0x0000000000800060        0x0 ./Include/MCAL/Timer/timer.o
 .data          0x0000000000800060        0x0 ./Include/MCAL/Gpio/Gpio.o
 .data          0x0000000000800060        0x0 ./Include/MCAL/Gpio/Gpio_Config.o
 .data          0x0000000000800060        0x0 ./Include/MCAL/ADC/ADC.o
 .data          0x0000000000800060        0x0 ./Include/LOGIC/Polling/poller.o
 .data          0x0000000000800060        0x0 ./Include/LOGIC/Logic.o
 .data          0x0000000000800060        0x0 ./Include/HAL/Lcd/Lcd.o
 .data          0x0000000000800060        0x0 ./Include/COMMUNICATION/Uart/Uart.o
 .data          0x0000000000800060        0x0 ./FreeRtos/croutine.o
 .data          0x0000000000800060        0x0 ./FreeRtos/event_groups.o
 .data          0x0000000000800060        0x0 ./FreeRtos/heap_1.o
 .data          0x0000000000800060        0x0 ./FreeRtos/list.o
 .data          0x0000000000800060        0x0 ./FreeRtos/port.o
 .data          0x0000000000800060        0x0 ./FreeRtos/queue.o
 .data          0x0000000000800060        0x0 ./FreeRtos/stream_buffer.o
 .data          0x0000000000800060        0x0 ./FreeRtos/tasks.o
 .data          0x0000000000800060        0x0 ./FreeRtos/timers.o
 .data          0x0000000000800060        0x0 ./main.o
 .data          0x0000000000800060        0x0 c:/users/medo4/downloads/compressed/avr8-gnu-toolchain-3.7.0.1796-win32.any.x86_64/avr8-gnu-toolchain-win32_x86_64/bin/../lib/gcc/avr/7.3.0/avr5\libgcc.a(_udivmodsi4.o)
 .data          0x0000000000800060        0x0 c:/users/medo4/downloads/compressed/avr8-gnu-toolchain-3.7.0.1796-win32.any.x86_64/avr8-gnu-toolchain-win32_x86_64/bin/../lib/gcc/avr/7.3.0/avr5\libgcc.a(_divmodsi4.o)
 .data          0x0000000000800060        0x0 c:/users/medo4/downloads/compressed/avr8-gnu-toolchain-3.7.0.1796-win32.any.x86_64/avr8-gnu-toolchain-win32_x86_64/bin/../lib/gcc/avr/7.3.0/avr5\libgcc.a(_negsi2.o)
 .data          0x0000000000800060        0x0 c:/users/medo4/downloads/compressed/avr8-gnu-toolchain-3.7.0.1796-win32.any.x86_64/avr8-gnu-toolchain-win32_x86_64/bin/../lib/gcc/avr/7.3.0/avr5\libgcc.a(_exit.o)
 .data          0x0000000000800060        0x0 c:/users/medo4/downloads/compressed/avr8-gnu-toolchain-3.7.0.1796-win32.any.x86_64/avr8-gnu-toolchain-win32_x86_64/bin/../lib/gcc/avr/7.3.0/avr5\libgcc.a(_tablejump2.o)
 .data          0x0000000000800060        0x0 c:/users/medo4/downloads/compressed/avr8-gnu-toolchain-3.7.0.1796-win32.any.x86_64/avr8-gnu-toolchain-win32_x86_64/bin/../lib/gcc/avr/7.3.0/avr5\libgcc.a(_copy_data.o)
 .data          0x0000000000800060        0x0 c:/users/medo4/downloads/compressed/avr8-gnu-toolchain-3.7.0.1796-win32.any.x86_64/avr8-gnu-toolchain-win32_x86_64/bin/../lib/gcc/avr/7.3.0/avr5\libgcc.a(_clear_bss.o)
 .data          0x0000000000800060        0x0 c:/users/medo4/downloads/compressed/avr8-gnu-toolchain-3.7.0.1796-win32.any.x86_64/avr8-gnu-toolchain-win32_x86_64/bin/../lib/gcc/avr/7.3.0/../../../../avr/lib/avr5\libm.a(divsf3.o)
 .data          0x0000000000800060        0x0 c:/users/medo4/downloads/compressed/avr8-gnu-toolchain-3.7.0.1796-win32.any.x86_64/avr8-gnu-toolchain-win32_x86_64/bin/../lib/gcc/avr/7.3.0/../../../../avr/lib/avr5\libm.a(divsf3x.o)
 .data          0x0000000000800060        0x0 c:/users/medo4/downloads/compressed/avr8-gnu-toolchain-3.7.0.1796-win32.any.x86_64/avr8-gnu-toolchain-win32_x86_64/bin/../lib/gcc/avr/7.3.0/../../../../avr/lib/avr5\libm.a(floatsisf.o)
 .data          0x0000000000800060        0x0 c:/users/medo4/downloads/compressed/avr8-gnu-toolchain-3.7.0.1796-win32.any.x86_64/avr8-gnu-toolchain-win32_x86_64/bin/../lib/gcc/avr/7.3.0/../../../../avr/lib/avr5\libm.a(fp_inf.o)
 .data          0x0000000000800060        0x0 c:/users/medo4/downloads/compressed/avr8-gnu-toolchain-3.7.0.1796-win32.any.x86_64/avr8-gnu-toolchain-win32_x86_64/bin/../lib/gcc/avr/7.3.0/../../../../avr/lib/avr5\libm.a(fp_nan.o)
 .data          0x0000000000800060        0x0 c:/users/medo4/downloads/compressed/avr8-gnu-toolchain-3.7.0.1796-win32.any.x86_64/avr8-gnu-toolchain-win32_x86_64/bin/../lib/gcc/avr/7.3.0/../../../../avr/lib/avr5\libm.a(fp_pscA.o)
 .data          0x0000000000800060        0x0 c:/users/medo4/downloads/compressed/avr8-gnu-toolchain-3.7.0.1796-win32.any.x86_64/avr8-gnu-toolchain-win32_x86_64/bin/../lib/gcc/avr/7.3.0/../../../../avr/lib/avr5\libm.a(fp_pscB.o)
 .data          0x0000000000800060        0x0 c:/users/medo4/downloads/compressed/avr8-gnu-toolchain-3.7.0.1796-win32.any.x86_64/avr8-gnu-toolchain-win32_x86_64/bin/../lib/gcc/avr/7.3.0/../../../../avr/lib/avr5\libm.a(fp_round.o)
 .data          0x0000000000800060        0x0 c:/users/medo4/downloads/compressed/avr8-gnu-toolchain-3.7.0.1796-win32.any.x86_64/avr8-gnu-toolchain-win32_x86_64/bin/../lib/gcc/avr/7.3.0/../../../../avr/lib/avr5\libm.a(fp_split3.o)
 .data          0x0000000000800060        0x0 c:/users/medo4/downloads/compressed/avr8-gnu-toolchain-3.7.0.1796-win32.any.x86_64/avr8-gnu-toolchain-win32_x86_64/bin/../lib/gcc/avr/7.3.0/../../../../avr/lib/avr5\libm.a(fp_zero.o)
 .data          0x0000000000800060        0x0 c:/users/medo4/downloads/compressed/avr8-gnu-toolchain-3.7.0.1796-win32.any.x86_64/avr8-gnu-toolchain-win32_x86_64/bin/../lib/gcc/avr/7.3.0/../../../../avr/lib/avr5\libm.a(mulsf3.o)
 .data          0x0000000000800060        0x0 c:/users/medo4/downloads/compressed/avr8-gnu-toolchain-3.7.0.1796-win32.any.x86_64/avr8-gnu-toolchain-win32_x86_64/bin/../lib/gcc/avr/7.3.0/../../../../avr/lib/avr5\libm.a(mulsf3x.o)
 .data          0x0000000000800060        0x0 c:/users/medo4/downloads/compressed/avr8-gnu-toolchain-3.7.0.1796-win32.any.x86_64/avr8-gnu-toolchain-win32_x86_64/bin/../lib/gcc/avr/7.3.0/../../../../avr/lib/avr5\libc.a(dtostrf.o)
 .data          0x0000000000800060        0x0 c:/users/medo4/downloads/compressed/avr8-gnu-toolchain-3.7.0.1796-win32.any.x86_64/avr8-gnu-toolchain-win32_x86_64/bin/../lib/gcc/avr/7.3.0/../../../../avr/lib/avr5\libc.a(memcpy.o)
 .data          0x0000000000800060        0x0 c:/users/medo4/downloads/compressed/avr8-gnu-toolchain-3.7.0.1796-win32.any.x86_64/avr8-gnu-toolchain-win32_x86_64/bin/../lib/gcc/avr/7.3.0/../../../../avr/lib/avr5\libc.a(snprintf.o)
 .data          0x0000000000800060        0x0 c:/users/medo4/downloads/compressed/avr8-gnu-toolchain-3.7.0.1796-win32.any.x86_64/avr8-gnu-toolchain-win32_x86_64/bin/../lib/gcc/avr/7.3.0/../../../../avr/lib/avr5\libc.a(vfprintf_std.o)
 .data          0x0000000000800060        0x0 c:/users/medo4/downloads/compressed/avr8-gnu-toolchain-3.7.0.1796-win32.any.x86_64/avr8-gnu-toolchain-win32_x86_64/bin/../lib/gcc/avr/7.3.0/../../../../avr/lib/avr5\libc.a(dtoa_prf.o)
 .data          0x0000000000800060        0x0 c:/users/medo4/downloads/compressed/avr8-gnu-toolchain-3.7.0.1796-win32.any.x86_64/avr8-gnu-toolchain-win32_x86_64/bin/../lib/gcc/avr/7.3.0/../../../../avr/lib/avr5\libc.a(ftoa_engine.o)
 .data          0x0000000000800060        0x0 c:/users/medo4/downloads/compressed/avr8-gnu-toolchain-3.7.0.1796-win32.any.x86_64/avr8-gnu-toolchain-win32_x86_64/bin/../lib/gcc/avr/7.3.0/../../../../avr/lib/avr5\libc.a(strnlen_P.o)
 .data          0x0000000000800060        0x0 c:/users/medo4/downloads/compressed/avr8-gnu-toolchain-3.7.0.1796-win32.any.x86_64/avr8-gnu-toolchain-win32_x86_64/bin/../lib/gcc/avr/7.3.0/../../../../avr/lib/avr5\libc.a(strnlen.o)
 .data          0x0000000000800060        0x0 c:/users/medo4/downloads/compressed/avr8-gnu-toolchain-3.7.0.1796-win32.any.x86_64/avr8-gnu-toolchain-win32_x86_64/bin/../lib/gcc/avr/7.3.0/../../../../avr/lib/avr5\libc.a(fputc.o)
 .data          0x0000000000800060        0x0 c:/users/medo4/downloads/compressed/avr8-gnu-toolchain-3.7.0.1796-win32.any.x86_64/avr8-gnu-toolchain-win32_x86_64/bin/../lib/gcc/avr/7.3.0/../../../../avr/lib/avr5\libc.a(ultoa_invert.o)
 .data          0x0000000000800060        0x0 c:/users/medo4/downloads/compressed/avr8-gnu-toolchain-3.7.0.1796-win32.any.x86_64/avr8-gnu-toolchain-win32_x86_64/bin/../lib/gcc/avr/7.3.0/avr5\libgcc.a(_prologue.o)
 .data          0x0000000000800060        0x0 c:/users/medo4/downloads/compressed/avr8-gnu-toolchain-3.7.0.1796-win32.any.x86_64/avr8-gnu-toolchain-win32_x86_64/bin/../lib/gcc/avr/7.3.0/avr5\libgcc.a(_epilogue.o)
 *(.data*)
 .data.pinConfigs
                0x0000000000800060       0x1e ./Include/MCAL/Gpio/Gpio_Config.o
                0x0000000000800060                pinConfigs
 .data.chargeProxy
                0x000000000080007e        0x4 ./Include/MCAL/Gpio/Gpio_Config.o
                0x000000000080007e                chargeProxy
 .data.lcdControlProxy
                0x0000000000800082        0x4 ./Include/MCAL/Gpio/Gpio_Config.o
                0x0000000000800082                lcdControlProxy
 .data.lcdDataProxy
                0x0000000000800086        0x4 ./Include/MCAL/Gpio/Gpio_Config.o
                0x0000000000800086                lcdDataProxy
 .data.uxTopUsedPriority
                0x000000000080008a        0x1 ./FreeRtos/tasks.o
 *(.gnu.linkonce.d*)
 *(.rodata)
 *(.rodata*)
 .rodata.TaskDisplayRefresh.str1.1
                0x000000000080008b       0x15 ./Include/OS/Os.o
 .rodata.Os_Init.str1.1
                0x00000000008000a0       0x29 ./Include/OS/Os.o
 .rodata.poll.str1.1
                0x00000000008000c9        0x9 ./Include/LOGIC/Polling/poller.o
 .rodata.str1.1
                0x00000000008000d2        0x5 ./FreeRtos/tasks.o
 *(.gnu.linkonce.r*)
                0x00000000008000d8                . = ALIGN (0x2)
 *fill*         0x00000000008000d7        0x1 
                0x00000000008000d8                _edata = .
                0x00000000008000d8                PROVIDE (__data_end, .)

.bss            0x00000000008000d8      0x4b9
                0x00000000008000d8                PROVIDE (__bss_start, .)
 *(.bss)
 .bss           0x00000000008000d8        0x0 c:/users/medo4/downloads/compressed/avr8-gnu-toolchain-3.7.0.1796-win32.any.x86_64/avr8-gnu-toolchain-win32_x86_64/bin/../lib/gcc/avr/7.3.0/../../../../avr/lib/avr5/crtatmega32a.o
 .bss           0x00000000008000d8        0x0 ./Include/OS/Os.o
 .bss           0x00000000008000d8        0x0 ./Include/MCAL/Timer/timer.o
 .bss           0x00000000008000d8        0x0 ./Include/MCAL/Gpio/Gpio.o
 .bss           0x00000000008000d8        0x0 ./Include/MCAL/Gpio/Gpio_Config.o
 .bss           0x00000000008000d8        0x0 ./Include/MCAL/ADC/ADC.o
 .bss           0x00000000008000d8        0x0 ./Include/LOGIC/Polling/poller.o
 .bss           0x00000000008000d8        0x0 ./Include/LOGIC/Logic.o
 .bss           0x00000000008000d8        0x0 ./Include/HAL/Lcd/Lcd.o
 .bss           0x00000000008000d8        0x0 ./Include/COMMUNICATION/Uart/Uart.o
 .bss           0x00000000008000d8        0x0 ./FreeRtos/croutine.o
 .bss           0x00000000008000d8        0x0 ./FreeRtos/event_groups.o
 .bss           0x00000000008000d8        0x0 ./FreeRtos/heap_1.o
 .bss           0x00000000008000d8        0x0 ./FreeRtos/list.o
 .bss           0x00000000008000d8        0x0 ./FreeRtos/port.o
 .bss           0x00000000008000d8        0x0 ./FreeRtos/queue.o
 .bss           0x00000000008000d8        0x0 ./FreeRtos/stream_buffer.o
 .bss           0x00000000008000d8        0x0 ./FreeRtos/tasks.o
 .bss           0x00000000008000d8        0x0 ./FreeRtos/timers.o
 .bss           0x00000000008000d8        0x0 ./main.o
 .bss           0x00000000008000d8        0x0 c:/users/medo4/downloads/compressed/avr8-gnu-toolchain-3.7.0.1796-win32.any.x86_64/avr8-gnu-toolchain-win32_x86_64/bin/../lib/gcc/avr/7.3.0/avr5\libgcc.a(_udivmodsi4.o)
 .bss           0x00000000008000d8        0x0 c:/users/medo4/downloads/compressed/avr8-gnu-toolchain-3.7.0.1796-win32.any.x86_64/avr8-gnu-toolchain-win32_x86_64/bin/../lib/gcc/avr/7.3.0/avr5\libgcc.a(_divmodsi4.o)
 .bss           0x00000000008000d8        0x0 c:/users/medo4/downloads/compressed/avr8-gnu-toolchain-3.7.0.1796-win32.any.x86_64/avr8-gnu-toolchain-win32_x86_64/bin/../lib/gcc/avr/7.3.0/avr5\libgcc.a(_negsi2.o)
 .bss           0x00000000008000d8        0x0 c:/users/medo4/downloads/compressed/avr8-gnu-toolchain-3.7.0.1796-win32.any.x86_64/avr8-gnu-toolchain-win32_x86_64/bin/../lib/gcc/avr/7.3.0/avr5\libgcc.a(_exit.o)
 .bss           0x00000000008000d8        0x0 c:/users/medo4/downloads/compressed/avr8-gnu-toolchain-3.7.0.1796-win32.any.x86_64/avr8-gnu-toolchain-win32_x86_64/bin/../lib/gcc/avr/7.3.0/avr5\libgcc.a(_tablejump2.o)
 .bss           0x00000000008000d8        0x0 c:/users/medo4/downloads/compressed/avr8-gnu-toolchain-3.7.0.1796-win32.any.x86_64/avr8-gnu-toolchain-win32_x86_64/bin/../lib/gcc/avr/7.3.0/avr5\libgcc.a(_copy_data.o)
 .bss           0x00000000008000d8        0x0 c:/users/medo4/downloads/compressed/avr8-gnu-toolchain-3.7.0.1796-win32.any.x86_64/avr8-gnu-toolchain-win32_x86_64/bin/../lib/gcc/avr/7.3.0/avr5\libgcc.a(_clear_bss.o)
 .bss           0x00000000008000d8        0x0 c:/users/medo4/downloads/compressed/avr8-gnu-toolchain-3.7.0.1796-win32.any.x86_64/avr8-gnu-toolchain-win32_x86_64/bin/../lib/gcc/avr/7.3.0/../../../../avr/lib/avr5\libm.a(divsf3.o)
 .bss           0x00000000008000d8        0x0 c:/users/medo4/downloads/compressed/avr8-gnu-toolchain-3.7.0.1796-win32.any.x86_64/avr8-gnu-toolchain-win32_x86_64/bin/../lib/gcc/avr/7.3.0/../../../../avr/lib/avr5\libm.a(divsf3x.o)
 .bss           0x00000000008000d8        0x0 c:/users/medo4/downloads/compressed/avr8-gnu-toolchain-3.7.0.1796-win32.any.x86_64/avr8-gnu-toolchain-win32_x86_64/bin/../lib/gcc/avr/7.3.0/../../../../avr/lib/avr5\libm.a(floatsisf.o)
 .bss           0x00000000008000d8        0x0 c:/users/medo4/downloads/compressed/avr8-gnu-toolchain-3.7.0.1796-win32.any.x86_64/avr8-gnu-toolchain-win32_x86_64/bin/../lib/gcc/avr/7.3.0/../../../../avr/lib/avr5\libm.a(fp_inf.o)
 .bss           0x00000000008000d8        0x0 c:/users/medo4/downloads/compressed/avr8-gnu-toolchain-3.7.0.1796-win32.any.x86_64/avr8-gnu-toolchain-win32_x86_64/bin/../lib/gcc/avr/7.3.0/../../../../avr/lib/avr5\libm.a(fp_nan.o)
 .bss           0x00000000008000d8        0x0 c:/users/medo4/downloads/compressed/avr8-gnu-toolchain-3.7.0.1796-win32.any.x86_64/avr8-gnu-toolchain-win32_x86_64/bin/../lib/gcc/avr/7.3.0/../../../../avr/lib/avr5\libm.a(fp_pscA.o)
 .bss           0x00000000008000d8        0x0 c:/users/medo4/downloads/compressed/avr8-gnu-toolchain-3.7.0.1796-win32.any.x86_64/avr8-gnu-toolchain-win32_x86_64/bin/../lib/gcc/avr/7.3.0/../../../../avr/lib/avr5\libm.a(fp_pscB.o)
 .bss           0x00000000008000d8        0x0 c:/users/medo4/downloads/compressed/avr8-gnu-toolchain-3.7.0.1796-win32.any.x86_64/avr8-gnu-toolchain-win32_x86_64/bin/../lib/gcc/avr/7.3.0/../../../../avr/lib/avr5\libm.a(fp_round.o)
 .bss           0x00000000008000d8        0x0 c:/users/medo4/downloads/compressed/avr8-gnu-toolchain-3.7.0.1796-win32.any.x86_64/avr8-gnu-toolchain-win32_x86_64/bin/../lib/gcc/avr/7.3.0/../../../../avr/lib/avr5\libm.a(fp_split3.o)
 .bss           0x00000000008000d8        0x0 c:/users/medo4/downloads/compressed/avr8-gnu-toolchain-3.7.0.1796-win32.any.x86_64/avr8-gnu-toolchain-win32_x86_64/bin/../lib/gcc/avr/7.3.0/../../../../avr/lib/avr5\libm.a(fp_zero.o)
 .bss           0x00000000008000d8        0x0 c:/users/medo4/downloads/compressed/avr8-gnu-toolchain-3.7.0.1796-win32.any.x86_64/avr8-gnu-toolchain-win32_x86_64/bin/../lib/gcc/avr/7.3.0/../../../../avr/lib/avr5\libm.a(mulsf3.o)
 .bss           0x00000000008000d8        0x0 c:/users/medo4/downloads/compressed/avr8-gnu-toolchain-3.7.0.1796-win32.any.x86_64/avr8-gnu-toolchain-win32_x86_64/bin/../lib/gcc/avr/7.3.0/../../../../avr/lib/avr5\libm.a(mulsf3x.o)
 .bss           0x00000000008000d8        0x0 c:/users/medo4/downloads/compressed/avr8-gnu-toolchain-3.7.0.1796-win32.any.x86_64/avr8-gnu-toolchain-win32_x86_64/bin/../lib/gcc/avr/7.3.0/../../../../avr/lib/avr5\libc.a(dtostrf.o)
 .bss           0x00000000008000d8        0x0 c:/users/medo4/downloads/compressed/avr8-gnu-toolchain-3.7.0.1796-win32.any.x86_64/avr8-gnu-toolchain-win32_x86_64/bin/../lib/gcc/avr/7.3.0/../../../../avr/lib/avr5\libc.a(memcpy.o)
 .bss           0x00000000008000d8        0x0 c:/users/medo4/downloads/compressed/avr8-gnu-toolchain-3.7.0.1796-win32.any.x86_64/avr8-gnu-toolchain-win32_x86_64/bin/../lib/gcc/avr/7.3.0/../../../../avr/lib/avr5\libc.a(snprintf.o)
 .bss           0x00000000008000d8        0x0 c:/users/medo4/downloads/compressed/avr8-gnu-toolchain-3.7.0.1796-win32.any.x86_64/avr8-gnu-toolchain-win32_x86_64/bin/../lib/gcc/avr/7.3.0/../../../../avr/lib/avr5\libc.a(vfprintf_std.o)
 .bss           0x00000000008000d8        0x0 c:/users/medo4/downloads/compressed/avr8-gnu-toolchain-3.7.0.1796-win32.any.x86_64/avr8-gnu-toolchain-win32_x86_64/bin/../lib/gcc/avr/7.3.0/../../../../avr/lib/avr5\libc.a(dtoa_prf.o)
 .bss           0x00000000008000d8        0x0 c:/users/medo4/downloads/compressed/avr8-gnu-toolchain-3.7.0.1796-win32.any.x86_64/avr8-gnu-toolchain-win32_x86_64/bin/../lib/gcc/avr/7.3.0/../../../../avr/lib/avr5\libc.a(ftoa_engine.o)
 .bss           0x00000000008000d8        0x0 c:/users/medo4/downloads/compressed/avr8-gnu-toolchain-3.7.0.1796-win32.any.x86_64/avr8-gnu-toolchain-win32_x86_64/bin/../lib/gcc/avr/7.3.0/../../../../avr/lib/avr5\libc.a(strnlen_P.o)
 .bss           0x00000000008000d8        0x0 c:/users/medo4/downloads/compressed/avr8-gnu-toolchain-3.7.0.1796-win32.any.x86_64/avr8-gnu-toolchain-win32_x86_64/bin/../lib/gcc/avr/7.3.0/../../../../avr/lib/avr5\libc.a(strnlen.o)
 .bss           0x00000000008000d8        0x0 c:/users/medo4/downloads/compressed/avr8-gnu-toolchain-3.7.0.1796-win32.any.x86_64/avr8-gnu-toolchain-win32_x86_64/bin/../lib/gcc/avr/7.3.0/../../../../avr/lib/avr5\libc.a(fputc.o)
 .bss           0x00000000008000d8        0x0 c:/users/medo4/downloads/compressed/avr8-gnu-toolchain-3.7.0.1796-win32.any.x86_64/avr8-gnu-toolchain-win32_x86_64/bin/../lib/gcc/avr/7.3.0/../../../../avr/lib/avr5\libc.a(ultoa_invert.o)
 .bss           0x00000000008000d8        0x0 c:/users/medo4/downloads/compressed/avr8-gnu-toolchain-3.7.0.1796-win32.any.x86_64/avr8-gnu-toolchain-win32_x86_64/bin/../lib/gcc/avr/7.3.0/avr5\libgcc.a(_prologue.o)
 .bss           0x00000000008000d8        0x0 c:/users/medo4/downloads/compressed/avr8-gnu-toolchain-3.7.0.1796-win32.any.x86_64/avr8-gnu-toolchain-win32_x86_64/bin/../lib/gcc/avr/7.3.0/avr5\libgcc.a(_epilogue.o)
 *(.bss*)
 .bss.Timer1Callback
                0x00000000008000d8        0x2 ./Include/MCAL/Timer/timer.o
 .bss.pollTimeCounter
                0x00000000008000da        0x2 ./Include/LOGIC/Polling/poller.o
 .bss.pollCounter
                0x00000000008000dc        0x2 ./Include/LOGIC/Polling/poller.o
 .bss.xPassedTicks
                0x00000000008000de        0x2 ./FreeRtos/croutine.o
 .bss.xLastTickCount
                0x00000000008000e0        0x2 ./FreeRtos/croutine.o
 .bss.xCoRoutineTickCount
                0x00000000008000e2        0x2 ./FreeRtos/croutine.o
 .bss.uxTopCoRoutineReadyPriority
                0x00000000008000e4        0x1 ./FreeRtos/croutine.o
 .bss.pxCurrentCoRoutine
                0x00000000008000e5        0x2 ./FreeRtos/croutine.o
                0x00000000008000e5                pxCurrentCoRoutine
 .bss.xPendingReadyCoRoutineList
                0x00000000008000e7        0x9 ./FreeRtos/croutine.o
 .bss.pxOverflowDelayedCoRoutineList
                0x00000000008000f0        0x2 ./FreeRtos/croutine.o
 .bss.pxDelayedCoRoutineList
                0x00000000008000f2        0x2 ./FreeRtos/croutine.o
 .bss.xDelayedCoRoutineList2
                0x00000000008000f4        0x9 ./FreeRtos/croutine.o
 .bss.xDelayedCoRoutineList1
                0x00000000008000fd        0x9 ./FreeRtos/croutine.o
 .bss.pxReadyCoRoutineLists
                0x0000000000800106       0x12 ./FreeRtos/croutine.o
 .bss.pucAlignedHeap.1976
                0x0000000000800118        0x2 ./FreeRtos/heap_1.o
 .bss.xNextFreeByte
                0x000000000080011a        0x2 ./FreeRtos/heap_1.o
 .bss.ucHeap    0x000000000080011c      0x400 ./FreeRtos/heap_1.o
 .bss.uxSchedulerSuspended
                0x000000000080051c        0x1 ./FreeRtos/tasks.o
 .bss.xIdleTaskHandles
                0x000000000080051d        0x2 ./FreeRtos/tasks.o
 .bss.xNextTaskUnblockTime
                0x000000000080051f        0x2 ./FreeRtos/tasks.o
 .bss.uxTaskNumber
                0x0000000000800521        0x1 ./FreeRtos/tasks.o
 .bss.xNumOfOverflows
                0x0000000000800522        0x1 ./FreeRtos/tasks.o
 .bss.xYieldPendings
                0x0000000000800523        0x1 ./FreeRtos/tasks.o
 .bss.xPendedTicks
                0x0000000000800524        0x2 ./FreeRtos/tasks.o
 .bss.xSchedulerRunning
                0x0000000000800526        0x1 ./FreeRtos/tasks.o
 .bss.uxTopReadyPriority
                0x0000000000800527        0x1 ./FreeRtos/tasks.o
 .bss.xTickCount
                0x0000000000800528        0x2 ./FreeRtos/tasks.o
 .bss.uxCurrentNumberOfTasks
                0x000000000080052a        0x1 ./FreeRtos/tasks.o
 .bss.xSuspendedTaskList
                0x000000000080052b        0x9 ./FreeRtos/tasks.o
 .bss.uxDeletedTasksWaitingCleanUp
                0x0000000000800534        0x1 ./FreeRtos/tasks.o
 .bss.xTasksWaitingTermination
                0x0000000000800535        0x9 ./FreeRtos/tasks.o
 .bss.xPendingReadyList
                0x000000000080053e        0x9 ./FreeRtos/tasks.o
 .bss.pxOverflowDelayedTaskList
                0x0000000000800547        0x2 ./FreeRtos/tasks.o
 .bss.pxDelayedTaskList
                0x0000000000800549        0x2 ./FreeRtos/tasks.o
 .bss.xDelayedTaskList2
                0x000000000080054b        0x9 ./FreeRtos/tasks.o
 .bss.xDelayedTaskList1
                0x0000000000800554        0x9 ./FreeRtos/tasks.o
 .bss.pxReadyTasksLists
                0x000000000080055d       0x24 ./FreeRtos/tasks.o
 .bss.pxCurrentTCB
                0x0000000000800581        0x2 ./FreeRtos/tasks.o
                0x0000000000800581                pxCurrentTCB
 *(COMMON)
 COMMON         0x0000000000800583        0xe ./Include/OS/Os.o
                0x0000000000800583                TaskDisplayRefreshHandle
                0x0000000000800585                TaskUserCommandHandle
                0x0000000000800587                TaskChargingStartHandle
                0x0000000000800589                eventGroup
                0x000000000080058b                TaskFaultDetectionHandle
                0x000000000080058d                TaskStopSessionHandle
                0x000000000080058f                chargingSemaphore
                0x0000000000800591                PROVIDE (__bss_end, .)
                0x0000000000004d7e                __data_load_start = LOADADDR (.data)
                0x0000000000004df6                __data_load_end = (__data_load_start + SIZEOF (.data))

.noinit         0x0000000000800591        0x0
                [!provide]                        PROVIDE (__noinit_start, .)
 *(.noinit*)
                [!provide]                        PROVIDE (__noinit_end, .)
                0x0000000000800591                _end = .
                [!provide]                        PROVIDE (__heap_start, .)

.eeprom         0x0000000000810000        0x0
 *(.eeprom*)
                0x0000000000810000                __eeprom_end = .

.fuse
 *(.fuse)
 *(.lfuse)
 *(.hfuse)
 *(.efuse)

.lock
 *(.lock*)

.signature
 *(.signature*)

.user_signatures
 *(.user_signatures*)

.stab
 *(.stab)

.stabstr
 *(.stabstr)

.stab.excl
 *(.stab.excl)

.stab.exclstr
 *(.stab.exclstr)

.stab.index
 *(.stab.index)

.stab.indexstr
 *(.stab.indexstr)

.comment        0x0000000000000000       0x5c
 *(.comment)
 .comment       0x0000000000000000       0x30 ./Include/OS/Os.o
                                         0x31 (size before relaxing)
 .comment       0x0000000000000030       0x31 ./Include/MCAL/Timer/timer.o
 .comment       0x0000000000000030       0x31 ./Include/MCAL/Gpio/Gpio.o
 .comment       0x0000000000000030       0x31 ./Include/MCAL/Gpio/Gpio_Config.o
 .comment       0x0000000000000030       0x31 ./Include/MCAL/ADC/ADC.o
 .comment       0x0000000000000030       0x31 ./Include/LOGIC/Polling/poller.o
 .comment       0x0000000000000030       0x31 ./Include/LOGIC/Logic.o
 .comment       0x0000000000000030       0x31 ./Include/HAL/Lcd/Lcd.o
 .comment       0x0000000000000030       0x31 ./Include/COMMUNICATION/Uart/Uart.o
 .comment       0x0000000000000030       0x31 ./FreeRtos/croutine.o
 .comment       0x0000000000000030       0x31 ./FreeRtos/event_groups.o
 .comment       0x0000000000000030       0x31 ./FreeRtos/heap_1.o
 .comment       0x0000000000000030       0x31 ./FreeRtos/list.o
 .comment       0x0000000000000030       0x31 ./FreeRtos/port.o
 .comment       0x0000000000000030       0x31 ./FreeRtos/queue.o
 .comment       0x0000000000000030       0x31 ./FreeRtos/stream_buffer.o
 .comment       0x0000000000000030       0x31 ./FreeRtos/tasks.o
 .comment       0x0000000000000030       0x31 ./FreeRtos/timers.o
 .comment       0x0000000000000030       0x31 ./main.o
 .comment       0x0000000000000030       0x31 c:/users/medo4/downloads/compressed/avr8-gnu-toolchain-3.7.0.1796-win32.any.x86_64/avr8-gnu-toolchain-win32_x86_64/bin/../lib/gcc/avr/7.3.0/../../../../avr/lib/avr5\libc.a(dtostrf.o)
 .comment       0x0000000000000030       0x31 c:/users/medo4/downloads/compressed/avr8-gnu-toolchain-3.7.0.1796-win32.any.x86_64/avr8-gnu-toolchain-win32_x86_64/bin/../lib/gcc/avr/7.3.0/../../../../avr/lib/avr5\libc.a(snprintf.o)
 .comment       0x0000000000000030       0x2c c:/users/medo4/downloads/compressed/avr8-gnu-toolchain-3.7.0.1796-win32.any.x86_64/avr8-gnu-toolchain-win32_x86_64/bin/../lib/gcc/avr/7.3.0/../../../../avr/lib/avr5\libc.a(vfprintf_std.o)
                                         0x2d (size before relaxing)
 .comment       0x000000000000005c       0x31 c:/users/medo4/downloads/compressed/avr8-gnu-toolchain-3.7.0.1796-win32.any.x86_64/avr8-gnu-toolchain-win32_x86_64/bin/../lib/gcc/avr/7.3.0/../../../../avr/lib/avr5\libc.a(dtoa_prf.o)
 .comment       0x000000000000005c       0x31 c:/users/medo4/downloads/compressed/avr8-gnu-toolchain-3.7.0.1796-win32.any.x86_64/avr8-gnu-toolchain-win32_x86_64/bin/../lib/gcc/avr/7.3.0/../../../../avr/lib/avr5\libc.a(fputc.o)

.note.gnu.avr.deviceinfo
                0x0000000000000000       0x3c
 .note.gnu.avr.deviceinfo
                0x0000000000000000       0x3c c:/users/medo4/downloads/compressed/avr8-gnu-toolchain-3.7.0.1796-win32.any.x86_64/avr8-gnu-toolchain-win32_x86_64/bin/../lib/gcc/avr/7.3.0/../../../../avr/lib/avr5/crtatmega32a.o

.avr.prop       0x0000000000000000       0x16
 .avr.prop      0x0000000000000000       0x16 ./Include/MCAL/ADC/ADC.o

.note.gnu.build-id
 *(.note.gnu.build-id)

.debug
 *(.debug)

.line
 *(.line)

.debug_srcinfo
 *(.debug_srcinfo)

.debug_sfnames
 *(.debug_sfnames)

.debug_aranges
 *(.debug_aranges)

.debug_pubnames
 *(.debug_pubnames)

.debug_info     0x0000000000000000      0x4e6
 *(.debug_info .gnu.linkonce.wi.*)
 .debug_info    0x0000000000000000      0x4e6 c:/users/medo4/downloads/compressed/avr8-gnu-toolchain-3.7.0.1796-win32.any.x86_64/avr8-gnu-toolchain-win32_x86_64/bin/../lib/gcc/avr/7.3.0/../../../../avr/lib/avr5/crtatmega32a.o

.debug_abbrev   0x0000000000000000      0x4a3
 *(.debug_abbrev)
 .debug_abbrev  0x0000000000000000      0x4a3 c:/users/medo4/downloads/compressed/avr8-gnu-toolchain-3.7.0.1796-win32.any.x86_64/avr8-gnu-toolchain-win32_x86_64/bin/../lib/gcc/avr/7.3.0/../../../../avr/lib/avr5/crtatmega32a.o

.debug_line     0x0000000000000000       0x1a
 *(.debug_line .debug_line.* .debug_line_end)
 .debug_line    0x0000000000000000       0x1a c:/users/medo4/downloads/compressed/avr8-gnu-toolchain-3.7.0.1796-win32.any.x86_64/avr8-gnu-toolchain-win32_x86_64/bin/../lib/gcc/avr/7.3.0/../../../../avr/lib/avr5/crtatmega32a.o

.debug_frame
 *(.debug_frame)

.debug_str      0x0000000000000000      0x196
 *(.debug_str)
 .debug_str     0x0000000000000000      0x196 c:/users/medo4/downloads/compressed/avr8-gnu-toolchain-3.7.0.1796-win32.any.x86_64/avr8-gnu-toolchain-win32_x86_64/bin/../lib/gcc/avr/7.3.0/../../../../avr/lib/avr5/crtatmega32a.o

.debug_loc
 *(.debug_loc)

.debug_macinfo
 *(.debug_macinfo)

.debug_weaknames
 *(.debug_weaknames)

.debug_funcnames
 *(.debug_funcnames)

.debug_typenames
 *(.debug_typenames)

.debug_varnames
 *(.debug_varnames)

.debug_pubtypes
 *(.debug_pubtypes)

.debug_ranges
 *(.debug_ranges)

.debug_macro
 *(.debug_macro)
OUTPUT(EV_charging_station.elf elf32-avr)
LOAD linker stubs