Archive member included to satisfy reference by file (symbol)

c:/users/medo4/downloads/compressed/avr8-gnu-toolchain-3.7.0.1796-win32.any.x86_64/avr8-gnu-toolchain-win32_x86_64/bin/../lib/gcc/avr/7.3.0/avr5\libgcc.a(_exit.o)
                              c:/users/medo4/downloads/compressed/avr8-gnu-toolchain-3.7.0.1796-win32.any.x86_64/avr8-gnu-toolchain-win32_x86_64/bin/../lib/gcc/avr/7.3.0/../../../../avr/lib/avr5/crtatmega32a.o (exit)
c:/users/medo4/downloads/compressed/avr8-gnu-toolchain-3.7.0.1796-win32.any.x86_64/avr8-gnu-toolchain-win32_x86_64/bin/../lib/gcc/avr/7.3.0/avr5\libgcc.a(_copy_data.o)
                              ./FreeRtos/tasks.o (__do_copy_data)
c:/users/medo4/downloads/compressed/avr8-gnu-toolchain-3.7.0.1796-win32.any.x86_64/avr8-gnu-toolchain-win32_x86_64/bin/../lib/gcc/avr/7.3.0/avr5\libgcc.a(_clear_bss.o)
                              ./FreeRtos/croutine.o (__do_clear_bss)
c:/users/medo4/downloads/compressed/avr8-gnu-toolchain-3.7.0.1796-win32.any.x86_64/avr8-gnu-toolchain-win32_x86_64/bin/../lib/gcc/avr/7.3.0/../../../../avr/lib/avr5\libc.a(memcpy.o)
                              ./FreeRtos/queue.o (memcpy)

Allocating common symbols
Common symbol       size              file

TaskDisplayRefreshHandle
                    0x2               ./main.o
TaskUserCommandHandle
                    0x2               ./main.o
TaskChargingStartHandle
                    0x2               ./main.o
TaskFaultDetectionHandle
                    0x2               ./main.o
TaskStopSessionHandle
                    0x2               ./main.o

Memory Configuration

Name             Origin             Length             Attributes
text             0x0000000000000000 0x0000000000008000 xr
data             0x0000000000800060 0x0000000000000800 rw !x
eeprom           0x0000000000810000 0x0000000000000400 rw !x
fuse             0x0000000000820000 0x0000000000000002 rw !x
lock             0x0000000000830000 0x0000000000000400 rw !x
signature        0x0000000000840000 0x0000000000000400 rw !x
user_signatures  0x0000000000850000 0x0000000000000400 rw !x
*default*        0x0000000000000000 0xffffffffffffffff

Linker script and memory map

LOAD c:/users/medo4/downloads/compressed/avr8-gnu-toolchain-3.7.0.1796-win32.any.x86_64/avr8-gnu-toolchain-win32_x86_64/bin/../lib/gcc/avr/7.3.0/../../../../avr/lib/avr5/crtatmega32a.o
LOAD ./Include/Lcd/Lcd.o
LOAD ./FreeRtos/croutine.o
LOAD ./FreeRtos/event_groups.o
LOAD ./FreeRtos/heap_1.o
LOAD ./FreeRtos/list.o
LOAD ./FreeRtos/port.o
LOAD ./FreeRtos/queue.o
LOAD ./FreeRtos/stream_buffer.o
LOAD ./FreeRtos/tasks.o
LOAD ./FreeRtos/timers.o
LOAD ./main.o
START GROUP
LOAD c:/users/medo4/downloads/compressed/avr8-gnu-toolchain-3.7.0.1796-win32.any.x86_64/avr8-gnu-toolchain-win32_x86_64/bin/../lib/gcc/avr/7.3.0/avr5\libgcc.a
LOAD c:/users/medo4/downloads/compressed/avr8-gnu-toolchain-3.7.0.1796-win32.any.x86_64/avr8-gnu-toolchain-win32_x86_64/bin/../lib/gcc/avr/7.3.0/../../../../avr/lib/avr5\libm.a
LOAD c:/users/medo4/downloads/compressed/avr8-gnu-toolchain-3.7.0.1796-win32.any.x86_64/avr8-gnu-toolchain-win32_x86_64/bin/../lib/gcc/avr/7.3.0/../../../../avr/lib/avr5\libc.a
LOAD c:/users/medo4/downloads/compressed/avr8-gnu-toolchain-3.7.0.1796-win32.any.x86_64/avr8-gnu-toolchain-win32_x86_64/bin/../lib/gcc/avr/7.3.0/../../../../avr/lib/avr5\libatmega32a.a
END GROUP
                [0x0000000000000000]                __TEXT_REGION_ORIGIN__ = DEFINED (__TEXT_REGION_ORIGIN__)?__TEXT_REGION_ORIGIN__:0x0
                [0x0000000000800060]                __DATA_REGION_ORIGIN__ = DEFINED (__DATA_REGION_ORIGIN__)?__DATA_REGION_ORIGIN__:0x800060
                [0x0000000000008000]                __TEXT_REGION_LENGTH__ = DEFINED (__TEXT_REGION_LENGTH__)?__TEXT_REGION_LENGTH__:0x20000
                [0x0000000000000800]                __DATA_REGION_LENGTH__ = DEFINED (__DATA_REGION_LENGTH__)?__DATA_REGION_LENGTH__:0xffa0
                [0x0000000000000400]                __EEPROM_REGION_LENGTH__ = DEFINED (__EEPROM_REGION_LENGTH__)?__EEPROM_REGION_LENGTH__:0x10000
                [0x0000000000000002]                __FUSE_REGION_LENGTH__ = DEFINED (__FUSE_REGION_LENGTH__)?__FUSE_REGION_LENGTH__:0x400
                0x0000000000000400                __LOCK_REGION_LENGTH__ = DEFINED (__LOCK_REGION_LENGTH__)?__LOCK_REGION_LENGTH__:0x400
                0x0000000000000400                __SIGNATURE_REGION_LENGTH__ = DEFINED (__SIGNATURE_REGION_LENGTH__)?__SIGNATURE_REGION_LENGTH__:0x400
                0x0000000000000400                __USER_SIGNATURE_REGION_LENGTH__ = DEFINED (__USER_SIGNATURE_REGION_LENGTH__)?__USER_SIGNATURE_REGION_LENGTH__:0x400

.hash
 *(.hash)

.dynsym
 *(.dynsym)

.dynstr
 *(.dynstr)

.gnu.version
 *(.gnu.version)

.gnu.version_d
 *(.gnu.version_d)

.gnu.version_r
 *(.gnu.version_r)

.rel.init
 *(.rel.init)

.rela.init
 *(.rela.init)

.rel.text
 *(.rel.text)
 *(.rel.text.*)
 *(.rel.gnu.linkonce.t*)

.rela.text
 *(.rela.text)
 *(.rela.text.*)
 *(.rela.gnu.linkonce.t*)

.rel.fini
 *(.rel.fini)

.rela.fini
 *(.rela.fini)

.rel.rodata
 *(.rel.rodata)
 *(.rel.rodata.*)
 *(.rel.gnu.linkonce.r*)

.rela.rodata
 *(.rela.rodata)
 *(.rela.rodata.*)
 *(.rela.gnu.linkonce.r*)

.rel.data
 *(.rel.data)
 *(.rel.data.*)
 *(.rel.gnu.linkonce.d*)

.rela.data
 *(.rela.data)
 *(.rela.data.*)
 *(.rela.gnu.linkonce.d*)

.rel.ctors
 *(.rel.ctors)

.rela.ctors
 *(.rela.ctors)

.rel.dtors
 *(.rel.dtors)

.rela.dtors
 *(.rela.dtors)

.rel.got
 *(.rel.got)

.rela.got
 *(.rela.got)

.rel.bss
 *(.rel.bss)

.rela.bss
 *(.rela.bss)

.rel.plt
 *(.rel.plt)

.rela.plt
 *(.rela.plt)

.text           0x0000000000000000     0x366c
 *(.vectors)
 .vectors       0x0000000000000000       0x54 c:/users/medo4/downloads/compressed/avr8-gnu-toolchain-3.7.0.1796-win32.any.x86_64/avr8-gnu-toolchain-win32_x86_64/bin/../lib/gcc/avr/7.3.0/../../../../avr/lib/avr5/crtatmega32a.o
                0x0000000000000000                __vector_default
                0x0000000000000000                __vectors
 *(.vectors)
 *(.progmem.gcc*)
                0x0000000000000054                . = ALIGN (0x2)
                0x0000000000000054                __trampolines_start = .
 *(.trampolines)
 .trampolines   0x0000000000000054        0x0 linker stubs
 *(.trampolines*)
                0x0000000000000054                __trampolines_end = .
 *libprintf_flt.a:*(.progmem.data)
 *libc.a:*(.progmem.data)
 *(.progmem*)
                0x0000000000000054                . = ALIGN (0x2)
 *(.jumptables)
 *(.jumptables*)
 *(.lowtext)
 *(.lowtext*)
                0x0000000000000054                __ctors_start = .
 *(.ctors)
                0x0000000000000054                __ctors_end = .
                0x0000000000000054                __dtors_start = .
 *(.dtors)
                0x0000000000000054                __dtors_end = .
 SORT(*)(.ctors)
 SORT(*)(.dtors)
 *(.init0)
 .init0         0x0000000000000054        0x0 c:/users/medo4/downloads/compressed/avr8-gnu-toolchain-3.7.0.1796-win32.any.x86_64/avr8-gnu-toolchain-win32_x86_64/bin/../lib/gcc/avr/7.3.0/../../../../avr/lib/avr5/crtatmega32a.o
                0x0000000000000054                __init
 *(.init0)
 *(.init1)
 *(.init1)
 *(.init2)
 .init2         0x0000000000000054        0xc c:/users/medo4/downloads/compressed/avr8-gnu-toolchain-3.7.0.1796-win32.any.x86_64/avr8-gnu-toolchain-win32_x86_64/bin/../lib/gcc/avr/7.3.0/../../../../avr/lib/avr5/crtatmega32a.o
 *(.init2)
 *(.init3)
 *(.init3)
 *(.init4)
 .init4         0x0000000000000060       0x16 c:/users/medo4/downloads/compressed/avr8-gnu-toolchain-3.7.0.1796-win32.any.x86_64/avr8-gnu-toolchain-win32_x86_64/bin/../lib/gcc/avr/7.3.0/avr5\libgcc.a(_copy_data.o)
                0x0000000000000060                __do_copy_data
 .init4         0x0000000000000076       0x10 c:/users/medo4/downloads/compressed/avr8-gnu-toolchain-3.7.0.1796-win32.any.x86_64/avr8-gnu-toolchain-win32_x86_64/bin/../lib/gcc/avr/7.3.0/avr5\libgcc.a(_clear_bss.o)
                0x0000000000000076                __do_clear_bss
 *(.init4)
 *(.init5)
 *(.init5)
 *(.init6)
 *(.init6)
 *(.init7)
 *(.init7)
 *(.init8)
 *(.init8)
 *(.init9)
 .init9         0x0000000000000086        0x8 c:/users/medo4/downloads/compressed/avr8-gnu-toolchain-3.7.0.1796-win32.any.x86_64/avr8-gnu-toolchain-win32_x86_64/bin/../lib/gcc/avr/7.3.0/../../../../avr/lib/avr5/crtatmega32a.o
 *(.init9)
 *(.text)
 .text          0x000000000000008e        0x4 c:/users/medo4/downloads/compressed/avr8-gnu-toolchain-3.7.0.1796-win32.any.x86_64/avr8-gnu-toolchain-win32_x86_64/bin/../lib/gcc/avr/7.3.0/../../../../avr/lib/avr5/crtatmega32a.o
                0x000000000000008e                __vector_1
                0x000000000000008e                __vector_12
                0x000000000000008e                __bad_interrupt
                0x000000000000008e                __vector_6
                0x000000000000008e                __vector_3
                0x000000000000008e                __vector_11
                0x000000000000008e                __vector_13
                0x000000000000008e                __vector_17
                0x000000000000008e                __vector_19
                0x000000000000008e                __vector_5
                0x000000000000008e                __vector_4
                0x000000000000008e                __vector_9
                0x000000000000008e                __vector_2
                0x000000000000008e                __vector_15
                0x000000000000008e                __vector_8
                0x000000000000008e                __vector_14
                0x000000000000008e                __vector_10
                0x000000000000008e                __vector_16
                0x000000000000008e                __vector_18
                0x000000000000008e                __vector_20
 .text          0x0000000000000092        0x0 ./Include/Lcd/Lcd.o
 .text          0x0000000000000092        0x0 ./FreeRtos/croutine.o
 .text          0x0000000000000092        0x0 ./FreeRtos/event_groups.o
 .text          0x0000000000000092        0x0 ./FreeRtos/heap_1.o
 .text          0x0000000000000092        0x0 ./FreeRtos/list.o
 .text          0x0000000000000092        0x0 ./FreeRtos/port.o
 .text          0x0000000000000092        0x0 ./FreeRtos/queue.o
 .text          0x0000000000000092        0x0 ./FreeRtos/stream_buffer.o
 .text          0x0000000000000092        0x0 ./FreeRtos/tasks.o
 .text          0x0000000000000092        0x0 ./FreeRtos/timers.o
 .text          0x0000000000000092        0x0 ./main.o
 .text          0x0000000000000092        0x0 c:/users/medo4/downloads/compressed/avr8-gnu-toolchain-3.7.0.1796-win32.any.x86_64/avr8-gnu-toolchain-win32_x86_64/bin/../lib/gcc/avr/7.3.0/avr5\libgcc.a(_exit.o)
 .text          0x0000000000000092        0x0 c:/users/medo4/downloads/compressed/avr8-gnu-toolchain-3.7.0.1796-win32.any.x86_64/avr8-gnu-toolchain-win32_x86_64/bin/../lib/gcc/avr/7.3.0/avr5\libgcc.a(_copy_data.o)
 .text          0x0000000000000092        0x0 c:/users/medo4/downloads/compressed/avr8-gnu-toolchain-3.7.0.1796-win32.any.x86_64/avr8-gnu-toolchain-win32_x86_64/bin/../lib/gcc/avr/7.3.0/avr5\libgcc.a(_clear_bss.o)
 .text          0x0000000000000092        0x0 c:/users/medo4/downloads/compressed/avr8-gnu-toolchain-3.7.0.1796-win32.any.x86_64/avr8-gnu-toolchain-win32_x86_64/bin/../lib/gcc/avr/7.3.0/../../../../avr/lib/avr5\libc.a(memcpy.o)
                0x0000000000000092                . = ALIGN (0x2)
 *(.text.*)
 .text.LCD_Command
                0x0000000000000092       0x52 ./Include/Lcd/Lcd.o
                0x0000000000000092                LCD_Command
 .text.LCD_Char
                0x00000000000000e4       0x52 ./Include/Lcd/Lcd.o
                0x00000000000000e4                LCD_Char
 .text.LCD_Init
                0x0000000000000136       0x3c ./Include/Lcd/Lcd.o
                0x0000000000000136                LCD_Init
 .text.LCD_String
                0x0000000000000172       0x18 ./Include/Lcd/Lcd.o
                0x0000000000000172                LCD_String
 .text.LCD_String_xy
                0x000000000000018a       0x2e ./Include/Lcd/Lcd.o
                0x000000000000018a                LCD_String_xy
 .text.LCD_Clear
                0x00000000000001b8       0x18 ./Include/Lcd/Lcd.o
                0x00000000000001b8                LCD_Clear
 .text.xCoRoutineCreate
                0x00000000000001d0       0xe2 ./FreeRtos/croutine.o
                0x00000000000001d0                xCoRoutineCreate
 .text.vCoRoutineAddToDelayedList
                0x00000000000002b2       0x84 ./FreeRtos/croutine.o
                0x00000000000002b2                vCoRoutineAddToDelayedList
 .text.vCoRoutineSchedule
                0x0000000000000336      0x208 ./FreeRtos/croutine.o
                0x0000000000000336                vCoRoutineSchedule
 .text.xCoRoutineRemoveFromEventList
                0x000000000000053e       0x48 ./FreeRtos/croutine.o
                0x000000000000053e                xCoRoutineRemoveFromEventList
 .text.vCoRoutineResetState
                0x0000000000000586       0x36 ./FreeRtos/croutine.o
                0x0000000000000586                vCoRoutineResetState
 .text.xEventGroupCreate
                0x00000000000005bc       0x26 ./FreeRtos/event_groups.o
                0x00000000000005bc                xEventGroupCreate
 .text.xEventGroupWaitBits
                0x00000000000005e2       0xec ./FreeRtos/event_groups.o
                0x00000000000005e2                xEventGroupWaitBits
 .text.xEventGroupClearBits
                0x00000000000006ce       0x1e ./FreeRtos/event_groups.o
                0x00000000000006ce                xEventGroupClearBits
 .text.xEventGroupGetBitsFromISR
                0x00000000000006ec        0x8 ./FreeRtos/event_groups.o
                0x00000000000006ec                xEventGroupGetBitsFromISR
 .text.xEventGroupSetBits
                0x00000000000006f4       0x9a ./FreeRtos/event_groups.o
                0x00000000000006f4                xEventGroupSetBits
 .text.xEventGroupSync
                0x000000000000078e       0xd8 ./FreeRtos/event_groups.o
                0x000000000000078e                xEventGroupSync
 .text.vEventGroupDelete
                0x0000000000000866       0x2c ./FreeRtos/event_groups.o
                0x0000000000000866                vEventGroupDelete
 .text.vEventGroupSetBitsCallback
                0x0000000000000892        0x6 ./FreeRtos/event_groups.o
                0x0000000000000892                vEventGroupSetBitsCallback
 .text.vEventGroupClearBitsCallback
                0x0000000000000898        0x6 ./FreeRtos/event_groups.o
                0x0000000000000898                vEventGroupClearBitsCallback
 .text.pvPortMalloc
                0x000000000000089e       0x70 ./FreeRtos/heap_1.o
                0x000000000000089e                pvPortMalloc
 .text.vPortFree
                0x000000000000090e        0x2 ./FreeRtos/heap_1.o
                0x000000000000090e                vPortFree
 .text.vPortInitialiseBlocks
                0x0000000000000910        0xa ./FreeRtos/heap_1.o
                0x0000000000000910                vPortInitialiseBlocks
 .text.xPortGetFreeHeapSize
                0x000000000000091a       0x12 ./FreeRtos/heap_1.o
                0x000000000000091a                xPortGetFreeHeapSize
 .text.vPortHeapResetState
                0x000000000000092c        0xa ./FreeRtos/heap_1.o
                0x000000000000092c                vPortHeapResetState
 .text.vListInitialise
                0x0000000000000936       0x1c ./FreeRtos/list.o
                0x0000000000000936                vListInitialise
 .text.vListInitialiseItem
                0x0000000000000952        0x8 ./FreeRtos/list.o
                0x0000000000000952                vListInitialiseItem
 .text.vListInsertEnd
                0x000000000000095a       0x40 ./FreeRtos/list.o
                0x000000000000095a                vListInsertEnd
 .text.vListInsert
                0x000000000000099a       0x6c ./FreeRtos/list.o
                0x000000000000099a                vListInsert
 .text.uxListRemove
                0x0000000000000a06       0x46 ./FreeRtos/list.o
                0x0000000000000a06                uxListRemove
 .text.pxPortInitialiseStack
                0x0000000000000a4c       0xd8 ./FreeRtos/port.o
                0x0000000000000a4c                pxPortInitialiseStack
 .text.xPortStartScheduler
                0x0000000000000b24       0x6a ./FreeRtos/port.o
                0x0000000000000b24                xPortStartScheduler
 .text.vPortEndScheduler
                0x0000000000000b8e        0x2 ./FreeRtos/port.o
                0x0000000000000b8e                vPortEndScheduler
 .text.vPortYield
                0x0000000000000b90       0xb2 ./FreeRtos/port.o
                0x0000000000000b90                vPortYield
 .text.vPortYieldFromTick
                0x0000000000000c42       0xb8 ./FreeRtos/port.o
                0x0000000000000c42                vPortYieldFromTick
 .text.__vector_7
                0x0000000000000cfa        0x6 ./FreeRtos/port.o
                0x0000000000000cfa                __vector_7
 .text.prvIsQueueEmpty
                0x0000000000000d00       0x16 ./FreeRtos/queue.o
 .text.prvCopyDataToQueue
                0x0000000000000d16       0x94 ./FreeRtos/queue.o
 .text.prvCopyDataFromQueue
                0x0000000000000daa       0x34 ./FreeRtos/queue.o
 .text.prvUnlockQueue
                0x0000000000000dde       0x7c ./FreeRtos/queue.o
 .text.xQueueGenericReset
                0x0000000000000e5a       0x8c ./FreeRtos/queue.o
                0x0000000000000e5a                xQueueGenericReset
 .text.xQueueGenericCreate
                0x0000000000000ee6       0x58 ./FreeRtos/queue.o
                0x0000000000000ee6                xQueueGenericCreate
 .text.xQueueGenericSend
                0x0000000000000f3e      0x12a ./FreeRtos/queue.o
                0x0000000000000f3e                xQueueGenericSend
 .text.xQueueGenericSendFromISR
                0x0000000000001068       0x68 ./FreeRtos/queue.o
                0x0000000000001068                xQueueGenericSendFromISR
 .text.xQueueGiveFromISR
                0x00000000000010d0       0x60 ./FreeRtos/queue.o
                0x00000000000010d0                xQueueGiveFromISR
 .text.xQueueReceive
                0x0000000000001130      0x122 ./FreeRtos/queue.o
                0x0000000000001130                xQueueReceive
 .text.xQueueSemaphoreTake
                0x0000000000001252      0x10a ./FreeRtos/queue.o
                0x0000000000001252                xQueueSemaphoreTake
 .text.xQueuePeek
                0x000000000000135c      0x122 ./FreeRtos/queue.o
                0x000000000000135c                xQueuePeek
 .text.xQueueReceiveFromISR
                0x000000000000147e       0x68 ./FreeRtos/queue.o
                0x000000000000147e                xQueueReceiveFromISR
 .text.xQueuePeekFromISR
                0x00000000000014e6       0x2e ./FreeRtos/queue.o
                0x00000000000014e6                xQueuePeekFromISR
 .text.uxQueueMessagesWaiting
                0x0000000000001514       0x10 ./FreeRtos/queue.o
                0x0000000000001514                uxQueueMessagesWaiting
 .text.uxQueueSpacesAvailable
                0x0000000000001524       0x14 ./FreeRtos/queue.o
                0x0000000000001524                uxQueueSpacesAvailable
 .text.uxQueueMessagesWaitingFromISR
                0x0000000000001538        0x6 ./FreeRtos/queue.o
                0x0000000000001538                uxQueueMessagesWaitingFromISR
 .text.vQueueDelete
                0x000000000000153e        0x4 ./FreeRtos/queue.o
                0x000000000000153e                vQueueDelete
 .text.uxQueueGetQueueItemSize
                0x0000000000001542        0x6 ./FreeRtos/queue.o
                0x0000000000001542                uxQueueGetQueueItemSize
 .text.uxQueueGetQueueLength
                0x0000000000001548        0x6 ./FreeRtos/queue.o
                0x0000000000001548                uxQueueGetQueueLength
 .text.xQueueIsQueueEmptyFromISR
                0x000000000000154e        0xc ./FreeRtos/queue.o
                0x000000000000154e                xQueueIsQueueEmptyFromISR
 .text.xQueueIsQueueFullFromISR
                0x000000000000155a        0xe ./FreeRtos/queue.o
                0x000000000000155a                xQueueIsQueueFullFromISR
 .text.xQueueCRSend
                0x0000000000001568       0x6e ./FreeRtos/queue.o
                0x0000000000001568                xQueueCRSend
 .text.xQueueCRReceive
                0x00000000000015d6       0x8e ./FreeRtos/queue.o
                0x00000000000015d6                xQueueCRReceive
 .text.xQueueCRSendFromISR
                0x0000000000001664       0x3e ./FreeRtos/queue.o
                0x0000000000001664                xQueueCRSendFromISR
 .text.xQueueCRReceiveFromISR
                0x00000000000016a2       0x78 ./FreeRtos/queue.o
                0x00000000000016a2                xQueueCRReceiveFromISR
 .text.prvBytesInBuffer
                0x000000000000171a       0x26 ./FreeRtos/stream_buffer.o
 .text.prvWriteBytesToBuffer
                0x0000000000001740       0x88 ./FreeRtos/stream_buffer.o
 .text.prvWriteMessageToBuffer
                0x00000000000017c8       0x8c ./FreeRtos/stream_buffer.o
 .text.prvReadBytesFromBuffer
                0x0000000000001854       0x88 ./FreeRtos/stream_buffer.o
 .text.prvReadMessageFromBuffer
                0x00000000000018dc       0x90 ./FreeRtos/stream_buffer.o
 .text.xStreamBufferGenericCreate
                0x000000000000196c       0x70 ./FreeRtos/stream_buffer.o
                0x000000000000196c                xStreamBufferGenericCreate
 .text.vStreamBufferDelete
                0x00000000000019dc       0x14 ./FreeRtos/stream_buffer.o
                0x00000000000019dc                vStreamBufferDelete
 .text.xStreamBufferReset
                0x00000000000019f0       0x40 ./FreeRtos/stream_buffer.o
                0x00000000000019f0                xStreamBufferReset
 .text.xStreamBufferResetFromISR
                0x0000000000001a30       0x36 ./FreeRtos/stream_buffer.o
                0x0000000000001a30                xStreamBufferResetFromISR
 .text.xStreamBufferSetTriggerLevel
                0x0000000000001a66       0x22 ./FreeRtos/stream_buffer.o
                0x0000000000001a66                xStreamBufferSetTriggerLevel
 .text.xStreamBufferSpacesAvailable
                0x0000000000001a88       0x34 ./FreeRtos/stream_buffer.o
                0x0000000000001a88                xStreamBufferSpacesAvailable
 .text.xStreamBufferBytesAvailable
                0x0000000000001abc        0x4 ./FreeRtos/stream_buffer.o
                0x0000000000001abc                xStreamBufferBytesAvailable
 .text.xStreamBufferSend
                0x0000000000001ac0      0x174 ./FreeRtos/stream_buffer.o
                0x0000000000001ac0                xStreamBufferSend
 .text.xStreamBufferSendFromISR
                0x0000000000001c34       0x8a ./FreeRtos/stream_buffer.o
                0x0000000000001c34                xStreamBufferSendFromISR
 .text.xStreamBufferReceive
                0x0000000000001cbe       0xfe ./FreeRtos/stream_buffer.o
                0x0000000000001cbe                xStreamBufferReceive
 .text.xStreamBufferNextMessageLengthBytes
                0x0000000000001dbc       0x4e ./FreeRtos/stream_buffer.o
                0x0000000000001dbc                xStreamBufferNextMessageLengthBytes
 .text.xStreamBufferReceiveFromISR
                0x0000000000001e0a       0x88 ./FreeRtos/stream_buffer.o
                0x0000000000001e0a                xStreamBufferReceiveFromISR
 .text.xStreamBufferIsEmpty
                0x0000000000001e92       0x16 ./FreeRtos/stream_buffer.o
                0x0000000000001e92                xStreamBufferIsEmpty
 .text.xStreamBufferIsFull
                0x0000000000001ea8       0x2a ./FreeRtos/stream_buffer.o
                0x0000000000001ea8                xStreamBufferIsFull
 .text.xStreamBufferSendCompletedFromISR
                0x0000000000001ed2       0x4c ./FreeRtos/stream_buffer.o
                0x0000000000001ed2                xStreamBufferSendCompletedFromISR
 .text.xStreamBufferReceiveCompletedFromISR
                0x0000000000001f1e       0x4c ./FreeRtos/stream_buffer.o
                0x0000000000001f1e                xStreamBufferReceiveCompletedFromISR
 .text.uxStreamBufferGetStreamBufferNotificationIndex
                0x0000000000001f6a        0x6 ./FreeRtos/stream_buffer.o
                0x0000000000001f6a                uxStreamBufferGetStreamBufferNotificationIndex
 .text.vStreamBufferSetStreamBufferNotificationIndex
                0x0000000000001f70        0x6 ./FreeRtos/stream_buffer.o
                0x0000000000001f70                vStreamBufferSetStreamBufferNotificationIndex
 .text.prvResetNextTaskUnblockTime
                0x0000000000001f76       0x30 ./FreeRtos/tasks.o
 .text.prvAddCurrentTaskToDelayedList.isra.2
                0x0000000000001fa6       0x9e ./FreeRtos/tasks.o
 .text.prvCheckTasksWaitingTermination
                0x0000000000002044       0x54 ./FreeRtos/tasks.o
 .text.prvIdleTask
                0x0000000000002098       0x12 ./FreeRtos/tasks.o
 .text.xTaskCreate
                0x00000000000020aa      0x23a ./FreeRtos/tasks.o
                0x00000000000020aa                xTaskCreate
 .text.vTaskDelete
                0x00000000000022e4       0xba ./FreeRtos/tasks.o
                0x00000000000022e4                vTaskDelete
 .text.vTaskStartScheduler
                0x000000000000239e       0x90 ./FreeRtos/tasks.o
                0x000000000000239e                vTaskStartScheduler
 .text.vTaskEndScheduler
                0x000000000000242e       0x1a ./FreeRtos/tasks.o
                0x000000000000242e                vTaskEndScheduler
 .text.vTaskSuspendAll
                0x0000000000002448        0xc ./FreeRtos/tasks.o
                0x0000000000002448                vTaskSuspendAll
 .text.xTaskGetTickCount
                0x0000000000002454       0x14 ./FreeRtos/tasks.o
                0x0000000000002454                xTaskGetTickCount
 .text.xTaskGetTickCountFromISR
                0x0000000000002468        0xa ./FreeRtos/tasks.o
                0x0000000000002468                xTaskGetTickCountFromISR
 .text.uxTaskGetNumberOfTasks
                0x0000000000002472        0x6 ./FreeRtos/tasks.o
                0x0000000000002472                uxTaskGetNumberOfTasks
 .text.pcTaskGetName
                0x0000000000002478       0x10 ./FreeRtos/tasks.o
                0x0000000000002478                pcTaskGetName
 .text.xTaskIncrementTick
                0x0000000000002488      0x1f8 ./FreeRtos/tasks.o
                0x0000000000002488                xTaskIncrementTick
 .text.xTaskResumeAll
                0x0000000000002680      0x19a ./FreeRtos/tasks.o
                0x0000000000002680                xTaskResumeAll
 .text.xTaskDelayUntil
                0x000000000000281a       0x64 ./FreeRtos/tasks.o
                0x000000000000281a                xTaskDelayUntil
 .text.vTaskDelay
                0x000000000000287e       0x28 ./FreeRtos/tasks.o
                0x000000000000287e                vTaskDelay
 .text.xTaskCatchUpTicks
                0x00000000000028a6       0x30 ./FreeRtos/tasks.o
                0x00000000000028a6                xTaskCatchUpTicks
 .text.vTaskSwitchContext
                0x00000000000028d6       0x8c ./FreeRtos/tasks.o
                0x00000000000028d6                vTaskSwitchContext
 .text.vTaskPlaceOnEventList
                0x0000000000002962       0x20 ./FreeRtos/tasks.o
                0x0000000000002962                vTaskPlaceOnEventList
 .text.vTaskPlaceOnUnorderedEventList
                0x0000000000002982       0x88 ./FreeRtos/tasks.o
                0x0000000000002982                vTaskPlaceOnUnorderedEventList
 .text.xTaskRemoveFromEventList
                0x0000000000002a0a      0x14a ./FreeRtos/tasks.o
                0x0000000000002a0a                xTaskRemoveFromEventList
 .text.vTaskRemoveFromUnorderedEventList
                0x0000000000002b54      0x10e ./FreeRtos/tasks.o
                0x0000000000002b54                vTaskRemoveFromUnorderedEventList
 .text.vTaskSetTimeOutState
                0x0000000000002c62       0x20 ./FreeRtos/tasks.o
                0x0000000000002c62                vTaskSetTimeOutState
 .text.vTaskInternalSetTimeOutState
                0x0000000000002c82       0x16 ./FreeRtos/tasks.o
                0x0000000000002c82                vTaskInternalSetTimeOutState
 .text.xTaskCheckForTimeOut
                0x0000000000002c98       0x58 ./FreeRtos/tasks.o
                0x0000000000002c98                xTaskCheckForTimeOut
 .text.vTaskMissedYield
                0x0000000000002cf0        0x8 ./FreeRtos/tasks.o
                0x0000000000002cf0                vTaskMissedYield
 .text.xTaskGetCurrentTaskHandle
                0x0000000000002cf8        0xa ./FreeRtos/tasks.o
                0x0000000000002cf8                xTaskGetCurrentTaskHandle
 .text.xTaskGetCurrentTaskHandleForCore
                0x0000000000002d02       0x14 ./FreeRtos/tasks.o
                0x0000000000002d02                xTaskGetCurrentTaskHandleForCore
 .text.uxTaskResetEventItemValue
                0x0000000000002d16       0x2e ./FreeRtos/tasks.o
                0x0000000000002d16                uxTaskResetEventItemValue
 .text.ulTaskGenericNotifyTake
                0x0000000000002d44      0x102 ./FreeRtos/tasks.o
                0x0000000000002d44                ulTaskGenericNotifyTake
 .text.xTaskGenericNotifyWait
                0x0000000000002e46      0x16c ./FreeRtos/tasks.o
                0x0000000000002e46                xTaskGenericNotifyWait
 .text.xTaskGenericNotify
                0x0000000000002fb2      0x1c0 ./FreeRtos/tasks.o
                0x0000000000002fb2                xTaskGenericNotify
 .text.xTaskGenericNotifyFromISR
                0x0000000000003172      0x212 ./FreeRtos/tasks.o
                0x0000000000003172                xTaskGenericNotifyFromISR
 .text.vTaskGenericNotifyGiveFromISR
                0x0000000000003384      0x156 ./FreeRtos/tasks.o
                0x0000000000003384                vTaskGenericNotifyGiveFromISR
 .text.xTaskGenericNotifyStateClear
                0x00000000000034da       0x2c ./FreeRtos/tasks.o
                0x00000000000034da                xTaskGenericNotifyStateClear
 .text.ulTaskGenericNotifyValueClear
                0x0000000000003506       0x5c ./FreeRtos/tasks.o
                0x0000000000003506                ulTaskGenericNotifyValueClear
 .text.vTaskResetState
                0x0000000000003562       0x42 ./FreeRtos/tasks.o
                0x0000000000003562                vTaskResetState
 .text.TaskChargingStart
                0x00000000000035a4        0x2 ./main.o
                0x00000000000035a4                TaskChargingStart
 .text.TaskStopSession
                0x00000000000035a6        0x2 ./main.o
                0x00000000000035a6                TaskStopSession
 .text.TaskDisplayRefresh
                0x00000000000035a8        0x2 ./main.o
                0x00000000000035a8                TaskDisplayRefresh
 .text.TaskUserCommand
                0x00000000000035aa        0x2 ./main.o
                0x00000000000035aa                TaskUserCommand
 .text.TaskFaultDetection
                0x00000000000035ac        0x2 ./main.o
                0x00000000000035ac                TaskFaultDetection
 .text.startup.main
                0x00000000000035ae       0xa8 ./main.o
                0x00000000000035ae                main
 .text.libgcc.mul
                0x0000000000003656        0x0 c:/users/medo4/downloads/compressed/avr8-gnu-toolchain-3.7.0.1796-win32.any.x86_64/avr8-gnu-toolchain-win32_x86_64/bin/../lib/gcc/avr/7.3.0/avr5\libgcc.a(_exit.o)
 .text.libgcc.div
                0x0000000000003656        0x0 c:/users/medo4/downloads/compressed/avr8-gnu-toolchain-3.7.0.1796-win32.any.x86_64/avr8-gnu-toolchain-win32_x86_64/bin/../lib/gcc/avr/7.3.0/avr5\libgcc.a(_exit.o)
 .text.libgcc   0x0000000000003656        0x0 c:/users/medo4/downloads/compressed/avr8-gnu-toolchain-3.7.0.1796-win32.any.x86_64/avr8-gnu-toolchain-win32_x86_64/bin/../lib/gcc/avr/7.3.0/avr5\libgcc.a(_exit.o)
 .text.libgcc.prologue
                0x0000000000003656        0x0 c:/users/medo4/downloads/compressed/avr8-gnu-toolchain-3.7.0.1796-win32.any.x86_64/avr8-gnu-toolchain-win32_x86_64/bin/../lib/gcc/avr/7.3.0/avr5\libgcc.a(_exit.o)
 .text.libgcc.builtins
                0x0000000000003656        0x0 c:/users/medo4/downloads/compressed/avr8-gnu-toolchain-3.7.0.1796-win32.any.x86_64/avr8-gnu-toolchain-win32_x86_64/bin/../lib/gcc/avr/7.3.0/avr5\libgcc.a(_exit.o)
 .text.libgcc.fmul
                0x0000000000003656        0x0 c:/users/medo4/downloads/compressed/avr8-gnu-toolchain-3.7.0.1796-win32.any.x86_64/avr8-gnu-toolchain-win32_x86_64/bin/../lib/gcc/avr/7.3.0/avr5\libgcc.a(_exit.o)
 .text.libgcc.fixed
                0x0000000000003656        0x0 c:/users/medo4/downloads/compressed/avr8-gnu-toolchain-3.7.0.1796-win32.any.x86_64/avr8-gnu-toolchain-win32_x86_64/bin/../lib/gcc/avr/7.3.0/avr5\libgcc.a(_exit.o)
 .text.libgcc.mul
                0x0000000000003656        0x0 c:/users/medo4/downloads/compressed/avr8-gnu-toolchain-3.7.0.1796-win32.any.x86_64/avr8-gnu-toolchain-win32_x86_64/bin/../lib/gcc/avr/7.3.0/avr5\libgcc.a(_copy_data.o)
 .text.libgcc.div
                0x0000000000003656        0x0 c:/users/medo4/downloads/compressed/avr8-gnu-toolchain-3.7.0.1796-win32.any.x86_64/avr8-gnu-toolchain-win32_x86_64/bin/../lib/gcc/avr/7.3.0/avr5\libgcc.a(_copy_data.o)
 .text.libgcc   0x0000000000003656        0x0 c:/users/medo4/downloads/compressed/avr8-gnu-toolchain-3.7.0.1796-win32.any.x86_64/avr8-gnu-toolchain-win32_x86_64/bin/../lib/gcc/avr/7.3.0/avr5\libgcc.a(_copy_data.o)
 .text.libgcc.prologue
                0x0000000000003656        0x0 c:/users/medo4/downloads/compressed/avr8-gnu-toolchain-3.7.0.1796-win32.any.x86_64/avr8-gnu-toolchain-win32_x86_64/bin/../lib/gcc/avr/7.3.0/avr5\libgcc.a(_copy_data.o)
 .text.libgcc.builtins
                0x0000000000003656        0x0 c:/users/medo4/downloads/compressed/avr8-gnu-toolchain-3.7.0.1796-win32.any.x86_64/avr8-gnu-toolchain-win32_x86_64/bin/../lib/gcc/avr/7.3.0/avr5\libgcc.a(_copy_data.o)
 .text.libgcc.fmul
                0x0000000000003656        0x0 c:/users/medo4/downloads/compressed/avr8-gnu-toolchain-3.7.0.1796-win32.any.x86_64/avr8-gnu-toolchain-win32_x86_64/bin/../lib/gcc/avr/7.3.0/avr5\libgcc.a(_copy_data.o)
 .text.libgcc.fixed
                0x0000000000003656        0x0 c:/users/medo4/downloads/compressed/avr8-gnu-toolchain-3.7.0.1796-win32.any.x86_64/avr8-gnu-toolchain-win32_x86_64/bin/../lib/gcc/avr/7.3.0/avr5\libgcc.a(_copy_data.o)
 .text.libgcc.mul
                0x0000000000003656        0x0 c:/users/medo4/downloads/compressed/avr8-gnu-toolchain-3.7.0.1796-win32.any.x86_64/avr8-gnu-toolchain-win32_x86_64/bin/../lib/gcc/avr/7.3.0/avr5\libgcc.a(_clear_bss.o)
 .text.libgcc.div
                0x0000000000003656        0x0 c:/users/medo4/downloads/compressed/avr8-gnu-toolchain-3.7.0.1796-win32.any.x86_64/avr8-gnu-toolchain-win32_x86_64/bin/../lib/gcc/avr/7.3.0/avr5\libgcc.a(_clear_bss.o)
 .text.libgcc   0x0000000000003656        0x0 c:/users/medo4/downloads/compressed/avr8-gnu-toolchain-3.7.0.1796-win32.any.x86_64/avr8-gnu-toolchain-win32_x86_64/bin/../lib/gcc/avr/7.3.0/avr5\libgcc.a(_clear_bss.o)
 .text.libgcc.prologue
                0x0000000000003656        0x0 c:/users/medo4/downloads/compressed/avr8-gnu-toolchain-3.7.0.1796-win32.any.x86_64/avr8-gnu-toolchain-win32_x86_64/bin/../lib/gcc/avr/7.3.0/avr5\libgcc.a(_clear_bss.o)
 .text.libgcc.builtins
                0x0000000000003656        0x0 c:/users/medo4/downloads/compressed/avr8-gnu-toolchain-3.7.0.1796-win32.any.x86_64/avr8-gnu-toolchain-win32_x86_64/bin/../lib/gcc/avr/7.3.0/avr5\libgcc.a(_clear_bss.o)
 .text.libgcc.fmul
                0x0000000000003656        0x0 c:/users/medo4/downloads/compressed/avr8-gnu-toolchain-3.7.0.1796-win32.any.x86_64/avr8-gnu-toolchain-win32_x86_64/bin/../lib/gcc/avr/7.3.0/avr5\libgcc.a(_clear_bss.o)
 .text.libgcc.fixed
                0x0000000000003656        0x0 c:/users/medo4/downloads/compressed/avr8-gnu-toolchain-3.7.0.1796-win32.any.x86_64/avr8-gnu-toolchain-win32_x86_64/bin/../lib/gcc/avr/7.3.0/avr5\libgcc.a(_clear_bss.o)
 .text.avr-libc
                0x0000000000003656       0x12 c:/users/medo4/downloads/compressed/avr8-gnu-toolchain-3.7.0.1796-win32.any.x86_64/avr8-gnu-toolchain-win32_x86_64/bin/../lib/gcc/avr/7.3.0/../../../../avr/lib/avr5\libc.a(memcpy.o)
                0x0000000000003656                memcpy
                0x0000000000003668                . = ALIGN (0x2)
 *(.fini9)
 .fini9         0x0000000000003668        0x0 c:/users/medo4/downloads/compressed/avr8-gnu-toolchain-3.7.0.1796-win32.any.x86_64/avr8-gnu-toolchain-win32_x86_64/bin/../lib/gcc/avr/7.3.0/avr5\libgcc.a(_exit.o)
                0x0000000000003668                _exit
                0x0000000000003668                exit
 *(.fini9)
 *(.fini8)
 *(.fini8)
 *(.fini7)
 *(.fini7)
 *(.fini6)
 *(.fini6)
 *(.fini5)
 *(.fini5)
 *(.fini4)
 *(.fini4)
 *(.fini3)
 *(.fini3)
 *(.fini2)
 *(.fini2)
 *(.fini1)
 *(.fini1)
 *(.fini0)
 .fini0         0x0000000000003668        0x4 c:/users/medo4/downloads/compressed/avr8-gnu-toolchain-3.7.0.1796-win32.any.x86_64/avr8-gnu-toolchain-win32_x86_64/bin/../lib/gcc/avr/7.3.0/avr5\libgcc.a(_exit.o)
 *(.fini0)
                0x000000000000366c                _etext = .

.data           0x0000000000800060       0x66 load address 0x000000000000366c
                0x0000000000800060                PROVIDE (__data_start, .)
 *(.data)
 .data          0x0000000000800060        0x0 c:/users/medo4/downloads/compressed/avr8-gnu-toolchain-3.7.0.1796-win32.any.x86_64/avr8-gnu-toolchain-win32_x86_64/bin/../lib/gcc/avr/7.3.0/../../../../avr/lib/avr5/crtatmega32a.o
 .data          0x0000000000800060        0x0 ./Include/Lcd/Lcd.o
 .data          0x0000000000800060        0x0 ./FreeRtos/croutine.o
 .data          0x0000000000800060        0x0 ./FreeRtos/event_groups.o
 .data          0x0000000000800060        0x0 ./FreeRtos/heap_1.o
 .data          0x0000000000800060        0x0 ./FreeRtos/list.o
 .data          0x0000000000800060        0x0 ./FreeRtos/port.o
 .data          0x0000000000800060        0x0 ./FreeRtos/queue.o
 .data          0x0000000000800060        0x0 ./FreeRtos/stream_buffer.o
 .data          0x0000000000800060        0x0 ./FreeRtos/tasks.o
 .data          0x0000000000800060        0x0 ./FreeRtos/timers.o
 .data          0x0000000000800060        0x0 ./main.o
 .data          0x0000000000800060        0x0 c:/users/medo4/downloads/compressed/avr8-gnu-toolchain-3.7.0.1796-win32.any.x86_64/avr8-gnu-toolchain-win32_x86_64/bin/../lib/gcc/avr/7.3.0/avr5\libgcc.a(_exit.o)
 .data          0x0000000000800060        0x0 c:/users/medo4/downloads/compressed/avr8-gnu-toolchain-3.7.0.1796-win32.any.x86_64/avr8-gnu-toolchain-win32_x86_64/bin/../lib/gcc/avr/7.3.0/avr5\libgcc.a(_copy_data.o)
 .data          0x0000000000800060        0x0 c:/users/medo4/downloads/compressed/avr8-gnu-toolchain-3.7.0.1796-win32.any.x86_64/avr8-gnu-toolchain-win32_x86_64/bin/../lib/gcc/avr/7.3.0/avr5\libgcc.a(_clear_bss.o)
 .data          0x0000000000800060        0x0 c:/users/medo4/downloads/compressed/avr8-gnu-toolchain-3.7.0.1796-win32.any.x86_64/avr8-gnu-toolchain-win32_x86_64/bin/../lib/gcc/avr/7.3.0/../../../../avr/lib/avr5\libc.a(memcpy.o)
 *(.data*)
 .data.uxTopUsedPriority
                0x0000000000800060        0x1 ./FreeRtos/tasks.o
 *(.gnu.linkonce.d*)
 *(.rodata)
 *(.rodata*)
 .rodata.str1.1
                0x0000000000800061        0x5 ./FreeRtos/tasks.o
 .rodata.main.str1.1
                0x0000000000800066       0x60 ./main.o
 *(.gnu.linkonce.r*)
                0x00000000008000c6                . = ALIGN (0x2)
                0x00000000008000c6                _edata = .
                0x00000000008000c6                PROVIDE (__data_end, .)

.bss            0x00000000008000c6      0x682
                0x00000000008000c6                PROVIDE (__bss_start, .)
 *(.bss)
 .bss           0x00000000008000c6        0x0 c:/users/medo4/downloads/compressed/avr8-gnu-toolchain-3.7.0.1796-win32.any.x86_64/avr8-gnu-toolchain-win32_x86_64/bin/../lib/gcc/avr/7.3.0/../../../../avr/lib/avr5/crtatmega32a.o
 .bss           0x00000000008000c6        0x0 ./Include/Lcd/Lcd.o
 .bss           0x00000000008000c6        0x0 ./FreeRtos/croutine.o
 .bss           0x00000000008000c6        0x0 ./FreeRtos/event_groups.o
 .bss           0x00000000008000c6        0x0 ./FreeRtos/heap_1.o
 .bss           0x00000000008000c6        0x0 ./FreeRtos/list.o
 .bss           0x00000000008000c6        0x0 ./FreeRtos/port.o
 .bss           0x00000000008000c6        0x0 ./FreeRtos/queue.o
 .bss           0x00000000008000c6        0x0 ./FreeRtos/stream_buffer.o
 .bss           0x00000000008000c6        0x0 ./FreeRtos/tasks.o
 .bss           0x00000000008000c6        0x0 ./FreeRtos/timers.o
 .bss           0x00000000008000c6        0x0 ./main.o
 .bss           0x00000000008000c6        0x0 c:/users/medo4/downloads/compressed/avr8-gnu-toolchain-3.7.0.1796-win32.any.x86_64/avr8-gnu-toolchain-win32_x86_64/bin/../lib/gcc/avr/7.3.0/avr5\libgcc.a(_exit.o)
 .bss           0x00000000008000c6        0x0 c:/users/medo4/downloads/compressed/avr8-gnu-toolchain-3.7.0.1796-win32.any.x86_64/avr8-gnu-toolchain-win32_x86_64/bin/../lib/gcc/avr/7.3.0/avr5\libgcc.a(_copy_data.o)
 .bss           0x00000000008000c6        0x0 c:/users/medo4/downloads/compressed/avr8-gnu-toolchain-3.7.0.1796-win32.any.x86_64/avr8-gnu-toolchain-win32_x86_64/bin/../lib/gcc/avr/7.3.0/avr5\libgcc.a(_clear_bss.o)
 .bss           0x00000000008000c6        0x0 c:/users/medo4/downloads/compressed/avr8-gnu-toolchain-3.7.0.1796-win32.any.x86_64/avr8-gnu-toolchain-win32_x86_64/bin/../lib/gcc/avr/7.3.0/../../../../avr/lib/avr5\libc.a(memcpy.o)
 *(.bss*)
 .bss.xPassedTicks
                0x00000000008000c6        0x2 ./FreeRtos/croutine.o
 .bss.xLastTickCount
                0x00000000008000c8        0x2 ./FreeRtos/croutine.o
 .bss.xCoRoutineTickCount
                0x00000000008000ca        0x2 ./FreeRtos/croutine.o
 .bss.uxTopCoRoutineReadyPriority
                0x00000000008000cc        0x1 ./FreeRtos/croutine.o
 .bss.pxCurrentCoRoutine
                0x00000000008000cd        0x2 ./FreeRtos/croutine.o
                0x00000000008000cd                pxCurrentCoRoutine
 .bss.xPendingReadyCoRoutineList
                0x00000000008000cf        0x9 ./FreeRtos/croutine.o
 .bss.pxOverflowDelayedCoRoutineList
                0x00000000008000d8        0x2 ./FreeRtos/croutine.o
 .bss.pxDelayedCoRoutineList
                0x00000000008000da        0x2 ./FreeRtos/croutine.o
 .bss.xDelayedCoRoutineList2
                0x00000000008000dc        0x9 ./FreeRtos/croutine.o
 .bss.xDelayedCoRoutineList1
                0x00000000008000e5        0x9 ./FreeRtos/croutine.o
 .bss.pxReadyCoRoutineLists
                0x00000000008000ee       0x12 ./FreeRtos/croutine.o
 .bss.pucAlignedHeap.1975
                0x0000000000800100        0x2 ./FreeRtos/heap_1.o
 .bss.xNextFreeByte
                0x0000000000800102        0x2 ./FreeRtos/heap_1.o
 .bss.ucHeap    0x0000000000800104      0x5dc ./FreeRtos/heap_1.o
 .bss.uxSchedulerSuspended
                0x00000000008006e0        0x1 ./FreeRtos/tasks.o
 .bss.xIdleTaskHandles
                0x00000000008006e1        0x2 ./FreeRtos/tasks.o
 .bss.xNextTaskUnblockTime
                0x00000000008006e3        0x2 ./FreeRtos/tasks.o
 .bss.uxTaskNumber
                0x00000000008006e5        0x1 ./FreeRtos/tasks.o
 .bss.xNumOfOverflows
                0x00000000008006e6        0x1 ./FreeRtos/tasks.o
 .bss.xYieldPendings
                0x00000000008006e7        0x1 ./FreeRtos/tasks.o
 .bss.xPendedTicks
                0x00000000008006e8        0x2 ./FreeRtos/tasks.o
 .bss.xSchedulerRunning
                0x00000000008006ea        0x1 ./FreeRtos/tasks.o
 .bss.uxTopReadyPriority
                0x00000000008006eb        0x1 ./FreeRtos/tasks.o
 .bss.xTickCount
                0x00000000008006ec        0x2 ./FreeRtos/tasks.o
 .bss.uxCurrentNumberOfTasks
                0x00000000008006ee        0x1 ./FreeRtos/tasks.o
 .bss.uxDeletedTasksWaitingCleanUp
                0x00000000008006ef        0x1 ./FreeRtos/tasks.o
 .bss.xTasksWaitingTermination
                0x00000000008006f0        0x9 ./FreeRtos/tasks.o
 .bss.xPendingReadyList
                0x00000000008006f9        0x9 ./FreeRtos/tasks.o
 .bss.pxOverflowDelayedTaskList
                0x0000000000800702        0x2 ./FreeRtos/tasks.o
 .bss.pxDelayedTaskList
                0x0000000000800704        0x2 ./FreeRtos/tasks.o
 .bss.xDelayedTaskList2
                0x0000000000800706        0x9 ./FreeRtos/tasks.o
 .bss.xDelayedTaskList1
                0x000000000080070f        0x9 ./FreeRtos/tasks.o
 .bss.pxReadyTasksLists
                0x0000000000800718       0x24 ./FreeRtos/tasks.o
 .bss.pxCurrentTCB
                0x000000000080073c        0x2 ./FreeRtos/tasks.o
                0x000000000080073c                pxCurrentTCB
 *(COMMON)
 COMMON         0x000000000080073e        0xa ./main.o
                0x000000000080073e                TaskDisplayRefreshHandle
                0x0000000000800740                TaskUserCommandHandle
                0x0000000000800742                TaskChargingStartHandle
                0x0000000000800744                TaskFaultDetectionHandle
                0x0000000000800746                TaskStopSessionHandle
                0x0000000000800748                PROVIDE (__bss_end, .)
                0x000000000000366c                __data_load_start = LOADADDR (.data)
                0x00000000000036d2                __data_load_end = (__data_load_start + SIZEOF (.data))

.noinit         0x0000000000800748        0x0
                [!provide]                        PROVIDE (__noinit_start, .)
 *(.noinit*)
                [!provide]                        PROVIDE (__noinit_end, .)
                0x0000000000800748                _end = .
                [!provide]                        PROVIDE (__heap_start, .)

.eeprom         0x0000000000810000        0x0
 *(.eeprom*)
                0x0000000000810000                __eeprom_end = .

.fuse
 *(.fuse)
 *(.lfuse)
 *(.hfuse)
 *(.efuse)

.lock
 *(.lock*)

.signature
 *(.signature*)

.user_signatures
 *(.user_signatures*)

.stab
 *(.stab)

.stabstr
 *(.stabstr)

.stab.excl
 *(.stab.excl)

.stab.exclstr
 *(.stab.exclstr)

.stab.index
 *(.stab.index)

.stab.indexstr
 *(.stab.indexstr)

.comment        0x0000000000000000       0x30
 *(.comment)
 .comment       0x0000000000000000       0x30 ./Include/Lcd/Lcd.o
                                         0x31 (size before relaxing)
 .comment       0x0000000000000030       0x31 ./FreeRtos/croutine.o
 .comment       0x0000000000000030       0x31 ./FreeRtos/event_groups.o
 .comment       0x0000000000000030       0x31 ./FreeRtos/heap_1.o
 .comment       0x0000000000000030       0x31 ./FreeRtos/list.o
 .comment       0x0000000000000030       0x31 ./FreeRtos/port.o
 .comment       0x0000000000000030       0x31 ./FreeRtos/queue.o
 .comment       0x0000000000000030       0x31 ./FreeRtos/stream_buffer.o
 .comment       0x0000000000000030       0x31 ./FreeRtos/tasks.o
 .comment       0x0000000000000030       0x31 ./FreeRtos/timers.o
 .comment       0x0000000000000030       0x31 ./main.o

.note.gnu.avr.deviceinfo
                0x0000000000000000       0x3c
 .note.gnu.avr.deviceinfo
                0x0000000000000000       0x3c c:/users/medo4/downloads/compressed/avr8-gnu-toolchain-3.7.0.1796-win32.any.x86_64/avr8-gnu-toolchain-win32_x86_64/bin/../lib/gcc/avr/7.3.0/../../../../avr/lib/avr5/crtatmega32a.o

.note.gnu.build-id
 *(.note.gnu.build-id)

.debug
 *(.debug)

.line
 *(.line)

.debug_srcinfo
 *(.debug_srcinfo)

.debug_sfnames
 *(.debug_sfnames)

.debug_aranges
 *(.debug_aranges)

.debug_pubnames
 *(.debug_pubnames)

.debug_info     0x0000000000000000      0x4e6
 *(.debug_info .gnu.linkonce.wi.*)
 .debug_info    0x0000000000000000      0x4e6 c:/users/medo4/downloads/compressed/avr8-gnu-toolchain-3.7.0.1796-win32.any.x86_64/avr8-gnu-toolchain-win32_x86_64/bin/../lib/gcc/avr/7.3.0/../../../../avr/lib/avr5/crtatmega32a.o

.debug_abbrev   0x0000000000000000      0x4a3
 *(.debug_abbrev)
 .debug_abbrev  0x0000000000000000      0x4a3 c:/users/medo4/downloads/compressed/avr8-gnu-toolchain-3.7.0.1796-win32.any.x86_64/avr8-gnu-toolchain-win32_x86_64/bin/../lib/gcc/avr/7.3.0/../../../../avr/lib/avr5/crtatmega32a.o

.debug_line     0x0000000000000000       0x1a
 *(.debug_line .debug_line.* .debug_line_end)
 .debug_line    0x0000000000000000       0x1a c:/users/medo4/downloads/compressed/avr8-gnu-toolchain-3.7.0.1796-win32.any.x86_64/avr8-gnu-toolchain-win32_x86_64/bin/../lib/gcc/avr/7.3.0/../../../../avr/lib/avr5/crtatmega32a.o

.debug_frame
 *(.debug_frame)

.debug_str      0x0000000000000000      0x196
 *(.debug_str)
 .debug_str     0x0000000000000000      0x196 c:/users/medo4/downloads/compressed/avr8-gnu-toolchain-3.7.0.1796-win32.any.x86_64/avr8-gnu-toolchain-win32_x86_64/bin/../lib/gcc/avr/7.3.0/../../../../avr/lib/avr5/crtatmega32a.o

.debug_loc
 *(.debug_loc)

.debug_macinfo
 *(.debug_macinfo)

.debug_weaknames
 *(.debug_weaknames)

.debug_funcnames
 *(.debug_funcnames)

.debug_typenames
 *(.debug_typenames)

.debug_varnames
 *(.debug_varnames)

.debug_pubtypes
 *(.debug_pubtypes)

.debug_ranges
 *(.debug_ranges)

.debug_macro
 *(.debug_macro)
OUTPUT(EV_charging_station.elf elf32-avr)
LOAD linker stubs
