Archive member included to satisfy reference by file (symbol)

c:/tools/avr8-gnu-toolchain-win32_x86_64/bin/../lib/gcc/avr/7.3.0/../../../../avr/lib/avr5\libm.a(divsf3.o)
                              ./Include/MCAL/ADC/ADC.o (__divsf3)
c:/tools/avr8-gnu-toolchain-win32_x86_64/bin/../lib/gcc/avr/7.3.0/../../../../avr/lib/avr5\libm.a(divsf3x.o)
                              c:/tools/avr8-gnu-toolchain-win32_x86_64/bin/../lib/gcc/avr/7.3.0/../../../../avr/lib/avr5\libm.a(divsf3.o) (__divsf3x)
c:/tools/avr8-gnu-toolchain-win32_x86_64/bin/../lib/gcc/avr/7.3.0/../../../../avr/lib/avr5\libm.a(floatsisf.o)
                              ./Include/MCAL/ADC/ADC.o (__floatunsisf)
c:/tools/avr8-gnu-toolchain-win32_x86_64/bin/../lib/gcc/avr/7.3.0/../../../../avr/lib/avr5\libm.a(fp_inf.o)
                              c:/tools/avr8-gnu-toolchain-win32_x86_64/bin/../lib/gcc/avr/7.3.0/../../../../avr/lib/avr5\libm.a(divsf3x.o) (__fp_inf)
c:/tools/avr8-gnu-toolchain-win32_x86_64/bin/../lib/gcc/avr/7.3.0/../../../../avr/lib/avr5\libm.a(fp_nan.o)
                              c:/tools/avr8-gnu-toolchain-win32_x86_64/bin/../lib/gcc/avr/7.3.0/../../../../avr/lib/avr5\libm.a(divsf3x.o) (__fp_nan)
c:/tools/avr8-gnu-toolchain-win32_x86_64/bin/../lib/gcc/avr/7.3.0/../../../../avr/lib/avr5\libm.a(fp_pscA.o)
                              c:/tools/avr8-gnu-toolchain-win32_x86_64/bin/../lib/gcc/avr/7.3.0/../../../../avr/lib/avr5\libm.a(divsf3x.o) (__fp_pscA)
c:/tools/avr8-gnu-toolchain-win32_x86_64/bin/../lib/gcc/avr/7.3.0/../../../../avr/lib/avr5\libm.a(fp_pscB.o)
                              c:/tools/avr8-gnu-toolchain-win32_x86_64/bin/../lib/gcc/avr/7.3.0/../../../../avr/lib/avr5\libm.a(divsf3x.o) (__fp_pscB)
c:/tools/avr8-gnu-toolchain-win32_x86_64/bin/../lib/gcc/avr/7.3.0/../../../../avr/lib/avr5\libm.a(fp_round.o)
                              c:/tools/avr8-gnu-toolchain-win32_x86_64/bin/../lib/gcc/avr/7.3.0/../../../../avr/lib/avr5\libm.a(divsf3.o) (__fp_round)
c:/tools/avr8-gnu-toolchain-win32_x86_64/bin/../lib/gcc/avr/7.3.0/../../../../avr/lib/avr5\libm.a(fp_split3.o)
                              c:/tools/avr8-gnu-toolchain-win32_x86_64/bin/../lib/gcc/avr/7.3.0/../../../../avr/lib/avr5\libm.a(divsf3x.o) (__fp_split3)
c:/tools/avr8-gnu-toolchain-win32_x86_64/bin/../lib/gcc/avr/7.3.0/../../../../avr/lib/avr5\libm.a(fp_zero.o)
                              c:/tools/avr8-gnu-toolchain-win32_x86_64/bin/../lib/gcc/avr/7.3.0/../../../../avr/lib/avr5\libm.a(divsf3x.o) (__fp_szero)
c:/tools/avr8-gnu-toolchain-win32_x86_64/bin/../lib/gcc/avr/7.3.0/../../../../avr/lib/avr5\libm.a(mulsf3.o)
                              ./Include/MCAL/ADC/ADC.o (__mulsf3)
c:/tools/avr8-gnu-toolchain-win32_x86_64/bin/../lib/gcc/avr/7.3.0/../../../../avr/lib/avr5\libm.a(mulsf3x.o)
                              c:/tools/avr8-gnu-toolchain-win32_x86_64/bin/../lib/gcc/avr/7.3.0/../../../../avr/lib/avr5\libm.a(mulsf3.o) (__mulsf3x)
c:/tools/avr8-gnu-toolchain-win32_x86_64/bin/../lib/gcc/avr/7.3.0/avr5\libgcc.a(_udivmodsi4.o)
                              ./main.o (__udivmodsi4)
c:/tools/avr8-gnu-toolchain-win32_x86_64/bin/../lib/gcc/avr/7.3.0/avr5\libgcc.a(_exit.o)
                              c:/tools/avr8-gnu-toolchain-win32_x86_64/bin/../lib/gcc/avr/7.3.0/../../../../avr/lib/avr5/crtatmega32a.o (exit)
c:/tools/avr8-gnu-toolchain-win32_x86_64/bin/../lib/gcc/avr/7.3.0/avr5\libgcc.a(_tablejump2.o)
                              ./Include/MCAL/ADC/ADC.o (__tablejump2__)
c:/tools/avr8-gnu-toolchain-win32_x86_64/bin/../lib/gcc/avr/7.3.0/avr5\libgcc.a(_copy_data.o)
                              ./FreeRtos/tasks.o (__do_copy_data)
c:/tools/avr8-gnu-toolchain-win32_x86_64/bin/../lib/gcc/avr/7.3.0/avr5\libgcc.a(_clear_bss.o)
                              ./FreeRtos/croutine.o (__do_clear_bss)
c:/tools/avr8-gnu-toolchain-win32_x86_64/bin/../lib/gcc/avr/7.3.0/../../../../avr/lib/avr5\libc.a(dtostrf.o)
                              ./main.o (dtostrf)
c:/tools/avr8-gnu-toolchain-win32_x86_64/bin/../lib/gcc/avr/7.3.0/../../../../avr/lib/avr5\libc.a(memcpy.o)
                              ./FreeRtos/queue.o (memcpy)
c:/tools/avr8-gnu-toolchain-win32_x86_64/bin/../lib/gcc/avr/7.3.0/../../../../avr/lib/avr5\libc.a(snprintf.o)
                              ./main.o (snprintf)
c:/tools/avr8-gnu-toolchain-win32_x86_64/bin/../lib/gcc/avr/7.3.0/../../../../avr/lib/avr5\libc.a(vfprintf_std.o)
                              c:/tools/avr8-gnu-toolchain-win32_x86_64/bin/../lib/gcc/avr/7.3.0/../../../../avr/lib/avr5\libc.a(snprintf.o) (vfprintf)
c:/tools/avr8-gnu-toolchain-win32_x86_64/bin/../lib/gcc/avr/7.3.0/../../../../avr/lib/avr5\libc.a(dtoa_prf.o)
                              c:/tools/avr8-gnu-toolchain-win32_x86_64/bin/../lib/gcc/avr/7.3.0/../../../../avr/lib/avr5\libc.a(dtostrf.o) (dtoa_prf)
c:/tools/avr8-gnu-toolchain-win32_x86_64/bin/../lib/gcc/avr/7.3.0/../../../../avr/lib/avr5\libc.a(ftoa_engine.o)
                              c:/tools/avr8-gnu-toolchain-win32_x86_64/bin/../lib/gcc/avr/7.3.0/../../../../avr/lib/avr5\libc.a(dtoa_prf.o) (__ftoa_engine)
c:/tools/avr8-gnu-toolchain-win32_x86_64/bin/../lib/gcc/avr/7.3.0/../../../../avr/lib/avr5\libc.a(strnlen_P.o)
                              c:/tools/avr8-gnu-toolchain-win32_x86_64/bin/../lib/gcc/avr/7.3.0/../../../../avr/lib/avr5\libc.a(vfprintf_std.o) (strnlen_P)
c:/tools/avr8-gnu-toolchain-win32_x86_64/bin/../lib/gcc/avr/7.3.0/../../../../avr/lib/avr5\libc.a(strnlen.o)
                              c:/tools/avr8-gnu-toolchain-win32_x86_64/bin/../lib/gcc/avr/7.3.0/../../../../avr/lib/avr5\libc.a(vfprintf_std.o) (strnlen)
c:/tools/avr8-gnu-toolchain-win32_x86_64/bin/../lib/gcc/avr/7.3.0/../../../../avr/lib/avr5\libc.a(fputc.o)
                              c:/tools/avr8-gnu-toolchain-win32_x86_64/bin/../lib/gcc/avr/7.3.0/../../../../avr/lib/avr5\libc.a(vfprintf_std.o) (fputc)
c:/tools/avr8-gnu-toolchain-win32_x86_64/bin/../lib/gcc/avr/7.3.0/../../../../avr/lib/avr5\libc.a(ultoa_invert.o)
                              c:/tools/avr8-gnu-toolchain-win32_x86_64/bin/../lib/gcc/avr/7.3.0/../../../../avr/lib/avr5\libc.a(vfprintf_std.o) (__ultoa_invert)
c:/tools/avr8-gnu-toolchain-win32_x86_64/bin/../lib/gcc/avr/7.3.0/avr5\libgcc.a(_prologue.o)
                              c:/tools/avr8-gnu-toolchain-win32_x86_64/bin/../lib/gcc/avr/7.3.0/../../../../avr/lib/avr5\libc.a(snprintf.o) (__prologue_saves__)
c:/tools/avr8-gnu-toolchain-win32_x86_64/bin/../lib/gcc/avr/7.3.0/avr5\libgcc.a(_epilogue.o)
                              c:/tools/avr8-gnu-toolchain-win32_x86_64/bin/../lib/gcc/avr/7.3.0/../../../../avr/lib/avr5\libc.a(snprintf.o) (__epilogue_restores__)

Memory Configuration

Name             Origin             Length             Attributes
text             0x0000000000000000 0x0000000000008000 xr
data             0x0000000000800060 0x0000000000000800 rw !x
eeprom           0x0000000000810000 0x0000000000000400 rw !x
fuse             0x0000000000820000 0x0000000000000002 rw !x
lock             0x0000000000830000 0x0000000000000400 rw !x
signature        0x0000000000840000 0x0000000000000400 rw !x
user_signatures  0x0000000000850000 0x0000000000000400 rw !x
*default*        0x0000000000000000 0xffffffffffffffff

Linker script and memory map

LOAD c:/tools/avr8-gnu-toolchain-win32_x86_64/bin/../lib/gcc/avr/7.3.0/../../../../avr/lib/avr5/crtatmega32a.o
LOAD ./Include/MCAL/ADC/ADC.o
LOAD ./Include/Lcd/Lcd.o
LOAD ./FreeRtos/croutine.o
LOAD ./FreeRtos/event_groups.o
LOAD ./FreeRtos/heap_1.o
LOAD ./FreeRtos/list.o
LOAD ./FreeRtos/port.o
LOAD ./FreeRtos/queue.o
LOAD ./FreeRtos/stream_buffer.o
LOAD ./FreeRtos/tasks.o
LOAD ./FreeRtos/timers.o
LOAD ./main.o
LOAD c:/tools/avr8-gnu-toolchain-win32_x86_64/bin/../lib/gcc/avr/7.3.0/../../../../avr/lib/avr5\libm.a
LOAD c:/tools/avr8-gnu-toolchain-win32_x86_64/bin/../lib/gcc/avr/7.3.0/../../../../avr/lib/avr5\libm.a
START GROUP
LOAD c:/tools/avr8-gnu-toolchain-win32_x86_64/bin/../lib/gcc/avr/7.3.0/avr5\libgcc.a
LOAD c:/tools/avr8-gnu-toolchain-win32_x86_64/bin/../lib/gcc/avr/7.3.0/../../../../avr/lib/avr5\libm.a
LOAD c:/tools/avr8-gnu-toolchain-win32_x86_64/bin/../lib/gcc/avr/7.3.0/../../../../avr/lib/avr5\libc.a
LOAD c:/tools/avr8-gnu-toolchain-win32_x86_64/bin/../lib/gcc/avr/7.3.0/../../../../avr/lib/avr5\libatmega32a.a
END GROUP
                [0x0000000000000000]                __TEXT_REGION_ORIGIN__ = DEFINED (__TEXT_REGION_ORIGIN__)?__TEXT_REGION_ORIGIN__:0x0
                [0x0000000000800060]                __DATA_REGION_ORIGIN__ = DEFINED (__DATA_REGION_ORIGIN__)?__DATA_REGION_ORIGIN__:0x800060
                [0x0000000000008000]                __TEXT_REGION_LENGTH__ = DEFINED (__TEXT_REGION_LENGTH__)?__TEXT_REGION_LENGTH__:0x20000
                [0x0000000000000800]                __DATA_REGION_LENGTH__ = DEFINED (__DATA_REGION_LENGTH__)?__DATA_REGION_LENGTH__:0xffa0
                [0x0000000000000400]                __EEPROM_REGION_LENGTH__ = DEFINED (__EEPROM_REGION_LENGTH__)?__EEPROM_REGION_LENGTH__:0x10000
                [0x0000000000000002]                __FUSE_REGION_LENGTH__ = DEFINED (__FUSE_REGION_LENGTH__)?__FUSE_REGION_LENGTH__:0x400
                0x0000000000000400                __LOCK_REGION_LENGTH__ = DEFINED (__LOCK_REGION_LENGTH__)?__LOCK_REGION_LENGTH__:0x400
                0x0000000000000400                __SIGNATURE_REGION_LENGTH__ = DEFINED (__SIGNATURE_REGION_LENGTH__)?__SIGNATURE_REGION_LENGTH__:0x400
                0x0000000000000400                __USER_SIGNATURE_REGION_LENGTH__ = DEFINED (__USER_SIGNATURE_REGION_LENGTH__)?__USER_SIGNATURE_REGION_LENGTH__:0x400

.hash
 *(.hash)

.dynsym
 *(.dynsym)

.dynstr
 *(.dynstr)

.gnu.version
 *(.gnu.version)

.gnu.version_d
 *(.gnu.version_d)

.gnu.version_r
 *(.gnu.version_r)

.rel.init
 *(.rel.init)

.rela.init
 *(.rela.init)

.rel.text
 *(.rel.text)
 *(.rel.text.*)
 *(.rel.gnu.linkonce.t*)

.rela.text
 *(.rela.text)
 *(.rela.text.*)
 *(.rela.gnu.linkonce.t*)

.rel.fini
 *(.rel.fini)

.rela.fini
 *(.rela.fini)

.rel.rodata
 *(.rel.rodata)
 *(.rel.rodata.*)
 *(.rel.gnu.linkonce.r*)

.rela.rodata
 *(.rela.rodata)
 *(.rela.rodata.*)
 *(.rela.gnu.linkonce.r*)

.rel.data
 *(.rel.data)
 *(.rel.data.*)
 *(.rel.gnu.linkonce.d*)

.rela.data
 *(.rela.data)
 *(.rela.data.*)
 *(.rela.gnu.linkonce.d*)

.rel.ctors
 *(.rel.ctors)

.rela.ctors
 *(.rela.ctors)

.rel.dtors
 *(.rel.dtors)

.rela.dtors
 *(.rela.dtors)

.rel.got
 *(.rel.got)

.rela.got
 *(.rela.got)

.rel.bss
 *(.rel.bss)

.rela.bss
 *(.rela.bss)

.rel.plt
 *(.rel.plt)

.rela.plt
 *(.rela.plt)

.text           0x0000000000000000     0x4948
 *(.vectors)
 .vectors       0x0000000000000000       0x54 c:/tools/avr8-gnu-toolchain-win32_x86_64/bin/../lib/gcc/avr/7.3.0/../../../../avr/lib/avr5/crtatmega32a.o
                0x0000000000000000                __vector_default
                0x0000000000000000                __vectors
 *(.vectors)
 *(.progmem.gcc*)
                0x0000000000000054                . = ALIGN (0x2)
                0x0000000000000054                __trampolines_start = .
 *(.trampolines)
 .trampolines   0x0000000000000054        0x0 linker stubs
 *(.trampolines*)
                0x0000000000000054                __trampolines_end = .
 *libprintf_flt.a:*(.progmem.data)
 *libc.a:*(.progmem.data)
 .progmem.data  0x0000000000000054       0xfa c:/tools/avr8-gnu-toolchain-win32_x86_64/bin/../lib/gcc/avr/7.3.0/../../../../avr/lib/avr5\libc.a(ftoa_engine.o)
 *(.progmem*)
                0x000000000000014e                . = ALIGN (0x2)
 *(.jumptables)
 *(.jumptables*)
 *(.lowtext)
 *(.lowtext*)
                0x000000000000014e                __ctors_start = .
 *(.ctors)
                0x000000000000014e                __ctors_end = .
                0x000000000000014e                __dtors_start = .
 *(.dtors)
                0x000000000000014e                __dtors_end = .
 SORT(*)(.ctors)
 SORT(*)(.dtors)
 *(.init0)
 .init0         0x000000000000014e        0x0 c:/tools/avr8-gnu-toolchain-win32_x86_64/bin/../lib/gcc/avr/7.3.0/../../../../avr/lib/avr5/crtatmega32a.o
                0x000000000000014e                __init
 *(.init0)
 *(.init1)
 *(.init1)
 *(.init2)
 .init2         0x000000000000014e        0xc c:/tools/avr8-gnu-toolchain-win32_x86_64/bin/../lib/gcc/avr/7.3.0/../../../../avr/lib/avr5/crtatmega32a.o
 *(.init2)
 *(.init3)
 *(.init3)
 *(.init4)
 .init4         0x000000000000015a       0x16 c:/tools/avr8-gnu-toolchain-win32_x86_64/bin/../lib/gcc/avr/7.3.0/avr5\libgcc.a(_copy_data.o)
                0x000000000000015a                __do_copy_data
 .init4         0x0000000000000170       0x10 c:/tools/avr8-gnu-toolchain-win32_x86_64/bin/../lib/gcc/avr/7.3.0/avr5\libgcc.a(_clear_bss.o)
                0x0000000000000170                __do_clear_bss
 *(.init4)
 *(.init5)
 *(.init5)
 *(.init6)
 *(.init6)
 *(.init7)
 *(.init7)
 *(.init8)
 *(.init8)
 *(.init9)
 .init9         0x0000000000000180        0x8 c:/tools/avr8-gnu-toolchain-win32_x86_64/bin/../lib/gcc/avr/7.3.0/../../../../avr/lib/avr5/crtatmega32a.o
 *(.init9)
 *(.text)
 .text          0x0000000000000188        0x4 c:/tools/avr8-gnu-toolchain-win32_x86_64/bin/../lib/gcc/avr/7.3.0/../../../../avr/lib/avr5/crtatmega32a.o
                0x0000000000000188                __vector_1
                0x0000000000000188                __vector_12
                0x0000000000000188                __bad_interrupt
                0x0000000000000188                __vector_6
                0x0000000000000188                __vector_3
                0x0000000000000188                __vector_11
                0x0000000000000188                __vector_13
                0x0000000000000188                __vector_17
                0x0000000000000188                __vector_19
                0x0000000000000188                __vector_5
                0x0000000000000188                __vector_4
                0x0000000000000188                __vector_9
                0x0000000000000188                __vector_2
                0x0000000000000188                __vector_15
                0x0000000000000188                __vector_8
                0x0000000000000188                __vector_14
                0x0000000000000188                __vector_10
                0x0000000000000188                __vector_16
                0x0000000000000188                __vector_18
                0x0000000000000188                __vector_20
 .text          0x000000000000018c        0x0 ./Include/MCAL/ADC/ADC.o
 .text          0x000000000000018c        0x0 ./Include/Lcd/Lcd.o
 .text          0x000000000000018c        0x0 ./FreeRtos/croutine.o
 .text          0x000000000000018c        0x0 ./FreeRtos/event_groups.o
 .text          0x000000000000018c        0x0 ./FreeRtos/heap_1.o
 .text          0x000000000000018c        0x0 ./FreeRtos/list.o
 .text          0x000000000000018c        0x0 ./FreeRtos/port.o
 .text          0x000000000000018c        0x0 ./FreeRtos/queue.o
 .text          0x000000000000018c        0x0 ./FreeRtos/stream_buffer.o
 .text          0x000000000000018c        0x0 ./FreeRtos/tasks.o
 .text          0x000000000000018c        0x0 ./FreeRtos/timers.o
 .text          0x000000000000018c        0x0 ./main.o
 .text          0x000000000000018c        0x0 c:/tools/avr8-gnu-toolchain-win32_x86_64/bin/../lib/gcc/avr/7.3.0/../../../../avr/lib/avr5\libm.a(divsf3.o)
 .text          0x000000000000018c        0x0 c:/tools/avr8-gnu-toolchain-win32_x86_64/bin/../lib/gcc/avr/7.3.0/../../../../avr/lib/avr5\libm.a(divsf3x.o)
 .text          0x000000000000018c        0x0 c:/tools/avr8-gnu-toolchain-win32_x86_64/bin/../lib/gcc/avr/7.3.0/../../../../avr/lib/avr5\libm.a(floatsisf.o)
 .text          0x000000000000018c        0x0 c:/tools/avr8-gnu-toolchain-win32_x86_64/bin/../lib/gcc/avr/7.3.0/../../../../avr/lib/avr5\libm.a(fp_inf.o)
 .text          0x000000000000018c        0x0 c:/tools/avr8-gnu-toolchain-win32_x86_64/bin/../lib/gcc/avr/7.3.0/../../../../avr/lib/avr5\libm.a(fp_nan.o)
 .text          0x000000000000018c        0x0 c:/tools/avr8-gnu-toolchain-win32_x86_64/bin/../lib/gcc/avr/7.3.0/../../../../avr/lib/avr5\libm.a(fp_pscA.o)
 .text          0x000000000000018c        0x0 c:/tools/avr8-gnu-toolchain-win32_x86_64/bin/../lib/gcc/avr/7.3.0/../../../../avr/lib/avr5\libm.a(fp_pscB.o)
 .text          0x000000000000018c        0x0 c:/tools/avr8-gnu-toolchain-win32_x86_64/bin/../lib/gcc/avr/7.3.0/../../../../avr/lib/avr5\libm.a(fp_round.o)
 .text          0x000000000000018c        0x0 c:/tools/avr8-gnu-toolchain-win32_x86_64/bin/../lib/gcc/avr/7.3.0/../../../../avr/lib/avr5\libm.a(fp_split3.o)
 .text          0x000000000000018c        0x0 c:/tools/avr8-gnu-toolchain-win32_x86_64/bin/../lib/gcc/avr/7.3.0/../../../../avr/lib/avr5\libm.a(fp_zero.o)
 .text          0x000000000000018c        0x0 c:/tools/avr8-gnu-toolchain-win32_x86_64/bin/../lib/gcc/avr/7.3.0/../../../../avr/lib/avr5\libm.a(mulsf3.o)
 .text          0x000000000000018c        0x0 c:/tools/avr8-gnu-toolchain-win32_x86_64/bin/../lib/gcc/avr/7.3.0/../../../../avr/lib/avr5\libm.a(mulsf3x.o)
 .text          0x000000000000018c        0x0 c:/tools/avr8-gnu-toolchain-win32_x86_64/bin/../lib/gcc/avr/7.3.0/avr5\libgcc.a(_udivmodsi4.o)
 .text          0x000000000000018c        0x0 c:/tools/avr8-gnu-toolchain-win32_x86_64/bin/../lib/gcc/avr/7.3.0/avr5\libgcc.a(_exit.o)
 .text          0x000000000000018c        0x0 c:/tools/avr8-gnu-toolchain-win32_x86_64/bin/../lib/gcc/avr/7.3.0/avr5\libgcc.a(_tablejump2.o)
 .text          0x000000000000018c        0x0 c:/tools/avr8-gnu-toolchain-win32_x86_64/bin/../lib/gcc/avr/7.3.0/avr5\libgcc.a(_copy_data.o)
 .text          0x000000000000018c        0x0 c:/tools/avr8-gnu-toolchain-win32_x86_64/bin/../lib/gcc/avr/7.3.0/avr5\libgcc.a(_clear_bss.o)
 .text          0x000000000000018c        0x0 c:/tools/avr8-gnu-toolchain-win32_x86_64/bin/../lib/gcc/avr/7.3.0/../../../../avr/lib/avr5\libc.a(dtostrf.o)
 .text          0x000000000000018c        0x0 c:/tools/avr8-gnu-toolchain-win32_x86_64/bin/../lib/gcc/avr/7.3.0/../../../../avr/lib/avr5\libc.a(memcpy.o)
 .text          0x000000000000018c        0x0 c:/tools/avr8-gnu-toolchain-win32_x86_64/bin/../lib/gcc/avr/7.3.0/../../../../avr/lib/avr5\libc.a(snprintf.o)
 .text          0x000000000000018c        0x0 c:/tools/avr8-gnu-toolchain-win32_x86_64/bin/../lib/gcc/avr/7.3.0/../../../../avr/lib/avr5\libc.a(vfprintf_std.o)
 .text          0x000000000000018c        0x0 c:/tools/avr8-gnu-toolchain-win32_x86_64/bin/../lib/gcc/avr/7.3.0/../../../../avr/lib/avr5\libc.a(dtoa_prf.o)
 .text          0x000000000000018c        0x0 c:/tools/avr8-gnu-toolchain-win32_x86_64/bin/../lib/gcc/avr/7.3.0/../../../../avr/lib/avr5\libc.a(ftoa_engine.o)
 .text          0x000000000000018c        0x0 c:/tools/avr8-gnu-toolchain-win32_x86_64/bin/../lib/gcc/avr/7.3.0/../../../../avr/lib/avr5\libc.a(strnlen_P.o)
 .text          0x000000000000018c        0x0 c:/tools/avr8-gnu-toolchain-win32_x86_64/bin/../lib/gcc/avr/7.3.0/../../../../avr/lib/avr5\libc.a(strnlen.o)
 .text          0x000000000000018c        0x0 c:/tools/avr8-gnu-toolchain-win32_x86_64/bin/../lib/gcc/avr/7.3.0/../../../../avr/lib/avr5\libc.a(fputc.o)
 .text          0x000000000000018c        0x0 c:/tools/avr8-gnu-toolchain-win32_x86_64/bin/../lib/gcc/avr/7.3.0/../../../../avr/lib/avr5\libc.a(ultoa_invert.o)
 .text          0x000000000000018c        0x0 c:/tools/avr8-gnu-toolchain-win32_x86_64/bin/../lib/gcc/avr/7.3.0/avr5\libgcc.a(_prologue.o)
 .text          0x000000000000018c        0x0 c:/tools/avr8-gnu-toolchain-win32_x86_64/bin/../lib/gcc/avr/7.3.0/avr5\libgcc.a(_epilogue.o)
                0x000000000000018c                . = ALIGN (0x2)
 *(.text.*)
 .text.ADC_PRESCALER_SET
                0x000000000000018c       0x50 ./Include/MCAL/ADC/ADC.o
                0x000000000000018c                ADC_PRESCALER_SET
 .text.ADC_voltage_Reference
                0x00000000000001dc       0x26 ./Include/MCAL/ADC/ADC.o
                0x00000000000001dc                ADC_voltage_Reference
 .text.ADC_INIT
                0x0000000000000202       0x16 ./Include/MCAL/ADC/ADC.o
                0x0000000000000202                ADC_INIT
 .text.ADC_READ
                0x0000000000000218       0x5c ./Include/MCAL/ADC/ADC.o
                0x0000000000000218                ADC_READ
 .text.ADC_GetVoltage
                0x0000000000000274       0x78 ./Include/MCAL/ADC/ADC.o
                0x0000000000000274                ADC_GetVoltage
 .text.LCD_Command
                0x00000000000002ec       0x52 ./Include/Lcd/Lcd.o
                0x00000000000002ec                LCD_Command
 .text.LCD_Char
                0x000000000000033e       0x52 ./Include/Lcd/Lcd.o
                0x000000000000033e                LCD_Char
 .text.LCD_Init
                0x0000000000000390       0x3c ./Include/Lcd/Lcd.o
                0x0000000000000390                LCD_Init
 .text.LCD_String
                0x00000000000003cc       0x18 ./Include/Lcd/Lcd.o
                0x00000000000003cc                LCD_String
 .text.LCD_String_xy
                0x00000000000003e4       0x2e ./Include/Lcd/Lcd.o
                0x00000000000003e4                LCD_String_xy
 .text.LCD_Clear
                0x0000000000000412       0x18 ./Include/Lcd/Lcd.o
                0x0000000000000412                LCD_Clear
 .text.xCoRoutineCreate
                0x000000000000042a       0xe2 ./FreeRtos/croutine.o
                0x000000000000042a                xCoRoutineCreate
 .text.vCoRoutineAddToDelayedList
                0x000000000000050c       0x84 ./FreeRtos/croutine.o
                0x000000000000050c                vCoRoutineAddToDelayedList
 .text.vCoRoutineSchedule
                0x0000000000000590      0x208 ./FreeRtos/croutine.o
                0x0000000000000590                vCoRoutineSchedule
 .text.xCoRoutineRemoveFromEventList
                0x0000000000000798       0x48 ./FreeRtos/croutine.o
                0x0000000000000798                xCoRoutineRemoveFromEventList
 .text.vCoRoutineResetState
                0x00000000000007e0       0x36 ./FreeRtos/croutine.o
                0x00000000000007e0                vCoRoutineResetState
 .text.xEventGroupCreate
                0x0000000000000816       0x26 ./FreeRtos/event_groups.o
                0x0000000000000816                xEventGroupCreate
 .text.xEventGroupWaitBits
                0x000000000000083c       0xec ./FreeRtos/event_groups.o
                0x000000000000083c                xEventGroupWaitBits
 .text.xEventGroupClearBits
                0x0000000000000928       0x1e ./FreeRtos/event_groups.o
                0x0000000000000928                xEventGroupClearBits
 .text.xEventGroupGetBitsFromISR
                0x0000000000000946        0x8 ./FreeRtos/event_groups.o
                0x0000000000000946                xEventGroupGetBitsFromISR
 .text.xEventGroupSetBits
                0x000000000000094e       0x9a ./FreeRtos/event_groups.o
                0x000000000000094e                xEventGroupSetBits
 .text.xEventGroupSync
                0x00000000000009e8       0xd8 ./FreeRtos/event_groups.o
                0x00000000000009e8                xEventGroupSync
 .text.vEventGroupDelete
                0x0000000000000ac0       0x2c ./FreeRtos/event_groups.o
                0x0000000000000ac0                vEventGroupDelete
 .text.vEventGroupSetBitsCallback
                0x0000000000000aec        0x6 ./FreeRtos/event_groups.o
                0x0000000000000aec                vEventGroupSetBitsCallback
 .text.vEventGroupClearBitsCallback
                0x0000000000000af2        0x6 ./FreeRtos/event_groups.o
                0x0000000000000af2                vEventGroupClearBitsCallback
 .text.pvPortMalloc
                0x0000000000000af8       0x70 ./FreeRtos/heap_1.o
                0x0000000000000af8                pvPortMalloc
 .text.vPortFree
                0x0000000000000b68        0x2 ./FreeRtos/heap_1.o
                0x0000000000000b68                vPortFree
 .text.vPortInitialiseBlocks
                0x0000000000000b6a        0xa ./FreeRtos/heap_1.o
                0x0000000000000b6a                vPortInitialiseBlocks
 .text.xPortGetFreeHeapSize
                0x0000000000000b74       0x12 ./FreeRtos/heap_1.o
                0x0000000000000b74                xPortGetFreeHeapSize
 .text.vPortHeapResetState
                0x0000000000000b86        0xa ./FreeRtos/heap_1.o
                0x0000000000000b86                vPortHeapResetState
 .text.vListInitialise
                0x0000000000000b90       0x1c ./FreeRtos/list.o
                0x0000000000000b90                vListInitialise
 .text.vListInitialiseItem
                0x0000000000000bac        0x8 ./FreeRtos/list.o
                0x0000000000000bac                vListInitialiseItem
 .text.vListInsertEnd
                0x0000000000000bb4       0x40 ./FreeRtos/list.o
                0x0000000000000bb4                vListInsertEnd
 .text.vListInsert
                0x0000000000000bf4       0x6c ./FreeRtos/list.o
                0x0000000000000bf4                vListInsert
 .text.uxListRemove
                0x0000000000000c60       0x46 ./FreeRtos/list.o
                0x0000000000000c60                uxListRemove
 .text.pxPortInitialiseStack
                0x0000000000000ca6       0xd8 ./FreeRtos/port.o
                0x0000000000000ca6                pxPortInitialiseStack
 .text.xPortStartScheduler
                0x0000000000000d7e       0x6a ./FreeRtos/port.o
                0x0000000000000d7e                xPortStartScheduler
 .text.vPortEndScheduler
                0x0000000000000de8        0x2 ./FreeRtos/port.o
                0x0000000000000de8                vPortEndScheduler
 .text.vPortYield
                0x0000000000000dea       0xb2 ./FreeRtos/port.o
                0x0000000000000dea                vPortYield
 .text.vPortYieldFromTick
                0x0000000000000e9c       0xb8 ./FreeRtos/port.o
                0x0000000000000e9c                vPortYieldFromTick
 .text.__vector_7
                0x0000000000000f54        0x6 ./FreeRtos/port.o
                0x0000000000000f54                __vector_7
 .text.prvIsQueueEmpty
                0x0000000000000f5a       0x16 ./FreeRtos/queue.o
 .text.prvCopyDataToQueue
                0x0000000000000f70       0x94 ./FreeRtos/queue.o
 .text.prvCopyDataFromQueue
                0x0000000000001004       0x34 ./FreeRtos/queue.o
 .text.prvUnlockQueue
                0x0000000000001038       0x7c ./FreeRtos/queue.o
 .text.xQueueGenericReset
                0x00000000000010b4       0x8c ./FreeRtos/queue.o
                0x00000000000010b4                xQueueGenericReset
 .text.xQueueGenericCreate
                0x0000000000001140       0x58 ./FreeRtos/queue.o
                0x0000000000001140                xQueueGenericCreate
 .text.xQueueGenericSend
                0x0000000000001198      0x12a ./FreeRtos/queue.o
                0x0000000000001198                xQueueGenericSend
 .text.xQueueGenericSendFromISR
                0x00000000000012c2       0x68 ./FreeRtos/queue.o
                0x00000000000012c2                xQueueGenericSendFromISR
 .text.xQueueGiveFromISR
                0x000000000000132a       0x60 ./FreeRtos/queue.o
                0x000000000000132a                xQueueGiveFromISR
 .text.xQueueReceive
                0x000000000000138a      0x122 ./FreeRtos/queue.o
                0x000000000000138a                xQueueReceive
 .text.xQueueSemaphoreTake
                0x00000000000014ac      0x10a ./FreeRtos/queue.o
                0x00000000000014ac                xQueueSemaphoreTake
 .text.xQueuePeek
                0x00000000000015b6      0x122 ./FreeRtos/queue.o
                0x00000000000015b6                xQueuePeek
 .text.xQueueReceiveFromISR
                0x00000000000016d8       0x68 ./FreeRtos/queue.o
                0x00000000000016d8                xQueueReceiveFromISR
 .text.xQueuePeekFromISR
                0x0000000000001740       0x2e ./FreeRtos/queue.o
                0x0000000000001740                xQueuePeekFromISR
 .text.uxQueueMessagesWaiting
                0x000000000000176e       0x10 ./FreeRtos/queue.o
                0x000000000000176e                uxQueueMessagesWaiting
 .text.uxQueueSpacesAvailable
                0x000000000000177e       0x14 ./FreeRtos/queue.o
                0x000000000000177e                uxQueueSpacesAvailable
 .text.uxQueueMessagesWaitingFromISR
                0x0000000000001792        0x6 ./FreeRtos/queue.o
                0x0000000000001792                uxQueueMessagesWaitingFromISR
 .text.vQueueDelete
                0x0000000000001798        0x4 ./FreeRtos/queue.o
                0x0000000000001798                vQueueDelete
 .text.uxQueueGetQueueItemSize
                0x000000000000179c        0x6 ./FreeRtos/queue.o
                0x000000000000179c                uxQueueGetQueueItemSize
 .text.uxQueueGetQueueLength
                0x00000000000017a2        0x6 ./FreeRtos/queue.o
                0x00000000000017a2                uxQueueGetQueueLength
 .text.xQueueIsQueueEmptyFromISR
                0x00000000000017a8        0xc ./FreeRtos/queue.o
                0x00000000000017a8                xQueueIsQueueEmptyFromISR
 .text.xQueueIsQueueFullFromISR
                0x00000000000017b4        0xe ./FreeRtos/queue.o
                0x00000000000017b4                xQueueIsQueueFullFromISR
 .text.xQueueCRSend
                0x00000000000017c2       0x6e ./FreeRtos/queue.o
                0x00000000000017c2                xQueueCRSend
 .text.xQueueCRReceive
                0x0000000000001830       0x8e ./FreeRtos/queue.o
                0x0000000000001830                xQueueCRReceive
 .text.xQueueCRSendFromISR
                0x00000000000018be       0x3e ./FreeRtos/queue.o
                0x00000000000018be                xQueueCRSendFromISR
 .text.xQueueCRReceiveFromISR
                0x00000000000018fc       0x78 ./FreeRtos/queue.o
                0x00000000000018fc                xQueueCRReceiveFromISR
 .text.prvBytesInBuffer
                0x0000000000001974       0x26 ./FreeRtos/stream_buffer.o
 .text.prvWriteBytesToBuffer
                0x000000000000199a       0x88 ./FreeRtos/stream_buffer.o
 .text.prvWriteMessageToBuffer
                0x0000000000001a22       0x8c ./FreeRtos/stream_buffer.o
 .text.prvReadBytesFromBuffer
                0x0000000000001aae       0x88 ./FreeRtos/stream_buffer.o
 .text.prvReadMessageFromBuffer
                0x0000000000001b36       0x90 ./FreeRtos/stream_buffer.o
 .text.xStreamBufferGenericCreate
                0x0000000000001bc6       0x70 ./FreeRtos/stream_buffer.o
                0x0000000000001bc6                xStreamBufferGenericCreate
 .text.vStreamBufferDelete
                0x0000000000001c36       0x14 ./FreeRtos/stream_buffer.o
                0x0000000000001c36                vStreamBufferDelete
 .text.xStreamBufferReset
                0x0000000000001c4a       0x40 ./FreeRtos/stream_buffer.o
                0x0000000000001c4a                xStreamBufferReset
 .text.xStreamBufferResetFromISR
                0x0000000000001c8a       0x36 ./FreeRtos/stream_buffer.o
                0x0000000000001c8a                xStreamBufferResetFromISR
 .text.xStreamBufferSetTriggerLevel
                0x0000000000001cc0       0x22 ./FreeRtos/stream_buffer.o
                0x0000000000001cc0                xStreamBufferSetTriggerLevel
 .text.xStreamBufferSpacesAvailable
                0x0000000000001ce2       0x34 ./FreeRtos/stream_buffer.o
                0x0000000000001ce2                xStreamBufferSpacesAvailable
 .text.xStreamBufferBytesAvailable
                0x0000000000001d16        0x4 ./FreeRtos/stream_buffer.o
                0x0000000000001d16                xStreamBufferBytesAvailable
 .text.xStreamBufferSend
                0x0000000000001d1a      0x174 ./FreeRtos/stream_buffer.o
                0x0000000000001d1a                xStreamBufferSend
 .text.xStreamBufferSendFromISR
                0x0000000000001e8e       0x8a ./FreeRtos/stream_buffer.o
                0x0000000000001e8e                xStreamBufferSendFromISR
 .text.xStreamBufferReceive
                0x0000000000001f18       0xfe ./FreeRtos/stream_buffer.o
                0x0000000000001f18                xStreamBufferReceive
 .text.xStreamBufferNextMessageLengthBytes
                0x0000000000002016       0x4e ./FreeRtos/stream_buffer.o
                0x0000000000002016                xStreamBufferNextMessageLengthBytes
 .text.xStreamBufferReceiveFromISR
                0x0000000000002064       0x88 ./FreeRtos/stream_buffer.o
                0x0000000000002064                xStreamBufferReceiveFromISR
 .text.xStreamBufferIsEmpty
                0x00000000000020ec       0x16 ./FreeRtos/stream_buffer.o
                0x00000000000020ec                xStreamBufferIsEmpty
 .text.xStreamBufferIsFull
                0x0000000000002102       0x2a ./FreeRtos/stream_buffer.o
                0x0000000000002102                xStreamBufferIsFull
 .text.xStreamBufferSendCompletedFromISR
                0x000000000000212c       0x4c ./FreeRtos/stream_buffer.o
                0x000000000000212c                xStreamBufferSendCompletedFromISR
 .text.xStreamBufferReceiveCompletedFromISR
                0x0000000000002178       0x4c ./FreeRtos/stream_buffer.o
                0x0000000000002178                xStreamBufferReceiveCompletedFromISR
 .text.uxStreamBufferGetStreamBufferNotificationIndex
                0x00000000000021c4        0x6 ./FreeRtos/stream_buffer.o
                0x00000000000021c4                uxStreamBufferGetStreamBufferNotificationIndex
 .text.vStreamBufferSetStreamBufferNotificationIndex
                0x00000000000021ca        0x6 ./FreeRtos/stream_buffer.o
                0x00000000000021ca                vStreamBufferSetStreamBufferNotificationIndex
 .text.prvResetNextTaskUnblockTime
                0x00000000000021d0       0x30 ./FreeRtos/tasks.o
 .text.prvAddCurrentTaskToDelayedList.isra.2
                0x0000000000002200       0x9e ./FreeRtos/tasks.o
 .text.prvCheckTasksWaitingTermination
                0x000000000000229e       0x54 ./FreeRtos/tasks.o
 .text.prvIdleTask
                0x00000000000022f2       0x12 ./FreeRtos/tasks.o
 .text.xTaskCreate
                0x0000000000002304      0x23a ./FreeRtos/tasks.o
                0x0000000000002304                xTaskCreate
 .text.vTaskDelete
                0x000000000000253e       0xba ./FreeRtos/tasks.o
                0x000000000000253e                vTaskDelete
 .text.vTaskStartScheduler
                0x00000000000025f8       0x90 ./FreeRtos/tasks.o
                0x00000000000025f8                vTaskStartScheduler
 .text.vTaskEndScheduler
                0x0000000000002688       0x1a ./FreeRtos/tasks.o
                0x0000000000002688                vTaskEndScheduler
 .text.vTaskSuspendAll
                0x00000000000026a2        0xc ./FreeRtos/tasks.o
                0x00000000000026a2                vTaskSuspendAll
 .text.xTaskGetTickCount
                0x00000000000026ae       0x14 ./FreeRtos/tasks.o
                0x00000000000026ae                xTaskGetTickCount
 .text.xTaskGetTickCountFromISR
                0x00000000000026c2        0xa ./FreeRtos/tasks.o
                0x00000000000026c2                xTaskGetTickCountFromISR
 .text.uxTaskGetNumberOfTasks
                0x00000000000026cc        0x6 ./FreeRtos/tasks.o
                0x00000000000026cc                uxTaskGetNumberOfTasks
 .text.pcTaskGetName
                0x00000000000026d2       0x10 ./FreeRtos/tasks.o
                0x00000000000026d2                pcTaskGetName
 .text.xTaskIncrementTick
                0x00000000000026e2      0x1f8 ./FreeRtos/tasks.o
                0x00000000000026e2                xTaskIncrementTick
 .text.xTaskResumeAll
                0x00000000000028da      0x19a ./FreeRtos/tasks.o
                0x00000000000028da                xTaskResumeAll
 .text.xTaskDelayUntil
                0x0000000000002a74       0x64 ./FreeRtos/tasks.o
                0x0000000000002a74                xTaskDelayUntil
 .text.vTaskDelay
                0x0000000000002ad8       0x28 ./FreeRtos/tasks.o
                0x0000000000002ad8                vTaskDelay
 .text.xTaskCatchUpTicks
                0x0000000000002b00       0x30 ./FreeRtos/tasks.o
                0x0000000000002b00                xTaskCatchUpTicks
 .text.vTaskSwitchContext
                0x0000000000002b30       0x8c ./FreeRtos/tasks.o
                0x0000000000002b30                vTaskSwitchContext
 .text.vTaskPlaceOnEventList
                0x0000000000002bbc       0x20 ./FreeRtos/tasks.o
                0x0000000000002bbc                vTaskPlaceOnEventList
 .text.vTaskPlaceOnUnorderedEventList
                0x0000000000002bdc       0x88 ./FreeRtos/tasks.o
                0x0000000000002bdc                vTaskPlaceOnUnorderedEventList
 .text.xTaskRemoveFromEventList
                0x0000000000002c64      0x14a ./FreeRtos/tasks.o
                0x0000000000002c64                xTaskRemoveFromEventList
 .text.vTaskRemoveFromUnorderedEventList
                0x0000000000002dae      0x10e ./FreeRtos/tasks.o
                0x0000000000002dae                vTaskRemoveFromUnorderedEventList
 .text.vTaskSetTimeOutState
                0x0000000000002ebc       0x20 ./FreeRtos/tasks.o
                0x0000000000002ebc                vTaskSetTimeOutState
 .text.vTaskInternalSetTimeOutState
                0x0000000000002edc       0x16 ./FreeRtos/tasks.o
                0x0000000000002edc                vTaskInternalSetTimeOutState
 .text.xTaskCheckForTimeOut
                0x0000000000002ef2       0x58 ./FreeRtos/tasks.o
                0x0000000000002ef2                xTaskCheckForTimeOut
 .text.vTaskMissedYield
                0x0000000000002f4a        0x8 ./FreeRtos/tasks.o
                0x0000000000002f4a                vTaskMissedYield
 .text.xTaskGetCurrentTaskHandle
                0x0000000000002f52        0xa ./FreeRtos/tasks.o
                0x0000000000002f52                xTaskGetCurrentTaskHandle
 .text.xTaskGetCurrentTaskHandleForCore
                0x0000000000002f5c       0x14 ./FreeRtos/tasks.o
                0x0000000000002f5c                xTaskGetCurrentTaskHandleForCore
 .text.uxTaskResetEventItemValue
                0x0000000000002f70       0x2e ./FreeRtos/tasks.o
                0x0000000000002f70                uxTaskResetEventItemValue
 .text.ulTaskGenericNotifyTake
                0x0000000000002f9e      0x102 ./FreeRtos/tasks.o
                0x0000000000002f9e                ulTaskGenericNotifyTake
 .text.xTaskGenericNotifyWait
                0x00000000000030a0      0x16c ./FreeRtos/tasks.o
                0x00000000000030a0                xTaskGenericNotifyWait
 .text.xTaskGenericNotify
                0x000000000000320c      0x1c0 ./FreeRtos/tasks.o
                0x000000000000320c                xTaskGenericNotify
 .text.xTaskGenericNotifyFromISR
                0x00000000000033cc      0x212 ./FreeRtos/tasks.o
                0x00000000000033cc                xTaskGenericNotifyFromISR
 .text.vTaskGenericNotifyGiveFromISR
                0x00000000000035de      0x156 ./FreeRtos/tasks.o
                0x00000000000035de                vTaskGenericNotifyGiveFromISR
 .text.xTaskGenericNotifyStateClear
                0x0000000000003734       0x2c ./FreeRtos/tasks.o
                0x0000000000003734                xTaskGenericNotifyStateClear
 .text.ulTaskGenericNotifyValueClear
                0x0000000000003760       0x5c ./FreeRtos/tasks.o
                0x0000000000003760                ulTaskGenericNotifyValueClear
 .text.vTaskResetState
                0x00000000000037bc       0x42 ./FreeRtos/tasks.o
                0x00000000000037bc                vTaskResetState
 .text.ADC_Task
                0x00000000000037fe       0x34 ./main.o
                0x00000000000037fe                ADC_Task
 .text.prd_VehicleCheck
                0x0000000000003832       0x5e ./main.o
                0x0000000000003832                prd_VehicleCheck
 .text.prd_LED_MANAGEMENT
                0x0000000000003890       0x5a ./main.o
                0x0000000000003890                prd_LED_MANAGEMENT
 .text.prd_Buttons
                0x00000000000038ea       0x2a ./main.o
                0x00000000000038ea                prd_Buttons
 .text.Overcurrent_Task
                0x0000000000003914       0x2a ./main.o
                0x0000000000003914                Overcurrent_Task
 .text.SuddenDisconnect_Task
                0x000000000000393e       0x2e ./main.o
                0x000000000000393e                SuddenDisconnect_Task
 .text.UART_Init
                0x000000000000396c       0x24 ./main.o
                0x000000000000396c                UART_Init
 .text.UART_Transmit
                0x0000000000003990        0x8 ./main.o
                0x0000000000003990                UART_Transmit
 .text.UART_SendString
                0x0000000000003998       0x18 ./main.o
                0x0000000000003998                UART_SendString
 .text.UART_Task
                0x00000000000039b0      0x110 ./main.o
                0x00000000000039b0                UART_Task
 .text.startup.main
                0x0000000000003ac0       0xd4 ./main.o
                0x0000000000003ac0                main
 .text.avr-libc.fplib
                0x0000000000003b94        0x8 c:/tools/avr8-gnu-toolchain-win32_x86_64/bin/../lib/gcc/avr/7.3.0/../../../../avr/lib/avr5\libm.a(divsf3.o)
                0x0000000000003b94                __divsf3
 .text.avr-libc.fplib
                0x0000000000003b9c       0xdc c:/tools/avr8-gnu-toolchain-win32_x86_64/bin/../lib/gcc/avr/7.3.0/../../../../avr/lib/avr5\libm.a(divsf3x.o)
                0x0000000000003bbc                __divsf3x
                0x0000000000003bc2                __divsf3_pse
 .text.avr-libc.fplib
                0x0000000000003c78       0x7a c:/tools/avr8-gnu-toolchain-win32_x86_64/bin/../lib/gcc/avr/7.3.0/../../../../avr/lib/avr5\libm.a(floatsisf.o)
                0x0000000000003c78                __floatunsisf
                0x0000000000003c7c                __floatsisf
 .text.avr-libc.fplib
                0x0000000000003cf2        0xc c:/tools/avr8-gnu-toolchain-win32_x86_64/bin/../lib/gcc/avr/7.3.0/../../../../avr/lib/avr5\libm.a(fp_inf.o)
                0x0000000000003cf2                __fp_inf
 .text.avr-libc.fplib
                0x0000000000003cfe        0x6 c:/tools/avr8-gnu-toolchain-win32_x86_64/bin/../lib/gcc/avr/7.3.0/../../../../avr/lib/avr5\libm.a(fp_nan.o)
                0x0000000000003cfe                __fp_nan
 .text.avr-libc.fplib
                0x0000000000003d04        0xe c:/tools/avr8-gnu-toolchain-win32_x86_64/bin/../lib/gcc/avr/7.3.0/../../../../avr/lib/avr5\libm.a(fp_pscA.o)
                0x0000000000003d04                __fp_pscA
 .text.avr-libc.fplib
                0x0000000000003d12        0xe c:/tools/avr8-gnu-toolchain-win32_x86_64/bin/../lib/gcc/avr/7.3.0/../../../../avr/lib/avr5\libm.a(fp_pscB.o)
                0x0000000000003d12                __fp_pscB
 .text.avr-libc.fplib
                0x0000000000003d20       0x22 c:/tools/avr8-gnu-toolchain-win32_x86_64/bin/../lib/gcc/avr/7.3.0/../../../../avr/lib/avr5\libm.a(fp_round.o)
                0x0000000000003d20                __fp_round
 .text.avr-libc.fplib
                0x0000000000003d42       0x44 c:/tools/avr8-gnu-toolchain-win32_x86_64/bin/../lib/gcc/avr/7.3.0/../../../../avr/lib/avr5\libm.a(fp_split3.o)
                0x0000000000003d42                __fp_split3
                0x0000000000003d52                __fp_splitA
 .text.avr-libc.fplib
                0x0000000000003d86        0xe c:/tools/avr8-gnu-toolchain-win32_x86_64/bin/../lib/gcc/avr/7.3.0/../../../../avr/lib/avr5\libm.a(fp_zero.o)
                0x0000000000003d86                __fp_zero
                0x0000000000003d88                __fp_szero
 .text.avr-libc.fplib
                0x0000000000003d94        0x8 c:/tools/avr8-gnu-toolchain-win32_x86_64/bin/../lib/gcc/avr/7.3.0/../../../../avr/lib/avr5\libm.a(mulsf3.o)
                0x0000000000003d94                __mulsf3
 .text.avr-libc.fplib
                0x0000000000003d9c       0xd2 c:/tools/avr8-gnu-toolchain-win32_x86_64/bin/../lib/gcc/avr/7.3.0/../../../../avr/lib/avr5\libm.a(mulsf3x.o)
                0x0000000000003dba                __mulsf3x
                0x0000000000003dc0                __mulsf3_pse
 .text.libgcc.mul
                0x0000000000003e6e        0x0 c:/tools/avr8-gnu-toolchain-win32_x86_64/bin/../lib/gcc/avr/7.3.0/avr5\libgcc.a(_udivmodsi4.o)
 .text.libgcc.div
                0x0000000000003e6e       0x44 c:/tools/avr8-gnu-toolchain-win32_x86_64/bin/../lib/gcc/avr/7.3.0/avr5\libgcc.a(_udivmodsi4.o)
                0x0000000000003e6e                __udivmodsi4
 .text.libgcc   0x0000000000003eb2        0x0 c:/tools/avr8-gnu-toolchain-win32_x86_64/bin/../lib/gcc/avr/7.3.0/avr5\libgcc.a(_udivmodsi4.o)
 .text.libgcc.prologue
                0x0000000000003eb2        0x0 c:/tools/avr8-gnu-toolchain-win32_x86_64/bin/../lib/gcc/avr/7.3.0/avr5\libgcc.a(_udivmodsi4.o)
 .text.libgcc.builtins
                0x0000000000003eb2        0x0 c:/tools/avr8-gnu-toolchain-win32_x86_64/bin/../lib/gcc/avr/7.3.0/avr5\libgcc.a(_udivmodsi4.o)
 .text.libgcc.fmul
                0x0000000000003eb2        0x0 c:/tools/avr8-gnu-toolchain-win32_x86_64/bin/../lib/gcc/avr/7.3.0/avr5\libgcc.a(_udivmodsi4.o)
 .text.libgcc.fixed
                0x0000000000003eb2        0x0 c:/tools/avr8-gnu-toolchain-win32_x86_64/bin/../lib/gcc/avr/7.3.0/avr5\libgcc.a(_udivmodsi4.o)
 .text.libgcc.mul
                0x0000000000003eb2        0x0 c:/tools/avr8-gnu-toolchain-win32_x86_64/bin/../lib/gcc/avr/7.3.0/avr5\libgcc.a(_exit.o)
 .text.libgcc.div
                0x0000000000003eb2        0x0 c:/tools/avr8-gnu-toolchain-win32_x86_64/bin/../lib/gcc/avr/7.3.0/avr5\libgcc.a(_exit.o)
 .text.libgcc   0x0000000000003eb2        0x0 c:/tools/avr8-gnu-toolchain-win32_x86_64/bin/../lib/gcc/avr/7.3.0/avr5\libgcc.a(_exit.o)
 .text.libgcc.prologue
                0x0000000000003eb2        0x0 c:/tools/avr8-gnu-toolchain-win32_x86_64/bin/../lib/gcc/avr/7.3.0/avr5\libgcc.a(_exit.o)
 .text.libgcc.builtins
                0x0000000000003eb2        0x0 c:/tools/avr8-gnu-toolchain-win32_x86_64/bin/../lib/gcc/avr/7.3.0/avr5\libgcc.a(_exit.o)
 .text.libgcc.fmul
                0x0000000000003eb2        0x0 c:/tools/avr8-gnu-toolchain-win32_x86_64/bin/../lib/gcc/avr/7.3.0/avr5\libgcc.a(_exit.o)
 .text.libgcc.fixed
                0x0000000000003eb2        0x0 c:/tools/avr8-gnu-toolchain-win32_x86_64/bin/../lib/gcc/avr/7.3.0/avr5\libgcc.a(_exit.o)
 .text.libgcc.mul
                0x0000000000003eb2        0x0 c:/tools/avr8-gnu-toolchain-win32_x86_64/bin/../lib/gcc/avr/7.3.0/avr5\libgcc.a(_tablejump2.o)
 .text.libgcc.div
                0x0000000000003eb2        0x0 c:/tools/avr8-gnu-toolchain-win32_x86_64/bin/../lib/gcc/avr/7.3.0/avr5\libgcc.a(_tablejump2.o)
 .text.libgcc   0x0000000000003eb2        0xc c:/tools/avr8-gnu-toolchain-win32_x86_64/bin/../lib/gcc/avr/7.3.0/avr5\libgcc.a(_tablejump2.o)
                0x0000000000003eb2                __tablejump2__
 .text.libgcc.prologue
                0x0000000000003ebe        0x0 c:/tools/avr8-gnu-toolchain-win32_x86_64/bin/../lib/gcc/avr/7.3.0/avr5\libgcc.a(_tablejump2.o)
 .text.libgcc.builtins
                0x0000000000003ebe        0x0 c:/tools/avr8-gnu-toolchain-win32_x86_64/bin/../lib/gcc/avr/7.3.0/avr5\libgcc.a(_tablejump2.o)
 .text.libgcc.fmul
                0x0000000000003ebe        0x0 c:/tools/avr8-gnu-toolchain-win32_x86_64/bin/../lib/gcc/avr/7.3.0/avr5\libgcc.a(_tablejump2.o)
 .text.libgcc.fixed
                0x0000000000003ebe        0x0 c:/tools/avr8-gnu-toolchain-win32_x86_64/bin/../lib/gcc/avr/7.3.0/avr5\libgcc.a(_tablejump2.o)
 .text.libgcc.mul
                0x0000000000003ebe        0x0 c:/tools/avr8-gnu-toolchain-win32_x86_64/bin/../lib/gcc/avr/7.3.0/avr5\libgcc.a(_copy_data.o)
 .text.libgcc.div
                0x0000000000003ebe        0x0 c:/tools/avr8-gnu-toolchain-win32_x86_64/bin/../lib/gcc/avr/7.3.0/avr5\libgcc.a(_copy_data.o)
 .text.libgcc   0x0000000000003ebe        0x0 c:/tools/avr8-gnu-toolchain-win32_x86_64/bin/../lib/gcc/avr/7.3.0/avr5\libgcc.a(_copy_data.o)
 .text.libgcc.prologue
                0x0000000000003ebe        0x0 c:/tools/avr8-gnu-toolchain-win32_x86_64/bin/../lib/gcc/avr/7.3.0/avr5\libgcc.a(_copy_data.o)
 .text.libgcc.builtins
                0x0000000000003ebe        0x0 c:/tools/avr8-gnu-toolchain-win32_x86_64/bin/../lib/gcc/avr/7.3.0/avr5\libgcc.a(_copy_data.o)
 .text.libgcc.fmul
                0x0000000000003ebe        0x0 c:/tools/avr8-gnu-toolchain-win32_x86_64/bin/../lib/gcc/avr/7.3.0/avr5\libgcc.a(_copy_data.o)
 .text.libgcc.fixed
                0x0000000000003ebe        0x0 c:/tools/avr8-gnu-toolchain-win32_x86_64/bin/../lib/gcc/avr/7.3.0/avr5\libgcc.a(_copy_data.o)
 .text.libgcc.mul
                0x0000000000003ebe        0x0 c:/tools/avr8-gnu-toolchain-win32_x86_64/bin/../lib/gcc/avr/7.3.0/avr5\libgcc.a(_clear_bss.o)
 .text.libgcc.div
                0x0000000000003ebe        0x0 c:/tools/avr8-gnu-toolchain-win32_x86_64/bin/../lib/gcc/avr/7.3.0/avr5\libgcc.a(_clear_bss.o)
 .text.libgcc   0x0000000000003ebe        0x0 c:/tools/avr8-gnu-toolchain-win32_x86_64/bin/../lib/gcc/avr/7.3.0/avr5\libgcc.a(_clear_bss.o)
 .text.libgcc.prologue
                0x0000000000003ebe        0x0 c:/tools/avr8-gnu-toolchain-win32_x86_64/bin/../lib/gcc/avr/7.3.0/avr5\libgcc.a(_clear_bss.o)
 .text.libgcc.builtins
                0x0000000000003ebe        0x0 c:/tools/avr8-gnu-toolchain-win32_x86_64/bin/../lib/gcc/avr/7.3.0/avr5\libgcc.a(_clear_bss.o)
 .text.libgcc.fmul
                0x0000000000003ebe        0x0 c:/tools/avr8-gnu-toolchain-win32_x86_64/bin/../lib/gcc/avr/7.3.0/avr5\libgcc.a(_clear_bss.o)
 .text.libgcc.fixed
                0x0000000000003ebe        0x0 c:/tools/avr8-gnu-toolchain-win32_x86_64/bin/../lib/gcc/avr/7.3.0/avr5\libgcc.a(_clear_bss.o)
 .text.avr-libc
                0x0000000000003ebe       0x3c c:/tools/avr8-gnu-toolchain-win32_x86_64/bin/../lib/gcc/avr/7.3.0/../../../../avr/lib/avr5\libc.a(dtostrf.o)
                0x0000000000003ebe                dtostrf
 .text.avr-libc
                0x0000000000003efa       0x12 c:/tools/avr8-gnu-toolchain-win32_x86_64/bin/../lib/gcc/avr/7.3.0/../../../../avr/lib/avr5\libc.a(memcpy.o)
                0x0000000000003efa                memcpy
 .text.avr-libc
                0x0000000000003f0c       0x60 c:/tools/avr8-gnu-toolchain-win32_x86_64/bin/../lib/gcc/avr/7.3.0/../../../../avr/lib/avr5\libc.a(snprintf.o)
                0x0000000000003f0c                snprintf
 .text.avr-libc
                0x0000000000003f6c      0x3b4 c:/tools/avr8-gnu-toolchain-win32_x86_64/bin/../lib/gcc/avr/7.3.0/../../../../avr/lib/avr5\libc.a(vfprintf_std.o)
                0x0000000000003f6c                vfprintf
 .text.avr-libc
                0x0000000000004320      0x2be c:/tools/avr8-gnu-toolchain-win32_x86_64/bin/../lib/gcc/avr/7.3.0/../../../../avr/lib/avr5\libc.a(dtoa_prf.o)
                0x0000000000004320                dtoa_prf
 .text.avr-libc
                0x00000000000045de      0x1b0 c:/tools/avr8-gnu-toolchain-win32_x86_64/bin/../lib/gcc/avr/7.3.0/../../../../avr/lib/avr5\libc.a(ftoa_engine.o)
                0x00000000000045de                __ftoa_engine
 .text.avr-libc
                0x000000000000478e       0x16 c:/tools/avr8-gnu-toolchain-win32_x86_64/bin/../lib/gcc/avr/7.3.0/../../../../avr/lib/avr5\libc.a(strnlen_P.o)
                0x000000000000478e                strnlen_P
 .text.avr-libc
                0x00000000000047a4       0x16 c:/tools/avr8-gnu-toolchain-win32_x86_64/bin/../lib/gcc/avr/7.3.0/../../../../avr/lib/avr5\libc.a(strnlen.o)
                0x00000000000047a4                strnlen
 .text.avr-libc
                0x00000000000047ba       0x60 c:/tools/avr8-gnu-toolchain-win32_x86_64/bin/../lib/gcc/avr/7.3.0/../../../../avr/lib/avr5\libc.a(fputc.o)
                0x00000000000047ba                fputc
 .text.avr-libc
                0x000000000000481a       0xbc c:/tools/avr8-gnu-toolchain-win32_x86_64/bin/../lib/gcc/avr/7.3.0/../../../../avr/lib/avr5\libc.a(ultoa_invert.o)
                0x000000000000481a                __ultoa_invert
 .text.libgcc.mul
                0x00000000000048d6        0x0 c:/tools/avr8-gnu-toolchain-win32_x86_64/bin/../lib/gcc/avr/7.3.0/avr5\libgcc.a(_prologue.o)
 .text.libgcc.div
                0x00000000000048d6        0x0 c:/tools/avr8-gnu-toolchain-win32_x86_64/bin/../lib/gcc/avr/7.3.0/avr5\libgcc.a(_prologue.o)
 .text.libgcc   0x00000000000048d6        0x0 c:/tools/avr8-gnu-toolchain-win32_x86_64/bin/../lib/gcc/avr/7.3.0/avr5\libgcc.a(_prologue.o)
 .text.libgcc.prologue
                0x00000000000048d6       0x38 c:/tools/avr8-gnu-toolchain-win32_x86_64/bin/../lib/gcc/avr/7.3.0/avr5\libgcc.a(_prologue.o)
                0x00000000000048d6                __prologue_saves__
 .text.libgcc.builtins
                0x000000000000490e        0x0 c:/tools/avr8-gnu-toolchain-win32_x86_64/bin/../lib/gcc/avr/7.3.0/avr5\libgcc.a(_prologue.o)
 .text.libgcc.fmul
                0x000000000000490e        0x0 c:/tools/avr8-gnu-toolchain-win32_x86_64/bin/../lib/gcc/avr/7.3.0/avr5\libgcc.a(_prologue.o)
 .text.libgcc.fixed
                0x000000000000490e        0x0 c:/tools/avr8-gnu-toolchain-win32_x86_64/bin/../lib/gcc/avr/7.3.0/avr5\libgcc.a(_prologue.o)
 .text.libgcc.mul
                0x000000000000490e        0x0 c:/tools/avr8-gnu-toolchain-win32_x86_64/bin/../lib/gcc/avr/7.3.0/avr5\libgcc.a(_epilogue.o)
 .text.libgcc.div
                0x000000000000490e        0x0 c:/tools/avr8-gnu-toolchain-win32_x86_64/bin/../lib/gcc/avr/7.3.0/avr5\libgcc.a(_epilogue.o)
 .text.libgcc   0x000000000000490e        0x0 c:/tools/avr8-gnu-toolchain-win32_x86_64/bin/../lib/gcc/avr/7.3.0/avr5\libgcc.a(_epilogue.o)
 .text.libgcc.prologue
                0x000000000000490e       0x36 c:/tools/avr8-gnu-toolchain-win32_x86_64/bin/../lib/gcc/avr/7.3.0/avr5\libgcc.a(_epilogue.o)
                0x000000000000490e                __epilogue_restores__
 .text.libgcc.builtins
                0x0000000000004944        0x0 c:/tools/avr8-gnu-toolchain-win32_x86_64/bin/../lib/gcc/avr/7.3.0/avr5\libgcc.a(_epilogue.o)
 .text.libgcc.fmul
                0x0000000000004944        0x0 c:/tools/avr8-gnu-toolchain-win32_x86_64/bin/../lib/gcc/avr/7.3.0/avr5\libgcc.a(_epilogue.o)
 .text.libgcc.fixed
                0x0000000000004944        0x0 c:/tools/avr8-gnu-toolchain-win32_x86_64/bin/../lib/gcc/avr/7.3.0/avr5\libgcc.a(_epilogue.o)
                0x0000000000004944                . = ALIGN (0x2)
 *(.fini9)
 .fini9         0x0000000000004944        0x0 c:/tools/avr8-gnu-toolchain-win32_x86_64/bin/../lib/gcc/avr/7.3.0/avr5\libgcc.a(_exit.o)
                0x0000000000004944                _exit
                0x0000000000004944                exit
 *(.fini9)
 *(.fini8)
 *(.fini8)
 *(.fini7)
 *(.fini7)
 *(.fini6)
 *(.fini6)
 *(.fini5)
 *(.fini5)
 *(.fini4)
 *(.fini4)
 *(.fini3)
 *(.fini3)
 *(.fini2)
 *(.fini2)
 *(.fini1)
 *(.fini1)
 *(.fini0)
 .fini0         0x0000000000004944        0x4 c:/tools/avr8-gnu-toolchain-win32_x86_64/bin/../lib/gcc/avr/7.3.0/avr5\libgcc.a(_exit.o)
 *(.fini0)
                0x0000000000004948                _etext = .

.data           0x0000000000800060       0xba load address 0x0000000000004948
                0x0000000000800060                PROVIDE (__data_start, .)
 *(.data)
 .data          0x0000000000800060        0x0 c:/tools/avr8-gnu-toolchain-win32_x86_64/bin/../lib/gcc/avr/7.3.0/../../../../avr/lib/avr5/crtatmega32a.o
 .data          0x0000000000800060        0x0 ./Include/MCAL/ADC/ADC.o
 .data          0x0000000000800060        0x0 ./Include/Lcd/Lcd.o
 .data          0x0000000000800060        0x0 ./FreeRtos/croutine.o
 .data          0x0000000000800060        0x0 ./FreeRtos/event_groups.o
 .data          0x0000000000800060        0x0 ./FreeRtos/heap_1.o
 .data          0x0000000000800060        0x0 ./FreeRtos/list.o
 .data          0x0000000000800060        0x0 ./FreeRtos/port.o
 .data          0x0000000000800060        0x0 ./FreeRtos/queue.o
 .data          0x0000000000800060        0x0 ./FreeRtos/stream_buffer.o
 .data          0x0000000000800060        0x0 ./FreeRtos/tasks.o
 .data          0x0000000000800060        0x0 ./FreeRtos/timers.o
 .data          0x0000000000800060        0x0 ./main.o
 .data          0x0000000000800060        0x0 c:/tools/avr8-gnu-toolchain-win32_x86_64/bin/../lib/gcc/avr/7.3.0/../../../../avr/lib/avr5\libm.a(divsf3.o)
 .data          0x0000000000800060        0x0 c:/tools/avr8-gnu-toolchain-win32_x86_64/bin/../lib/gcc/avr/7.3.0/../../../../avr/lib/avr5\libm.a(divsf3x.o)
 .data          0x0000000000800060        0x0 c:/tools/avr8-gnu-toolchain-win32_x86_64/bin/../lib/gcc/avr/7.3.0/../../../../avr/lib/avr5\libm.a(floatsisf.o)
 .data          0x0000000000800060        0x0 c:/tools/avr8-gnu-toolchain-win32_x86_64/bin/../lib/gcc/avr/7.3.0/../../../../avr/lib/avr5\libm.a(fp_inf.o)
 .data          0x0000000000800060        0x0 c:/tools/avr8-gnu-toolchain-win32_x86_64/bin/../lib/gcc/avr/7.3.0/../../../../avr/lib/avr5\libm.a(fp_nan.o)
 .data          0x0000000000800060        0x0 c:/tools/avr8-gnu-toolchain-win32_x86_64/bin/../lib/gcc/avr/7.3.0/../../../../avr/lib/avr5\libm.a(fp_pscA.o)
 .data          0x0000000000800060        0x0 c:/tools/avr8-gnu-toolchain-win32_x86_64/bin/../lib/gcc/avr/7.3.0/../../../../avr/lib/avr5\libm.a(fp_pscB.o)
 .data          0x0000000000800060        0x0 c:/tools/avr8-gnu-toolchain-win32_x86_64/bin/../lib/gcc/avr/7.3.0/../../../../avr/lib/avr5\libm.a(fp_round.o)
 .data          0x0000000000800060        0x0 c:/tools/avr8-gnu-toolchain-win32_x86_64/bin/../lib/gcc/avr/7.3.0/../../../../avr/lib/avr5\libm.a(fp_split3.o)
 .data          0x0000000000800060        0x0 c:/tools/avr8-gnu-toolchain-win32_x86_64/bin/../lib/gcc/avr/7.3.0/../../../../avr/lib/avr5\libm.a(fp_zero.o)
 .data          0x0000000000800060        0x0 c:/tools/avr8-gnu-toolchain-win32_x86_64/bin/../lib/gcc/avr/7.3.0/../../../../avr/lib/avr5\libm.a(mulsf3.o)
 .data          0x0000000000800060        0x0 c:/tools/avr8-gnu-toolchain-win32_x86_64/bin/../lib/gcc/avr/7.3.0/../../../../avr/lib/avr5\libm.a(mulsf3x.o)
 .data          0x0000000000800060        0x0 c:/tools/avr8-gnu-toolchain-win32_x86_64/bin/../lib/gcc/avr/7.3.0/avr5\libgcc.a(_udivmodsi4.o)
 .data          0x0000000000800060        0x0 c:/tools/avr8-gnu-toolchain-win32_x86_64/bin/../lib/gcc/avr/7.3.0/avr5\libgcc.a(_exit.o)
 .data          0x0000000000800060        0x0 c:/tools/avr8-gnu-toolchain-win32_x86_64/bin/../lib/gcc/avr/7.3.0/avr5\libgcc.a(_tablejump2.o)
 .data          0x0000000000800060        0x0 c:/tools/avr8-gnu-toolchain-win32_x86_64/bin/../lib/gcc/avr/7.3.0/avr5\libgcc.a(_copy_data.o)
 .data          0x0000000000800060        0x0 c:/tools/avr8-gnu-toolchain-win32_x86_64/bin/../lib/gcc/avr/7.3.0/avr5\libgcc.a(_clear_bss.o)
 .data          0x0000000000800060        0x0 c:/tools/avr8-gnu-toolchain-win32_x86_64/bin/../lib/gcc/avr/7.3.0/../../../../avr/lib/avr5\libc.a(dtostrf.o)
 .data          0x0000000000800060        0x0 c:/tools/avr8-gnu-toolchain-win32_x86_64/bin/../lib/gcc/avr/7.3.0/../../../../avr/lib/avr5\libc.a(memcpy.o)
 .data          0x0000000000800060        0x0 c:/tools/avr8-gnu-toolchain-win32_x86_64/bin/../lib/gcc/avr/7.3.0/../../../../avr/lib/avr5\libc.a(snprintf.o)
 .data          0x0000000000800060        0x0 c:/tools/avr8-gnu-toolchain-win32_x86_64/bin/../lib/gcc/avr/7.3.0/../../../../avr/lib/avr5\libc.a(vfprintf_std.o)
 .data          0x0000000000800060        0x0 c:/tools/avr8-gnu-toolchain-win32_x86_64/bin/../lib/gcc/avr/7.3.0/../../../../avr/lib/avr5\libc.a(dtoa_prf.o)
 .data          0x0000000000800060        0x0 c:/tools/avr8-gnu-toolchain-win32_x86_64/bin/../lib/gcc/avr/7.3.0/../../../../avr/lib/avr5\libc.a(ftoa_engine.o)
 .data          0x0000000000800060        0x0 c:/tools/avr8-gnu-toolchain-win32_x86_64/bin/../lib/gcc/avr/7.3.0/../../../../avr/lib/avr5\libc.a(strnlen_P.o)
 .data          0x0000000000800060        0x0 c:/tools/avr8-gnu-toolchain-win32_x86_64/bin/../lib/gcc/avr/7.3.0/../../../../avr/lib/avr5\libc.a(strnlen.o)
 .data          0x0000000000800060        0x0 c:/tools/avr8-gnu-toolchain-win32_x86_64/bin/../lib/gcc/avr/7.3.0/../../../../avr/lib/avr5\libc.a(fputc.o)
 .data          0x0000000000800060        0x0 c:/tools/avr8-gnu-toolchain-win32_x86_64/bin/../lib/gcc/avr/7.3.0/../../../../avr/lib/avr5\libc.a(ultoa_invert.o)
 .data          0x0000000000800060        0x0 c:/tools/avr8-gnu-toolchain-win32_x86_64/bin/../lib/gcc/avr/7.3.0/avr5\libgcc.a(_prologue.o)
 .data          0x0000000000800060        0x0 c:/tools/avr8-gnu-toolchain-win32_x86_64/bin/../lib/gcc/avr/7.3.0/avr5\libgcc.a(_epilogue.o)
 *(.data*)
 .data.uxTopUsedPriority
                0x0000000000800060        0x1 ./FreeRtos/tasks.o
 *(.gnu.linkonce.d*)
 *(.rodata)
 *(.rodata*)
 .rodata.str1.1
                0x0000000000800061        0x5 ./FreeRtos/tasks.o
 .rodata.UART_Task.str1.1
                0x0000000000800066       0x44 ./main.o
 .rodata.main.str1.1
                0x00000000008000aa       0x6f ./main.o
 *(.gnu.linkonce.r*)
                0x000000000080011a                . = ALIGN (0x2)
 *fill*         0x0000000000800119        0x1 
                0x000000000080011a                _edata = .
                0x000000000080011a                PROVIDE (__data_end, .)

.bss            0x000000000080011a      0x685
                0x000000000080011a                PROVIDE (__bss_start, .)
 *(.bss)
 .bss           0x000000000080011a        0x0 c:/tools/avr8-gnu-toolchain-win32_x86_64/bin/../lib/gcc/avr/7.3.0/../../../../avr/lib/avr5/crtatmega32a.o
 .bss           0x000000000080011a        0x0 ./Include/MCAL/ADC/ADC.o
 .bss           0x000000000080011a        0x0 ./Include/Lcd/Lcd.o
 .bss           0x000000000080011a        0x0 ./FreeRtos/croutine.o
 .bss           0x000000000080011a        0x0 ./FreeRtos/event_groups.o
 .bss           0x000000000080011a        0x0 ./FreeRtos/heap_1.o
 .bss           0x000000000080011a        0x0 ./FreeRtos/list.o
 .bss           0x000000000080011a        0x0 ./FreeRtos/port.o
 .bss           0x000000000080011a        0x0 ./FreeRtos/queue.o
 .bss           0x000000000080011a        0x0 ./FreeRtos/stream_buffer.o
 .bss           0x000000000080011a        0x0 ./FreeRtos/tasks.o
 .bss           0x000000000080011a        0x0 ./FreeRtos/timers.o
 .bss           0x000000000080011a        0x0 ./main.o
 .bss           0x000000000080011a        0x0 c:/tools/avr8-gnu-toolchain-win32_x86_64/bin/../lib/gcc/avr/7.3.0/../../../../avr/lib/avr5\libm.a(divsf3.o)
 .bss           0x000000000080011a        0x0 c:/tools/avr8-gnu-toolchain-win32_x86_64/bin/../lib/gcc/avr/7.3.0/../../../../avr/lib/avr5\libm.a(divsf3x.o)
 .bss           0x000000000080011a        0x0 c:/tools/avr8-gnu-toolchain-win32_x86_64/bin/../lib/gcc/avr/7.3.0/../../../../avr/lib/avr5\libm.a(floatsisf.o)
 .bss           0x000000000080011a        0x0 c:/tools/avr8-gnu-toolchain-win32_x86_64/bin/../lib/gcc/avr/7.3.0/../../../../avr/lib/avr5\libm.a(fp_inf.o)
 .bss           0x000000000080011a        0x0 c:/tools/avr8-gnu-toolchain-win32_x86_64/bin/../lib/gcc/avr/7.3.0/../../../../avr/lib/avr5\libm.a(fp_nan.o)
 .bss           0x000000000080011a        0x0 c:/tools/avr8-gnu-toolchain-win32_x86_64/bin/../lib/gcc/avr/7.3.0/../../../../avr/lib/avr5\libm.a(fp_pscA.o)
 .bss           0x000000000080011a        0x0 c:/tools/avr8-gnu-toolchain-win32_x86_64/bin/../lib/gcc/avr/7.3.0/../../../../avr/lib/avr5\libm.a(fp_pscB.o)
 .bss           0x000000000080011a        0x0 c:/tools/avr8-gnu-toolchain-win32_x86_64/bin/../lib/gcc/avr/7.3.0/../../../../avr/lib/avr5\libm.a(fp_round.o)
 .bss           0x000000000080011a        0x0 c:/tools/avr8-gnu-toolchain-win32_x86_64/bin/../lib/gcc/avr/7.3.0/../../../../avr/lib/avr5\libm.a(fp_split3.o)
 .bss           0x000000000080011a        0x0 c:/tools/avr8-gnu-toolchain-win32_x86_64/bin/../lib/gcc/avr/7.3.0/../../../../avr/lib/avr5\libm.a(fp_zero.o)
 .bss           0x000000000080011a        0x0 c:/tools/avr8-gnu-toolchain-win32_x86_64/bin/../lib/gcc/avr/7.3.0/../../../../avr/lib/avr5\libm.a(mulsf3.o)
 .bss           0x000000000080011a        0x0 c:/tools/avr8-gnu-toolchain-win32_x86_64/bin/../lib/gcc/avr/7.3.0/../../../../avr/lib/avr5\libm.a(mulsf3x.o)
 .bss           0x000000000080011a        0x0 c:/tools/avr8-gnu-toolchain-win32_x86_64/bin/../lib/gcc/avr/7.3.0/avr5\libgcc.a(_udivmodsi4.o)
 .bss           0x000000000080011a        0x0 c:/tools/avr8-gnu-toolchain-win32_x86_64/bin/../lib/gcc/avr/7.3.0/avr5\libgcc.a(_exit.o)
 .bss           0x000000000080011a        0x0 c:/tools/avr8-gnu-toolchain-win32_x86_64/bin/../lib/gcc/avr/7.3.0/avr5\libgcc.a(_tablejump2.o)
 .bss           0x000000000080011a        0x0 c:/tools/avr8-gnu-toolchain-win32_x86_64/bin/../lib/gcc/avr/7.3.0/avr5\libgcc.a(_copy_data.o)
 .bss           0x000000000080011a        0x0 c:/tools/avr8-gnu-toolchain-win32_x86_64/bin/../lib/gcc/avr/7.3.0/avr5\libgcc.a(_clear_bss.o)
 .bss           0x000000000080011a        0x0 c:/tools/avr8-gnu-toolchain-win32_x86_64/bin/../lib/gcc/avr/7.3.0/../../../../avr/lib/avr5\libc.a(dtostrf.o)
 .bss           0x000000000080011a        0x0 c:/tools/avr8-gnu-toolchain-win32_x86_64/bin/../lib/gcc/avr/7.3.0/../../../../avr/lib/avr5\libc.a(memcpy.o)
 .bss           0x000000000080011a        0x0 c:/tools/avr8-gnu-toolchain-win32_x86_64/bin/../lib/gcc/avr/7.3.0/../../../../avr/lib/avr5\libc.a(snprintf.o)
 .bss           0x000000000080011a        0x0 c:/tools/avr8-gnu-toolchain-win32_x86_64/bin/../lib/gcc/avr/7.3.0/../../../../avr/lib/avr5\libc.a(vfprintf_std.o)
 .bss           0x000000000080011a        0x0 c:/tools/avr8-gnu-toolchain-win32_x86_64/bin/../lib/gcc/avr/7.3.0/../../../../avr/lib/avr5\libc.a(dtoa_prf.o)
 .bss           0x000000000080011a        0x0 c:/tools/avr8-gnu-toolchain-win32_x86_64/bin/../lib/gcc/avr/7.3.0/../../../../avr/lib/avr5\libc.a(ftoa_engine.o)
 .bss           0x000000000080011a        0x0 c:/tools/avr8-gnu-toolchain-win32_x86_64/bin/../lib/gcc/avr/7.3.0/../../../../avr/lib/avr5\libc.a(strnlen_P.o)
 .bss           0x000000000080011a        0x0 c:/tools/avr8-gnu-toolchain-win32_x86_64/bin/../lib/gcc/avr/7.3.0/../../../../avr/lib/avr5\libc.a(strnlen.o)
 .bss           0x000000000080011a        0x0 c:/tools/avr8-gnu-toolchain-win32_x86_64/bin/../lib/gcc/avr/7.3.0/../../../../avr/lib/avr5\libc.a(fputc.o)
 .bss           0x000000000080011a        0x0 c:/tools/avr8-gnu-toolchain-win32_x86_64/bin/../lib/gcc/avr/7.3.0/../../../../avr/lib/avr5\libc.a(ultoa_invert.o)
 .bss           0x000000000080011a        0x0 c:/tools/avr8-gnu-toolchain-win32_x86_64/bin/../lib/gcc/avr/7.3.0/avr5\libgcc.a(_prologue.o)
 .bss           0x000000000080011a        0x0 c:/tools/avr8-gnu-toolchain-win32_x86_64/bin/../lib/gcc/avr/7.3.0/avr5\libgcc.a(_epilogue.o)
 *(.bss*)
 .bss.xPassedTicks
                0x000000000080011a        0x2 ./FreeRtos/croutine.o
 .bss.xLastTickCount
                0x000000000080011c        0x2 ./FreeRtos/croutine.o
 .bss.xCoRoutineTickCount
                0x000000000080011e        0x2 ./FreeRtos/croutine.o
 .bss.uxTopCoRoutineReadyPriority
                0x0000000000800120        0x1 ./FreeRtos/croutine.o
 .bss.pxCurrentCoRoutine
                0x0000000000800121        0x2 ./FreeRtos/croutine.o
                0x0000000000800121                pxCurrentCoRoutine
 .bss.xPendingReadyCoRoutineList
                0x0000000000800123        0x9 ./FreeRtos/croutine.o
 .bss.pxOverflowDelayedCoRoutineList
                0x000000000080012c        0x2 ./FreeRtos/croutine.o
 .bss.pxDelayedCoRoutineList
                0x000000000080012e        0x2 ./FreeRtos/croutine.o
 .bss.xDelayedCoRoutineList2
                0x0000000000800130        0x9 ./FreeRtos/croutine.o
 .bss.xDelayedCoRoutineList1
                0x0000000000800139        0x9 ./FreeRtos/croutine.o
 .bss.pxReadyCoRoutineLists
                0x0000000000800142       0x12 ./FreeRtos/croutine.o
 .bss.pucAlignedHeap.1975
                0x0000000000800154        0x2 ./FreeRtos/heap_1.o
 .bss.xNextFreeByte
                0x0000000000800156        0x2 ./FreeRtos/heap_1.o
 .bss.ucHeap    0x0000000000800158      0x5dc ./FreeRtos/heap_1.o
 .bss.uxSchedulerSuspended
                0x0000000000800734        0x1 ./FreeRtos/tasks.o
 .bss.xIdleTaskHandles
                0x0000000000800735        0x2 ./FreeRtos/tasks.o
 .bss.xNextTaskUnblockTime
                0x0000000000800737        0x2 ./FreeRtos/tasks.o
 .bss.uxTaskNumber
                0x0000000000800739        0x1 ./FreeRtos/tasks.o
 .bss.xNumOfOverflows
                0x000000000080073a        0x1 ./FreeRtos/tasks.o
 .bss.xYieldPendings
                0x000000000080073b        0x1 ./FreeRtos/tasks.o
 .bss.xPendedTicks
                0x000000000080073c        0x2 ./FreeRtos/tasks.o
 .bss.xSchedulerRunning
                0x000000000080073e        0x1 ./FreeRtos/tasks.o
 .bss.uxTopReadyPriority
                0x000000000080073f        0x1 ./FreeRtos/tasks.o
 .bss.xTickCount
                0x0000000000800740        0x2 ./FreeRtos/tasks.o
 .bss.uxCurrentNumberOfTasks
                0x0000000000800742        0x1 ./FreeRtos/tasks.o
 .bss.uxDeletedTasksWaitingCleanUp
                0x0000000000800743        0x1 ./FreeRtos/tasks.o
 .bss.xTasksWaitingTermination
                0x0000000000800744        0x9 ./FreeRtos/tasks.o
 .bss.xPendingReadyList
                0x000000000080074d        0x9 ./FreeRtos/tasks.o
 .bss.pxOverflowDelayedTaskList
                0x0000000000800756        0x2 ./FreeRtos/tasks.o
 .bss.pxDelayedTaskList
                0x0000000000800758        0x2 ./FreeRtos/tasks.o
 .bss.xDelayedTaskList2
                0x000000000080075a        0x9 ./FreeRtos/tasks.o
 .bss.xDelayedTaskList1
                0x0000000000800763        0x9 ./FreeRtos/tasks.o
 .bss.pxReadyTasksLists
                0x000000000080076c       0x24 ./FreeRtos/tasks.o
 .bss.pxCurrentTCB
                0x0000000000800790        0x2 ./FreeRtos/tasks.o
                0x0000000000800790                pxCurrentTCB
 .bss.prev_charging_state
                0x0000000000800792        0x1 ./main.o
                0x0000000000800792                prev_charging_state
 .bss.charging_state
                0x0000000000800793        0x1 ./main.o
                0x0000000000800793                charging_state
 .bss.suddenDisconnect_flag
                0x0000000000800794        0x1 ./main.o
                0x0000000000800794                suddenDisconnect_flag
 .bss.overcurrent_flag
                0x0000000000800795        0x1 ./main.o
                0x0000000000800795                overcurrent_flag
 .bss.xSuddenDisconnect_Task_Handle
                0x0000000000800796        0x2 ./main.o
                0x0000000000800796                xSuddenDisconnect_Task_Handle
 .bss.xOverCurrent_Task_Handle
                0x0000000000800798        0x2 ./main.o
                0x0000000000800798                xOverCurrent_Task_Handle
 .bss.xVehicleCheck_Task_Handle
                0x000000000080079a        0x2 ./main.o
                0x000000000080079a                xVehicleCheck_Task_Handle
 .bss.xADC_Task_Handle
                0x000000000080079c        0x2 ./main.o
                0x000000000080079c                xADC_Task_Handle
 .bss.is_vehicle_connected
                0x000000000080079e        0x1 ./main.o
                0x000000000080079e                is_vehicle_connected
 *(COMMON)
                0x000000000080079f                PROVIDE (__bss_end, .)
                0x0000000000004948                __data_load_start = LOADADDR (.data)
                0x0000000000004a02                __data_load_end = (__data_load_start + SIZEOF (.data))

.noinit         0x000000000080079f        0x0
                [!provide]                        PROVIDE (__noinit_start, .)
 *(.noinit*)
                [!provide]                        PROVIDE (__noinit_end, .)
                0x000000000080079f                _end = .
                [!provide]                        PROVIDE (__heap_start, .)

.eeprom         0x0000000000810000        0x0
 *(.eeprom*)
                0x0000000000810000                __eeprom_end = .

.fuse
 *(.fuse)
 *(.lfuse)
 *(.hfuse)
 *(.efuse)

.lock
 *(.lock*)

.signature
 *(.signature*)

.user_signatures
 *(.user_signatures*)

.stab           0x0000000000000000     0xab90
 *(.stab)
 .stab          0x0000000000000000      0x7e0 ./Include/MCAL/ADC/ADC.o
 .stab          0x00000000000007e0      0x6fc ./Include/Lcd/Lcd.o
                                        0x8c4 (size before relaxing)
 .stab          0x0000000000000edc      0xcb4 ./FreeRtos/croutine.o
                                        0xe7c (size before relaxing)
 .stab          0x0000000000001b90      0xcb4 ./FreeRtos/event_groups.o
                                       0x1008 (size before relaxing)
 .stab          0x0000000000002844      0x4d4 ./FreeRtos/heap_1.o
                                        0x9b4 (size before relaxing)
 .stab          0x0000000000002d18      0x624 ./FreeRtos/list.o
                                        0xa2c (size before relaxing)
 .stab          0x000000000000333c      0x6e4 ./FreeRtos/port.o
                                        0xbb8 (size before relaxing)
 .stab          0x0000000000003a20     0x1ff8 ./FreeRtos/queue.o
                                       0x2514 (size before relaxing)
 .stab          0x0000000000005a18     0x1608 ./FreeRtos/stream_buffer.o
                                       0x1a7c (size before relaxing)
 .stab          0x0000000000007020     0x2ab4 ./FreeRtos/tasks.o
                                       0x2fc4 (size before relaxing)
 .stab          0x0000000000009ad4      0x354 ./FreeRtos/timers.o
                                        0x894 (size before relaxing)
 .stab          0x0000000000009e28      0xd68 ./main.o
                                        0xffc (size before relaxing)

.stabstr        0x0000000000000000     0x6725
 *(.stabstr)
 .stabstr       0x0000000000000000     0x6725 ./Include/MCAL/ADC/ADC.o

.stab.excl
 *(.stab.excl)

.stab.exclstr
 *(.stab.exclstr)

.stab.index
 *(.stab.index)

.stab.indexstr
 *(.stab.indexstr)

.comment        0x0000000000000000       0x5c
 *(.comment)
 .comment       0x0000000000000000       0x30 ./Include/MCAL/ADC/ADC.o
                                         0x31 (size before relaxing)
 .comment       0x0000000000000030       0x31 ./Include/Lcd/Lcd.o
 .comment       0x0000000000000030       0x31 ./FreeRtos/croutine.o
 .comment       0x0000000000000030       0x31 ./FreeRtos/event_groups.o
 .comment       0x0000000000000030       0x31 ./FreeRtos/heap_1.o
 .comment       0x0000000000000030       0x31 ./FreeRtos/list.o
 .comment       0x0000000000000030       0x31 ./FreeRtos/port.o
 .comment       0x0000000000000030       0x31 ./FreeRtos/queue.o
 .comment       0x0000000000000030       0x31 ./FreeRtos/stream_buffer.o
 .comment       0x0000000000000030       0x31 ./FreeRtos/tasks.o
 .comment       0x0000000000000030       0x31 ./FreeRtos/timers.o
 .comment       0x0000000000000030       0x31 ./main.o
 .comment       0x0000000000000030       0x31 c:/tools/avr8-gnu-toolchain-win32_x86_64/bin/../lib/gcc/avr/7.3.0/../../../../avr/lib/avr5\libc.a(dtostrf.o)
 .comment       0x0000000000000030       0x31 c:/tools/avr8-gnu-toolchain-win32_x86_64/bin/../lib/gcc/avr/7.3.0/../../../../avr/lib/avr5\libc.a(snprintf.o)
 .comment       0x0000000000000030       0x2c c:/tools/avr8-gnu-toolchain-win32_x86_64/bin/../lib/gcc/avr/7.3.0/../../../../avr/lib/avr5\libc.a(vfprintf_std.o)
                                         0x2d (size before relaxing)
 .comment       0x000000000000005c       0x31 c:/tools/avr8-gnu-toolchain-win32_x86_64/bin/../lib/gcc/avr/7.3.0/../../../../avr/lib/avr5\libc.a(dtoa_prf.o)
 .comment       0x000000000000005c       0x31 c:/tools/avr8-gnu-toolchain-win32_x86_64/bin/../lib/gcc/avr/7.3.0/../../../../avr/lib/avr5\libc.a(fputc.o)

.note.gnu.avr.deviceinfo
                0x0000000000000000       0x3c
 .note.gnu.avr.deviceinfo
                0x0000000000000000       0x3c c:/tools/avr8-gnu-toolchain-win32_x86_64/bin/../lib/gcc/avr/7.3.0/../../../../avr/lib/avr5/crtatmega32a.o

.avr.prop       0x0000000000000000       0x16
 .avr.prop      0x0000000000000000       0x16 ./Include/MCAL/ADC/ADC.o

.note.gnu.build-id
 *(.note.gnu.build-id)

.debug
 *(.debug)

.line
 *(.line)

.debug_srcinfo
 *(.debug_srcinfo)

.debug_sfnames
 *(.debug_sfnames)

.debug_aranges
 *(.debug_aranges)

.debug_pubnames
 *(.debug_pubnames)

.debug_info     0x0000000000000000      0x4e6
 *(.debug_info .gnu.linkonce.wi.*)
 .debug_info    0x0000000000000000      0x4e6 c:/tools/avr8-gnu-toolchain-win32_x86_64/bin/../lib/gcc/avr/7.3.0/../../../../avr/lib/avr5/crtatmega32a.o

.debug_abbrev   0x0000000000000000      0x4a3
 *(.debug_abbrev)
 .debug_abbrev  0x0000000000000000      0x4a3 c:/tools/avr8-gnu-toolchain-win32_x86_64/bin/../lib/gcc/avr/7.3.0/../../../../avr/lib/avr5/crtatmega32a.o

.debug_line     0x0000000000000000       0x1a
 *(.debug_line .debug_line.* .debug_line_end)
 .debug_line    0x0000000000000000       0x1a c:/tools/avr8-gnu-toolchain-win32_x86_64/bin/../lib/gcc/avr/7.3.0/../../../../avr/lib/avr5/crtatmega32a.o

.debug_frame
 *(.debug_frame)

.debug_str      0x0000000000000000      0x196
 *(.debug_str)
 .debug_str     0x0000000000000000      0x196 c:/tools/avr8-gnu-toolchain-win32_x86_64/bin/../lib/gcc/avr/7.3.0/../../../../avr/lib/avr5/crtatmega32a.o

.debug_loc
 *(.debug_loc)

.debug_macinfo
 *(.debug_macinfo)

.debug_weaknames
 *(.debug_weaknames)

.debug_funcnames
 *(.debug_funcnames)

.debug_typenames
 *(.debug_typenames)

.debug_varnames
 *(.debug_varnames)

.debug_pubtypes
 *(.debug_pubtypes)

.debug_ranges
 *(.debug_ranges)

.debug_macro
 *(.debug_macro)
OUTPUT(EV_charging_station.elf elf32-avr)
LOAD linker stubs
