Archive member included to satisfy reference by file (symbol)

c:/tools/avr8-gnu-toolchain-win32_x86_64/bin/../lib/gcc/avr/7.3.0/avr5\libgcc.a(_udivmodsi4.o)
                              ./main.o (__udivmodsi4)
c:/tools/avr8-gnu-toolchain-win32_x86_64/bin/../lib/gcc/avr/7.3.0/avr5\libgcc.a(_exit.o)
                              c:/tools/avr8-gnu-toolchain-win32_x86_64/bin/../lib/gcc/avr/7.3.0/../../../../avr/lib/avr5/crtatmega32a.o (exit)
c:/tools/avr8-gnu-toolchain-win32_x86_64/bin/../lib/gcc/avr/7.3.0/avr5\libgcc.a(_tablejump2.o)
                              ./Include/MCAL/ADC/ADC.o (__tablejump2__)
c:/tools/avr8-gnu-toolchain-win32_x86_64/bin/../lib/gcc/avr/7.3.0/avr5\libgcc.a(_copy_data.o)
                              ./FreeRtos/tasks.o (__do_copy_data)
c:/tools/avr8-gnu-toolchain-win32_x86_64/bin/../lib/gcc/avr/7.3.0/avr5\libgcc.a(_clear_bss.o)
                              ./FreeRtos/croutine.o (__do_clear_bss)
c:/tools/avr8-gnu-toolchain-win32_x86_64/bin/../lib/gcc/avr/7.3.0/../../../../avr/lib/avr5\libm.a(divsf3.o)
                              ./Include/MCAL/ADC/ADC.o (__divsf3)
c:/tools/avr8-gnu-toolchain-win32_x86_64/bin/../lib/gcc/avr/7.3.0/../../../../avr/lib/avr5\libm.a(divsf3x.o)
                              c:/tools/avr8-gnu-toolchain-win32_x86_64/bin/../lib/gcc/avr/7.3.0/../../../../avr/lib/avr5\libm.a(divsf3.o) (__divsf3x)
c:/tools/avr8-gnu-toolchain-win32_x86_64/bin/../lib/gcc/avr/7.3.0/../../../../avr/lib/avr5\libm.a(floatsisf.o)
                              ./Include/MCAL/ADC/ADC.o (__floatunsisf)
c:/tools/avr8-gnu-toolchain-win32_x86_64/bin/../lib/gcc/avr/7.3.0/../../../../avr/lib/avr5\libm.a(fp_inf.o)
                              c:/tools/avr8-gnu-toolchain-win32_x86_64/bin/../lib/gcc/avr/7.3.0/../../../../avr/lib/avr5\libm.a(divsf3x.o) (__fp_inf)
c:/tools/avr8-gnu-toolchain-win32_x86_64/bin/../lib/gcc/avr/7.3.0/../../../../avr/lib/avr5\libm.a(fp_nan.o)
                              c:/tools/avr8-gnu-toolchain-win32_x86_64/bin/../lib/gcc/avr/7.3.0/../../../../avr/lib/avr5\libm.a(divsf3x.o) (__fp_nan)
c:/tools/avr8-gnu-toolchain-win32_x86_64/bin/../lib/gcc/avr/7.3.0/../../../../avr/lib/avr5\libm.a(fp_pscA.o)
                              c:/tools/avr8-gnu-toolchain-win32_x86_64/bin/../lib/gcc/avr/7.3.0/../../../../avr/lib/avr5\libm.a(divsf3x.o) (__fp_pscA)
c:/tools/avr8-gnu-toolchain-win32_x86_64/bin/../lib/gcc/avr/7.3.0/../../../../avr/lib/avr5\libm.a(fp_pscB.o)
                              c:/tools/avr8-gnu-toolchain-win32_x86_64/bin/../lib/gcc/avr/7.3.0/../../../../avr/lib/avr5\libm.a(divsf3x.o) (__fp_pscB)
c:/tools/avr8-gnu-toolchain-win32_x86_64/bin/../lib/gcc/avr/7.3.0/../../../../avr/lib/avr5\libm.a(fp_round.o)
                              c:/tools/avr8-gnu-toolchain-win32_x86_64/bin/../lib/gcc/avr/7.3.0/../../../../avr/lib/avr5\libm.a(divsf3.o) (__fp_round)
c:/tools/avr8-gnu-toolchain-win32_x86_64/bin/../lib/gcc/avr/7.3.0/../../../../avr/lib/avr5\libm.a(fp_split3.o)
                              c:/tools/avr8-gnu-toolchain-win32_x86_64/bin/../lib/gcc/avr/7.3.0/../../../../avr/lib/avr5\libm.a(divsf3x.o) (__fp_split3)
c:/tools/avr8-gnu-toolchain-win32_x86_64/bin/../lib/gcc/avr/7.3.0/../../../../avr/lib/avr5\libm.a(fp_zero.o)
                              c:/tools/avr8-gnu-toolchain-win32_x86_64/bin/../lib/gcc/avr/7.3.0/../../../../avr/lib/avr5\libm.a(divsf3x.o) (__fp_szero)
c:/tools/avr8-gnu-toolchain-win32_x86_64/bin/../lib/gcc/avr/7.3.0/../../../../avr/lib/avr5\libm.a(mulsf3.o)
                              ./Include/MCAL/ADC/ADC.o (__mulsf3)
c:/tools/avr8-gnu-toolchain-win32_x86_64/bin/../lib/gcc/avr/7.3.0/../../../../avr/lib/avr5\libm.a(mulsf3x.o)
                              c:/tools/avr8-gnu-toolchain-win32_x86_64/bin/../lib/gcc/avr/7.3.0/../../../../avr/lib/avr5\libm.a(mulsf3.o) (__mulsf3x)
c:/tools/avr8-gnu-toolchain-win32_x86_64/bin/../lib/gcc/avr/7.3.0/../../../../avr/lib/avr5\libc.a(memcpy.o)
                              ./FreeRtos/queue.o (memcpy)
c:/tools/avr8-gnu-toolchain-win32_x86_64/bin/../lib/gcc/avr/7.3.0/../../../../avr/lib/avr5\libc.a(snprintf.o)
                              ./main.o (snprintf)
c:/tools/avr8-gnu-toolchain-win32_x86_64/bin/../lib/gcc/avr/7.3.0/../../../../avr/lib/avr5\libc.a(vfprintf_std.o)
                              c:/tools/avr8-gnu-toolchain-win32_x86_64/bin/../lib/gcc/avr/7.3.0/../../../../avr/lib/avr5\libc.a(snprintf.o) (vfprintf)
c:/tools/avr8-gnu-toolchain-win32_x86_64/bin/../lib/gcc/avr/7.3.0/../../../../avr/lib/avr5\libc.a(strnlen_P.o)
                              c:/tools/avr8-gnu-toolchain-win32_x86_64/bin/../lib/gcc/avr/7.3.0/../../../../avr/lib/avr5\libc.a(vfprintf_std.o) (strnlen_P)
c:/tools/avr8-gnu-toolchain-win32_x86_64/bin/../lib/gcc/avr/7.3.0/../../../../avr/lib/avr5\libc.a(strnlen.o)
                              c:/tools/avr8-gnu-toolchain-win32_x86_64/bin/../lib/gcc/avr/7.3.0/../../../../avr/lib/avr5\libc.a(vfprintf_std.o) (strnlen)
c:/tools/avr8-gnu-toolchain-win32_x86_64/bin/../lib/gcc/avr/7.3.0/../../../../avr/lib/avr5\libc.a(fputc.o)
                              c:/tools/avr8-gnu-toolchain-win32_x86_64/bin/../lib/gcc/avr/7.3.0/../../../../avr/lib/avr5\libc.a(vfprintf_std.o) (fputc)
c:/tools/avr8-gnu-toolchain-win32_x86_64/bin/../lib/gcc/avr/7.3.0/../../../../avr/lib/avr5\libc.a(ultoa_invert.o)
                              c:/tools/avr8-gnu-toolchain-win32_x86_64/bin/../lib/gcc/avr/7.3.0/../../../../avr/lib/avr5\libc.a(vfprintf_std.o) (__ultoa_invert)
c:/tools/avr8-gnu-toolchain-win32_x86_64/bin/../lib/gcc/avr/7.3.0/avr5\libgcc.a(_prologue.o)
                              c:/tools/avr8-gnu-toolchain-win32_x86_64/bin/../lib/gcc/avr/7.3.0/../../../../avr/lib/avr5\libc.a(snprintf.o) (__prologue_saves__)
c:/tools/avr8-gnu-toolchain-win32_x86_64/bin/../lib/gcc/avr/7.3.0/avr5\libgcc.a(_epilogue.o)
                              c:/tools/avr8-gnu-toolchain-win32_x86_64/bin/../lib/gcc/avr/7.3.0/../../../../avr/lib/avr5\libc.a(snprintf.o) (__epilogue_restores__)

Memory Configuration

Name             Origin             Length             Attributes
text             0x0000000000000000 0x0000000000008000 xr
data             0x0000000000800060 0x0000000000000800 rw !x
eeprom           0x0000000000810000 0x0000000000000400 rw !x
fuse             0x0000000000820000 0x0000000000000002 rw !x
lock             0x0000000000830000 0x0000000000000400 rw !x
signature        0x0000000000840000 0x0000000000000400 rw !x
user_signatures  0x0000000000850000 0x0000000000000400 rw !x
*default*        0x0000000000000000 0xffffffffffffffff

Linker script and memory map

LOAD c:/tools/avr8-gnu-toolchain-win32_x86_64/bin/../lib/gcc/avr/7.3.0/../../../../avr/lib/avr5/crtatmega32a.o
LOAD ./Include/MCAL/ADC/ADC.o
LOAD ./Include/Lcd/Lcd.o
LOAD ./FreeRtos/croutine.o
LOAD ./FreeRtos/event_groups.o
LOAD ./FreeRtos/heap_1.o
LOAD ./FreeRtos/list.o
LOAD ./FreeRtos/port.o
LOAD ./FreeRtos/queue.o
LOAD ./FreeRtos/stream_buffer.o
LOAD ./FreeRtos/tasks.o
LOAD ./FreeRtos/timers.o
LOAD ./main.o
START GROUP
LOAD c:/tools/avr8-gnu-toolchain-win32_x86_64/bin/../lib/gcc/avr/7.3.0/avr5\libgcc.a
LOAD c:/tools/avr8-gnu-toolchain-win32_x86_64/bin/../lib/gcc/avr/7.3.0/../../../../avr/lib/avr5\libm.a
LOAD c:/tools/avr8-gnu-toolchain-win32_x86_64/bin/../lib/gcc/avr/7.3.0/../../../../avr/lib/avr5\libc.a
LOAD c:/tools/avr8-gnu-toolchain-win32_x86_64/bin/../lib/gcc/avr/7.3.0/../../../../avr/lib/avr5\libatmega32a.a
END GROUP
                [0x0000000000000000]                __TEXT_REGION_ORIGIN__ = DEFINED (__TEXT_REGION_ORIGIN__)?__TEXT_REGION_ORIGIN__:0x0
                [0x0000000000800060]                __DATA_REGION_ORIGIN__ = DEFINED (__DATA_REGION_ORIGIN__)?__DATA_REGION_ORIGIN__:0x800060
                [0x0000000000008000]                __TEXT_REGION_LENGTH__ = DEFINED (__TEXT_REGION_LENGTH__)?__TEXT_REGION_LENGTH__:0x20000
                [0x0000000000000800]                __DATA_REGION_LENGTH__ = DEFINED (__DATA_REGION_LENGTH__)?__DATA_REGION_LENGTH__:0xffa0
                [0x0000000000000400]                __EEPROM_REGION_LENGTH__ = DEFINED (__EEPROM_REGION_LENGTH__)?__EEPROM_REGION_LENGTH__:0x10000
                [0x0000000000000002]                __FUSE_REGION_LENGTH__ = DEFINED (__FUSE_REGION_LENGTH__)?__FUSE_REGION_LENGTH__:0x400
                0x0000000000000400                __LOCK_REGION_LENGTH__ = DEFINED (__LOCK_REGION_LENGTH__)?__LOCK_REGION_LENGTH__:0x400
                0x0000000000000400                __SIGNATURE_REGION_LENGTH__ = DEFINED (__SIGNATURE_REGION_LENGTH__)?__SIGNATURE_REGION_LENGTH__:0x400
                0x0000000000000400                __USER_SIGNATURE_REGION_LENGTH__ = DEFINED (__USER_SIGNATURE_REGION_LENGTH__)?__USER_SIGNATURE_REGION_LENGTH__:0x400

.hash
 *(.hash)

.dynsym
 *(.dynsym)

.dynstr
 *(.dynstr)

.gnu.version
 *(.gnu.version)

.gnu.version_d
 *(.gnu.version_d)

.gnu.version_r
 *(.gnu.version_r)

.rel.init
 *(.rel.init)

.rela.init
 *(.rela.init)

.rel.text
 *(.rel.text)
 *(.rel.text.*)
 *(.rel.gnu.linkonce.t*)

.rela.text
 *(.rela.text)
 *(.rela.text.*)
 *(.rela.gnu.linkonce.t*)

.rel.fini
 *(.rel.fini)

.rela.fini
 *(.rela.fini)

.rel.rodata
 *(.rel.rodata)
 *(.rel.rodata.*)
 *(.rel.gnu.linkonce.r*)

.rela.rodata
 *(.rela.rodata)
 *(.rela.rodata.*)
 *(.rela.gnu.linkonce.r*)

.rel.data
 *(.rel.data)
 *(.rel.data.*)
 *(.rel.gnu.linkonce.d*)

.rela.data
 *(.rela.data)
 *(.rela.data.*)
 *(.rela.gnu.linkonce.d*)

.rel.ctors
 *(.rel.ctors)

.rela.ctors
 *(.rela.ctors)

.rel.dtors
 *(.rel.dtors)

.rela.dtors
 *(.rela.dtors)

.rel.got
 *(.rel.got)

.rela.got
 *(.rela.got)

.rel.bss
 *(.rel.bss)

.rela.bss
 *(.rela.bss)

.rel.plt
 *(.rel.plt)

.rela.plt
 *(.rela.plt)

.text           0x0000000000000000     0x407a
 *(.vectors)
 .vectors       0x0000000000000000       0x54 c:/tools/avr8-gnu-toolchain-win32_x86_64/bin/../lib/gcc/avr/7.3.0/../../../../avr/lib/avr5/crtatmega32a.o
                0x0000000000000000                __vector_default
                0x0000000000000000                __vectors
 *(.vectors)
 *(.progmem.gcc*)
                0x0000000000000054                . = ALIGN (0x2)
                0x0000000000000054                __trampolines_start = .
 *(.trampolines)
 .trampolines   0x0000000000000054        0x0 linker stubs
 *(.trampolines*)
                0x0000000000000054                __trampolines_end = .
 *libprintf_flt.a:*(.progmem.data)
 *libc.a:*(.progmem.data)
 *(.progmem*)
                0x0000000000000054                . = ALIGN (0x2)
 *(.jumptables)
 *(.jumptables*)
 *(.lowtext)
 *(.lowtext*)
                0x0000000000000054                __ctors_start = .
 *(.ctors)
                0x0000000000000054                __ctors_end = .
                0x0000000000000054                __dtors_start = .
 *(.dtors)
                0x0000000000000054                __dtors_end = .
 SORT(*)(.ctors)
 SORT(*)(.dtors)
 *(.init0)
 .init0         0x0000000000000054        0x0 c:/tools/avr8-gnu-toolchain-win32_x86_64/bin/../lib/gcc/avr/7.3.0/../../../../avr/lib/avr5/crtatmega32a.o
                0x0000000000000054                __init
 *(.init0)
 *(.init1)
 *(.init1)
 *(.init2)
 .init2         0x0000000000000054        0xc c:/tools/avr8-gnu-toolchain-win32_x86_64/bin/../lib/gcc/avr/7.3.0/../../../../avr/lib/avr5/crtatmega32a.o
 *(.init2)
 *(.init3)
 *(.init3)
 *(.init4)
 .init4         0x0000000000000060       0x16 c:/tools/avr8-gnu-toolchain-win32_x86_64/bin/../lib/gcc/avr/7.3.0/avr5\libgcc.a(_copy_data.o)
                0x0000000000000060                __do_copy_data
 .init4         0x0000000000000076       0x10 c:/tools/avr8-gnu-toolchain-win32_x86_64/bin/../lib/gcc/avr/7.3.0/avr5\libgcc.a(_clear_bss.o)
                0x0000000000000076                __do_clear_bss
 *(.init4)
 *(.init5)
 *(.init5)
 *(.init6)
 *(.init6)
 *(.init7)
 *(.init7)
 *(.init8)
 *(.init8)
 *(.init9)
 .init9         0x0000000000000086        0x8 c:/tools/avr8-gnu-toolchain-win32_x86_64/bin/../lib/gcc/avr/7.3.0/../../../../avr/lib/avr5/crtatmega32a.o
 *(.init9)
 *(.text)
 .text          0x000000000000008e        0x4 c:/tools/avr8-gnu-toolchain-win32_x86_64/bin/../lib/gcc/avr/7.3.0/../../../../avr/lib/avr5/crtatmega32a.o
                0x000000000000008e                __vector_1
                0x000000000000008e                __vector_12
                0x000000000000008e                __bad_interrupt
                0x000000000000008e                __vector_6
                0x000000000000008e                __vector_3
                0x000000000000008e                __vector_11
                0x000000000000008e                __vector_13
                0x000000000000008e                __vector_17
                0x000000000000008e                __vector_19
                0x000000000000008e                __vector_5
                0x000000000000008e                __vector_4
                0x000000000000008e                __vector_9
                0x000000000000008e                __vector_2
                0x000000000000008e                __vector_15
                0x000000000000008e                __vector_8
                0x000000000000008e                __vector_14
                0x000000000000008e                __vector_10
                0x000000000000008e                __vector_16
                0x000000000000008e                __vector_18
                0x000000000000008e                __vector_20
 .text          0x0000000000000092        0x0 ./Include/MCAL/ADC/ADC.o
 .text          0x0000000000000092        0x0 ./Include/Lcd/Lcd.o
 .text          0x0000000000000092        0x0 ./FreeRtos/croutine.o
 .text          0x0000000000000092        0x0 ./FreeRtos/event_groups.o
 .text          0x0000000000000092        0x0 ./FreeRtos/heap_1.o
 .text          0x0000000000000092        0x0 ./FreeRtos/list.o
 .text          0x0000000000000092        0x0 ./FreeRtos/port.o
 .text          0x0000000000000092        0x0 ./FreeRtos/queue.o
 .text          0x0000000000000092        0x0 ./FreeRtos/stream_buffer.o
 .text          0x0000000000000092        0x0 ./FreeRtos/tasks.o
 .text          0x0000000000000092        0x0 ./FreeRtos/timers.o
 .text          0x0000000000000092        0x0 ./main.o
 .text          0x0000000000000092        0x0 c:/tools/avr8-gnu-toolchain-win32_x86_64/bin/../lib/gcc/avr/7.3.0/avr5\libgcc.a(_udivmodsi4.o)
 .text          0x0000000000000092        0x0 c:/tools/avr8-gnu-toolchain-win32_x86_64/bin/../lib/gcc/avr/7.3.0/avr5\libgcc.a(_exit.o)
 .text          0x0000000000000092        0x0 c:/tools/avr8-gnu-toolchain-win32_x86_64/bin/../lib/gcc/avr/7.3.0/avr5\libgcc.a(_tablejump2.o)
 .text          0x0000000000000092        0x0 c:/tools/avr8-gnu-toolchain-win32_x86_64/bin/../lib/gcc/avr/7.3.0/avr5\libgcc.a(_copy_data.o)
 .text          0x0000000000000092        0x0 c:/tools/avr8-gnu-toolchain-win32_x86_64/bin/../lib/gcc/avr/7.3.0/avr5\libgcc.a(_clear_bss.o)
 .text          0x0000000000000092        0x0 c:/tools/avr8-gnu-toolchain-win32_x86_64/bin/../lib/gcc/avr/7.3.0/../../../../avr/lib/avr5\libm.a(divsf3.o)
 .text          0x0000000000000092        0x0 c:/tools/avr8-gnu-toolchain-win32_x86_64/bin/../lib/gcc/avr/7.3.0/../../../../avr/lib/avr5\libm.a(divsf3x.o)
 .text          0x0000000000000092        0x0 c:/tools/avr8-gnu-toolchain-win32_x86_64/bin/../lib/gcc/avr/7.3.0/../../../../avr/lib/avr5\libm.a(floatsisf.o)
 .text          0x0000000000000092        0x0 c:/tools/avr8-gnu-toolchain-win32_x86_64/bin/../lib/gcc/avr/7.3.0/../../../../avr/lib/avr5\libm.a(fp_inf.o)
 .text          0x0000000000000092        0x0 c:/tools/avr8-gnu-toolchain-win32_x86_64/bin/../lib/gcc/avr/7.3.0/../../../../avr/lib/avr5\libm.a(fp_nan.o)
 .text          0x0000000000000092        0x0 c:/tools/avr8-gnu-toolchain-win32_x86_64/bin/../lib/gcc/avr/7.3.0/../../../../avr/lib/avr5\libm.a(fp_pscA.o)
 .text          0x0000000000000092        0x0 c:/tools/avr8-gnu-toolchain-win32_x86_64/bin/../lib/gcc/avr/7.3.0/../../../../avr/lib/avr5\libm.a(fp_pscB.o)
 .text          0x0000000000000092        0x0 c:/tools/avr8-gnu-toolchain-win32_x86_64/bin/../lib/gcc/avr/7.3.0/../../../../avr/lib/avr5\libm.a(fp_round.o)
 .text          0x0000000000000092        0x0 c:/tools/avr8-gnu-toolchain-win32_x86_64/bin/../lib/gcc/avr/7.3.0/../../../../avr/lib/avr5\libm.a(fp_split3.o)
 .text          0x0000000000000092        0x0 c:/tools/avr8-gnu-toolchain-win32_x86_64/bin/../lib/gcc/avr/7.3.0/../../../../avr/lib/avr5\libm.a(fp_zero.o)
 .text          0x0000000000000092        0x0 c:/tools/avr8-gnu-toolchain-win32_x86_64/bin/../lib/gcc/avr/7.3.0/../../../../avr/lib/avr5\libm.a(mulsf3.o)
 .text          0x0000000000000092        0x0 c:/tools/avr8-gnu-toolchain-win32_x86_64/bin/../lib/gcc/avr/7.3.0/../../../../avr/lib/avr5\libm.a(mulsf3x.o)
 .text          0x0000000000000092        0x0 c:/tools/avr8-gnu-toolchain-win32_x86_64/bin/../lib/gcc/avr/7.3.0/../../../../avr/lib/avr5\libc.a(memcpy.o)
 .text          0x0000000000000092        0x0 c:/tools/avr8-gnu-toolchain-win32_x86_64/bin/../lib/gcc/avr/7.3.0/../../../../avr/lib/avr5\libc.a(snprintf.o)
 .text          0x0000000000000092        0x0 c:/tools/avr8-gnu-toolchain-win32_x86_64/bin/../lib/gcc/avr/7.3.0/../../../../avr/lib/avr5\libc.a(vfprintf_std.o)
 .text          0x0000000000000092        0x0 c:/tools/avr8-gnu-toolchain-win32_x86_64/bin/../lib/gcc/avr/7.3.0/../../../../avr/lib/avr5\libc.a(strnlen_P.o)
 .text          0x0000000000000092        0x0 c:/tools/avr8-gnu-toolchain-win32_x86_64/bin/../lib/gcc/avr/7.3.0/../../../../avr/lib/avr5\libc.a(strnlen.o)
 .text          0x0000000000000092        0x0 c:/tools/avr8-gnu-toolchain-win32_x86_64/bin/../lib/gcc/avr/7.3.0/../../../../avr/lib/avr5\libc.a(fputc.o)
 .text          0x0000000000000092        0x0 c:/tools/avr8-gnu-toolchain-win32_x86_64/bin/../lib/gcc/avr/7.3.0/../../../../avr/lib/avr5\libc.a(ultoa_invert.o)
 .text          0x0000000000000092        0x0 c:/tools/avr8-gnu-toolchain-win32_x86_64/bin/../lib/gcc/avr/7.3.0/avr5\libgcc.a(_prologue.o)
 .text          0x0000000000000092        0x0 c:/tools/avr8-gnu-toolchain-win32_x86_64/bin/../lib/gcc/avr/7.3.0/avr5\libgcc.a(_epilogue.o)
                0x0000000000000092                . = ALIGN (0x2)
 *(.text.*)
 .text.ADC_PRESCALER_SET
                0x0000000000000092       0x50 ./Include/MCAL/ADC/ADC.o
                0x0000000000000092                ADC_PRESCALER_SET
 .text.ADC_voltage_Reference
                0x00000000000000e2       0x26 ./Include/MCAL/ADC/ADC.o
                0x00000000000000e2                ADC_voltage_Reference
 .text.ADC_INIT
                0x0000000000000108       0x16 ./Include/MCAL/ADC/ADC.o
                0x0000000000000108                ADC_INIT
 .text.ADC_READ
                0x000000000000011e       0x5c ./Include/MCAL/ADC/ADC.o
                0x000000000000011e                ADC_READ
 .text.ADC_GetVoltage
                0x000000000000017a       0x24 ./Include/MCAL/ADC/ADC.o
                0x000000000000017a                ADC_GetVoltage
 .text.LCD_Command
                0x000000000000019e       0x52 ./Include/Lcd/Lcd.o
                0x000000000000019e                LCD_Command
 .text.LCD_Char
                0x00000000000001f0       0x52 ./Include/Lcd/Lcd.o
                0x00000000000001f0                LCD_Char
 .text.LCD_Init
                0x0000000000000242       0x3c ./Include/Lcd/Lcd.o
                0x0000000000000242                LCD_Init
 .text.LCD_String
                0x000000000000027e       0x18 ./Include/Lcd/Lcd.o
                0x000000000000027e                LCD_String
 .text.LCD_String_xy
                0x0000000000000296       0x2e ./Include/Lcd/Lcd.o
                0x0000000000000296                LCD_String_xy
 .text.LCD_Clear
                0x00000000000002c4       0x18 ./Include/Lcd/Lcd.o
                0x00000000000002c4                LCD_Clear
 .text.xCoRoutineCreate
                0x00000000000002dc       0xe2 ./FreeRtos/croutine.o
                0x00000000000002dc                xCoRoutineCreate
 .text.vCoRoutineAddToDelayedList
                0x00000000000003be       0x84 ./FreeRtos/croutine.o
                0x00000000000003be                vCoRoutineAddToDelayedList
 .text.vCoRoutineSchedule
                0x0000000000000442      0x208 ./FreeRtos/croutine.o
                0x0000000000000442                vCoRoutineSchedule
 .text.xCoRoutineRemoveFromEventList
                0x000000000000064a       0x48 ./FreeRtos/croutine.o
                0x000000000000064a                xCoRoutineRemoveFromEventList
 .text.vCoRoutineResetState
                0x0000000000000692       0x36 ./FreeRtos/croutine.o
                0x0000000000000692                vCoRoutineResetState
 .text.xEventGroupCreate
                0x00000000000006c8       0x26 ./FreeRtos/event_groups.o
                0x00000000000006c8                xEventGroupCreate
 .text.xEventGroupWaitBits
                0x00000000000006ee       0xec ./FreeRtos/event_groups.o
                0x00000000000006ee                xEventGroupWaitBits
 .text.xEventGroupClearBits
                0x00000000000007da       0x1e ./FreeRtos/event_groups.o
                0x00000000000007da                xEventGroupClearBits
 .text.xEventGroupGetBitsFromISR
                0x00000000000007f8        0x8 ./FreeRtos/event_groups.o
                0x00000000000007f8                xEventGroupGetBitsFromISR
 .text.xEventGroupSetBits
                0x0000000000000800       0x9a ./FreeRtos/event_groups.o
                0x0000000000000800                xEventGroupSetBits
 .text.xEventGroupSync
                0x000000000000089a       0xd8 ./FreeRtos/event_groups.o
                0x000000000000089a                xEventGroupSync
 .text.vEventGroupDelete
                0x0000000000000972       0x2c ./FreeRtos/event_groups.o
                0x0000000000000972                vEventGroupDelete
 .text.vEventGroupSetBitsCallback
                0x000000000000099e        0x6 ./FreeRtos/event_groups.o
                0x000000000000099e                vEventGroupSetBitsCallback
 .text.vEventGroupClearBitsCallback
                0x00000000000009a4        0x6 ./FreeRtos/event_groups.o
                0x00000000000009a4                vEventGroupClearBitsCallback
 .text.pvPortMalloc
                0x00000000000009aa       0x70 ./FreeRtos/heap_1.o
                0x00000000000009aa                pvPortMalloc
 .text.vPortFree
                0x0000000000000a1a        0x2 ./FreeRtos/heap_1.o
                0x0000000000000a1a                vPortFree
 .text.vPortInitialiseBlocks
                0x0000000000000a1c        0xa ./FreeRtos/heap_1.o
                0x0000000000000a1c                vPortInitialiseBlocks
 .text.xPortGetFreeHeapSize
                0x0000000000000a26       0x12 ./FreeRtos/heap_1.o
                0x0000000000000a26                xPortGetFreeHeapSize
 .text.vPortHeapResetState
                0x0000000000000a38        0xa ./FreeRtos/heap_1.o
                0x0000000000000a38                vPortHeapResetState
 .text.vListInitialise
                0x0000000000000a42       0x1c ./FreeRtos/list.o
                0x0000000000000a42                vListInitialise
 .text.vListInitialiseItem
                0x0000000000000a5e        0x8 ./FreeRtos/list.o
                0x0000000000000a5e                vListInitialiseItem
 .text.vListInsertEnd
                0x0000000000000a66       0x40 ./FreeRtos/list.o
                0x0000000000000a66                vListInsertEnd
 .text.vListInsert
                0x0000000000000aa6       0x6c ./FreeRtos/list.o
                0x0000000000000aa6                vListInsert
 .text.uxListRemove
                0x0000000000000b12       0x46 ./FreeRtos/list.o
                0x0000000000000b12                uxListRemove
 .text.pxPortInitialiseStack
                0x0000000000000b58       0xd8 ./FreeRtos/port.o
                0x0000000000000b58                pxPortInitialiseStack
 .text.xPortStartScheduler
                0x0000000000000c30       0x6a ./FreeRtos/port.o
                0x0000000000000c30                xPortStartScheduler
 .text.vPortEndScheduler
                0x0000000000000c9a        0x2 ./FreeRtos/port.o
                0x0000000000000c9a                vPortEndScheduler
 .text.vPortYield
                0x0000000000000c9c       0xb2 ./FreeRtos/port.o
                0x0000000000000c9c                vPortYield
 .text.vPortYieldFromTick
                0x0000000000000d4e       0xb8 ./FreeRtos/port.o
                0x0000000000000d4e                vPortYieldFromTick
 .text.__vector_7
                0x0000000000000e06        0x6 ./FreeRtos/port.o
                0x0000000000000e06                __vector_7
 .text.prvIsQueueEmpty
                0x0000000000000e0c       0x16 ./FreeRtos/queue.o
 .text.prvCopyDataToQueue
                0x0000000000000e22       0x94 ./FreeRtos/queue.o
 .text.prvCopyDataFromQueue
                0x0000000000000eb6       0x34 ./FreeRtos/queue.o
 .text.prvUnlockQueue
                0x0000000000000eea       0x7c ./FreeRtos/queue.o
 .text.xQueueGenericReset
                0x0000000000000f66       0x8c ./FreeRtos/queue.o
                0x0000000000000f66                xQueueGenericReset
 .text.xQueueGenericCreate
                0x0000000000000ff2       0x58 ./FreeRtos/queue.o
                0x0000000000000ff2                xQueueGenericCreate
 .text.xQueueGenericSend
                0x000000000000104a      0x12a ./FreeRtos/queue.o
                0x000000000000104a                xQueueGenericSend
 .text.xQueueGenericSendFromISR
                0x0000000000001174       0x68 ./FreeRtos/queue.o
                0x0000000000001174                xQueueGenericSendFromISR
 .text.xQueueGiveFromISR
                0x00000000000011dc       0x60 ./FreeRtos/queue.o
                0x00000000000011dc                xQueueGiveFromISR
 .text.xQueueReceive
                0x000000000000123c      0x122 ./FreeRtos/queue.o
                0x000000000000123c                xQueueReceive
 .text.xQueueSemaphoreTake
                0x000000000000135e      0x10a ./FreeRtos/queue.o
                0x000000000000135e                xQueueSemaphoreTake
 .text.xQueuePeek
                0x0000000000001468      0x122 ./FreeRtos/queue.o
                0x0000000000001468                xQueuePeek
 .text.xQueueReceiveFromISR
                0x000000000000158a       0x68 ./FreeRtos/queue.o
                0x000000000000158a                xQueueReceiveFromISR
 .text.xQueuePeekFromISR
                0x00000000000015f2       0x2e ./FreeRtos/queue.o
                0x00000000000015f2                xQueuePeekFromISR
 .text.uxQueueMessagesWaiting
                0x0000000000001620       0x10 ./FreeRtos/queue.o
                0x0000000000001620                uxQueueMessagesWaiting
 .text.uxQueueSpacesAvailable
                0x0000000000001630       0x14 ./FreeRtos/queue.o
                0x0000000000001630                uxQueueSpacesAvailable
 .text.uxQueueMessagesWaitingFromISR
                0x0000000000001644        0x6 ./FreeRtos/queue.o
                0x0000000000001644                uxQueueMessagesWaitingFromISR
 .text.vQueueDelete
                0x000000000000164a        0x4 ./FreeRtos/queue.o
                0x000000000000164a                vQueueDelete
 .text.uxQueueGetQueueItemSize
                0x000000000000164e        0x6 ./FreeRtos/queue.o
                0x000000000000164e                uxQueueGetQueueItemSize
 .text.uxQueueGetQueueLength
                0x0000000000001654        0x6 ./FreeRtos/queue.o
                0x0000000000001654                uxQueueGetQueueLength
 .text.xQueueIsQueueEmptyFromISR
                0x000000000000165a        0xc ./FreeRtos/queue.o
                0x000000000000165a                xQueueIsQueueEmptyFromISR
 .text.xQueueIsQueueFullFromISR
                0x0000000000001666        0xe ./FreeRtos/queue.o
                0x0000000000001666                xQueueIsQueueFullFromISR
 .text.xQueueCRSend
                0x0000000000001674       0x6e ./FreeRtos/queue.o
                0x0000000000001674                xQueueCRSend
 .text.xQueueCRReceive
                0x00000000000016e2       0x8e ./FreeRtos/queue.o
                0x00000000000016e2                xQueueCRReceive
 .text.xQueueCRSendFromISR
                0x0000000000001770       0x3e ./FreeRtos/queue.o
                0x0000000000001770                xQueueCRSendFromISR
 .text.xQueueCRReceiveFromISR
                0x00000000000017ae       0x78 ./FreeRtos/queue.o
                0x00000000000017ae                xQueueCRReceiveFromISR
 .text.prvBytesInBuffer
                0x0000000000001826       0x26 ./FreeRtos/stream_buffer.o
 .text.prvWriteBytesToBuffer
                0x000000000000184c       0x88 ./FreeRtos/stream_buffer.o
 .text.prvWriteMessageToBuffer
                0x00000000000018d4       0x8c ./FreeRtos/stream_buffer.o
 .text.prvReadBytesFromBuffer
                0x0000000000001960       0x88 ./FreeRtos/stream_buffer.o
 .text.prvReadMessageFromBuffer
                0x00000000000019e8       0x90 ./FreeRtos/stream_buffer.o
 .text.xStreamBufferGenericCreate
                0x0000000000001a78       0x70 ./FreeRtos/stream_buffer.o
                0x0000000000001a78                xStreamBufferGenericCreate
 .text.vStreamBufferDelete
                0x0000000000001ae8       0x14 ./FreeRtos/stream_buffer.o
                0x0000000000001ae8                vStreamBufferDelete
 .text.xStreamBufferReset
                0x0000000000001afc       0x40 ./FreeRtos/stream_buffer.o
                0x0000000000001afc                xStreamBufferReset
 .text.xStreamBufferResetFromISR
                0x0000000000001b3c       0x36 ./FreeRtos/stream_buffer.o
                0x0000000000001b3c                xStreamBufferResetFromISR
 .text.xStreamBufferSetTriggerLevel
                0x0000000000001b72       0x22 ./FreeRtos/stream_buffer.o
                0x0000000000001b72                xStreamBufferSetTriggerLevel
 .text.xStreamBufferSpacesAvailable
                0x0000000000001b94       0x34 ./FreeRtos/stream_buffer.o
                0x0000000000001b94                xStreamBufferSpacesAvailable
 .text.xStreamBufferBytesAvailable
                0x0000000000001bc8        0x4 ./FreeRtos/stream_buffer.o
                0x0000000000001bc8                xStreamBufferBytesAvailable
 .text.xStreamBufferSend
                0x0000000000001bcc      0x174 ./FreeRtos/stream_buffer.o
                0x0000000000001bcc                xStreamBufferSend
 .text.xStreamBufferSendFromISR
                0x0000000000001d40       0x8a ./FreeRtos/stream_buffer.o
                0x0000000000001d40                xStreamBufferSendFromISR
 .text.xStreamBufferReceive
                0x0000000000001dca       0xfe ./FreeRtos/stream_buffer.o
                0x0000000000001dca                xStreamBufferReceive
 .text.xStreamBufferNextMessageLengthBytes
                0x0000000000001ec8       0x4e ./FreeRtos/stream_buffer.o
                0x0000000000001ec8                xStreamBufferNextMessageLengthBytes
 .text.xStreamBufferReceiveFromISR
                0x0000000000001f16       0x88 ./FreeRtos/stream_buffer.o
                0x0000000000001f16                xStreamBufferReceiveFromISR
 .text.xStreamBufferIsEmpty
                0x0000000000001f9e       0x16 ./FreeRtos/stream_buffer.o
                0x0000000000001f9e                xStreamBufferIsEmpty
 .text.xStreamBufferIsFull
                0x0000000000001fb4       0x2a ./FreeRtos/stream_buffer.o
                0x0000000000001fb4                xStreamBufferIsFull
 .text.xStreamBufferSendCompletedFromISR
                0x0000000000001fde       0x4c ./FreeRtos/stream_buffer.o
                0x0000000000001fde                xStreamBufferSendCompletedFromISR
 .text.xStreamBufferReceiveCompletedFromISR
                0x000000000000202a       0x4c ./FreeRtos/stream_buffer.o
                0x000000000000202a                xStreamBufferReceiveCompletedFromISR
 .text.uxStreamBufferGetStreamBufferNotificationIndex
                0x0000000000002076        0x6 ./FreeRtos/stream_buffer.o
                0x0000000000002076                uxStreamBufferGetStreamBufferNotificationIndex
 .text.vStreamBufferSetStreamBufferNotificationIndex
                0x000000000000207c        0x6 ./FreeRtos/stream_buffer.o
                0x000000000000207c                vStreamBufferSetStreamBufferNotificationIndex
 .text.prvResetNextTaskUnblockTime
                0x0000000000002082       0x30 ./FreeRtos/tasks.o
 .text.prvAddCurrentTaskToDelayedList.isra.2
                0x00000000000020b2       0x9e ./FreeRtos/tasks.o
 .text.prvCheckTasksWaitingTermination
                0x0000000000002150       0x54 ./FreeRtos/tasks.o
 .text.prvIdleTask
                0x00000000000021a4       0x12 ./FreeRtos/tasks.o
 .text.xTaskCreate
                0x00000000000021b6      0x23a ./FreeRtos/tasks.o
                0x00000000000021b6                xTaskCreate
 .text.vTaskDelete
                0x00000000000023f0       0xba ./FreeRtos/tasks.o
                0x00000000000023f0                vTaskDelete
 .text.vTaskStartScheduler
                0x00000000000024aa       0x90 ./FreeRtos/tasks.o
                0x00000000000024aa                vTaskStartScheduler
 .text.vTaskEndScheduler
                0x000000000000253a       0x1a ./FreeRtos/tasks.o
                0x000000000000253a                vTaskEndScheduler
 .text.vTaskSuspendAll
                0x0000000000002554        0xc ./FreeRtos/tasks.o
                0x0000000000002554                vTaskSuspendAll
 .text.xTaskGetTickCount
                0x0000000000002560       0x14 ./FreeRtos/tasks.o
                0x0000000000002560                xTaskGetTickCount
 .text.xTaskGetTickCountFromISR
                0x0000000000002574        0xa ./FreeRtos/tasks.o
                0x0000000000002574                xTaskGetTickCountFromISR
 .text.uxTaskGetNumberOfTasks
                0x000000000000257e        0x6 ./FreeRtos/tasks.o
                0x000000000000257e                uxTaskGetNumberOfTasks
 .text.pcTaskGetName
                0x0000000000002584       0x10 ./FreeRtos/tasks.o
                0x0000000000002584                pcTaskGetName
 .text.xTaskIncrementTick
                0x0000000000002594      0x1f8 ./FreeRtos/tasks.o
                0x0000000000002594                xTaskIncrementTick
 .text.xTaskResumeAll
                0x000000000000278c      0x19a ./FreeRtos/tasks.o
                0x000000000000278c                xTaskResumeAll
 .text.xTaskDelayUntil
                0x0000000000002926       0x64 ./FreeRtos/tasks.o
                0x0000000000002926                xTaskDelayUntil
 .text.vTaskDelay
                0x000000000000298a       0x28 ./FreeRtos/tasks.o
                0x000000000000298a                vTaskDelay
 .text.xTaskCatchUpTicks
                0x00000000000029b2       0x30 ./FreeRtos/tasks.o
                0x00000000000029b2                xTaskCatchUpTicks
 .text.vTaskSwitchContext
                0x00000000000029e2       0x8c ./FreeRtos/tasks.o
                0x00000000000029e2                vTaskSwitchContext
 .text.vTaskPlaceOnEventList
                0x0000000000002a6e       0x20 ./FreeRtos/tasks.o
                0x0000000000002a6e                vTaskPlaceOnEventList
 .text.vTaskPlaceOnUnorderedEventList
                0x0000000000002a8e       0x88 ./FreeRtos/tasks.o
                0x0000000000002a8e                vTaskPlaceOnUnorderedEventList
 .text.xTaskRemoveFromEventList
                0x0000000000002b16      0x14a ./FreeRtos/tasks.o
                0x0000000000002b16                xTaskRemoveFromEventList
 .text.vTaskRemoveFromUnorderedEventList
                0x0000000000002c60      0x10e ./FreeRtos/tasks.o
                0x0000000000002c60                vTaskRemoveFromUnorderedEventList
 .text.vTaskSetTimeOutState
                0x0000000000002d6e       0x20 ./FreeRtos/tasks.o
                0x0000000000002d6e                vTaskSetTimeOutState
 .text.vTaskInternalSetTimeOutState
                0x0000000000002d8e       0x16 ./FreeRtos/tasks.o
                0x0000000000002d8e                vTaskInternalSetTimeOutState
 .text.xTaskCheckForTimeOut
                0x0000000000002da4       0x58 ./FreeRtos/tasks.o
                0x0000000000002da4                xTaskCheckForTimeOut
 .text.vTaskMissedYield
                0x0000000000002dfc        0x8 ./FreeRtos/tasks.o
                0x0000000000002dfc                vTaskMissedYield
 .text.xTaskGetCurrentTaskHandle
                0x0000000000002e04        0xa ./FreeRtos/tasks.o
                0x0000000000002e04                xTaskGetCurrentTaskHandle
 .text.xTaskGetCurrentTaskHandleForCore
                0x0000000000002e0e       0x14 ./FreeRtos/tasks.o
                0x0000000000002e0e                xTaskGetCurrentTaskHandleForCore
 .text.uxTaskResetEventItemValue
                0x0000000000002e22       0x2e ./FreeRtos/tasks.o
                0x0000000000002e22                uxTaskResetEventItemValue
 .text.ulTaskGenericNotifyTake
                0x0000000000002e50      0x102 ./FreeRtos/tasks.o
                0x0000000000002e50                ulTaskGenericNotifyTake
 .text.xTaskGenericNotifyWait
                0x0000000000002f52      0x16c ./FreeRtos/tasks.o
                0x0000000000002f52                xTaskGenericNotifyWait
 .text.xTaskGenericNotify
                0x00000000000030be      0x1c0 ./FreeRtos/tasks.o
                0x00000000000030be                xTaskGenericNotify
 .text.xTaskGenericNotifyFromISR
                0x000000000000327e      0x212 ./FreeRtos/tasks.o
                0x000000000000327e                xTaskGenericNotifyFromISR
 .text.vTaskGenericNotifyGiveFromISR
                0x0000000000003490      0x156 ./FreeRtos/tasks.o
                0x0000000000003490                vTaskGenericNotifyGiveFromISR
 .text.xTaskGenericNotifyStateClear
                0x00000000000035e6       0x2c ./FreeRtos/tasks.o
                0x00000000000035e6                xTaskGenericNotifyStateClear
 .text.ulTaskGenericNotifyValueClear
                0x0000000000003612       0x5c ./FreeRtos/tasks.o
                0x0000000000003612                ulTaskGenericNotifyValueClear
 .text.vTaskResetState
                0x000000000000366e       0x42 ./FreeRtos/tasks.o
                0x000000000000366e                vTaskResetState
 .text.UART_Init
                0x00000000000036b0       0x24 ./main.o
                0x00000000000036b0                UART_Init
 .text.UART_Transmit
                0x00000000000036d4        0x8 ./main.o
                0x00000000000036d4                UART_Transmit
 .text.UART_SendString
                0x00000000000036dc       0x18 ./main.o
                0x00000000000036dc                UART_SendString
 .text.startup.main
                0x00000000000036f4       0x7c ./main.o
                0x00000000000036f4                main
 .text.libgcc.mul
                0x0000000000003770        0x0 c:/tools/avr8-gnu-toolchain-win32_x86_64/bin/../lib/gcc/avr/7.3.0/avr5\libgcc.a(_udivmodsi4.o)
 .text.libgcc.div
                0x0000000000003770       0x44 c:/tools/avr8-gnu-toolchain-win32_x86_64/bin/../lib/gcc/avr/7.3.0/avr5\libgcc.a(_udivmodsi4.o)
                0x0000000000003770                __udivmodsi4
 .text.libgcc   0x00000000000037b4        0x0 c:/tools/avr8-gnu-toolchain-win32_x86_64/bin/../lib/gcc/avr/7.3.0/avr5\libgcc.a(_udivmodsi4.o)
 .text.libgcc.prologue
                0x00000000000037b4        0x0 c:/tools/avr8-gnu-toolchain-win32_x86_64/bin/../lib/gcc/avr/7.3.0/avr5\libgcc.a(_udivmodsi4.o)
 .text.libgcc.builtins
                0x00000000000037b4        0x0 c:/tools/avr8-gnu-toolchain-win32_x86_64/bin/../lib/gcc/avr/7.3.0/avr5\libgcc.a(_udivmodsi4.o)
 .text.libgcc.fmul
                0x00000000000037b4        0x0 c:/tools/avr8-gnu-toolchain-win32_x86_64/bin/../lib/gcc/avr/7.3.0/avr5\libgcc.a(_udivmodsi4.o)
 .text.libgcc.fixed
                0x00000000000037b4        0x0 c:/tools/avr8-gnu-toolchain-win32_x86_64/bin/../lib/gcc/avr/7.3.0/avr5\libgcc.a(_udivmodsi4.o)
 .text.libgcc.mul
                0x00000000000037b4        0x0 c:/tools/avr8-gnu-toolchain-win32_x86_64/bin/../lib/gcc/avr/7.3.0/avr5\libgcc.a(_exit.o)
 .text.libgcc.div
                0x00000000000037b4        0x0 c:/tools/avr8-gnu-toolchain-win32_x86_64/bin/../lib/gcc/avr/7.3.0/avr5\libgcc.a(_exit.o)
 .text.libgcc   0x00000000000037b4        0x0 c:/tools/avr8-gnu-toolchain-win32_x86_64/bin/../lib/gcc/avr/7.3.0/avr5\libgcc.a(_exit.o)
 .text.libgcc.prologue
                0x00000000000037b4        0x0 c:/tools/avr8-gnu-toolchain-win32_x86_64/bin/../lib/gcc/avr/7.3.0/avr5\libgcc.a(_exit.o)
 .text.libgcc.builtins
                0x00000000000037b4        0x0 c:/tools/avr8-gnu-toolchain-win32_x86_64/bin/../lib/gcc/avr/7.3.0/avr5\libgcc.a(_exit.o)
 .text.libgcc.fmul
                0x00000000000037b4        0x0 c:/tools/avr8-gnu-toolchain-win32_x86_64/bin/../lib/gcc/avr/7.3.0/avr5\libgcc.a(_exit.o)
 .text.libgcc.fixed
                0x00000000000037b4        0x0 c:/tools/avr8-gnu-toolchain-win32_x86_64/bin/../lib/gcc/avr/7.3.0/avr5\libgcc.a(_exit.o)
 .text.libgcc.mul
                0x00000000000037b4        0x0 c:/tools/avr8-gnu-toolchain-win32_x86_64/bin/../lib/gcc/avr/7.3.0/avr5\libgcc.a(_tablejump2.o)
 .text.libgcc.div
                0x00000000000037b4        0x0 c:/tools/avr8-gnu-toolchain-win32_x86_64/bin/../lib/gcc/avr/7.3.0/avr5\libgcc.a(_tablejump2.o)
 .text.libgcc   0x00000000000037b4        0xc c:/tools/avr8-gnu-toolchain-win32_x86_64/bin/../lib/gcc/avr/7.3.0/avr5\libgcc.a(_tablejump2.o)
                0x00000000000037b4                __tablejump2__
 .text.libgcc.prologue
                0x00000000000037c0        0x0 c:/tools/avr8-gnu-toolchain-win32_x86_64/bin/../lib/gcc/avr/7.3.0/avr5\libgcc.a(_tablejump2.o)
 .text.libgcc.builtins
                0x00000000000037c0        0x0 c:/tools/avr8-gnu-toolchain-win32_x86_64/bin/../lib/gcc/avr/7.3.0/avr5\libgcc.a(_tablejump2.o)
 .text.libgcc.fmul
                0x00000000000037c0        0x0 c:/tools/avr8-gnu-toolchain-win32_x86_64/bin/../lib/gcc/avr/7.3.0/avr5\libgcc.a(_tablejump2.o)
 .text.libgcc.fixed
                0x00000000000037c0        0x0 c:/tools/avr8-gnu-toolchain-win32_x86_64/bin/../lib/gcc/avr/7.3.0/avr5\libgcc.a(_tablejump2.o)
 .text.libgcc.mul
                0x00000000000037c0        0x0 c:/tools/avr8-gnu-toolchain-win32_x86_64/bin/../lib/gcc/avr/7.3.0/avr5\libgcc.a(_copy_data.o)
 .text.libgcc.div
                0x00000000000037c0        0x0 c:/tools/avr8-gnu-toolchain-win32_x86_64/bin/../lib/gcc/avr/7.3.0/avr5\libgcc.a(_copy_data.o)
 .text.libgcc   0x00000000000037c0        0x0 c:/tools/avr8-gnu-toolchain-win32_x86_64/bin/../lib/gcc/avr/7.3.0/avr5\libgcc.a(_copy_data.o)
 .text.libgcc.prologue
                0x00000000000037c0        0x0 c:/tools/avr8-gnu-toolchain-win32_x86_64/bin/../lib/gcc/avr/7.3.0/avr5\libgcc.a(_copy_data.o)
 .text.libgcc.builtins
                0x00000000000037c0        0x0 c:/tools/avr8-gnu-toolchain-win32_x86_64/bin/../lib/gcc/avr/7.3.0/avr5\libgcc.a(_copy_data.o)
 .text.libgcc.fmul
                0x00000000000037c0        0x0 c:/tools/avr8-gnu-toolchain-win32_x86_64/bin/../lib/gcc/avr/7.3.0/avr5\libgcc.a(_copy_data.o)
 .text.libgcc.fixed
                0x00000000000037c0        0x0 c:/tools/avr8-gnu-toolchain-win32_x86_64/bin/../lib/gcc/avr/7.3.0/avr5\libgcc.a(_copy_data.o)
 .text.libgcc.mul
                0x00000000000037c0        0x0 c:/tools/avr8-gnu-toolchain-win32_x86_64/bin/../lib/gcc/avr/7.3.0/avr5\libgcc.a(_clear_bss.o)
 .text.libgcc.div
                0x00000000000037c0        0x0 c:/tools/avr8-gnu-toolchain-win32_x86_64/bin/../lib/gcc/avr/7.3.0/avr5\libgcc.a(_clear_bss.o)
 .text.libgcc   0x00000000000037c0        0x0 c:/tools/avr8-gnu-toolchain-win32_x86_64/bin/../lib/gcc/avr/7.3.0/avr5\libgcc.a(_clear_bss.o)
 .text.libgcc.prologue
                0x00000000000037c0        0x0 c:/tools/avr8-gnu-toolchain-win32_x86_64/bin/../lib/gcc/avr/7.3.0/avr5\libgcc.a(_clear_bss.o)
 .text.libgcc.builtins
                0x00000000000037c0        0x0 c:/tools/avr8-gnu-toolchain-win32_x86_64/bin/../lib/gcc/avr/7.3.0/avr5\libgcc.a(_clear_bss.o)
 .text.libgcc.fmul
                0x00000000000037c0        0x0 c:/tools/avr8-gnu-toolchain-win32_x86_64/bin/../lib/gcc/avr/7.3.0/avr5\libgcc.a(_clear_bss.o)
 .text.libgcc.fixed
                0x00000000000037c0        0x0 c:/tools/avr8-gnu-toolchain-win32_x86_64/bin/../lib/gcc/avr/7.3.0/avr5\libgcc.a(_clear_bss.o)
 .text.avr-libc.fplib
                0x00000000000037c0        0x8 c:/tools/avr8-gnu-toolchain-win32_x86_64/bin/../lib/gcc/avr/7.3.0/../../../../avr/lib/avr5\libm.a(divsf3.o)
                0x00000000000037c0                __divsf3
 .text.avr-libc.fplib
                0x00000000000037c8       0xdc c:/tools/avr8-gnu-toolchain-win32_x86_64/bin/../lib/gcc/avr/7.3.0/../../../../avr/lib/avr5\libm.a(divsf3x.o)
                0x00000000000037e8                __divsf3x
                0x00000000000037ee                __divsf3_pse
 .text.avr-libc.fplib
                0x00000000000038a4       0x7a c:/tools/avr8-gnu-toolchain-win32_x86_64/bin/../lib/gcc/avr/7.3.0/../../../../avr/lib/avr5\libm.a(floatsisf.o)
                0x00000000000038a4                __floatunsisf
                0x00000000000038a8                __floatsisf
 .text.avr-libc.fplib
                0x000000000000391e        0xc c:/tools/avr8-gnu-toolchain-win32_x86_64/bin/../lib/gcc/avr/7.3.0/../../../../avr/lib/avr5\libm.a(fp_inf.o)
                0x000000000000391e                __fp_inf
 .text.avr-libc.fplib
                0x000000000000392a        0x6 c:/tools/avr8-gnu-toolchain-win32_x86_64/bin/../lib/gcc/avr/7.3.0/../../../../avr/lib/avr5\libm.a(fp_nan.o)
                0x000000000000392a                __fp_nan
 .text.avr-libc.fplib
                0x0000000000003930        0xe c:/tools/avr8-gnu-toolchain-win32_x86_64/bin/../lib/gcc/avr/7.3.0/../../../../avr/lib/avr5\libm.a(fp_pscA.o)
                0x0000000000003930                __fp_pscA
 .text.avr-libc.fplib
                0x000000000000393e        0xe c:/tools/avr8-gnu-toolchain-win32_x86_64/bin/../lib/gcc/avr/7.3.0/../../../../avr/lib/avr5\libm.a(fp_pscB.o)
                0x000000000000393e                __fp_pscB
 .text.avr-libc.fplib
                0x000000000000394c       0x22 c:/tools/avr8-gnu-toolchain-win32_x86_64/bin/../lib/gcc/avr/7.3.0/../../../../avr/lib/avr5\libm.a(fp_round.o)
                0x000000000000394c                __fp_round
 .text.avr-libc.fplib
                0x000000000000396e       0x44 c:/tools/avr8-gnu-toolchain-win32_x86_64/bin/../lib/gcc/avr/7.3.0/../../../../avr/lib/avr5\libm.a(fp_split3.o)
                0x000000000000396e                __fp_split3
                0x000000000000397e                __fp_splitA
 .text.avr-libc.fplib
                0x00000000000039b2        0xe c:/tools/avr8-gnu-toolchain-win32_x86_64/bin/../lib/gcc/avr/7.3.0/../../../../avr/lib/avr5\libm.a(fp_zero.o)
                0x00000000000039b2                __fp_zero
                0x00000000000039b4                __fp_szero
 .text.avr-libc.fplib
                0x00000000000039c0        0x8 c:/tools/avr8-gnu-toolchain-win32_x86_64/bin/../lib/gcc/avr/7.3.0/../../../../avr/lib/avr5\libm.a(mulsf3.o)
                0x00000000000039c0                __mulsf3
 .text.avr-libc.fplib
                0x00000000000039c8       0xd2 c:/tools/avr8-gnu-toolchain-win32_x86_64/bin/../lib/gcc/avr/7.3.0/../../../../avr/lib/avr5\libm.a(mulsf3x.o)
                0x00000000000039e6                __mulsf3x
                0x00000000000039ec                __mulsf3_pse
 .text.avr-libc
                0x0000000000003a9a       0x12 c:/tools/avr8-gnu-toolchain-win32_x86_64/bin/../lib/gcc/avr/7.3.0/../../../../avr/lib/avr5\libc.a(memcpy.o)
                0x0000000000003a9a                memcpy
 .text.avr-libc
                0x0000000000003aac       0x60 c:/tools/avr8-gnu-toolchain-win32_x86_64/bin/../lib/gcc/avr/7.3.0/../../../../avr/lib/avr5\libc.a(snprintf.o)
                0x0000000000003aac                snprintf
 .text.avr-libc
                0x0000000000003b0c      0x3b4 c:/tools/avr8-gnu-toolchain-win32_x86_64/bin/../lib/gcc/avr/7.3.0/../../../../avr/lib/avr5\libc.a(vfprintf_std.o)
                0x0000000000003b0c                vfprintf
 .text.avr-libc
                0x0000000000003ec0       0x16 c:/tools/avr8-gnu-toolchain-win32_x86_64/bin/../lib/gcc/avr/7.3.0/../../../../avr/lib/avr5\libc.a(strnlen_P.o)
                0x0000000000003ec0                strnlen_P
 .text.avr-libc
                0x0000000000003ed6       0x16 c:/tools/avr8-gnu-toolchain-win32_x86_64/bin/../lib/gcc/avr/7.3.0/../../../../avr/lib/avr5\libc.a(strnlen.o)
                0x0000000000003ed6                strnlen
 .text.avr-libc
                0x0000000000003eec       0x60 c:/tools/avr8-gnu-toolchain-win32_x86_64/bin/../lib/gcc/avr/7.3.0/../../../../avr/lib/avr5\libc.a(fputc.o)
                0x0000000000003eec                fputc
 .text.avr-libc
                0x0000000000003f4c       0xbc c:/tools/avr8-gnu-toolchain-win32_x86_64/bin/../lib/gcc/avr/7.3.0/../../../../avr/lib/avr5\libc.a(ultoa_invert.o)
                0x0000000000003f4c                __ultoa_invert
 .text.libgcc.mul
                0x0000000000004008        0x0 c:/tools/avr8-gnu-toolchain-win32_x86_64/bin/../lib/gcc/avr/7.3.0/avr5\libgcc.a(_prologue.o)
 .text.libgcc.div
                0x0000000000004008        0x0 c:/tools/avr8-gnu-toolchain-win32_x86_64/bin/../lib/gcc/avr/7.3.0/avr5\libgcc.a(_prologue.o)
 .text.libgcc   0x0000000000004008        0x0 c:/tools/avr8-gnu-toolchain-win32_x86_64/bin/../lib/gcc/avr/7.3.0/avr5\libgcc.a(_prologue.o)
 .text.libgcc.prologue
                0x0000000000004008       0x38 c:/tools/avr8-gnu-toolchain-win32_x86_64/bin/../lib/gcc/avr/7.3.0/avr5\libgcc.a(_prologue.o)
                0x0000000000004008                __prologue_saves__
 .text.libgcc.builtins
                0x0000000000004040        0x0 c:/tools/avr8-gnu-toolchain-win32_x86_64/bin/../lib/gcc/avr/7.3.0/avr5\libgcc.a(_prologue.o)
 .text.libgcc.fmul
                0x0000000000004040        0x0 c:/tools/avr8-gnu-toolchain-win32_x86_64/bin/../lib/gcc/avr/7.3.0/avr5\libgcc.a(_prologue.o)
 .text.libgcc.fixed
                0x0000000000004040        0x0 c:/tools/avr8-gnu-toolchain-win32_x86_64/bin/../lib/gcc/avr/7.3.0/avr5\libgcc.a(_prologue.o)
 .text.libgcc.mul
                0x0000000000004040        0x0 c:/tools/avr8-gnu-toolchain-win32_x86_64/bin/../lib/gcc/avr/7.3.0/avr5\libgcc.a(_epilogue.o)
 .text.libgcc.div
                0x0000000000004040        0x0 c:/tools/avr8-gnu-toolchain-win32_x86_64/bin/../lib/gcc/avr/7.3.0/avr5\libgcc.a(_epilogue.o)
 .text.libgcc   0x0000000000004040        0x0 c:/tools/avr8-gnu-toolchain-win32_x86_64/bin/../lib/gcc/avr/7.3.0/avr5\libgcc.a(_epilogue.o)
 .text.libgcc.prologue
                0x0000000000004040       0x36 c:/tools/avr8-gnu-toolchain-win32_x86_64/bin/../lib/gcc/avr/7.3.0/avr5\libgcc.a(_epilogue.o)
                0x0000000000004040                __epilogue_restores__
 .text.libgcc.builtins
                0x0000000000004076        0x0 c:/tools/avr8-gnu-toolchain-win32_x86_64/bin/../lib/gcc/avr/7.3.0/avr5\libgcc.a(_epilogue.o)
 .text.libgcc.fmul
                0x0000000000004076        0x0 c:/tools/avr8-gnu-toolchain-win32_x86_64/bin/../lib/gcc/avr/7.3.0/avr5\libgcc.a(_epilogue.o)
 .text.libgcc.fixed
                0x0000000000004076        0x0 c:/tools/avr8-gnu-toolchain-win32_x86_64/bin/../lib/gcc/avr/7.3.0/avr5\libgcc.a(_epilogue.o)
                0x0000000000004076                . = ALIGN (0x2)
 *(.fini9)
 .fini9         0x0000000000004076        0x0 c:/tools/avr8-gnu-toolchain-win32_x86_64/bin/../lib/gcc/avr/7.3.0/avr5\libgcc.a(_exit.o)
                0x0000000000004076                _exit
                0x0000000000004076                exit
 *(.fini9)
 *(.fini8)
 *(.fini8)
 *(.fini7)
 *(.fini7)
 *(.fini6)
 *(.fini6)
 *(.fini5)
 *(.fini5)
 *(.fini4)
 *(.fini4)
 *(.fini3)
 *(.fini3)
 *(.fini2)
 *(.fini2)
 *(.fini1)
 *(.fini1)
 *(.fini0)
 .fini0         0x0000000000004076        0x4 c:/tools/avr8-gnu-toolchain-win32_x86_64/bin/../lib/gcc/avr/7.3.0/avr5\libgcc.a(_exit.o)
 *(.fini0)
                0x000000000000407a                _etext = .

.data           0x0000000000800060       0x10 load address 0x000000000000407a
                0x0000000000800060                PROVIDE (__data_start, .)
 *(.data)
 .data          0x0000000000800060        0x0 c:/tools/avr8-gnu-toolchain-win32_x86_64/bin/../lib/gcc/avr/7.3.0/../../../../avr/lib/avr5/crtatmega32a.o
 .data          0x0000000000800060        0x0 ./Include/MCAL/ADC/ADC.o
 .data          0x0000000000800060        0x0 ./Include/Lcd/Lcd.o
 .data          0x0000000000800060        0x0 ./FreeRtos/croutine.o
 .data          0x0000000000800060        0x0 ./FreeRtos/event_groups.o
 .data          0x0000000000800060        0x0 ./FreeRtos/heap_1.o
 .data          0x0000000000800060        0x0 ./FreeRtos/list.o
 .data          0x0000000000800060        0x0 ./FreeRtos/port.o
 .data          0x0000000000800060        0x0 ./FreeRtos/queue.o
 .data          0x0000000000800060        0x0 ./FreeRtos/stream_buffer.o
 .data          0x0000000000800060        0x0 ./FreeRtos/tasks.o
 .data          0x0000000000800060        0x0 ./FreeRtos/timers.o
 .data          0x0000000000800060        0x0 ./main.o
 .data          0x0000000000800060        0x0 c:/tools/avr8-gnu-toolchain-win32_x86_64/bin/../lib/gcc/avr/7.3.0/avr5\libgcc.a(_udivmodsi4.o)
 .data          0x0000000000800060        0x0 c:/tools/avr8-gnu-toolchain-win32_x86_64/bin/../lib/gcc/avr/7.3.0/avr5\libgcc.a(_exit.o)
 .data          0x0000000000800060        0x0 c:/tools/avr8-gnu-toolchain-win32_x86_64/bin/../lib/gcc/avr/7.3.0/avr5\libgcc.a(_tablejump2.o)
 .data          0x0000000000800060        0x0 c:/tools/avr8-gnu-toolchain-win32_x86_64/bin/../lib/gcc/avr/7.3.0/avr5\libgcc.a(_copy_data.o)
 .data          0x0000000000800060        0x0 c:/tools/avr8-gnu-toolchain-win32_x86_64/bin/../lib/gcc/avr/7.3.0/avr5\libgcc.a(_clear_bss.o)
 .data          0x0000000000800060        0x0 c:/tools/avr8-gnu-toolchain-win32_x86_64/bin/../lib/gcc/avr/7.3.0/../../../../avr/lib/avr5\libm.a(divsf3.o)
 .data          0x0000000000800060        0x0 c:/tools/avr8-gnu-toolchain-win32_x86_64/bin/../lib/gcc/avr/7.3.0/../../../../avr/lib/avr5\libm.a(divsf3x.o)
 .data          0x0000000000800060        0x0 c:/tools/avr8-gnu-toolchain-win32_x86_64/bin/../lib/gcc/avr/7.3.0/../../../../avr/lib/avr5\libm.a(floatsisf.o)
 .data          0x0000000000800060        0x0 c:/tools/avr8-gnu-toolchain-win32_x86_64/bin/../lib/gcc/avr/7.3.0/../../../../avr/lib/avr5\libm.a(fp_inf.o)
 .data          0x0000000000800060        0x0 c:/tools/avr8-gnu-toolchain-win32_x86_64/bin/../lib/gcc/avr/7.3.0/../../../../avr/lib/avr5\libm.a(fp_nan.o)
 .data          0x0000000000800060        0x0 c:/tools/avr8-gnu-toolchain-win32_x86_64/bin/../lib/gcc/avr/7.3.0/../../../../avr/lib/avr5\libm.a(fp_pscA.o)
 .data          0x0000000000800060        0x0 c:/tools/avr8-gnu-toolchain-win32_x86_64/bin/../lib/gcc/avr/7.3.0/../../../../avr/lib/avr5\libm.a(fp_pscB.o)
 .data          0x0000000000800060        0x0 c:/tools/avr8-gnu-toolchain-win32_x86_64/bin/../lib/gcc/avr/7.3.0/../../../../avr/lib/avr5\libm.a(fp_round.o)
 .data          0x0000000000800060        0x0 c:/tools/avr8-gnu-toolchain-win32_x86_64/bin/../lib/gcc/avr/7.3.0/../../../../avr/lib/avr5\libm.a(fp_split3.o)
 .data          0x0000000000800060        0x0 c:/tools/avr8-gnu-toolchain-win32_x86_64/bin/../lib/gcc/avr/7.3.0/../../../../avr/lib/avr5\libm.a(fp_zero.o)
 .data          0x0000000000800060        0x0 c:/tools/avr8-gnu-toolchain-win32_x86_64/bin/../lib/gcc/avr/7.3.0/../../../../avr/lib/avr5\libm.a(mulsf3.o)
 .data          0x0000000000800060        0x0 c:/tools/avr8-gnu-toolchain-win32_x86_64/bin/../lib/gcc/avr/7.3.0/../../../../avr/lib/avr5\libm.a(mulsf3x.o)
 .data          0x0000000000800060        0x0 c:/tools/avr8-gnu-toolchain-win32_x86_64/bin/../lib/gcc/avr/7.3.0/../../../../avr/lib/avr5\libc.a(memcpy.o)
 .data          0x0000000000800060        0x0 c:/tools/avr8-gnu-toolchain-win32_x86_64/bin/../lib/gcc/avr/7.3.0/../../../../avr/lib/avr5\libc.a(snprintf.o)
 .data          0x0000000000800060        0x0 c:/tools/avr8-gnu-toolchain-win32_x86_64/bin/../lib/gcc/avr/7.3.0/../../../../avr/lib/avr5\libc.a(vfprintf_std.o)
 .data          0x0000000000800060        0x0 c:/tools/avr8-gnu-toolchain-win32_x86_64/bin/../lib/gcc/avr/7.3.0/../../../../avr/lib/avr5\libc.a(strnlen_P.o)
 .data          0x0000000000800060        0x0 c:/tools/avr8-gnu-toolchain-win32_x86_64/bin/../lib/gcc/avr/7.3.0/../../../../avr/lib/avr5\libc.a(strnlen.o)
 .data          0x0000000000800060        0x0 c:/tools/avr8-gnu-toolchain-win32_x86_64/bin/../lib/gcc/avr/7.3.0/../../../../avr/lib/avr5\libc.a(fputc.o)
 .data          0x0000000000800060        0x0 c:/tools/avr8-gnu-toolchain-win32_x86_64/bin/../lib/gcc/avr/7.3.0/../../../../avr/lib/avr5\libc.a(ultoa_invert.o)
 .data          0x0000000000800060        0x0 c:/tools/avr8-gnu-toolchain-win32_x86_64/bin/../lib/gcc/avr/7.3.0/avr5\libgcc.a(_prologue.o)
 .data          0x0000000000800060        0x0 c:/tools/avr8-gnu-toolchain-win32_x86_64/bin/../lib/gcc/avr/7.3.0/avr5\libgcc.a(_epilogue.o)
 *(.data*)
 .data.uxTopUsedPriority
                0x0000000000800060        0x1 ./FreeRtos/tasks.o
 *(.gnu.linkonce.d*)
 *(.rodata)
 *(.rodata*)
 .rodata.str1.1
                0x0000000000800061        0x5 ./FreeRtos/tasks.o
 .rodata.main.str1.1
                0x0000000000800066        0xa ./main.o
 *(.gnu.linkonce.r*)
                0x0000000000800070                . = ALIGN (0x2)
                0x0000000000800070                _edata = .
                0x0000000000800070                PROVIDE (__data_end, .)

.bss            0x0000000000800070      0x678
                0x0000000000800070                PROVIDE (__bss_start, .)
 *(.bss)
 .bss           0x0000000000800070        0x0 c:/tools/avr8-gnu-toolchain-win32_x86_64/bin/../lib/gcc/avr/7.3.0/../../../../avr/lib/avr5/crtatmega32a.o
 .bss           0x0000000000800070        0x0 ./Include/MCAL/ADC/ADC.o
 .bss           0x0000000000800070        0x0 ./Include/Lcd/Lcd.o
 .bss           0x0000000000800070        0x0 ./FreeRtos/croutine.o
 .bss           0x0000000000800070        0x0 ./FreeRtos/event_groups.o
 .bss           0x0000000000800070        0x0 ./FreeRtos/heap_1.o
 .bss           0x0000000000800070        0x0 ./FreeRtos/list.o
 .bss           0x0000000000800070        0x0 ./FreeRtos/port.o
 .bss           0x0000000000800070        0x0 ./FreeRtos/queue.o
 .bss           0x0000000000800070        0x0 ./FreeRtos/stream_buffer.o
 .bss           0x0000000000800070        0x0 ./FreeRtos/tasks.o
 .bss           0x0000000000800070        0x0 ./FreeRtos/timers.o
 .bss           0x0000000000800070        0x0 ./main.o
 .bss           0x0000000000800070        0x0 c:/tools/avr8-gnu-toolchain-win32_x86_64/bin/../lib/gcc/avr/7.3.0/avr5\libgcc.a(_udivmodsi4.o)
 .bss           0x0000000000800070        0x0 c:/tools/avr8-gnu-toolchain-win32_x86_64/bin/../lib/gcc/avr/7.3.0/avr5\libgcc.a(_exit.o)
 .bss           0x0000000000800070        0x0 c:/tools/avr8-gnu-toolchain-win32_x86_64/bin/../lib/gcc/avr/7.3.0/avr5\libgcc.a(_tablejump2.o)
 .bss           0x0000000000800070        0x0 c:/tools/avr8-gnu-toolchain-win32_x86_64/bin/../lib/gcc/avr/7.3.0/avr5\libgcc.a(_copy_data.o)
 .bss           0x0000000000800070        0x0 c:/tools/avr8-gnu-toolchain-win32_x86_64/bin/../lib/gcc/avr/7.3.0/avr5\libgcc.a(_clear_bss.o)
 .bss           0x0000000000800070        0x0 c:/tools/avr8-gnu-toolchain-win32_x86_64/bin/../lib/gcc/avr/7.3.0/../../../../avr/lib/avr5\libm.a(divsf3.o)
 .bss           0x0000000000800070        0x0 c:/tools/avr8-gnu-toolchain-win32_x86_64/bin/../lib/gcc/avr/7.3.0/../../../../avr/lib/avr5\libm.a(divsf3x.o)
 .bss           0x0000000000800070        0x0 c:/tools/avr8-gnu-toolchain-win32_x86_64/bin/../lib/gcc/avr/7.3.0/../../../../avr/lib/avr5\libm.a(floatsisf.o)
 .bss           0x0000000000800070        0x0 c:/tools/avr8-gnu-toolchain-win32_x86_64/bin/../lib/gcc/avr/7.3.0/../../../../avr/lib/avr5\libm.a(fp_inf.o)
 .bss           0x0000000000800070        0x0 c:/tools/avr8-gnu-toolchain-win32_x86_64/bin/../lib/gcc/avr/7.3.0/../../../../avr/lib/avr5\libm.a(fp_nan.o)
 .bss           0x0000000000800070        0x0 c:/tools/avr8-gnu-toolchain-win32_x86_64/bin/../lib/gcc/avr/7.3.0/../../../../avr/lib/avr5\libm.a(fp_pscA.o)
 .bss           0x0000000000800070        0x0 c:/tools/avr8-gnu-toolchain-win32_x86_64/bin/../lib/gcc/avr/7.3.0/../../../../avr/lib/avr5\libm.a(fp_pscB.o)
 .bss           0x0000000000800070        0x0 c:/tools/avr8-gnu-toolchain-win32_x86_64/bin/../lib/gcc/avr/7.3.0/../../../../avr/lib/avr5\libm.a(fp_round.o)
 .bss           0x0000000000800070        0x0 c:/tools/avr8-gnu-toolchain-win32_x86_64/bin/../lib/gcc/avr/7.3.0/../../../../avr/lib/avr5\libm.a(fp_split3.o)
 .bss           0x0000000000800070        0x0 c:/tools/avr8-gnu-toolchain-win32_x86_64/bin/../lib/gcc/avr/7.3.0/../../../../avr/lib/avr5\libm.a(fp_zero.o)
 .bss           0x0000000000800070        0x0 c:/tools/avr8-gnu-toolchain-win32_x86_64/bin/../lib/gcc/avr/7.3.0/../../../../avr/lib/avr5\libm.a(mulsf3.o)
 .bss           0x0000000000800070        0x0 c:/tools/avr8-gnu-toolchain-win32_x86_64/bin/../lib/gcc/avr/7.3.0/../../../../avr/lib/avr5\libm.a(mulsf3x.o)
 .bss           0x0000000000800070        0x0 c:/tools/avr8-gnu-toolchain-win32_x86_64/bin/../lib/gcc/avr/7.3.0/../../../../avr/lib/avr5\libc.a(memcpy.o)
 .bss           0x0000000000800070        0x0 c:/tools/avr8-gnu-toolchain-win32_x86_64/bin/../lib/gcc/avr/7.3.0/../../../../avr/lib/avr5\libc.a(snprintf.o)
 .bss           0x0000000000800070        0x0 c:/tools/avr8-gnu-toolchain-win32_x86_64/bin/../lib/gcc/avr/7.3.0/../../../../avr/lib/avr5\libc.a(vfprintf_std.o)
 .bss           0x0000000000800070        0x0 c:/tools/avr8-gnu-toolchain-win32_x86_64/bin/../lib/gcc/avr/7.3.0/../../../../avr/lib/avr5\libc.a(strnlen_P.o)
 .bss           0x0000000000800070        0x0 c:/tools/avr8-gnu-toolchain-win32_x86_64/bin/../lib/gcc/avr/7.3.0/../../../../avr/lib/avr5\libc.a(strnlen.o)
 .bss           0x0000000000800070        0x0 c:/tools/avr8-gnu-toolchain-win32_x86_64/bin/../lib/gcc/avr/7.3.0/../../../../avr/lib/avr5\libc.a(fputc.o)
 .bss           0x0000000000800070        0x0 c:/tools/avr8-gnu-toolchain-win32_x86_64/bin/../lib/gcc/avr/7.3.0/../../../../avr/lib/avr5\libc.a(ultoa_invert.o)
 .bss           0x0000000000800070        0x0 c:/tools/avr8-gnu-toolchain-win32_x86_64/bin/../lib/gcc/avr/7.3.0/avr5\libgcc.a(_prologue.o)
 .bss           0x0000000000800070        0x0 c:/tools/avr8-gnu-toolchain-win32_x86_64/bin/../lib/gcc/avr/7.3.0/avr5\libgcc.a(_epilogue.o)
 *(.bss*)
 .bss.xPassedTicks
                0x0000000000800070        0x2 ./FreeRtos/croutine.o
 .bss.xLastTickCount
                0x0000000000800072        0x2 ./FreeRtos/croutine.o
 .bss.xCoRoutineTickCount
                0x0000000000800074        0x2 ./FreeRtos/croutine.o
 .bss.uxTopCoRoutineReadyPriority
                0x0000000000800076        0x1 ./FreeRtos/croutine.o
 .bss.pxCurrentCoRoutine
                0x0000000000800077        0x2 ./FreeRtos/croutine.o
                0x0000000000800077                pxCurrentCoRoutine
 .bss.xPendingReadyCoRoutineList
                0x0000000000800079        0x9 ./FreeRtos/croutine.o
 .bss.pxOverflowDelayedCoRoutineList
                0x0000000000800082        0x2 ./FreeRtos/croutine.o
 .bss.pxDelayedCoRoutineList
                0x0000000000800084        0x2 ./FreeRtos/croutine.o
 .bss.xDelayedCoRoutineList2
                0x0000000000800086        0x9 ./FreeRtos/croutine.o
 .bss.xDelayedCoRoutineList1
                0x000000000080008f        0x9 ./FreeRtos/croutine.o
 .bss.pxReadyCoRoutineLists
                0x0000000000800098       0x12 ./FreeRtos/croutine.o
 .bss.pucAlignedHeap.1975
                0x00000000008000aa        0x2 ./FreeRtos/heap_1.o
 .bss.xNextFreeByte
                0x00000000008000ac        0x2 ./FreeRtos/heap_1.o
 .bss.ucHeap    0x00000000008000ae      0x5dc ./FreeRtos/heap_1.o
 .bss.uxSchedulerSuspended
                0x000000000080068a        0x1 ./FreeRtos/tasks.o
 .bss.xIdleTaskHandles
                0x000000000080068b        0x2 ./FreeRtos/tasks.o
 .bss.xNextTaskUnblockTime
                0x000000000080068d        0x2 ./FreeRtos/tasks.o
 .bss.uxTaskNumber
                0x000000000080068f        0x1 ./FreeRtos/tasks.o
 .bss.xNumOfOverflows
                0x0000000000800690        0x1 ./FreeRtos/tasks.o
 .bss.xYieldPendings
                0x0000000000800691        0x1 ./FreeRtos/tasks.o
 .bss.xPendedTicks
                0x0000000000800692        0x2 ./FreeRtos/tasks.o
 .bss.xSchedulerRunning
                0x0000000000800694        0x1 ./FreeRtos/tasks.o
 .bss.uxTopReadyPriority
                0x0000000000800695        0x1 ./FreeRtos/tasks.o
 .bss.xTickCount
                0x0000000000800696        0x2 ./FreeRtos/tasks.o
 .bss.uxCurrentNumberOfTasks
                0x0000000000800698        0x1 ./FreeRtos/tasks.o
 .bss.uxDeletedTasksWaitingCleanUp
                0x0000000000800699        0x1 ./FreeRtos/tasks.o
 .bss.xTasksWaitingTermination
                0x000000000080069a        0x9 ./FreeRtos/tasks.o
 .bss.xPendingReadyList
                0x00000000008006a3        0x9 ./FreeRtos/tasks.o
 .bss.pxOverflowDelayedTaskList
                0x00000000008006ac        0x2 ./FreeRtos/tasks.o
 .bss.pxDelayedTaskList
                0x00000000008006ae        0x2 ./FreeRtos/tasks.o
 .bss.xDelayedTaskList2
                0x00000000008006b0        0x9 ./FreeRtos/tasks.o
 .bss.xDelayedTaskList1
                0x00000000008006b9        0x9 ./FreeRtos/tasks.o
 .bss.pxReadyTasksLists
                0x00000000008006c2       0x24 ./FreeRtos/tasks.o
 .bss.pxCurrentTCB
                0x00000000008006e6        0x2 ./FreeRtos/tasks.o
                0x00000000008006e6                pxCurrentTCB
 *(COMMON)
                0x00000000008006e8                PROVIDE (__bss_end, .)
                0x000000000000407a                __data_load_start = LOADADDR (.data)
                0x000000000000408a                __data_load_end = (__data_load_start + SIZEOF (.data))

.noinit         0x00000000008006e8        0x0
                [!provide]                        PROVIDE (__noinit_start, .)
 *(.noinit*)
                [!provide]                        PROVIDE (__noinit_end, .)
                0x00000000008006e8                _end = .
                [!provide]                        PROVIDE (__heap_start, .)

.eeprom         0x0000000000810000        0x0
 *(.eeprom*)
                0x0000000000810000                __eeprom_end = .

.fuse
 *(.fuse)
 *(.lfuse)
 *(.hfuse)
 *(.efuse)

.lock
 *(.lock*)

.signature
 *(.signature*)

.user_signatures
 *(.user_signatures*)

.stab
 *(.stab)

.stabstr
 *(.stabstr)

.stab.excl
 *(.stab.excl)

.stab.exclstr
 *(.stab.exclstr)

.stab.index
 *(.stab.index)

.stab.indexstr
 *(.stab.indexstr)

.comment        0x0000000000000000       0x5c
 *(.comment)
 .comment       0x0000000000000000       0x30 ./Include/MCAL/ADC/ADC.o
                                         0x31 (size before relaxing)
 .comment       0x0000000000000030       0x31 ./Include/Lcd/Lcd.o
 .comment       0x0000000000000030       0x31 ./FreeRtos/croutine.o
 .comment       0x0000000000000030       0x31 ./FreeRtos/event_groups.o
 .comment       0x0000000000000030       0x31 ./FreeRtos/heap_1.o
 .comment       0x0000000000000030       0x31 ./FreeRtos/list.o
 .comment       0x0000000000000030       0x31 ./FreeRtos/port.o
 .comment       0x0000000000000030       0x31 ./FreeRtos/queue.o
 .comment       0x0000000000000030       0x31 ./FreeRtos/stream_buffer.o
 .comment       0x0000000000000030       0x31 ./FreeRtos/tasks.o
 .comment       0x0000000000000030       0x31 ./FreeRtos/timers.o
 .comment       0x0000000000000030       0x31 ./main.o
 .comment       0x0000000000000030       0x31 c:/tools/avr8-gnu-toolchain-win32_x86_64/bin/../lib/gcc/avr/7.3.0/../../../../avr/lib/avr5\libc.a(snprintf.o)
 .comment       0x0000000000000030       0x2c c:/tools/avr8-gnu-toolchain-win32_x86_64/bin/../lib/gcc/avr/7.3.0/../../../../avr/lib/avr5\libc.a(vfprintf_std.o)
                                         0x2d (size before relaxing)
 .comment       0x000000000000005c       0x31 c:/tools/avr8-gnu-toolchain-win32_x86_64/bin/../lib/gcc/avr/7.3.0/../../../../avr/lib/avr5\libc.a(fputc.o)

.note.gnu.avr.deviceinfo
                0x0000000000000000       0x3c
 .note.gnu.avr.deviceinfo
                0x0000000000000000       0x3c c:/tools/avr8-gnu-toolchain-win32_x86_64/bin/../lib/gcc/avr/7.3.0/../../../../avr/lib/avr5/crtatmega32a.o

.avr.prop       0x0000000000000000       0x16
 .avr.prop      0x0000000000000000       0x16 ./Include/MCAL/ADC/ADC.o

.note.gnu.build-id
 *(.note.gnu.build-id)

.debug
 *(.debug)

.line
 *(.line)

.debug_srcinfo
 *(.debug_srcinfo)

.debug_sfnames
 *(.debug_sfnames)

.debug_aranges
 *(.debug_aranges)

.debug_pubnames
 *(.debug_pubnames)

.debug_info     0x0000000000000000      0x4e6
 *(.debug_info .gnu.linkonce.wi.*)
 .debug_info    0x0000000000000000      0x4e6 c:/tools/avr8-gnu-toolchain-win32_x86_64/bin/../lib/gcc/avr/7.3.0/../../../../avr/lib/avr5/crtatmega32a.o

.debug_abbrev   0x0000000000000000      0x4a3
 *(.debug_abbrev)
 .debug_abbrev  0x0000000000000000      0x4a3 c:/tools/avr8-gnu-toolchain-win32_x86_64/bin/../lib/gcc/avr/7.3.0/../../../../avr/lib/avr5/crtatmega32a.o

.debug_line     0x0000000000000000       0x1a
 *(.debug_line .debug_line.* .debug_line_end)
 .debug_line    0x0000000000000000       0x1a c:/tools/avr8-gnu-toolchain-win32_x86_64/bin/../lib/gcc/avr/7.3.0/../../../../avr/lib/avr5/crtatmega32a.o

.debug_frame
 *(.debug_frame)

.debug_str      0x0000000000000000      0x196
 *(.debug_str)
 .debug_str     0x0000000000000000      0x196 c:/tools/avr8-gnu-toolchain-win32_x86_64/bin/../lib/gcc/avr/7.3.0/../../../../avr/lib/avr5/crtatmega32a.o

.debug_loc
 *(.debug_loc)

.debug_macinfo
 *(.debug_macinfo)

.debug_weaknames
 *(.debug_weaknames)

.debug_funcnames
 *(.debug_funcnames)

.debug_typenames
 *(.debug_typenames)

.debug_varnames
 *(.debug_varnames)

.debug_pubtypes
 *(.debug_pubtypes)

.debug_ranges
 *(.debug_ranges)

.debug_macro
 *(.debug_macro)
OUTPUT(EV_charging_station.elf elf32-avr)
LOAD linker stubs
