Archive member included to satisfy reference by file (symbol)

c:/tools/avr8-gnu-toolchain-win32_x86_64/bin/../lib/gcc/avr/7.3.0/../../../../avr/lib/avr5\libm.a(addsf3.o)
                              ./Include/LOGIC/Logic.o (__subsf3)
c:/tools/avr8-gnu-toolchain-win32_x86_64/bin/../lib/gcc/avr/7.3.0/../../../../avr/lib/avr5\libm.a(addsf3x.o)
                              c:/tools/avr8-gnu-toolchain-win32_x86_64/bin/../lib/gcc/avr/7.3.0/../../../../avr/lib/avr5\libm.a(addsf3.o) (__addsf3x)
c:/tools/avr8-gnu-toolchain-win32_x86_64/bin/../lib/gcc/avr/7.3.0/../../../../avr/lib/avr5\libm.a(cmpsf2.o)
                              ./Include/LOGIC/Logic.o (__ltsf2)
c:/tools/avr8-gnu-toolchain-win32_x86_64/bin/../lib/gcc/avr/7.3.0/../../../../avr/lib/avr5\libm.a(divsf3.o)
                              ./Include/MCAL/ADC/ADC.o (__divsf3)
c:/tools/avr8-gnu-toolchain-win32_x86_64/bin/../lib/gcc/avr/7.3.0/../../../../avr/lib/avr5\libm.a(divsf3x.o)
                              c:/tools/avr8-gnu-toolchain-win32_x86_64/bin/../lib/gcc/avr/7.3.0/../../../../avr/lib/avr5\libm.a(divsf3.o) (__divsf3x)
c:/tools/avr8-gnu-toolchain-win32_x86_64/bin/../lib/gcc/avr/7.3.0/../../../../avr/lib/avr5\libm.a(floatsisf.o)
                              ./Include/MCAL/ADC/ADC.o (__floatunsisf)
c:/tools/avr8-gnu-toolchain-win32_x86_64/bin/../lib/gcc/avr/7.3.0/../../../../avr/lib/avr5\libm.a(fp_cmp.o)
                              c:/tools/avr8-gnu-toolchain-win32_x86_64/bin/../lib/gcc/avr/7.3.0/../../../../avr/lib/avr5\libm.a(cmpsf2.o) (__fp_cmp)
c:/tools/avr8-gnu-toolchain-win32_x86_64/bin/../lib/gcc/avr/7.3.0/../../../../avr/lib/avr5\libm.a(fp_inf.o)
                              c:/tools/avr8-gnu-toolchain-win32_x86_64/bin/../lib/gcc/avr/7.3.0/../../../../avr/lib/avr5\libm.a(addsf3x.o) (__fp_inf)
c:/tools/avr8-gnu-toolchain-win32_x86_64/bin/../lib/gcc/avr/7.3.0/../../../../avr/lib/avr5\libm.a(fp_nan.o)
                              c:/tools/avr8-gnu-toolchain-win32_x86_64/bin/../lib/gcc/avr/7.3.0/../../../../avr/lib/avr5\libm.a(addsf3x.o) (__fp_nan)
c:/tools/avr8-gnu-toolchain-win32_x86_64/bin/../lib/gcc/avr/7.3.0/../../../../avr/lib/avr5\libm.a(fp_pscA.o)
                              c:/tools/avr8-gnu-toolchain-win32_x86_64/bin/../lib/gcc/avr/7.3.0/../../../../avr/lib/avr5\libm.a(addsf3x.o) (__fp_pscA)
c:/tools/avr8-gnu-toolchain-win32_x86_64/bin/../lib/gcc/avr/7.3.0/../../../../avr/lib/avr5\libm.a(fp_pscB.o)
                              c:/tools/avr8-gnu-toolchain-win32_x86_64/bin/../lib/gcc/avr/7.3.0/../../../../avr/lib/avr5\libm.a(addsf3x.o) (__fp_pscB)
c:/tools/avr8-gnu-toolchain-win32_x86_64/bin/../lib/gcc/avr/7.3.0/../../../../avr/lib/avr5\libm.a(fp_round.o)
                              c:/tools/avr8-gnu-toolchain-win32_x86_64/bin/../lib/gcc/avr/7.3.0/../../../../avr/lib/avr5\libm.a(addsf3.o) (__fp_round)
c:/tools/avr8-gnu-toolchain-win32_x86_64/bin/../lib/gcc/avr/7.3.0/../../../../avr/lib/avr5\libm.a(fp_split3.o)
                              c:/tools/avr8-gnu-toolchain-win32_x86_64/bin/../lib/gcc/avr/7.3.0/../../../../avr/lib/avr5\libm.a(addsf3x.o) (__fp_split3)
c:/tools/avr8-gnu-toolchain-win32_x86_64/bin/../lib/gcc/avr/7.3.0/../../../../avr/lib/avr5\libm.a(fp_zero.o)
                              c:/tools/avr8-gnu-toolchain-win32_x86_64/bin/../lib/gcc/avr/7.3.0/../../../../avr/lib/avr5\libm.a(addsf3x.o) (__fp_zero)
c:/tools/avr8-gnu-toolchain-win32_x86_64/bin/../lib/gcc/avr/7.3.0/../../../../avr/lib/avr5\libm.a(gesf2.o)
                              ./Include/LOGIC/Logic.o (__gesf2)
c:/tools/avr8-gnu-toolchain-win32_x86_64/bin/../lib/gcc/avr/7.3.0/../../../../avr/lib/avr5\libm.a(log.o)
                              ./Include/LOGIC/Logic.o (log)
c:/tools/avr8-gnu-toolchain-win32_x86_64/bin/../lib/gcc/avr/7.3.0/../../../../avr/lib/avr5\libm.a(mulsf3.o)
                              ./Include/MCAL/ADC/ADC.o (__mulsf3)
c:/tools/avr8-gnu-toolchain-win32_x86_64/bin/../lib/gcc/avr/7.3.0/../../../../avr/lib/avr5\libm.a(mulsf3x.o)
                              c:/tools/avr8-gnu-toolchain-win32_x86_64/bin/../lib/gcc/avr/7.3.0/../../../../avr/lib/avr5\libm.a(log.o) (__mulsf3x)
c:/tools/avr8-gnu-toolchain-win32_x86_64/bin/../lib/gcc/avr/7.3.0/../../../../avr/lib/avr5\libm.a(fp_mpack.o)
                              c:/tools/avr8-gnu-toolchain-win32_x86_64/bin/../lib/gcc/avr/7.3.0/../../../../avr/lib/avr5\libm.a(log.o) (__fp_mpack)
c:/tools/avr8-gnu-toolchain-win32_x86_64/bin/../lib/gcc/avr/7.3.0/../../../../avr/lib/avr5\libm.a(fp_powser.o)
                              c:/tools/avr8-gnu-toolchain-win32_x86_64/bin/../lib/gcc/avr/7.3.0/../../../../avr/lib/avr5\libm.a(log.o) (__fp_powser)
c:/tools/avr8-gnu-toolchain-win32_x86_64/bin/../lib/gcc/avr/7.3.0/avr5\libgcc.a(_udivmodsi4.o)
                              ./Include/LOGIC/Polling/poller.o (__udivmodsi4)
c:/tools/avr8-gnu-toolchain-win32_x86_64/bin/../lib/gcc/avr/7.3.0/avr5\libgcc.a(_divmodsi4.o)
                              ./Include/COMMUNICATION/Uart/Uart.o (__divmodsi4)
c:/tools/avr8-gnu-toolchain-win32_x86_64/bin/../lib/gcc/avr/7.3.0/avr5\libgcc.a(_negsi2.o)
                              c:/tools/avr8-gnu-toolchain-win32_x86_64/bin/../lib/gcc/avr/7.3.0/avr5\libgcc.a(_divmodsi4.o) (__negsi2)
c:/tools/avr8-gnu-toolchain-win32_x86_64/bin/../lib/gcc/avr/7.3.0/avr5\libgcc.a(_exit.o)
                              c:/tools/avr8-gnu-toolchain-win32_x86_64/bin/../lib/gcc/avr/7.3.0/../../../../avr/lib/avr5/crtatmega32a.o (exit)
c:/tools/avr8-gnu-toolchain-win32_x86_64/bin/../lib/gcc/avr/7.3.0/avr5\libgcc.a(_tablejump2.o)
                              ./Include/MCAL/ADC/ADC.o (__tablejump2__)
c:/tools/avr8-gnu-toolchain-win32_x86_64/bin/../lib/gcc/avr/7.3.0/avr5\libgcc.a(_copy_data.o)
                              ./Include/OS/Os.o (__do_copy_data)
c:/tools/avr8-gnu-toolchain-win32_x86_64/bin/../lib/gcc/avr/7.3.0/avr5\libgcc.a(_clear_bss.o)
                              ./Include/OS/Os.o (__do_clear_bss)
c:/tools/avr8-gnu-toolchain-win32_x86_64/bin/../lib/gcc/avr/7.3.0/../../../../avr/lib/avr5\libc.a(dtostrf.o)
                              ./Include/HAL/Lcd/Lcd.o (dtostrf)
c:/tools/avr8-gnu-toolchain-win32_x86_64/bin/../lib/gcc/avr/7.3.0/../../../../avr/lib/avr5\libc.a(memcpy.o)
                              ./FreeRtos/queue.o (memcpy)
c:/tools/avr8-gnu-toolchain-win32_x86_64/bin/../lib/gcc/avr/7.3.0/../../../../avr/lib/avr5\libc.a(dtoa_prf.o)
                              c:/tools/avr8-gnu-toolchain-win32_x86_64/bin/../lib/gcc/avr/7.3.0/../../../../avr/lib/avr5\libc.a(dtostrf.o) (dtoa_prf)
c:/tools/avr8-gnu-toolchain-win32_x86_64/bin/../lib/gcc/avr/7.3.0/../../../../avr/lib/avr5\libc.a(ftoa_engine.o)
                              c:/tools/avr8-gnu-toolchain-win32_x86_64/bin/../lib/gcc/avr/7.3.0/../../../../avr/lib/avr5\libc.a(dtoa_prf.o) (__ftoa_engine)
c:/tools/avr8-gnu-toolchain-win32_x86_64/bin/../lib/gcc/avr/7.3.0/avr5\libgcc.a(_prologue.o)
                              c:/tools/avr8-gnu-toolchain-win32_x86_64/bin/../lib/gcc/avr/7.3.0/../../../../avr/lib/avr5\libc.a(dtoa_prf.o) (__prologue_saves__)
c:/tools/avr8-gnu-toolchain-win32_x86_64/bin/../lib/gcc/avr/7.3.0/avr5\libgcc.a(_epilogue.o)
                              c:/tools/avr8-gnu-toolchain-win32_x86_64/bin/../lib/gcc/avr/7.3.0/../../../../avr/lib/avr5\libc.a(dtoa_prf.o) (__epilogue_restores__)

Allocating common symbols
Common symbol       size              file

VehicleCheckTaskHandle
                    0x2               ./Include/OS/Os.o
stateSemaphore      0x2               ./Include/OS/Os.o
buttonQueue         0x2               ./Include/OS/Os.o
percentage          0x4               ./Include/OS/Os.o
Overcurrent_TaskHandle
                    0x2               ./Include/OS/Os.o
SuddenDisconnect_TaskHandle
                    0x2               ./Include/OS/Os.o
TaskUserCommandHandle
                    0x2               ./Include/OS/Os.o
TaskChargingStartHandle
                    0x2               ./Include/OS/Os.o
TaskFaultDetectionHandle
                    0x2               ./Include/OS/Os.o
TaskStopSessionHandle
                    0x2               ./Include/OS/Os.o
taskHandleDisplayRefresh
                    0x2               ./Include/OS/Os.o
lcdSemaphore        0x2               ./Include/OS/Os.o

Memory Configuration

Name             Origin             Length             Attributes
text             0x0000000000000000 0x0000000000008000 xr
data             0x0000000000800060 0x0000000000000800 rw !x
eeprom           0x0000000000810000 0x0000000000000400 rw !x
fuse             0x0000000000820000 0x0000000000000002 rw !x
lock             0x0000000000830000 0x0000000000000400 rw !x
signature        0x0000000000840000 0x0000000000000400 rw !x
user_signatures  0x0000000000850000 0x0000000000000400 rw !x
*default*        0x0000000000000000 0xffffffffffffffff

Linker script and memory map

LOAD c:/tools/avr8-gnu-toolchain-win32_x86_64/bin/../lib/gcc/avr/7.3.0/../../../../avr/lib/avr5/crtatmega32a.o
LOAD ./Include/OS/Os.o
LOAD ./Include/MCAL/Timer/timer.o
LOAD ./Include/MCAL/Gpio/Gpio.o
LOAD ./Include/MCAL/Gpio/Gpio_Config.o
LOAD ./Include/MCAL/ADC/ADC.o
LOAD ./Include/LOGIC/observer/observer.o
LOAD ./Include/LOGIC/Polling/poller.o
LOAD ./Include/LOGIC/Logic.o
LOAD ./Include/HAL/Lcd/Lcd.o
LOAD ./Include/COMMUNICATION/Uart/Uart.o
LOAD ./FreeRtos/croutine.o
LOAD ./FreeRtos/event_groups.o
LOAD ./FreeRtos/heap_1.o
LOAD ./FreeRtos/list.o
LOAD ./FreeRtos/port.o
LOAD ./FreeRtos/queue.o
LOAD ./FreeRtos/stream_buffer.o
LOAD ./FreeRtos/tasks.o
LOAD ./FreeRtos/timers.o
LOAD ./main.o
LOAD c:/tools/avr8-gnu-toolchain-win32_x86_64/bin/../lib/gcc/avr/7.3.0/../../../../avr/lib/avr5\libm.a
LOAD c:/tools/avr8-gnu-toolchain-win32_x86_64/bin/../lib/gcc/avr/7.3.0/../../../../avr/lib/avr5\libm.a
START GROUP
LOAD c:/tools/avr8-gnu-toolchain-win32_x86_64/bin/../lib/gcc/avr/7.3.0/avr5\libgcc.a
LOAD c:/tools/avr8-gnu-toolchain-win32_x86_64/bin/../lib/gcc/avr/7.3.0/../../../../avr/lib/avr5\libm.a
LOAD c:/tools/avr8-gnu-toolchain-win32_x86_64/bin/../lib/gcc/avr/7.3.0/../../../../avr/lib/avr5\libc.a
LOAD c:/tools/avr8-gnu-toolchain-win32_x86_64/bin/../lib/gcc/avr/7.3.0/../../../../avr/lib/avr5\libatmega32a.a
END GROUP
                [0x0000000000000000]                __TEXT_REGION_ORIGIN__ = DEFINED (__TEXT_REGION_ORIGIN__)?__TEXT_REGION_ORIGIN__:0x0
                [0x0000000000800060]                __DATA_REGION_ORIGIN__ = DEFINED (__DATA_REGION_ORIGIN__)?__DATA_REGION_ORIGIN__:0x800060
                [0x0000000000008000]                __TEXT_REGION_LENGTH__ = DEFINED (__TEXT_REGION_LENGTH__)?__TEXT_REGION_LENGTH__:0x20000
                [0x0000000000000800]                __DATA_REGION_LENGTH__ = DEFINED (__DATA_REGION_LENGTH__)?__DATA_REGION_LENGTH__:0xffa0
                [0x0000000000000400]                __EEPROM_REGION_LENGTH__ = DEFINED (__EEPROM_REGION_LENGTH__)?__EEPROM_REGION_LENGTH__:0x10000
                [0x0000000000000002]                __FUSE_REGION_LENGTH__ = DEFINED (__FUSE_REGION_LENGTH__)?__FUSE_REGION_LENGTH__:0x400
                0x0000000000000400                __LOCK_REGION_LENGTH__ = DEFINED (__LOCK_REGION_LENGTH__)?__LOCK_REGION_LENGTH__:0x400
                0x0000000000000400                __SIGNATURE_REGION_LENGTH__ = DEFINED (__SIGNATURE_REGION_LENGTH__)?__SIGNATURE_REGION_LENGTH__:0x400
                0x0000000000000400                __USER_SIGNATURE_REGION_LENGTH__ = DEFINED (__USER_SIGNATURE_REGION_LENGTH__)?__USER_SIGNATURE_REGION_LENGTH__:0x400

.hash
 *(.hash)

.dynsym
 *(.dynsym)

.dynstr
 *(.dynstr)

.gnu.version
 *(.gnu.version)

.gnu.version_d
 *(.gnu.version_d)

.gnu.version_r
 *(.gnu.version_r)

.rel.init
 *(.rel.init)

.rela.init
 *(.rela.init)

.rel.text
 *(.rel.text)
 *(.rel.text.*)
 *(.rel.gnu.linkonce.t*)

.rela.text
 *(.rela.text)
 *(.rela.text.*)
 *(.rela.gnu.linkonce.t*)

.rel.fini
 *(.rel.fini)

.rela.fini
 *(.rela.fini)

.rel.rodata
 *(.rel.rodata)
 *(.rel.rodata.*)
 *(.rel.gnu.linkonce.r*)

.rela.rodata
 *(.rela.rodata)
 *(.rela.rodata.*)
 *(.rela.gnu.linkonce.r*)

.rel.data
 *(.rel.data)
 *(.rel.data.*)
 *(.rel.gnu.linkonce.d*)

.rela.data
 *(.rela.data)
 *(.rela.data.*)
 *(.rela.gnu.linkonce.d*)

.rel.ctors
 *(.rel.ctors)

.rela.ctors
 *(.rela.ctors)

.rel.dtors
 *(.rel.dtors)

.rela.dtors
 *(.rela.dtors)

.rel.got
 *(.rel.got)

.rela.got
 *(.rela.got)

.rel.bss
 *(.rel.bss)

.rela.bss
 *(.rela.bss)

.rel.plt
 *(.rel.plt)

.rela.plt
 *(.rela.plt)

.text           0x0000000000000000     0x5624
 *(.vectors)
 .vectors       0x0000000000000000       0x54 c:/tools/avr8-gnu-toolchain-win32_x86_64/bin/../lib/gcc/avr/7.3.0/../../../../avr/lib/avr5/crtatmega32a.o
                0x0000000000000000                __vector_default
                0x0000000000000000                __vectors
 *(.vectors)
 *(.progmem.gcc*)
 .progmem.gcc_fplib
                0x0000000000000054       0x5a c:/tools/avr8-gnu-toolchain-win32_x86_64/bin/../lib/gcc/avr/7.3.0/../../../../avr/lib/avr5\libm.a(log.o)
                0x00000000000000ae                . = ALIGN (0x2)
                0x00000000000000ae                __trampolines_start = .
 *(.trampolines)
 .trampolines   0x00000000000000ae        0x0 linker stubs
 *(.trampolines*)
                0x00000000000000ae                __trampolines_end = .
 *libprintf_flt.a:*(.progmem.data)
 *libc.a:*(.progmem.data)
 .progmem.data  0x00000000000000ae       0xfa c:/tools/avr8-gnu-toolchain-win32_x86_64/bin/../lib/gcc/avr/7.3.0/../../../../avr/lib/avr5\libc.a(ftoa_engine.o)
 *(.progmem*)
                0x00000000000001a8                . = ALIGN (0x2)
 *(.jumptables)
 *(.jumptables*)
 *(.lowtext)
 *(.lowtext*)
                0x00000000000001a8                __ctors_start = .
 *(.ctors)
                0x00000000000001a8                __ctors_end = .
                0x00000000000001a8                __dtors_start = .
 *(.dtors)
                0x00000000000001a8                __dtors_end = .
 SORT(*)(.ctors)
 SORT(*)(.dtors)
 *(.init0)
 .init0         0x00000000000001a8        0x0 c:/tools/avr8-gnu-toolchain-win32_x86_64/bin/../lib/gcc/avr/7.3.0/../../../../avr/lib/avr5/crtatmega32a.o
                0x00000000000001a8                __init
 *(.init0)
 *(.init1)
 *(.init1)
 *(.init2)
 .init2         0x00000000000001a8        0xc c:/tools/avr8-gnu-toolchain-win32_x86_64/bin/../lib/gcc/avr/7.3.0/../../../../avr/lib/avr5/crtatmega32a.o
 *(.init2)
 *(.init3)
 *(.init3)
 *(.init4)
 .init4         0x00000000000001b4       0x16 c:/tools/avr8-gnu-toolchain-win32_x86_64/bin/../lib/gcc/avr/7.3.0/avr5\libgcc.a(_copy_data.o)
                0x00000000000001b4                __do_copy_data
 .init4         0x00000000000001ca       0x10 c:/tools/avr8-gnu-toolchain-win32_x86_64/bin/../lib/gcc/avr/7.3.0/avr5\libgcc.a(_clear_bss.o)
                0x00000000000001ca                __do_clear_bss
 *(.init4)
 *(.init5)
 *(.init5)
 *(.init6)
 *(.init6)
 *(.init7)
 *(.init7)
 *(.init8)
 *(.init8)
 *(.init9)
 .init9         0x00000000000001da        0x8 c:/tools/avr8-gnu-toolchain-win32_x86_64/bin/../lib/gcc/avr/7.3.0/../../../../avr/lib/avr5/crtatmega32a.o
 *(.init9)
 *(.text)
 .text          0x00000000000001e2        0x4 c:/tools/avr8-gnu-toolchain-win32_x86_64/bin/../lib/gcc/avr/7.3.0/../../../../avr/lib/avr5/crtatmega32a.o
                0x00000000000001e2                __vector_12
                0x00000000000001e2                __bad_interrupt
                0x00000000000001e2                __vector_6
                0x00000000000001e2                __vector_3
                0x00000000000001e2                __vector_11
                0x00000000000001e2                __vector_13
                0x00000000000001e2                __vector_17
                0x00000000000001e2                __vector_19
                0x00000000000001e2                __vector_5
                0x00000000000001e2                __vector_4
                0x00000000000001e2                __vector_9
                0x00000000000001e2                __vector_15
                0x00000000000001e2                __vector_8
                0x00000000000001e2                __vector_14
                0x00000000000001e2                __vector_10
                0x00000000000001e2                __vector_16
                0x00000000000001e2                __vector_18
                0x00000000000001e2                __vector_20
 .text          0x00000000000001e6        0x0 ./Include/OS/Os.o
 .text          0x00000000000001e6        0x0 ./Include/MCAL/Timer/timer.o
 .text          0x00000000000001e6        0x0 ./Include/MCAL/Gpio/Gpio.o
 .text          0x00000000000001e6        0x0 ./Include/MCAL/Gpio/Gpio_Config.o
 .text          0x00000000000001e6        0x0 ./Include/MCAL/ADC/ADC.o
 .text          0x00000000000001e6        0x0 ./Include/LOGIC/observer/observer.o
 .text          0x00000000000001e6        0x0 ./Include/LOGIC/Polling/poller.o
 .text          0x00000000000001e6        0x0 ./Include/LOGIC/Logic.o
 .text          0x00000000000001e6        0x0 ./Include/HAL/Lcd/Lcd.o
 .text          0x00000000000001e6        0x0 ./Include/COMMUNICATION/Uart/Uart.o
 .text          0x00000000000001e6        0x0 ./FreeRtos/croutine.o
 .text          0x00000000000001e6        0x0 ./FreeRtos/event_groups.o
 .text          0x00000000000001e6        0x0 ./FreeRtos/heap_1.o
 .text          0x00000000000001e6        0x0 ./FreeRtos/list.o
 .text          0x00000000000001e6        0x0 ./FreeRtos/port.o
 .text          0x00000000000001e6        0x0 ./FreeRtos/queue.o
 .text          0x00000000000001e6        0x0 ./FreeRtos/stream_buffer.o
 .text          0x00000000000001e6        0x0 ./FreeRtos/tasks.o
 .text          0x00000000000001e6        0x0 ./FreeRtos/timers.o
 .text          0x00000000000001e6        0x0 ./main.o
 .text          0x00000000000001e6        0x0 c:/tools/avr8-gnu-toolchain-win32_x86_64/bin/../lib/gcc/avr/7.3.0/../../../../avr/lib/avr5\libm.a(addsf3.o)
 .text          0x00000000000001e6        0x0 c:/tools/avr8-gnu-toolchain-win32_x86_64/bin/../lib/gcc/avr/7.3.0/../../../../avr/lib/avr5\libm.a(addsf3x.o)
 .text          0x00000000000001e6        0x0 c:/tools/avr8-gnu-toolchain-win32_x86_64/bin/../lib/gcc/avr/7.3.0/../../../../avr/lib/avr5\libm.a(cmpsf2.o)
 .text          0x00000000000001e6        0x0 c:/tools/avr8-gnu-toolchain-win32_x86_64/bin/../lib/gcc/avr/7.3.0/../../../../avr/lib/avr5\libm.a(divsf3.o)
 .text          0x00000000000001e6        0x0 c:/tools/avr8-gnu-toolchain-win32_x86_64/bin/../lib/gcc/avr/7.3.0/../../../../avr/lib/avr5\libm.a(divsf3x.o)
 .text          0x00000000000001e6        0x0 c:/tools/avr8-gnu-toolchain-win32_x86_64/bin/../lib/gcc/avr/7.3.0/../../../../avr/lib/avr5\libm.a(floatsisf.o)
 .text          0x00000000000001e6        0x0 c:/tools/avr8-gnu-toolchain-win32_x86_64/bin/../lib/gcc/avr/7.3.0/../../../../avr/lib/avr5\libm.a(fp_cmp.o)
 .text          0x00000000000001e6        0x0 c:/tools/avr8-gnu-toolchain-win32_x86_64/bin/../lib/gcc/avr/7.3.0/../../../../avr/lib/avr5\libm.a(fp_inf.o)
 .text          0x00000000000001e6        0x0 c:/tools/avr8-gnu-toolchain-win32_x86_64/bin/../lib/gcc/avr/7.3.0/../../../../avr/lib/avr5\libm.a(fp_nan.o)
 .text          0x00000000000001e6        0x0 c:/tools/avr8-gnu-toolchain-win32_x86_64/bin/../lib/gcc/avr/7.3.0/../../../../avr/lib/avr5\libm.a(fp_pscA.o)
 .text          0x00000000000001e6        0x0 c:/tools/avr8-gnu-toolchain-win32_x86_64/bin/../lib/gcc/avr/7.3.0/../../../../avr/lib/avr5\libm.a(fp_pscB.o)
 .text          0x00000000000001e6        0x0 c:/tools/avr8-gnu-toolchain-win32_x86_64/bin/../lib/gcc/avr/7.3.0/../../../../avr/lib/avr5\libm.a(fp_round.o)
 .text          0x00000000000001e6        0x0 c:/tools/avr8-gnu-toolchain-win32_x86_64/bin/../lib/gcc/avr/7.3.0/../../../../avr/lib/avr5\libm.a(fp_split3.o)
 .text          0x00000000000001e6        0x0 c:/tools/avr8-gnu-toolchain-win32_x86_64/bin/../lib/gcc/avr/7.3.0/../../../../avr/lib/avr5\libm.a(fp_zero.o)
 .text          0x00000000000001e6        0x0 c:/tools/avr8-gnu-toolchain-win32_x86_64/bin/../lib/gcc/avr/7.3.0/../../../../avr/lib/avr5\libm.a(gesf2.o)
 .text          0x00000000000001e6        0x0 c:/tools/avr8-gnu-toolchain-win32_x86_64/bin/../lib/gcc/avr/7.3.0/../../../../avr/lib/avr5\libm.a(log.o)
 .text          0x00000000000001e6        0x0 c:/tools/avr8-gnu-toolchain-win32_x86_64/bin/../lib/gcc/avr/7.3.0/../../../../avr/lib/avr5\libm.a(mulsf3.o)
 .text          0x00000000000001e6        0x0 c:/tools/avr8-gnu-toolchain-win32_x86_64/bin/../lib/gcc/avr/7.3.0/../../../../avr/lib/avr5\libm.a(mulsf3x.o)
 .text          0x00000000000001e6        0x0 c:/tools/avr8-gnu-toolchain-win32_x86_64/bin/../lib/gcc/avr/7.3.0/../../../../avr/lib/avr5\libm.a(fp_mpack.o)
 .text          0x00000000000001e6        0x0 c:/tools/avr8-gnu-toolchain-win32_x86_64/bin/../lib/gcc/avr/7.3.0/../../../../avr/lib/avr5\libm.a(fp_powser.o)
 .text          0x00000000000001e6        0x0 c:/tools/avr8-gnu-toolchain-win32_x86_64/bin/../lib/gcc/avr/7.3.0/avr5\libgcc.a(_udivmodsi4.o)
 .text          0x00000000000001e6        0x0 c:/tools/avr8-gnu-toolchain-win32_x86_64/bin/../lib/gcc/avr/7.3.0/avr5\libgcc.a(_divmodsi4.o)
 .text          0x00000000000001e6        0x0 c:/tools/avr8-gnu-toolchain-win32_x86_64/bin/../lib/gcc/avr/7.3.0/avr5\libgcc.a(_negsi2.o)
 .text          0x00000000000001e6        0x0 c:/tools/avr8-gnu-toolchain-win32_x86_64/bin/../lib/gcc/avr/7.3.0/avr5\libgcc.a(_exit.o)
 .text          0x00000000000001e6        0x0 c:/tools/avr8-gnu-toolchain-win32_x86_64/bin/../lib/gcc/avr/7.3.0/avr5\libgcc.a(_tablejump2.o)
 .text          0x00000000000001e6        0x0 c:/tools/avr8-gnu-toolchain-win32_x86_64/bin/../lib/gcc/avr/7.3.0/avr5\libgcc.a(_copy_data.o)
 .text          0x00000000000001e6        0x0 c:/tools/avr8-gnu-toolchain-win32_x86_64/bin/../lib/gcc/avr/7.3.0/avr5\libgcc.a(_clear_bss.o)
 .text          0x00000000000001e6        0x0 c:/tools/avr8-gnu-toolchain-win32_x86_64/bin/../lib/gcc/avr/7.3.0/../../../../avr/lib/avr5\libc.a(dtostrf.o)
 .text          0x00000000000001e6        0x0 c:/tools/avr8-gnu-toolchain-win32_x86_64/bin/../lib/gcc/avr/7.3.0/../../../../avr/lib/avr5\libc.a(memcpy.o)
 .text          0x00000000000001e6        0x0 c:/tools/avr8-gnu-toolchain-win32_x86_64/bin/../lib/gcc/avr/7.3.0/../../../../avr/lib/avr5\libc.a(dtoa_prf.o)
 .text          0x00000000000001e6        0x0 c:/tools/avr8-gnu-toolchain-win32_x86_64/bin/../lib/gcc/avr/7.3.0/../../../../avr/lib/avr5\libc.a(ftoa_engine.o)
 .text          0x00000000000001e6        0x0 c:/tools/avr8-gnu-toolchain-win32_x86_64/bin/../lib/gcc/avr/7.3.0/avr5\libgcc.a(_prologue.o)
 .text          0x00000000000001e6        0x0 c:/tools/avr8-gnu-toolchain-win32_x86_64/bin/../lib/gcc/avr/7.3.0/avr5\libgcc.a(_epilogue.o)
                0x00000000000001e6                . = ALIGN (0x2)
 *(.text.*)
 .text.TaskDisplayRefresh
                0x00000000000001e6      0x138 ./Include/OS/Os.o
                0x00000000000001e6                TaskDisplayRefresh
 .text.VehicleCheckTask
                0x000000000000031e       0xac ./Include/OS/Os.o
                0x000000000000031e                VehicleCheckTask
 .text.Overcurrent_Task
                0x00000000000003ca       0x4c ./Include/OS/Os.o
                0x00000000000003ca                Overcurrent_Task
 .text.TaskChargingStart
                0x0000000000000416       0x60 ./Include/OS/Os.o
                0x0000000000000416                TaskChargingStart
 .text.TaskStopSession
                0x0000000000000476       0x60 ./Include/OS/Os.o
                0x0000000000000476                TaskStopSession
 .text.__vector_1
                0x00000000000004d6       0x7e ./Include/OS/Os.o
                0x00000000000004d6                __vector_1
 .text.__vector_2
                0x0000000000000554       0x7e ./Include/OS/Os.o
                0x0000000000000554                __vector_2
 .text.SuddenDisconnect_Task
                0x00000000000005d2       0x1a ./Include/OS/Os.o
                0x00000000000005d2                SuddenDisconnect_Task
 .text.Os_Init  0x00000000000005ec       0xc2 ./Include/OS/Os.o
                0x00000000000005ec                Os_Init
 .text.vTimer1Callback
                0x00000000000006ae       0x10 ./Include/MCAL/Timer/timer.o
 .text.Timer_vidInitTimer1
                0x00000000000006be       0x28 ./Include/MCAL/Timer/timer.o
                0x00000000000006be                Timer_vidInitTimer1
 .text.Timer_vidStartTimer1
                0x00000000000006e6       0x32 ./Include/MCAL/Timer/timer.o
                0x00000000000006e6                Timer_vidStartTimer1
 .text.Timer_vidStopTimer1
                0x0000000000000718       0x28 ./Include/MCAL/Timer/timer.o
                0x0000000000000718                Timer_vidStopTimer1
 .text.Timer_vidSetCallBackTimer1
                0x0000000000000740        0xe ./Include/MCAL/Timer/timer.o
                0x0000000000000740                Timer_vidSetCallBackTimer1
 .text.CreateGpioProxy
                0x000000000000074e        0xa ./Include/MCAL/Gpio/Gpio.o
                0x000000000000074e                CreateGpioProxy
 .text.Proxy_SetPortDirection
                0x0000000000000758        0xa ./Include/MCAL/Gpio/Gpio.o
                0x0000000000000758                Proxy_SetPortDirection
 .text.Proxy_WritePort
                0x0000000000000762        0xc ./Include/MCAL/Gpio/Gpio.o
                0x0000000000000762                Proxy_WritePort
 .text.Proxy_ReadPort
                0x000000000000076e        0xc ./Include/MCAL/Gpio/Gpio.o
                0x000000000000076e                Proxy_ReadPort
 .text.Proxy_SetPin
                0x000000000000077a       0x1c ./Include/MCAL/Gpio/Gpio.o
                0x000000000000077a                Proxy_SetPin
 .text.Proxy_ClearPin
                0x0000000000000796       0x1e ./Include/MCAL/Gpio/Gpio.o
                0x0000000000000796                Proxy_ClearPin
 .text.Proxy_ReadPin
                0x00000000000007b4       0x2c ./Include/MCAL/Gpio/Gpio.o
                0x00000000000007b4                Proxy_ReadPin
 .text.ConfigurePins
                0x00000000000007e0       0x5e ./Include/MCAL/Gpio/Gpio.o
                0x00000000000007e0                ConfigurePins
 .text.ADC_PRESCALER_SET
                0x000000000000083e       0x50 ./Include/MCAL/ADC/ADC.o
                0x000000000000083e                ADC_PRESCALER_SET
 .text.ADC_voltage_Reference
                0x000000000000088e       0x26 ./Include/MCAL/ADC/ADC.o
                0x000000000000088e                ADC_voltage_Reference
 .text.ADC_INIT
                0x00000000000008b4       0x16 ./Include/MCAL/ADC/ADC.o
                0x00000000000008b4                ADC_INIT
 .text.ADC_READ
                0x00000000000008ca       0x5c ./Include/MCAL/ADC/ADC.o
                0x00000000000008ca                ADC_READ
 .text.ADC_GetVoltage
                0x0000000000000926       0x78 ./Include/MCAL/ADC/ADC.o
                0x0000000000000926                ADC_GetVoltage
 .text.subscribe
                0x000000000000099e       0x30 ./Include/LOGIC/observer/observer.o
                0x000000000000099e                subscribe
 .text.notify   0x00000000000009ce       0x3a ./Include/LOGIC/observer/observer.o
                0x00000000000009ce                notify
 .text.unsubscribe
                0x0000000000000a08       0x62 ./Include/LOGIC/observer/observer.o
                0x0000000000000a08                unsubscribe
 .text.updatePollCounter
                0x0000000000000a6a       0x14 ./Include/LOGIC/Polling/poller.o
                0x0000000000000a6a                updatePollCounter
 .text.poll     0x0000000000000a7e      0x14a ./Include/LOGIC/Polling/poller.o
                0x0000000000000a7e                poll
 .text.poller_Init
                0x0000000000000bc8        0xc ./Include/LOGIC/Polling/poller.o
                0x0000000000000bc8                poller_Init
 .text.Poller__StartPolling
                0x0000000000000bd4        0x4 ./Include/LOGIC/Polling/poller.o
                0x0000000000000bd4                Poller__StartPolling
 .text.Poller__StopPolling
                0x0000000000000bd8        0x4 ./Include/LOGIC/Polling/poller.o
                0x0000000000000bd8                Poller__StopPolling
 .text.poller_SetPollTime
                0x0000000000000bdc       0x16 ./Include/LOGIC/Polling/poller.o
                0x0000000000000bdc                poller_SetPollTime
 .text.Charge_Logic
                0x0000000000000bf2        0xa ./Include/LOGIC/Logic.o
                0x0000000000000bf2                Charge_Logic
 .text.Stop_Charge_Logic
                0x0000000000000bfc        0xa ./Include/LOGIC/Logic.o
                0x0000000000000bfc                Stop_Charge_Logic
 .text.Button_Init
                0x0000000000000c06       0x22 ./Include/LOGIC/Logic.o
                0x0000000000000c06                Button_Init
 .text.calculateChargePercentage
                0x0000000000000c28       0xd6 ./Include/LOGIC/Logic.o
                0x0000000000000c28                calculateChargePercentage
 .text.calculateTimeRemaining
                0x0000000000000cfe      0x172 ./Include/LOGIC/Logic.o
                0x0000000000000cfe                calculateTimeRemaining
 .text.LCD_Command
                0x0000000000000e70       0x92 ./Include/HAL/Lcd/Lcd.o
                0x0000000000000e70                LCD_Command
 .text.LCD_Char
                0x0000000000000f02       0x8a ./Include/HAL/Lcd/Lcd.o
                0x0000000000000f02                LCD_Char
 .text.LCD_Init
                0x0000000000000f8c       0x4c ./Include/HAL/Lcd/Lcd.o
                0x0000000000000f8c                LCD_Init
 .text.LCD_String
                0x0000000000000fd8       0x18 ./Include/HAL/Lcd/Lcd.o
                0x0000000000000fd8                LCD_String
 .text.LCD_String_xy
                0x0000000000000ff0       0x2e ./Include/HAL/Lcd/Lcd.o
                0x0000000000000ff0                LCD_String_xy
 .text.LCD_Clear
                0x000000000000101e       0x18 ./Include/HAL/Lcd/Lcd.o
                0x000000000000101e                LCD_Clear
 .text.LCD_Float
                0x0000000000001036       0x56 ./Include/HAL/Lcd/Lcd.o
                0x0000000000001036                LCD_Float
 .text.UART_Init
                0x000000000000108c       0x24 ./Include/COMMUNICATION/Uart/Uart.o
                0x000000000000108c                UART_Init
 .text.UART_Transmit
                0x00000000000010b0        0x8 ./Include/COMMUNICATION/Uart/Uart.o
                0x00000000000010b0                UART_Transmit
 .text.UART_Print
                0x00000000000010b8       0x18 ./Include/COMMUNICATION/Uart/Uart.o
                0x00000000000010b8                UART_Print
 .text.UART_PrintFloat
                0x00000000000010d0       0x56 ./Include/COMMUNICATION/Uart/Uart.o
                0x00000000000010d0                UART_PrintFloat
 .text.xCoRoutineCreate
                0x0000000000001126       0xe2 ./FreeRtos/croutine.o
                0x0000000000001126                xCoRoutineCreate
 .text.vCoRoutineAddToDelayedList
                0x0000000000001208       0x84 ./FreeRtos/croutine.o
                0x0000000000001208                vCoRoutineAddToDelayedList
 .text.vCoRoutineSchedule
                0x000000000000128c      0x208 ./FreeRtos/croutine.o
                0x000000000000128c                vCoRoutineSchedule
 .text.xCoRoutineRemoveFromEventList
                0x0000000000001494       0x48 ./FreeRtos/croutine.o
                0x0000000000001494                xCoRoutineRemoveFromEventList
 .text.vCoRoutineResetState
                0x00000000000014dc       0x36 ./FreeRtos/croutine.o
                0x00000000000014dc                vCoRoutineResetState
 .text.xEventGroupCreate
                0x0000000000001512       0x26 ./FreeRtos/event_groups.o
                0x0000000000001512                xEventGroupCreate
 .text.xEventGroupWaitBits
                0x0000000000001538       0xec ./FreeRtos/event_groups.o
                0x0000000000001538                xEventGroupWaitBits
 .text.xEventGroupClearBits
                0x0000000000001624       0x1e ./FreeRtos/event_groups.o
                0x0000000000001624                xEventGroupClearBits
 .text.xEventGroupGetBitsFromISR
                0x0000000000001642        0x8 ./FreeRtos/event_groups.o
                0x0000000000001642                xEventGroupGetBitsFromISR
 .text.xEventGroupSetBits
                0x000000000000164a       0x9a ./FreeRtos/event_groups.o
                0x000000000000164a                xEventGroupSetBits
 .text.xEventGroupSync
                0x00000000000016e4       0xd8 ./FreeRtos/event_groups.o
                0x00000000000016e4                xEventGroupSync
 .text.vEventGroupDelete
                0x00000000000017bc       0x2c ./FreeRtos/event_groups.o
                0x00000000000017bc                vEventGroupDelete
 .text.vEventGroupSetBitsCallback
                0x00000000000017e8        0x6 ./FreeRtos/event_groups.o
                0x00000000000017e8                vEventGroupSetBitsCallback
 .text.vEventGroupClearBitsCallback
                0x00000000000017ee        0x6 ./FreeRtos/event_groups.o
                0x00000000000017ee                vEventGroupClearBitsCallback
 .text.pvPortMalloc
                0x00000000000017f4       0x70 ./FreeRtos/heap_1.o
                0x00000000000017f4                pvPortMalloc
 .text.vPortFree
                0x0000000000001864        0x2 ./FreeRtos/heap_1.o
                0x0000000000001864                vPortFree
 .text.vPortInitialiseBlocks
                0x0000000000001866        0xa ./FreeRtos/heap_1.o
                0x0000000000001866                vPortInitialiseBlocks
 .text.xPortGetFreeHeapSize
                0x0000000000001870       0x12 ./FreeRtos/heap_1.o
                0x0000000000001870                xPortGetFreeHeapSize
 .text.vPortHeapResetState
                0x0000000000001882        0xa ./FreeRtos/heap_1.o
                0x0000000000001882                vPortHeapResetState
 .text.vListInitialise
                0x000000000000188c       0x1c ./FreeRtos/list.o
                0x000000000000188c                vListInitialise
 .text.vListInitialiseItem
                0x00000000000018a8        0x8 ./FreeRtos/list.o
                0x00000000000018a8                vListInitialiseItem
 .text.vListInsertEnd
                0x00000000000018b0       0x40 ./FreeRtos/list.o
                0x00000000000018b0                vListInsertEnd
 .text.vListInsert
                0x00000000000018f0       0x6c ./FreeRtos/list.o
                0x00000000000018f0                vListInsert
 .text.uxListRemove
                0x000000000000195c       0x46 ./FreeRtos/list.o
                0x000000000000195c                uxListRemove
 .text.pxPortInitialiseStack
                0x00000000000019a2       0xd8 ./FreeRtos/port.o
                0x00000000000019a2                pxPortInitialiseStack
 .text.xPortStartScheduler
                0x0000000000001a7a       0x6a ./FreeRtos/port.o
                0x0000000000001a7a                xPortStartScheduler
 .text.vPortEndScheduler
                0x0000000000001ae4        0x2 ./FreeRtos/port.o
                0x0000000000001ae4                vPortEndScheduler
 .text.vPortYield
                0x0000000000001ae6       0xb2 ./FreeRtos/port.o
                0x0000000000001ae6                vPortYield
 .text.vPortYieldFromTick
                0x0000000000001b98       0xb8 ./FreeRtos/port.o
                0x0000000000001b98                vPortYieldFromTick
 .text.__vector_7
                0x0000000000001c50        0x6 ./FreeRtos/port.o
                0x0000000000001c50                __vector_7
 .text.prvIsQueueEmpty
                0x0000000000001c56       0x16 ./FreeRtos/queue.o
 .text.prvCopyDataToQueue
                0x0000000000001c6c       0x94 ./FreeRtos/queue.o
 .text.prvCopyDataFromQueue
                0x0000000000001d00       0x34 ./FreeRtos/queue.o
 .text.prvUnlockQueue
                0x0000000000001d34       0x7c ./FreeRtos/queue.o
 .text.xQueueGenericReset
                0x0000000000001db0       0x8c ./FreeRtos/queue.o
                0x0000000000001db0                xQueueGenericReset
 .text.xQueueGenericCreate
                0x0000000000001e3c       0x58 ./FreeRtos/queue.o
                0x0000000000001e3c                xQueueGenericCreate
 .text.xQueueGenericSend
                0x0000000000001e94      0x12a ./FreeRtos/queue.o
                0x0000000000001e94                xQueueGenericSend
 .text.xQueueGenericSendFromISR
                0x0000000000001fbe       0x68 ./FreeRtos/queue.o
                0x0000000000001fbe                xQueueGenericSendFromISR
 .text.xQueueGiveFromISR
                0x0000000000002026       0x60 ./FreeRtos/queue.o
                0x0000000000002026                xQueueGiveFromISR
 .text.xQueueReceive
                0x0000000000002086      0x122 ./FreeRtos/queue.o
                0x0000000000002086                xQueueReceive
 .text.xQueueSemaphoreTake
                0x00000000000021a8      0x10a ./FreeRtos/queue.o
                0x00000000000021a8                xQueueSemaphoreTake
 .text.xQueuePeek
                0x00000000000022b2      0x122 ./FreeRtos/queue.o
                0x00000000000022b2                xQueuePeek
 .text.xQueueReceiveFromISR
                0x00000000000023d4       0x68 ./FreeRtos/queue.o
                0x00000000000023d4                xQueueReceiveFromISR
 .text.xQueuePeekFromISR
                0x000000000000243c       0x2e ./FreeRtos/queue.o
                0x000000000000243c                xQueuePeekFromISR
 .text.uxQueueMessagesWaiting
                0x000000000000246a       0x10 ./FreeRtos/queue.o
                0x000000000000246a                uxQueueMessagesWaiting
 .text.uxQueueSpacesAvailable
                0x000000000000247a       0x14 ./FreeRtos/queue.o
                0x000000000000247a                uxQueueSpacesAvailable
 .text.uxQueueMessagesWaitingFromISR
                0x000000000000248e        0x6 ./FreeRtos/queue.o
                0x000000000000248e                uxQueueMessagesWaitingFromISR
 .text.vQueueDelete
                0x0000000000002494        0x4 ./FreeRtos/queue.o
                0x0000000000002494                vQueueDelete
 .text.uxQueueGetQueueItemSize
                0x0000000000002498        0x6 ./FreeRtos/queue.o
                0x0000000000002498                uxQueueGetQueueItemSize
 .text.uxQueueGetQueueLength
                0x000000000000249e        0x6 ./FreeRtos/queue.o
                0x000000000000249e                uxQueueGetQueueLength
 .text.xQueueIsQueueEmptyFromISR
                0x00000000000024a4        0xc ./FreeRtos/queue.o
                0x00000000000024a4                xQueueIsQueueEmptyFromISR
 .text.xQueueIsQueueFullFromISR
                0x00000000000024b0        0xe ./FreeRtos/queue.o
                0x00000000000024b0                xQueueIsQueueFullFromISR
 .text.xQueueCRSend
                0x00000000000024be       0x6e ./FreeRtos/queue.o
                0x00000000000024be                xQueueCRSend
 .text.xQueueCRReceive
                0x000000000000252c       0x8e ./FreeRtos/queue.o
                0x000000000000252c                xQueueCRReceive
 .text.xQueueCRSendFromISR
                0x00000000000025ba       0x3e ./FreeRtos/queue.o
                0x00000000000025ba                xQueueCRSendFromISR
 .text.xQueueCRReceiveFromISR
                0x00000000000025f8       0x78 ./FreeRtos/queue.o
                0x00000000000025f8                xQueueCRReceiveFromISR
 .text.vQueueWaitForMessageRestricted
                0x0000000000002670       0x38 ./FreeRtos/queue.o
                0x0000000000002670                vQueueWaitForMessageRestricted
 .text.prvBytesInBuffer
                0x00000000000026a8       0x26 ./FreeRtos/stream_buffer.o
 .text.prvWriteBytesToBuffer
                0x00000000000026ce       0x88 ./FreeRtos/stream_buffer.o
 .text.prvWriteMessageToBuffer
                0x0000000000002756       0x8c ./FreeRtos/stream_buffer.o
 .text.prvReadBytesFromBuffer
                0x00000000000027e2       0x88 ./FreeRtos/stream_buffer.o
 .text.prvReadMessageFromBuffer
                0x000000000000286a       0x90 ./FreeRtos/stream_buffer.o
 .text.xStreamBufferGenericCreate
                0x00000000000028fa       0x70 ./FreeRtos/stream_buffer.o
                0x00000000000028fa                xStreamBufferGenericCreate
 .text.vStreamBufferDelete
                0x000000000000296a       0x14 ./FreeRtos/stream_buffer.o
                0x000000000000296a                vStreamBufferDelete
 .text.xStreamBufferReset
                0x000000000000297e       0x40 ./FreeRtos/stream_buffer.o
                0x000000000000297e                xStreamBufferReset
 .text.xStreamBufferResetFromISR
                0x00000000000029be       0x36 ./FreeRtos/stream_buffer.o
                0x00000000000029be                xStreamBufferResetFromISR
 .text.xStreamBufferSetTriggerLevel
                0x00000000000029f4       0x22 ./FreeRtos/stream_buffer.o
                0x00000000000029f4                xStreamBufferSetTriggerLevel
 .text.xStreamBufferSpacesAvailable
                0x0000000000002a16       0x34 ./FreeRtos/stream_buffer.o
                0x0000000000002a16                xStreamBufferSpacesAvailable
 .text.xStreamBufferBytesAvailable
                0x0000000000002a4a        0x4 ./FreeRtos/stream_buffer.o
                0x0000000000002a4a                xStreamBufferBytesAvailable
 .text.xStreamBufferSend
                0x0000000000002a4e      0x174 ./FreeRtos/stream_buffer.o
                0x0000000000002a4e                xStreamBufferSend
 .text.xStreamBufferSendFromISR
                0x0000000000002bc2       0x8a ./FreeRtos/stream_buffer.o
                0x0000000000002bc2                xStreamBufferSendFromISR
 .text.xStreamBufferReceive
                0x0000000000002c4c       0xfe ./FreeRtos/stream_buffer.o
                0x0000000000002c4c                xStreamBufferReceive
 .text.xStreamBufferNextMessageLengthBytes
                0x0000000000002d4a       0x4e ./FreeRtos/stream_buffer.o
                0x0000000000002d4a                xStreamBufferNextMessageLengthBytes
 .text.xStreamBufferReceiveFromISR
                0x0000000000002d98       0x88 ./FreeRtos/stream_buffer.o
                0x0000000000002d98                xStreamBufferReceiveFromISR
 .text.xStreamBufferIsEmpty
                0x0000000000002e20       0x16 ./FreeRtos/stream_buffer.o
                0x0000000000002e20                xStreamBufferIsEmpty
 .text.xStreamBufferIsFull
                0x0000000000002e36       0x2a ./FreeRtos/stream_buffer.o
                0x0000000000002e36                xStreamBufferIsFull
 .text.xStreamBufferSendCompletedFromISR
                0x0000000000002e60       0x4c ./FreeRtos/stream_buffer.o
                0x0000000000002e60                xStreamBufferSendCompletedFromISR
 .text.xStreamBufferReceiveCompletedFromISR
                0x0000000000002eac       0x4c ./FreeRtos/stream_buffer.o
                0x0000000000002eac                xStreamBufferReceiveCompletedFromISR
 .text.uxStreamBufferGetStreamBufferNotificationIndex
                0x0000000000002ef8        0x6 ./FreeRtos/stream_buffer.o
                0x0000000000002ef8                uxStreamBufferGetStreamBufferNotificationIndex
 .text.vStreamBufferSetStreamBufferNotificationIndex
                0x0000000000002efe        0x6 ./FreeRtos/stream_buffer.o
                0x0000000000002efe                vStreamBufferSetStreamBufferNotificationIndex
 .text.prvResetNextTaskUnblockTime
                0x0000000000002f04       0x30 ./FreeRtos/tasks.o
 .text.prvAddCurrentTaskToDelayedList.isra.2
                0x0000000000002f34       0x9e ./FreeRtos/tasks.o
 .text.prvCheckTasksWaitingTermination
                0x0000000000002fd2       0x54 ./FreeRtos/tasks.o
 .text.prvIdleTask
                0x0000000000003026       0x12 ./FreeRtos/tasks.o
 .text.xTaskCreate
                0x0000000000003038      0x23a ./FreeRtos/tasks.o
                0x0000000000003038                xTaskCreate
 .text.vTaskDelete
                0x0000000000003272       0xba ./FreeRtos/tasks.o
                0x0000000000003272                vTaskDelete
 .text.vTaskStartScheduler
                0x000000000000332c       0x98 ./FreeRtos/tasks.o
                0x000000000000332c                vTaskStartScheduler
 .text.vTaskEndScheduler
                0x00000000000033c4       0x22 ./FreeRtos/tasks.o
                0x00000000000033c4                vTaskEndScheduler
 .text.vTaskSuspendAll
                0x00000000000033e6        0xc ./FreeRtos/tasks.o
                0x00000000000033e6                vTaskSuspendAll
 .text.xTaskGetTickCount
                0x00000000000033f2       0x14 ./FreeRtos/tasks.o
                0x00000000000033f2                xTaskGetTickCount
 .text.xTaskGetTickCountFromISR
                0x0000000000003406        0xa ./FreeRtos/tasks.o
                0x0000000000003406                xTaskGetTickCountFromISR
 .text.uxTaskGetNumberOfTasks
                0x0000000000003410        0x6 ./FreeRtos/tasks.o
                0x0000000000003410                uxTaskGetNumberOfTasks
 .text.pcTaskGetName
                0x0000000000003416       0x10 ./FreeRtos/tasks.o
                0x0000000000003416                pcTaskGetName
 .text.xTaskIncrementTick
                0x0000000000003426      0x1f8 ./FreeRtos/tasks.o
                0x0000000000003426                xTaskIncrementTick
 .text.xTaskResumeAll
                0x000000000000361e      0x19a ./FreeRtos/tasks.o
                0x000000000000361e                xTaskResumeAll
 .text.xTaskDelayUntil
                0x00000000000037b8       0x64 ./FreeRtos/tasks.o
                0x00000000000037b8                xTaskDelayUntil
 .text.vTaskDelay
                0x000000000000381c       0x28 ./FreeRtos/tasks.o
                0x000000000000381c                vTaskDelay
 .text.xTaskCatchUpTicks
                0x0000000000003844       0x30 ./FreeRtos/tasks.o
                0x0000000000003844                xTaskCatchUpTicks
 .text.vTaskSwitchContext
                0x0000000000003874       0x8c ./FreeRtos/tasks.o
                0x0000000000003874                vTaskSwitchContext
 .text.vTaskPlaceOnEventList
                0x0000000000003900       0x20 ./FreeRtos/tasks.o
                0x0000000000003900                vTaskPlaceOnEventList
 .text.vTaskPlaceOnUnorderedEventList
                0x0000000000003920       0x88 ./FreeRtos/tasks.o
                0x0000000000003920                vTaskPlaceOnUnorderedEventList
 .text.vTaskPlaceOnEventListRestricted
                0x00000000000039a8       0x7e ./FreeRtos/tasks.o
                0x00000000000039a8                vTaskPlaceOnEventListRestricted
 .text.xTaskRemoveFromEventList
                0x0000000000003a26      0x14a ./FreeRtos/tasks.o
                0x0000000000003a26                xTaskRemoveFromEventList
 .text.vTaskRemoveFromUnorderedEventList
                0x0000000000003b70      0x10e ./FreeRtos/tasks.o
                0x0000000000003b70                vTaskRemoveFromUnorderedEventList
 .text.vTaskSetTimeOutState
                0x0000000000003c7e       0x20 ./FreeRtos/tasks.o
                0x0000000000003c7e                vTaskSetTimeOutState
 .text.vTaskInternalSetTimeOutState
                0x0000000000003c9e       0x16 ./FreeRtos/tasks.o
                0x0000000000003c9e                vTaskInternalSetTimeOutState
 .text.xTaskCheckForTimeOut
                0x0000000000003cb4       0x58 ./FreeRtos/tasks.o
                0x0000000000003cb4                xTaskCheckForTimeOut
 .text.vTaskMissedYield
                0x0000000000003d0c        0x8 ./FreeRtos/tasks.o
                0x0000000000003d0c                vTaskMissedYield
 .text.xTaskGetCurrentTaskHandle
                0x0000000000003d14        0xa ./FreeRtos/tasks.o
                0x0000000000003d14                xTaskGetCurrentTaskHandle
 .text.xTaskGetCurrentTaskHandleForCore
                0x0000000000003d1e       0x14 ./FreeRtos/tasks.o
                0x0000000000003d1e                xTaskGetCurrentTaskHandleForCore
 .text.xTaskGetSchedulerState
                0x0000000000003d32       0x1c ./FreeRtos/tasks.o
                0x0000000000003d32                xTaskGetSchedulerState
 .text.uxTaskResetEventItemValue
                0x0000000000003d4e       0x2e ./FreeRtos/tasks.o
                0x0000000000003d4e                uxTaskResetEventItemValue
 .text.ulTaskGenericNotifyTake
                0x0000000000003d7c      0x102 ./FreeRtos/tasks.o
                0x0000000000003d7c                ulTaskGenericNotifyTake
 .text.xTaskGenericNotifyWait
                0x0000000000003e7e      0x16c ./FreeRtos/tasks.o
                0x0000000000003e7e                xTaskGenericNotifyWait
 .text.xTaskGenericNotify
                0x0000000000003fea      0x1c0 ./FreeRtos/tasks.o
                0x0000000000003fea                xTaskGenericNotify
 .text.xTaskGenericNotifyFromISR
                0x00000000000041aa      0x212 ./FreeRtos/tasks.o
                0x00000000000041aa                xTaskGenericNotifyFromISR
 .text.vTaskGenericNotifyGiveFromISR
                0x00000000000043bc      0x156 ./FreeRtos/tasks.o
                0x00000000000043bc                vTaskGenericNotifyGiveFromISR
 .text.xTaskGenericNotifyStateClear
                0x0000000000004512       0x2c ./FreeRtos/tasks.o
                0x0000000000004512                xTaskGenericNotifyStateClear
 .text.ulTaskGenericNotifyValueClear
                0x000000000000453e       0x5c ./FreeRtos/tasks.o
                0x000000000000453e                ulTaskGenericNotifyValueClear
 .text.vTaskResetState
                0x000000000000459a       0x42 ./FreeRtos/tasks.o
                0x000000000000459a                vTaskResetState
 .text.prvCheckForValidListAndQueue
                0x00000000000045dc       0x52 ./FreeRtos/timers.o
 .text.prvInsertTimerInActiveList
                0x000000000000462e       0x54 ./FreeRtos/timers.o
 .text.prvReloadTimer
                0x0000000000004682       0x48 ./FreeRtos/timers.o
 .text.prvProcessExpiredTimer
                0x00000000000046ca       0x54 ./FreeRtos/timers.o
 .text.prvSwitchTimerLists
                0x000000000000471e       0x3c ./FreeRtos/timers.o
 .text.prvTimerTask
                0x000000000000475a      0x1cc ./FreeRtos/timers.o
 .text.xTimerCreateTimerTask
                0x0000000000004926       0x3e ./FreeRtos/timers.o
                0x0000000000004926                xTimerCreateTimerTask
 .text.xTimerCreate
                0x0000000000004964       0x6e ./FreeRtos/timers.o
                0x0000000000004964                xTimerCreate
 .text.xTimerGenericCommandFromTask
                0x00000000000049d2       0x68 ./FreeRtos/timers.o
                0x00000000000049d2                xTimerGenericCommandFromTask
 .text.xTimerGenericCommandFromISR
                0x0000000000004a3a       0x4c ./FreeRtos/timers.o
                0x0000000000004a3a                xTimerGenericCommandFromISR
 .text.xTimerGetTimerDaemonTaskHandle
                0x0000000000004a86        0xa ./FreeRtos/timers.o
                0x0000000000004a86                xTimerGetTimerDaemonTaskHandle
 .text.xTimerGetPeriod
                0x0000000000004a90        0x8 ./FreeRtos/timers.o
                0x0000000000004a90                xTimerGetPeriod
 .text.vTimerSetReloadMode
                0x0000000000004a98       0x1c ./FreeRtos/timers.o
                0x0000000000004a98                vTimerSetReloadMode
 .text.xTimerGetReloadMode
                0x0000000000004ab4       0x16 ./FreeRtos/timers.o
                0x0000000000004ab4                xTimerGetReloadMode
 .text.uxTimerGetReloadMode
                0x0000000000004aca        0x4 ./FreeRtos/timers.o
                0x0000000000004aca                uxTimerGetReloadMode
 .text.xTimerGetExpiryTime
                0x0000000000004ace        0x8 ./FreeRtos/timers.o
                0x0000000000004ace                xTimerGetExpiryTime
 .text.pcTimerGetName
                0x0000000000004ad6        0x8 ./FreeRtos/timers.o
                0x0000000000004ad6                pcTimerGetName
 .text.xTimerIsTimerActive
                0x0000000000004ade       0x12 ./FreeRtos/timers.o
                0x0000000000004ade                xTimerIsTimerActive
 .text.pvTimerGetTimerID
                0x0000000000004af0       0x12 ./FreeRtos/timers.o
                0x0000000000004af0                pvTimerGetTimerID
 .text.vTimerSetTimerID
                0x0000000000004b02       0x12 ./FreeRtos/timers.o
                0x0000000000004b02                vTimerSetTimerID
 .text.vTimerResetState
                0x0000000000004b14       0x12 ./FreeRtos/timers.o
                0x0000000000004b14                vTimerResetState
 .text.startup.main
                0x0000000000004b26       0x28 ./main.o
                0x0000000000004b26                main
 .text.avr-libc.fplib
                0x0000000000004b4e        0xe c:/tools/avr8-gnu-toolchain-win32_x86_64/bin/../lib/gcc/avr/7.3.0/../../../../avr/lib/avr5\libm.a(addsf3.o)
                0x0000000000004b4e                __subsf3
                0x0000000000004b50                __addsf3
 .text.avr-libc.fplib
                0x0000000000004b5c       0xcc c:/tools/avr8-gnu-toolchain-win32_x86_64/bin/../lib/gcc/avr/7.3.0/../../../../avr/lib/avr5\libm.a(addsf3x.o)
                0x0000000000004b7e                __addsf3x
 .text.avr-libc.fplib
                0x0000000000004c28        0xa c:/tools/avr8-gnu-toolchain-win32_x86_64/bin/../lib/gcc/avr/7.3.0/../../../../avr/lib/avr5\libm.a(cmpsf2.o)
                0x0000000000004c28                __nesf2
                0x0000000000004c28                __eqsf2
                0x0000000000004c28                __cmpsf2
                0x0000000000004c28                __ltsf2
                0x0000000000004c28                __lesf2
 .text.avr-libc.fplib
                0x0000000000004c32        0x8 c:/tools/avr8-gnu-toolchain-win32_x86_64/bin/../lib/gcc/avr/7.3.0/../../../../avr/lib/avr5\libm.a(divsf3.o)
                0x0000000000004c32                __divsf3
 .text.avr-libc.fplib
                0x0000000000004c3a       0xdc c:/tools/avr8-gnu-toolchain-win32_x86_64/bin/../lib/gcc/avr/7.3.0/../../../../avr/lib/avr5\libm.a(divsf3x.o)
                0x0000000000004c5a                __divsf3x
                0x0000000000004c60                __divsf3_pse
 .text.avr-libc.fplib
                0x0000000000004d16       0x7a c:/tools/avr8-gnu-toolchain-win32_x86_64/bin/../lib/gcc/avr/7.3.0/../../../../avr/lib/avr5\libm.a(floatsisf.o)
                0x0000000000004d16                __floatunsisf
                0x0000000000004d1a                __floatsisf
 .text.avr-libc.fplib
                0x0000000000004d90       0x48 c:/tools/avr8-gnu-toolchain-win32_x86_64/bin/../lib/gcc/avr/7.3.0/../../../../avr/lib/avr5\libm.a(fp_cmp.o)
                0x0000000000004d90                __fp_cmp
 .text.avr-libc.fplib
                0x0000000000004dd8        0xc c:/tools/avr8-gnu-toolchain-win32_x86_64/bin/../lib/gcc/avr/7.3.0/../../../../avr/lib/avr5\libm.a(fp_inf.o)
                0x0000000000004dd8                __fp_inf
 .text.avr-libc.fplib
                0x0000000000004de4        0x6 c:/tools/avr8-gnu-toolchain-win32_x86_64/bin/../lib/gcc/avr/7.3.0/../../../../avr/lib/avr5\libm.a(fp_nan.o)
                0x0000000000004de4                __fp_nan
 .text.avr-libc.fplib
                0x0000000000004dea        0xe c:/tools/avr8-gnu-toolchain-win32_x86_64/bin/../lib/gcc/avr/7.3.0/../../../../avr/lib/avr5\libm.a(fp_pscA.o)
                0x0000000000004dea                __fp_pscA
 .text.avr-libc.fplib
                0x0000000000004df8        0xe c:/tools/avr8-gnu-toolchain-win32_x86_64/bin/../lib/gcc/avr/7.3.0/../../../../avr/lib/avr5\libm.a(fp_pscB.o)
                0x0000000000004df8                __fp_pscB
 .text.avr-libc.fplib
                0x0000000000004e06       0x22 c:/tools/avr8-gnu-toolchain-win32_x86_64/bin/../lib/gcc/avr/7.3.0/../../../../avr/lib/avr5\libm.a(fp_round.o)
                0x0000000000004e06                __fp_round
 .text.avr-libc.fplib
                0x0000000000004e28       0x44 c:/tools/avr8-gnu-toolchain-win32_x86_64/bin/../lib/gcc/avr/7.3.0/../../../../avr/lib/avr5\libm.a(fp_split3.o)
                0x0000000000004e28                __fp_split3
                0x0000000000004e38                __fp_splitA
 .text.avr-libc.fplib
                0x0000000000004e6c        0xe c:/tools/avr8-gnu-toolchain-win32_x86_64/bin/../lib/gcc/avr/7.3.0/../../../../avr/lib/avr5\libm.a(fp_zero.o)
                0x0000000000004e6c                __fp_zero
                0x0000000000004e6e                __fp_szero
 .text.avr-libc.fplib
                0x0000000000004e7a        0xa c:/tools/avr8-gnu-toolchain-win32_x86_64/bin/../lib/gcc/avr/7.3.0/../../../../avr/lib/avr5\libm.a(gesf2.o)
                0x0000000000004e7a                __gesf2
                0x0000000000004e7a                __gtsf2
 .text.avr-libc.fplib
                0x0000000000004e84       0xa0 c:/tools/avr8-gnu-toolchain-win32_x86_64/bin/../lib/gcc/avr/7.3.0/../../../../avr/lib/avr5\libm.a(log.o)
                0x0000000000004e94                log
 .text.avr-libc.fplib
                0x0000000000004f24        0x8 c:/tools/avr8-gnu-toolchain-win32_x86_64/bin/../lib/gcc/avr/7.3.0/../../../../avr/lib/avr5\libm.a(mulsf3.o)
                0x0000000000004f24                __mulsf3
 .text.avr-libc.fplib
                0x0000000000004f2c       0xd2 c:/tools/avr8-gnu-toolchain-win32_x86_64/bin/../lib/gcc/avr/7.3.0/../../../../avr/lib/avr5\libm.a(mulsf3x.o)
                0x0000000000004f4a                __mulsf3x
                0x0000000000004f50                __mulsf3_pse
 .text.avr-libc.fplib
                0x0000000000004ffe       0x1c c:/tools/avr8-gnu-toolchain-win32_x86_64/bin/../lib/gcc/avr/7.3.0/../../../../avr/lib/avr5\libm.a(fp_mpack.o)
                0x0000000000004ffe                __fp_mpack
                0x0000000000005002                __fp_mpack_finite
 .text.avr-libc.fplib
                0x000000000000501a       0x4e c:/tools/avr8-gnu-toolchain-win32_x86_64/bin/../lib/gcc/avr/7.3.0/../../../../avr/lib/avr5\libm.a(fp_powser.o)
                0x000000000000501a                __fp_powser
 .text.libgcc.mul
                0x0000000000005068        0x0 c:/tools/avr8-gnu-toolchain-win32_x86_64/bin/../lib/gcc/avr/7.3.0/avr5\libgcc.a(_udivmodsi4.o)
 .text.libgcc.div
                0x0000000000005068       0x44 c:/tools/avr8-gnu-toolchain-win32_x86_64/bin/../lib/gcc/avr/7.3.0/avr5\libgcc.a(_udivmodsi4.o)
                0x0000000000005068                __udivmodsi4
 .text.libgcc   0x00000000000050ac        0x0 c:/tools/avr8-gnu-toolchain-win32_x86_64/bin/../lib/gcc/avr/7.3.0/avr5\libgcc.a(_udivmodsi4.o)
 .text.libgcc.prologue
                0x00000000000050ac        0x0 c:/tools/avr8-gnu-toolchain-win32_x86_64/bin/../lib/gcc/avr/7.3.0/avr5\libgcc.a(_udivmodsi4.o)
 .text.libgcc.builtins
                0x00000000000050ac        0x0 c:/tools/avr8-gnu-toolchain-win32_x86_64/bin/../lib/gcc/avr/7.3.0/avr5\libgcc.a(_udivmodsi4.o)
 .text.libgcc.fmul
                0x00000000000050ac        0x0 c:/tools/avr8-gnu-toolchain-win32_x86_64/bin/../lib/gcc/avr/7.3.0/avr5\libgcc.a(_udivmodsi4.o)
 .text.libgcc.fixed
                0x00000000000050ac        0x0 c:/tools/avr8-gnu-toolchain-win32_x86_64/bin/../lib/gcc/avr/7.3.0/avr5\libgcc.a(_udivmodsi4.o)
 .text.libgcc.mul
                0x00000000000050ac        0x0 c:/tools/avr8-gnu-toolchain-win32_x86_64/bin/../lib/gcc/avr/7.3.0/avr5\libgcc.a(_divmodsi4.o)
 .text.libgcc.div
                0x00000000000050ac       0x2e c:/tools/avr8-gnu-toolchain-win32_x86_64/bin/../lib/gcc/avr/7.3.0/avr5\libgcc.a(_divmodsi4.o)
                0x00000000000050ac                __divmodsi4
 .text.libgcc   0x00000000000050da        0x0 c:/tools/avr8-gnu-toolchain-win32_x86_64/bin/../lib/gcc/avr/7.3.0/avr5\libgcc.a(_divmodsi4.o)
 .text.libgcc.prologue
                0x00000000000050da        0x0 c:/tools/avr8-gnu-toolchain-win32_x86_64/bin/../lib/gcc/avr/7.3.0/avr5\libgcc.a(_divmodsi4.o)
 .text.libgcc.builtins
                0x00000000000050da        0x0 c:/tools/avr8-gnu-toolchain-win32_x86_64/bin/../lib/gcc/avr/7.3.0/avr5\libgcc.a(_divmodsi4.o)
 .text.libgcc.fmul
                0x00000000000050da        0x0 c:/tools/avr8-gnu-toolchain-win32_x86_64/bin/../lib/gcc/avr/7.3.0/avr5\libgcc.a(_divmodsi4.o)
 .text.libgcc.fixed
                0x00000000000050da        0x0 c:/tools/avr8-gnu-toolchain-win32_x86_64/bin/../lib/gcc/avr/7.3.0/avr5\libgcc.a(_divmodsi4.o)
 .text.libgcc.mul
                0x00000000000050da        0x0 c:/tools/avr8-gnu-toolchain-win32_x86_64/bin/../lib/gcc/avr/7.3.0/avr5\libgcc.a(_negsi2.o)
 .text.libgcc.div
                0x00000000000050da       0x10 c:/tools/avr8-gnu-toolchain-win32_x86_64/bin/../lib/gcc/avr/7.3.0/avr5\libgcc.a(_negsi2.o)
                0x00000000000050da                __negsi2
 .text.libgcc   0x00000000000050ea        0x0 c:/tools/avr8-gnu-toolchain-win32_x86_64/bin/../lib/gcc/avr/7.3.0/avr5\libgcc.a(_negsi2.o)
 .text.libgcc.prologue
                0x00000000000050ea        0x0 c:/tools/avr8-gnu-toolchain-win32_x86_64/bin/../lib/gcc/avr/7.3.0/avr5\libgcc.a(_negsi2.o)
 .text.libgcc.builtins
                0x00000000000050ea        0x0 c:/tools/avr8-gnu-toolchain-win32_x86_64/bin/../lib/gcc/avr/7.3.0/avr5\libgcc.a(_negsi2.o)
 .text.libgcc.fmul
                0x00000000000050ea        0x0 c:/tools/avr8-gnu-toolchain-win32_x86_64/bin/../lib/gcc/avr/7.3.0/avr5\libgcc.a(_negsi2.o)
 .text.libgcc.fixed
                0x00000000000050ea        0x0 c:/tools/avr8-gnu-toolchain-win32_x86_64/bin/../lib/gcc/avr/7.3.0/avr5\libgcc.a(_negsi2.o)
 .text.libgcc.mul
                0x00000000000050ea        0x0 c:/tools/avr8-gnu-toolchain-win32_x86_64/bin/../lib/gcc/avr/7.3.0/avr5\libgcc.a(_exit.o)
 .text.libgcc.div
                0x00000000000050ea        0x0 c:/tools/avr8-gnu-toolchain-win32_x86_64/bin/../lib/gcc/avr/7.3.0/avr5\libgcc.a(_exit.o)
 .text.libgcc   0x00000000000050ea        0x0 c:/tools/avr8-gnu-toolchain-win32_x86_64/bin/../lib/gcc/avr/7.3.0/avr5\libgcc.a(_exit.o)
 .text.libgcc.prologue
                0x00000000000050ea        0x0 c:/tools/avr8-gnu-toolchain-win32_x86_64/bin/../lib/gcc/avr/7.3.0/avr5\libgcc.a(_exit.o)
 .text.libgcc.builtins
                0x00000000000050ea        0x0 c:/tools/avr8-gnu-toolchain-win32_x86_64/bin/../lib/gcc/avr/7.3.0/avr5\libgcc.a(_exit.o)
 .text.libgcc.fmul
                0x00000000000050ea        0x0 c:/tools/avr8-gnu-toolchain-win32_x86_64/bin/../lib/gcc/avr/7.3.0/avr5\libgcc.a(_exit.o)
 .text.libgcc.fixed
                0x00000000000050ea        0x0 c:/tools/avr8-gnu-toolchain-win32_x86_64/bin/../lib/gcc/avr/7.3.0/avr5\libgcc.a(_exit.o)
 .text.libgcc.mul
                0x00000000000050ea        0x0 c:/tools/avr8-gnu-toolchain-win32_x86_64/bin/../lib/gcc/avr/7.3.0/avr5\libgcc.a(_tablejump2.o)
 .text.libgcc.div
                0x00000000000050ea        0x0 c:/tools/avr8-gnu-toolchain-win32_x86_64/bin/../lib/gcc/avr/7.3.0/avr5\libgcc.a(_tablejump2.o)
 .text.libgcc   0x00000000000050ea        0xc c:/tools/avr8-gnu-toolchain-win32_x86_64/bin/../lib/gcc/avr/7.3.0/avr5\libgcc.a(_tablejump2.o)
                0x00000000000050ea                __tablejump2__
 .text.libgcc.prologue
                0x00000000000050f6        0x0 c:/tools/avr8-gnu-toolchain-win32_x86_64/bin/../lib/gcc/avr/7.3.0/avr5\libgcc.a(_tablejump2.o)
 .text.libgcc.builtins
                0x00000000000050f6        0x0 c:/tools/avr8-gnu-toolchain-win32_x86_64/bin/../lib/gcc/avr/7.3.0/avr5\libgcc.a(_tablejump2.o)
 .text.libgcc.fmul
                0x00000000000050f6        0x0 c:/tools/avr8-gnu-toolchain-win32_x86_64/bin/../lib/gcc/avr/7.3.0/avr5\libgcc.a(_tablejump2.o)
 .text.libgcc.fixed
                0x00000000000050f6        0x0 c:/tools/avr8-gnu-toolchain-win32_x86_64/bin/../lib/gcc/avr/7.3.0/avr5\libgcc.a(_tablejump2.o)
 .text.libgcc.mul
                0x00000000000050f6        0x0 c:/tools/avr8-gnu-toolchain-win32_x86_64/bin/../lib/gcc/avr/7.3.0/avr5\libgcc.a(_copy_data.o)
 .text.libgcc.div
                0x00000000000050f6        0x0 c:/tools/avr8-gnu-toolchain-win32_x86_64/bin/../lib/gcc/avr/7.3.0/avr5\libgcc.a(_copy_data.o)
 .text.libgcc   0x00000000000050f6        0x0 c:/tools/avr8-gnu-toolchain-win32_x86_64/bin/../lib/gcc/avr/7.3.0/avr5\libgcc.a(_copy_data.o)
 .text.libgcc.prologue
                0x00000000000050f6        0x0 c:/tools/avr8-gnu-toolchain-win32_x86_64/bin/../lib/gcc/avr/7.3.0/avr5\libgcc.a(_copy_data.o)
 .text.libgcc.builtins
                0x00000000000050f6        0x0 c:/tools/avr8-gnu-toolchain-win32_x86_64/bin/../lib/gcc/avr/7.3.0/avr5\libgcc.a(_copy_data.o)
 .text.libgcc.fmul
                0x00000000000050f6        0x0 c:/tools/avr8-gnu-toolchain-win32_x86_64/bin/../lib/gcc/avr/7.3.0/avr5\libgcc.a(_copy_data.o)
 .text.libgcc.fixed
                0x00000000000050f6        0x0 c:/tools/avr8-gnu-toolchain-win32_x86_64/bin/../lib/gcc/avr/7.3.0/avr5\libgcc.a(_copy_data.o)
 .text.libgcc.mul
                0x00000000000050f6        0x0 c:/tools/avr8-gnu-toolchain-win32_x86_64/bin/../lib/gcc/avr/7.3.0/avr5\libgcc.a(_clear_bss.o)
 .text.libgcc.div
                0x00000000000050f6        0x0 c:/tools/avr8-gnu-toolchain-win32_x86_64/bin/../lib/gcc/avr/7.3.0/avr5\libgcc.a(_clear_bss.o)
 .text.libgcc   0x00000000000050f6        0x0 c:/tools/avr8-gnu-toolchain-win32_x86_64/bin/../lib/gcc/avr/7.3.0/avr5\libgcc.a(_clear_bss.o)
 .text.libgcc.prologue
                0x00000000000050f6        0x0 c:/tools/avr8-gnu-toolchain-win32_x86_64/bin/../lib/gcc/avr/7.3.0/avr5\libgcc.a(_clear_bss.o)
 .text.libgcc.builtins
                0x00000000000050f6        0x0 c:/tools/avr8-gnu-toolchain-win32_x86_64/bin/../lib/gcc/avr/7.3.0/avr5\libgcc.a(_clear_bss.o)
 .text.libgcc.fmul
                0x00000000000050f6        0x0 c:/tools/avr8-gnu-toolchain-win32_x86_64/bin/../lib/gcc/avr/7.3.0/avr5\libgcc.a(_clear_bss.o)
 .text.libgcc.fixed
                0x00000000000050f6        0x0 c:/tools/avr8-gnu-toolchain-win32_x86_64/bin/../lib/gcc/avr/7.3.0/avr5\libgcc.a(_clear_bss.o)
 .text.avr-libc
                0x00000000000050f6       0x3c c:/tools/avr8-gnu-toolchain-win32_x86_64/bin/../lib/gcc/avr/7.3.0/../../../../avr/lib/avr5\libc.a(dtostrf.o)
                0x00000000000050f6                dtostrf
 .text.avr-libc
                0x0000000000005132       0x12 c:/tools/avr8-gnu-toolchain-win32_x86_64/bin/../lib/gcc/avr/7.3.0/../../../../avr/lib/avr5\libc.a(memcpy.o)
                0x0000000000005132                memcpy
 .text.avr-libc
                0x0000000000005144      0x2be c:/tools/avr8-gnu-toolchain-win32_x86_64/bin/../lib/gcc/avr/7.3.0/../../../../avr/lib/avr5\libc.a(dtoa_prf.o)
                0x0000000000005144                dtoa_prf
 .text.avr-libc
                0x0000000000005402      0x1b0 c:/tools/avr8-gnu-toolchain-win32_x86_64/bin/../lib/gcc/avr/7.3.0/../../../../avr/lib/avr5\libc.a(ftoa_engine.o)
                0x0000000000005402                __ftoa_engine
 .text.libgcc.mul
                0x00000000000055b2        0x0 c:/tools/avr8-gnu-toolchain-win32_x86_64/bin/../lib/gcc/avr/7.3.0/avr5\libgcc.a(_prologue.o)
 .text.libgcc.div
                0x00000000000055b2        0x0 c:/tools/avr8-gnu-toolchain-win32_x86_64/bin/../lib/gcc/avr/7.3.0/avr5\libgcc.a(_prologue.o)
 .text.libgcc   0x00000000000055b2        0x0 c:/tools/avr8-gnu-toolchain-win32_x86_64/bin/../lib/gcc/avr/7.3.0/avr5\libgcc.a(_prologue.o)
 .text.libgcc.prologue
                0x00000000000055b2       0x38 c:/tools/avr8-gnu-toolchain-win32_x86_64/bin/../lib/gcc/avr/7.3.0/avr5\libgcc.a(_prologue.o)
                0x00000000000055b2                __prologue_saves__
 .text.libgcc.builtins
                0x00000000000055ea        0x0 c:/tools/avr8-gnu-toolchain-win32_x86_64/bin/../lib/gcc/avr/7.3.0/avr5\libgcc.a(_prologue.o)
 .text.libgcc.fmul
                0x00000000000055ea        0x0 c:/tools/avr8-gnu-toolchain-win32_x86_64/bin/../lib/gcc/avr/7.3.0/avr5\libgcc.a(_prologue.o)
 .text.libgcc.fixed
                0x00000000000055ea        0x0 c:/tools/avr8-gnu-toolchain-win32_x86_64/bin/../lib/gcc/avr/7.3.0/avr5\libgcc.a(_prologue.o)
 .text.libgcc.mul
                0x00000000000055ea        0x0 c:/tools/avr8-gnu-toolchain-win32_x86_64/bin/../lib/gcc/avr/7.3.0/avr5\libgcc.a(_epilogue.o)
 .text.libgcc.div
                0x00000000000055ea        0x0 c:/tools/avr8-gnu-toolchain-win32_x86_64/bin/../lib/gcc/avr/7.3.0/avr5\libgcc.a(_epilogue.o)
 .text.libgcc   0x00000000000055ea        0x0 c:/tools/avr8-gnu-toolchain-win32_x86_64/bin/../lib/gcc/avr/7.3.0/avr5\libgcc.a(_epilogue.o)
 .text.libgcc.prologue
                0x00000000000055ea       0x36 c:/tools/avr8-gnu-toolchain-win32_x86_64/bin/../lib/gcc/avr/7.3.0/avr5\libgcc.a(_epilogue.o)
                0x00000000000055ea                __epilogue_restores__
 .text.libgcc.builtins
                0x0000000000005620        0x0 c:/tools/avr8-gnu-toolchain-win32_x86_64/bin/../lib/gcc/avr/7.3.0/avr5\libgcc.a(_epilogue.o)
 .text.libgcc.fmul
                0x0000000000005620        0x0 c:/tools/avr8-gnu-toolchain-win32_x86_64/bin/../lib/gcc/avr/7.3.0/avr5\libgcc.a(_epilogue.o)
 .text.libgcc.fixed
                0x0000000000005620        0x0 c:/tools/avr8-gnu-toolchain-win32_x86_64/bin/../lib/gcc/avr/7.3.0/avr5\libgcc.a(_epilogue.o)
                0x0000000000005620                . = ALIGN (0x2)
 *(.fini9)
 .fini9         0x0000000000005620        0x0 c:/tools/avr8-gnu-toolchain-win32_x86_64/bin/../lib/gcc/avr/7.3.0/avr5\libgcc.a(_exit.o)
                0x0000000000005620                _exit
                0x0000000000005620                exit
 *(.fini9)
 *(.fini8)
 *(.fini8)
 *(.fini7)
 *(.fini7)
 *(.fini6)
 *(.fini6)
 *(.fini5)
 *(.fini5)
 *(.fini4)
 *(.fini4)
 *(.fini3)
 *(.fini3)
 *(.fini2)
 *(.fini2)
 *(.fini1)
 *(.fini1)
 *(.fini0)
 .fini0         0x0000000000005620        0x4 c:/tools/avr8-gnu-toolchain-win32_x86_64/bin/../lib/gcc/avr/7.3.0/avr5\libgcc.a(_exit.o)
 *(.fini0)
                0x0000000000005624                _etext = .

.data           0x0000000000800060       0xe4 load address 0x0000000000005624
                0x0000000000800060                PROVIDE (__data_start, .)
 *(.data)
 .data          0x0000000000800060        0x0 c:/tools/avr8-gnu-toolchain-win32_x86_64/bin/../lib/gcc/avr/7.3.0/../../../../avr/lib/avr5/crtatmega32a.o
 .data          0x0000000000800060        0x0 ./Include/OS/Os.o
 .data          0x0000000000800060        0x0 ./Include/MCAL/Timer/timer.o
 .data          0x0000000000800060        0x0 ./Include/MCAL/Gpio/Gpio.o
 .data          0x0000000000800060        0x0 ./Include/MCAL/Gpio/Gpio_Config.o
 .data          0x0000000000800060        0x0 ./Include/MCAL/ADC/ADC.o
 .data          0x0000000000800060        0x0 ./Include/LOGIC/observer/observer.o
 .data          0x0000000000800060        0x0 ./Include/LOGIC/Polling/poller.o
 .data          0x0000000000800060        0x0 ./Include/LOGIC/Logic.o
 .data          0x0000000000800060        0x0 ./Include/HAL/Lcd/Lcd.o
 .data          0x0000000000800060        0x0 ./Include/COMMUNICATION/Uart/Uart.o
 .data          0x0000000000800060        0x0 ./FreeRtos/croutine.o
 .data          0x0000000000800060        0x0 ./FreeRtos/event_groups.o
 .data          0x0000000000800060        0x0 ./FreeRtos/heap_1.o
 .data          0x0000000000800060        0x0 ./FreeRtos/list.o
 .data          0x0000000000800060        0x0 ./FreeRtos/port.o
 .data          0x0000000000800060        0x0 ./FreeRtos/queue.o
 .data          0x0000000000800060        0x0 ./FreeRtos/stream_buffer.o
 .data          0x0000000000800060        0x0 ./FreeRtos/tasks.o
 .data          0x0000000000800060        0x0 ./FreeRtos/timers.o
 .data          0x0000000000800060        0x0 ./main.o
 .data          0x0000000000800060        0x0 c:/tools/avr8-gnu-toolchain-win32_x86_64/bin/../lib/gcc/avr/7.3.0/../../../../avr/lib/avr5\libm.a(addsf3.o)
 .data          0x0000000000800060        0x0 c:/tools/avr8-gnu-toolchain-win32_x86_64/bin/../lib/gcc/avr/7.3.0/../../../../avr/lib/avr5\libm.a(addsf3x.o)
 .data          0x0000000000800060        0x0 c:/tools/avr8-gnu-toolchain-win32_x86_64/bin/../lib/gcc/avr/7.3.0/../../../../avr/lib/avr5\libm.a(cmpsf2.o)
 .data          0x0000000000800060        0x0 c:/tools/avr8-gnu-toolchain-win32_x86_64/bin/../lib/gcc/avr/7.3.0/../../../../avr/lib/avr5\libm.a(divsf3.o)
 .data          0x0000000000800060        0x0 c:/tools/avr8-gnu-toolchain-win32_x86_64/bin/../lib/gcc/avr/7.3.0/../../../../avr/lib/avr5\libm.a(divsf3x.o)
 .data          0x0000000000800060        0x0 c:/tools/avr8-gnu-toolchain-win32_x86_64/bin/../lib/gcc/avr/7.3.0/../../../../avr/lib/avr5\libm.a(floatsisf.o)
 .data          0x0000000000800060        0x0 c:/tools/avr8-gnu-toolchain-win32_x86_64/bin/../lib/gcc/avr/7.3.0/../../../../avr/lib/avr5\libm.a(fp_cmp.o)
 .data          0x0000000000800060        0x0 c:/tools/avr8-gnu-toolchain-win32_x86_64/bin/../lib/gcc/avr/7.3.0/../../../../avr/lib/avr5\libm.a(fp_inf.o)
 .data          0x0000000000800060        0x0 c:/tools/avr8-gnu-toolchain-win32_x86_64/bin/../lib/gcc/avr/7.3.0/../../../../avr/lib/avr5\libm.a(fp_nan.o)
 .data          0x0000000000800060        0x0 c:/tools/avr8-gnu-toolchain-win32_x86_64/bin/../lib/gcc/avr/7.3.0/../../../../avr/lib/avr5\libm.a(fp_pscA.o)
 .data          0x0000000000800060        0x0 c:/tools/avr8-gnu-toolchain-win32_x86_64/bin/../lib/gcc/avr/7.3.0/../../../../avr/lib/avr5\libm.a(fp_pscB.o)
 .data          0x0000000000800060        0x0 c:/tools/avr8-gnu-toolchain-win32_x86_64/bin/../lib/gcc/avr/7.3.0/../../../../avr/lib/avr5\libm.a(fp_round.o)
 .data          0x0000000000800060        0x0 c:/tools/avr8-gnu-toolchain-win32_x86_64/bin/../lib/gcc/avr/7.3.0/../../../../avr/lib/avr5\libm.a(fp_split3.o)
 .data          0x0000000000800060        0x0 c:/tools/avr8-gnu-toolchain-win32_x86_64/bin/../lib/gcc/avr/7.3.0/../../../../avr/lib/avr5\libm.a(fp_zero.o)
 .data          0x0000000000800060        0x0 c:/tools/avr8-gnu-toolchain-win32_x86_64/bin/../lib/gcc/avr/7.3.0/../../../../avr/lib/avr5\libm.a(gesf2.o)
 .data          0x0000000000800060        0x0 c:/tools/avr8-gnu-toolchain-win32_x86_64/bin/../lib/gcc/avr/7.3.0/../../../../avr/lib/avr5\libm.a(log.o)
 .data          0x0000000000800060        0x0 c:/tools/avr8-gnu-toolchain-win32_x86_64/bin/../lib/gcc/avr/7.3.0/../../../../avr/lib/avr5\libm.a(mulsf3.o)
 .data          0x0000000000800060        0x0 c:/tools/avr8-gnu-toolchain-win32_x86_64/bin/../lib/gcc/avr/7.3.0/../../../../avr/lib/avr5\libm.a(mulsf3x.o)
 .data          0x0000000000800060        0x0 c:/tools/avr8-gnu-toolchain-win32_x86_64/bin/../lib/gcc/avr/7.3.0/../../../../avr/lib/avr5\libm.a(fp_mpack.o)
 .data          0x0000000000800060        0x0 c:/tools/avr8-gnu-toolchain-win32_x86_64/bin/../lib/gcc/avr/7.3.0/../../../../avr/lib/avr5\libm.a(fp_powser.o)
 .data          0x0000000000800060        0x0 c:/tools/avr8-gnu-toolchain-win32_x86_64/bin/../lib/gcc/avr/7.3.0/avr5\libgcc.a(_udivmodsi4.o)
 .data          0x0000000000800060        0x0 c:/tools/avr8-gnu-toolchain-win32_x86_64/bin/../lib/gcc/avr/7.3.0/avr5\libgcc.a(_divmodsi4.o)
 .data          0x0000000000800060        0x0 c:/tools/avr8-gnu-toolchain-win32_x86_64/bin/../lib/gcc/avr/7.3.0/avr5\libgcc.a(_negsi2.o)
 .data          0x0000000000800060        0x0 c:/tools/avr8-gnu-toolchain-win32_x86_64/bin/../lib/gcc/avr/7.3.0/avr5\libgcc.a(_exit.o)
 .data          0x0000000000800060        0x0 c:/tools/avr8-gnu-toolchain-win32_x86_64/bin/../lib/gcc/avr/7.3.0/avr5\libgcc.a(_tablejump2.o)
 .data          0x0000000000800060        0x0 c:/tools/avr8-gnu-toolchain-win32_x86_64/bin/../lib/gcc/avr/7.3.0/avr5\libgcc.a(_copy_data.o)
 .data          0x0000000000800060        0x0 c:/tools/avr8-gnu-toolchain-win32_x86_64/bin/../lib/gcc/avr/7.3.0/avr5\libgcc.a(_clear_bss.o)
 .data          0x0000000000800060        0x0 c:/tools/avr8-gnu-toolchain-win32_x86_64/bin/../lib/gcc/avr/7.3.0/../../../../avr/lib/avr5\libc.a(dtostrf.o)
 .data          0x0000000000800060        0x0 c:/tools/avr8-gnu-toolchain-win32_x86_64/bin/../lib/gcc/avr/7.3.0/../../../../avr/lib/avr5\libc.a(memcpy.o)
 .data          0x0000000000800060        0x0 c:/tools/avr8-gnu-toolchain-win32_x86_64/bin/../lib/gcc/avr/7.3.0/../../../../avr/lib/avr5\libc.a(dtoa_prf.o)
 .data          0x0000000000800060        0x0 c:/tools/avr8-gnu-toolchain-win32_x86_64/bin/../lib/gcc/avr/7.3.0/../../../../avr/lib/avr5\libc.a(ftoa_engine.o)
 .data          0x0000000000800060        0x0 c:/tools/avr8-gnu-toolchain-win32_x86_64/bin/../lib/gcc/avr/7.3.0/avr5\libgcc.a(_prologue.o)
 .data          0x0000000000800060        0x0 c:/tools/avr8-gnu-toolchain-win32_x86_64/bin/../lib/gcc/avr/7.3.0/avr5\libgcc.a(_epilogue.o)
 *(.data*)
 .data.pinConfigs
                0x0000000000800060       0x1e ./Include/MCAL/Gpio/Gpio_Config.o
                0x0000000000800060                pinConfigs
 .data.chargeProxy
                0x000000000080007e        0x4 ./Include/MCAL/Gpio/Gpio_Config.o
                0x000000000080007e                chargeProxy
 .data.lcdControlProxy
                0x0000000000800082        0x4 ./Include/MCAL/Gpio/Gpio_Config.o
                0x0000000000800082                lcdControlProxy
 .data.lcdDataProxy
                0x0000000000800086        0x4 ./Include/MCAL/Gpio/Gpio_Config.o
                0x0000000000800086                lcdDataProxy
 .data.uxTopUsedPriority
                0x000000000080008a        0x1 ./FreeRtos/tasks.o
 *(.gnu.linkonce.d*)
 *(.rodata)
 *(.rodata*)
 .rodata.TaskDisplayRefresh.str1.1
                0x000000000080008b       0x4b ./Include/OS/Os.o
                                         0x58 (size before relaxing)
 .rodata.Os_Init.str1.1
                0x00000000008000d6       0x47 ./Include/OS/Os.o
 .rodata.Timer_vidInitTimer1.str1.1
                0x000000000080011d        0x7 ./Include/MCAL/Timer/timer.o
 .rodata.poll.str1.1
                0x0000000000800124       0x18 ./Include/LOGIC/Polling/poller.o
 .rodata.str1.1
                0x000000000080013c        0x5 ./FreeRtos/tasks.o
 .rodata.xTimerCreateTimerTask.str1.1
                0x000000000080013c        0x8 ./FreeRtos/timers.o
 *(.gnu.linkonce.r*)
                0x0000000000800144                . = ALIGN (0x2)
                0x0000000000800144                _edata = .
                0x0000000000800144                PROVIDE (__data_end, .)

.bss            0x0000000000800144      0x6cc
                0x0000000000800144                PROVIDE (__bss_start, .)
 *(.bss)
 .bss           0x0000000000800144        0x0 c:/tools/avr8-gnu-toolchain-win32_x86_64/bin/../lib/gcc/avr/7.3.0/../../../../avr/lib/avr5/crtatmega32a.o
 .bss           0x0000000000800144        0x0 ./Include/OS/Os.o
 .bss           0x0000000000800144        0x0 ./Include/MCAL/Timer/timer.o
 .bss           0x0000000000800144        0x0 ./Include/MCAL/Gpio/Gpio.o
 .bss           0x0000000000800144        0x0 ./Include/MCAL/Gpio/Gpio_Config.o
 .bss           0x0000000000800144        0x0 ./Include/MCAL/ADC/ADC.o
 .bss           0x0000000000800144        0x0 ./Include/LOGIC/observer/observer.o
 .bss           0x0000000000800144        0x0 ./Include/LOGIC/Polling/poller.o
 .bss           0x0000000000800144        0x0 ./Include/LOGIC/Logic.o
 .bss           0x0000000000800144        0x0 ./Include/HAL/Lcd/Lcd.o
 .bss           0x0000000000800144        0x0 ./Include/COMMUNICATION/Uart/Uart.o
 .bss           0x0000000000800144        0x0 ./FreeRtos/croutine.o
 .bss           0x0000000000800144        0x0 ./FreeRtos/event_groups.o
 .bss           0x0000000000800144        0x0 ./FreeRtos/heap_1.o
 .bss           0x0000000000800144        0x0 ./FreeRtos/list.o
 .bss           0x0000000000800144        0x0 ./FreeRtos/port.o
 .bss           0x0000000000800144        0x0 ./FreeRtos/queue.o
 .bss           0x0000000000800144        0x0 ./FreeRtos/stream_buffer.o
 .bss           0x0000000000800144        0x0 ./FreeRtos/tasks.o
 .bss           0x0000000000800144        0x0 ./FreeRtos/timers.o
 .bss           0x0000000000800144        0x0 ./main.o
 .bss           0x0000000000800144        0x0 c:/tools/avr8-gnu-toolchain-win32_x86_64/bin/../lib/gcc/avr/7.3.0/../../../../avr/lib/avr5\libm.a(addsf3.o)
 .bss           0x0000000000800144        0x0 c:/tools/avr8-gnu-toolchain-win32_x86_64/bin/../lib/gcc/avr/7.3.0/../../../../avr/lib/avr5\libm.a(addsf3x.o)
 .bss           0x0000000000800144        0x0 c:/tools/avr8-gnu-toolchain-win32_x86_64/bin/../lib/gcc/avr/7.3.0/../../../../avr/lib/avr5\libm.a(cmpsf2.o)
 .bss           0x0000000000800144        0x0 c:/tools/avr8-gnu-toolchain-win32_x86_64/bin/../lib/gcc/avr/7.3.0/../../../../avr/lib/avr5\libm.a(divsf3.o)
 .bss           0x0000000000800144        0x0 c:/tools/avr8-gnu-toolchain-win32_x86_64/bin/../lib/gcc/avr/7.3.0/../../../../avr/lib/avr5\libm.a(divsf3x.o)
 .bss           0x0000000000800144        0x0 c:/tools/avr8-gnu-toolchain-win32_x86_64/bin/../lib/gcc/avr/7.3.0/../../../../avr/lib/avr5\libm.a(floatsisf.o)
 .bss           0x0000000000800144        0x0 c:/tools/avr8-gnu-toolchain-win32_x86_64/bin/../lib/gcc/avr/7.3.0/../../../../avr/lib/avr5\libm.a(fp_cmp.o)
 .bss           0x0000000000800144        0x0 c:/tools/avr8-gnu-toolchain-win32_x86_64/bin/../lib/gcc/avr/7.3.0/../../../../avr/lib/avr5\libm.a(fp_inf.o)
 .bss           0x0000000000800144        0x0 c:/tools/avr8-gnu-toolchain-win32_x86_64/bin/../lib/gcc/avr/7.3.0/../../../../avr/lib/avr5\libm.a(fp_nan.o)
 .bss           0x0000000000800144        0x0 c:/tools/avr8-gnu-toolchain-win32_x86_64/bin/../lib/gcc/avr/7.3.0/../../../../avr/lib/avr5\libm.a(fp_pscA.o)
 .bss           0x0000000000800144        0x0 c:/tools/avr8-gnu-toolchain-win32_x86_64/bin/../lib/gcc/avr/7.3.0/../../../../avr/lib/avr5\libm.a(fp_pscB.o)
 .bss           0x0000000000800144        0x0 c:/tools/avr8-gnu-toolchain-win32_x86_64/bin/../lib/gcc/avr/7.3.0/../../../../avr/lib/avr5\libm.a(fp_round.o)
 .bss           0x0000000000800144        0x0 c:/tools/avr8-gnu-toolchain-win32_x86_64/bin/../lib/gcc/avr/7.3.0/../../../../avr/lib/avr5\libm.a(fp_split3.o)
 .bss           0x0000000000800144        0x0 c:/tools/avr8-gnu-toolchain-win32_x86_64/bin/../lib/gcc/avr/7.3.0/../../../../avr/lib/avr5\libm.a(fp_zero.o)
 .bss           0x0000000000800144        0x0 c:/tools/avr8-gnu-toolchain-win32_x86_64/bin/../lib/gcc/avr/7.3.0/../../../../avr/lib/avr5\libm.a(gesf2.o)
 .bss           0x0000000000800144        0x0 c:/tools/avr8-gnu-toolchain-win32_x86_64/bin/../lib/gcc/avr/7.3.0/../../../../avr/lib/avr5\libm.a(log.o)
 .bss           0x0000000000800144        0x0 c:/tools/avr8-gnu-toolchain-win32_x86_64/bin/../lib/gcc/avr/7.3.0/../../../../avr/lib/avr5\libm.a(mulsf3.o)
 .bss           0x0000000000800144        0x0 c:/tools/avr8-gnu-toolchain-win32_x86_64/bin/../lib/gcc/avr/7.3.0/../../../../avr/lib/avr5\libm.a(mulsf3x.o)
 .bss           0x0000000000800144        0x0 c:/tools/avr8-gnu-toolchain-win32_x86_64/bin/../lib/gcc/avr/7.3.0/../../../../avr/lib/avr5\libm.a(fp_mpack.o)
 .bss           0x0000000000800144        0x0 c:/tools/avr8-gnu-toolchain-win32_x86_64/bin/../lib/gcc/avr/7.3.0/../../../../avr/lib/avr5\libm.a(fp_powser.o)
 .bss           0x0000000000800144        0x0 c:/tools/avr8-gnu-toolchain-win32_x86_64/bin/../lib/gcc/avr/7.3.0/avr5\libgcc.a(_udivmodsi4.o)
 .bss           0x0000000000800144        0x0 c:/tools/avr8-gnu-toolchain-win32_x86_64/bin/../lib/gcc/avr/7.3.0/avr5\libgcc.a(_divmodsi4.o)
 .bss           0x0000000000800144        0x0 c:/tools/avr8-gnu-toolchain-win32_x86_64/bin/../lib/gcc/avr/7.3.0/avr5\libgcc.a(_negsi2.o)
 .bss           0x0000000000800144        0x0 c:/tools/avr8-gnu-toolchain-win32_x86_64/bin/../lib/gcc/avr/7.3.0/avr5\libgcc.a(_exit.o)
 .bss           0x0000000000800144        0x0 c:/tools/avr8-gnu-toolchain-win32_x86_64/bin/../lib/gcc/avr/7.3.0/avr5\libgcc.a(_tablejump2.o)
 .bss           0x0000000000800144        0x0 c:/tools/avr8-gnu-toolchain-win32_x86_64/bin/../lib/gcc/avr/7.3.0/avr5\libgcc.a(_copy_data.o)
 .bss           0x0000000000800144        0x0 c:/tools/avr8-gnu-toolchain-win32_x86_64/bin/../lib/gcc/avr/7.3.0/avr5\libgcc.a(_clear_bss.o)
 .bss           0x0000000000800144        0x0 c:/tools/avr8-gnu-toolchain-win32_x86_64/bin/../lib/gcc/avr/7.3.0/../../../../avr/lib/avr5\libc.a(dtostrf.o)
 .bss           0x0000000000800144        0x0 c:/tools/avr8-gnu-toolchain-win32_x86_64/bin/../lib/gcc/avr/7.3.0/../../../../avr/lib/avr5\libc.a(memcpy.o)
 .bss           0x0000000000800144        0x0 c:/tools/avr8-gnu-toolchain-win32_x86_64/bin/../lib/gcc/avr/7.3.0/../../../../avr/lib/avr5\libc.a(dtoa_prf.o)
 .bss           0x0000000000800144        0x0 c:/tools/avr8-gnu-toolchain-win32_x86_64/bin/../lib/gcc/avr/7.3.0/../../../../avr/lib/avr5\libc.a(ftoa_engine.o)
 .bss           0x0000000000800144        0x0 c:/tools/avr8-gnu-toolchain-win32_x86_64/bin/../lib/gcc/avr/7.3.0/avr5\libgcc.a(_prologue.o)
 .bss           0x0000000000800144        0x0 c:/tools/avr8-gnu-toolchain-win32_x86_64/bin/../lib/gcc/avr/7.3.0/avr5\libgcc.a(_epilogue.o)
 *(.bss*)
 .bss.adc_connection_check.2275
                0x0000000000800144        0x2 ./Include/OS/Os.o
 .bss.globalState
                0x0000000000800146        0x1 ./Include/OS/Os.o
                0x0000000000800146                globalState
 .bss.is_overcurrent
                0x0000000000800147        0x1 ./Include/OS/Os.o
                0x0000000000800147                is_overcurrent
 .bss.is_sudden_disconnect
                0x0000000000800148        0x1 ./Include/OS/Os.o
                0x0000000000800148                is_sudden_disconnect
 .bss.is_connected
                0x0000000000800149        0x1 ./Include/OS/Os.o
                0x0000000000800149                is_connected
 .bss.Timer1Callback
                0x000000000080014a        0x2 ./Include/MCAL/Timer/timer.o
 .bss.xTimer1   0x000000000080014c        0x2 ./Include/MCAL/Timer/timer.o
 .bss.subscriber_count
                0x000000000080014e        0x2 ./Include/LOGIC/observer/observer.o
 .bss.subscribers
                0x0000000000800150        0xa ./Include/LOGIC/observer/observer.o
 .bss.cap_percentage
                0x000000000080015a        0x4 ./Include/LOGIC/Polling/poller.o
                0x000000000080015a                cap_percentage
 .bss.pollTimeCounter
                0x000000000080015e        0x2 ./Include/LOGIC/Polling/poller.o
 .bss.pollCounter
                0x0000000000800160        0x2 ./Include/LOGIC/Polling/poller.o
 .bss.xPassedTicks
                0x0000000000800162        0x2 ./FreeRtos/croutine.o
 .bss.xLastTickCount
                0x0000000000800164        0x2 ./FreeRtos/croutine.o
 .bss.xCoRoutineTickCount
                0x0000000000800166        0x2 ./FreeRtos/croutine.o
 .bss.uxTopCoRoutineReadyPriority
                0x0000000000800168        0x1 ./FreeRtos/croutine.o
 .bss.pxCurrentCoRoutine
                0x0000000000800169        0x2 ./FreeRtos/croutine.o
                0x0000000000800169                pxCurrentCoRoutine
 .bss.xPendingReadyCoRoutineList
                0x000000000080016b        0x9 ./FreeRtos/croutine.o
 .bss.pxOverflowDelayedCoRoutineList
                0x0000000000800174        0x2 ./FreeRtos/croutine.o
 .bss.pxDelayedCoRoutineList
                0x0000000000800176        0x2 ./FreeRtos/croutine.o
 .bss.xDelayedCoRoutineList2
                0x0000000000800178        0x9 ./FreeRtos/croutine.o
 .bss.xDelayedCoRoutineList1
                0x0000000000800181        0x9 ./FreeRtos/croutine.o
 .bss.pxReadyCoRoutineLists
                0x000000000080018a       0x12 ./FreeRtos/croutine.o
 .bss.pucAlignedHeap.1975
                0x000000000080019c        0x2 ./FreeRtos/heap_1.o
 .bss.xNextFreeByte
                0x000000000080019e        0x2 ./FreeRtos/heap_1.o
 .bss.ucHeap    0x00000000008001a0      0x5dc ./FreeRtos/heap_1.o
 .bss.uxSchedulerSuspended
                0x000000000080077c        0x1 ./FreeRtos/tasks.o
 .bss.xIdleTaskHandles
                0x000000000080077d        0x2 ./FreeRtos/tasks.o
 .bss.xNextTaskUnblockTime
                0x000000000080077f        0x2 ./FreeRtos/tasks.o
 .bss.uxTaskNumber
                0x0000000000800781        0x1 ./FreeRtos/tasks.o
 .bss.xNumOfOverflows
                0x0000000000800782        0x1 ./FreeRtos/tasks.o
 .bss.xYieldPendings
                0x0000000000800783        0x1 ./FreeRtos/tasks.o
 .bss.xPendedTicks
                0x0000000000800784        0x2 ./FreeRtos/tasks.o
 .bss.xSchedulerRunning
                0x0000000000800786        0x1 ./FreeRtos/tasks.o
 .bss.uxTopReadyPriority
                0x0000000000800787        0x1 ./FreeRtos/tasks.o
 .bss.xTickCount
                0x0000000000800788        0x2 ./FreeRtos/tasks.o
 .bss.uxCurrentNumberOfTasks
                0x000000000080078a        0x1 ./FreeRtos/tasks.o
 .bss.uxDeletedTasksWaitingCleanUp
                0x000000000080078b        0x1 ./FreeRtos/tasks.o
 .bss.xTasksWaitingTermination
                0x000000000080078c        0x9 ./FreeRtos/tasks.o
 .bss.xPendingReadyList
                0x0000000000800795        0x9 ./FreeRtos/tasks.o
 .bss.pxOverflowDelayedTaskList
                0x000000000080079e        0x2 ./FreeRtos/tasks.o
 .bss.pxDelayedTaskList
                0x00000000008007a0        0x2 ./FreeRtos/tasks.o
 .bss.xDelayedTaskList2
                0x00000000008007a2        0x9 ./FreeRtos/tasks.o
 .bss.xDelayedTaskList1
                0x00000000008007ab        0x9 ./FreeRtos/tasks.o
 .bss.pxReadyTasksLists
                0x00000000008007b4       0x24 ./FreeRtos/tasks.o
 .bss.pxCurrentTCB
                0x00000000008007d8        0x2 ./FreeRtos/tasks.o
                0x00000000008007d8                pxCurrentTCB
 .bss.xLastTime.2269
                0x00000000008007da        0x2 ./FreeRtos/timers.o
 .bss.xTimerTaskHandle
                0x00000000008007dc        0x2 ./FreeRtos/timers.o
 .bss.xTimerQueue
                0x00000000008007de        0x2 ./FreeRtos/timers.o
 .bss.pxOverflowTimerList
                0x00000000008007e0        0x2 ./FreeRtos/timers.o
 .bss.pxCurrentTimerList
                0x00000000008007e2        0x2 ./FreeRtos/timers.o
 .bss.xActiveTimerList2
                0x00000000008007e4        0x9 ./FreeRtos/timers.o
 .bss.xActiveTimerList1
                0x00000000008007ed        0x9 ./FreeRtos/timers.o
 *(COMMON)
 COMMON         0x00000000008007f6       0x1a ./Include/OS/Os.o
                0x00000000008007f6                VehicleCheckTaskHandle
                0x00000000008007f8                stateSemaphore
                0x00000000008007fa                buttonQueue
                0x00000000008007fc                percentage
                0x0000000000800800                Overcurrent_TaskHandle
                0x0000000000800802                SuddenDisconnect_TaskHandle
                0x0000000000800804                TaskUserCommandHandle
                0x0000000000800806                TaskChargingStartHandle
                0x0000000000800808                TaskFaultDetectionHandle
                0x000000000080080a                TaskStopSessionHandle
                0x000000000080080c                taskHandleDisplayRefresh
                0x000000000080080e                lcdSemaphore
                0x0000000000800810                PROVIDE (__bss_end, .)
                0x0000000000005624                __data_load_start = LOADADDR (.data)
                0x0000000000005708                __data_load_end = (__data_load_start + SIZEOF (.data))

.noinit         0x0000000000800810        0x0
                [!provide]                        PROVIDE (__noinit_start, .)
 *(.noinit*)
                [!provide]                        PROVIDE (__noinit_end, .)
                0x0000000000800810                _end = .
                [!provide]                        PROVIDE (__heap_start, .)

.eeprom         0x0000000000810000        0x0
 *(.eeprom*)
                0x0000000000810000                __eeprom_end = .

.fuse
 *(.fuse)
 *(.lfuse)
 *(.hfuse)
 *(.efuse)

.lock
 *(.lock*)

.signature
 *(.signature*)

.user_signatures
 *(.user_signatures*)

.stab           0x0000000000000000     0xe370
 *(.stab)
 .stab          0x0000000000000000     0x11b8 ./Include/OS/Os.o
 .stab          0x00000000000011b8      0x4b0 ./Include/MCAL/Timer/timer.o
                                        0xa14 (size before relaxing)
 .stab          0x0000000000001668      0x570 ./Include/MCAL/Gpio/Gpio.o
                                        0x738 (size before relaxing)
 .stab          0x0000000000001bd8      0x300 ./Include/MCAL/Gpio/Gpio_Config.o
                                        0x4ec (size before relaxing)
 .stab          0x0000000000001ed8      0x618 ./Include/MCAL/ADC/ADC.o
                                        0x7e0 (size before relaxing)
 .stab          0x00000000000024f0      0x594 ./Include/LOGIC/observer/observer.o
                                        0x72c (size before relaxing)
 .stab          0x0000000000002a84      0x720 ./Include/LOGIC/Polling/poller.o
                                        0xcf0 (size before relaxing)
 .stab          0x00000000000031a4      0x534 ./Include/LOGIC/Logic.o
                                        0x720 (size before relaxing)
 .stab          0x00000000000036d8      0x774 ./Include/HAL/Lcd/Lcd.o
                                        0xb04 (size before relaxing)
 .stab          0x0000000000003e4c      0x474 ./Include/COMMUNICATION/Uart/Uart.o
                                        0x6a8 (size before relaxing)
 .stab          0x00000000000042c0      0x9d8 ./FreeRtos/croutine.o
                                        0xe7c (size before relaxing)
 .stab          0x0000000000004c98      0xc60 ./FreeRtos/event_groups.o
                                       0x1008 (size before relaxing)
 .stab          0x00000000000058f8      0x4d4 ./FreeRtos/heap_1.o
                                        0x9b4 (size before relaxing)
 .stab          0x0000000000005dcc      0x624 ./FreeRtos/list.o
                                        0xa2c (size before relaxing)
 .stab          0x00000000000063f0      0x6e4 ./FreeRtos/port.o
                                        0xbb8 (size before relaxing)
 .stab          0x0000000000006ad4     0x207c ./FreeRtos/queue.o
                                       0x25c8 (size before relaxing)
 .stab          0x0000000000008b50     0x15f0 ./FreeRtos/stream_buffer.o
                                       0x1a7c (size before relaxing)
 .stab          0x000000000000a140     0x2c28 ./FreeRtos/tasks.o
                                       0x3138 (size before relaxing)
 .stab          0x000000000000cd68     0x1128 ./FreeRtos/timers.o
                                       0x1668 (size before relaxing)
 .stab          0x000000000000de90      0x4e0 ./main.o
                                        0xb04 (size before relaxing)

.stabstr        0x0000000000000000     0x7697
 *(.stabstr)
 .stabstr       0x0000000000000000     0x7697 ./Include/OS/Os.o

.stab.excl
 *(.stab.excl)

.stab.exclstr
 *(.stab.exclstr)

.stab.index
 *(.stab.index)

.stab.indexstr
 *(.stab.indexstr)

.comment        0x0000000000000000       0x30
 *(.comment)
 .comment       0x0000000000000000       0x30 ./Include/OS/Os.o
                                         0x31 (size before relaxing)
 .comment       0x0000000000000030       0x31 ./Include/MCAL/Timer/timer.o
 .comment       0x0000000000000030       0x31 ./Include/MCAL/Gpio/Gpio.o
 .comment       0x0000000000000030       0x31 ./Include/MCAL/Gpio/Gpio_Config.o
 .comment       0x0000000000000030       0x31 ./Include/MCAL/ADC/ADC.o
 .comment       0x0000000000000030       0x31 ./Include/LOGIC/observer/observer.o
 .comment       0x0000000000000030       0x31 ./Include/LOGIC/Polling/poller.o
 .comment       0x0000000000000030       0x31 ./Include/LOGIC/Logic.o
 .comment       0x0000000000000030       0x31 ./Include/HAL/Lcd/Lcd.o
 .comment       0x0000000000000030       0x31 ./Include/COMMUNICATION/Uart/Uart.o
 .comment       0x0000000000000030       0x31 ./FreeRtos/croutine.o
 .comment       0x0000000000000030       0x31 ./FreeRtos/event_groups.o
 .comment       0x0000000000000030       0x31 ./FreeRtos/heap_1.o
 .comment       0x0000000000000030       0x31 ./FreeRtos/list.o
 .comment       0x0000000000000030       0x31 ./FreeRtos/port.o
 .comment       0x0000000000000030       0x31 ./FreeRtos/queue.o
 .comment       0x0000000000000030       0x31 ./FreeRtos/stream_buffer.o
 .comment       0x0000000000000030       0x31 ./FreeRtos/tasks.o
 .comment       0x0000000000000030       0x31 ./FreeRtos/timers.o
 .comment       0x0000000000000030       0x31 ./main.o
 .comment       0x0000000000000030       0x31 c:/tools/avr8-gnu-toolchain-win32_x86_64/bin/../lib/gcc/avr/7.3.0/../../../../avr/lib/avr5\libc.a(dtostrf.o)
 .comment       0x0000000000000030       0x31 c:/tools/avr8-gnu-toolchain-win32_x86_64/bin/../lib/gcc/avr/7.3.0/../../../../avr/lib/avr5\libc.a(dtoa_prf.o)

.note.gnu.avr.deviceinfo
                0x0000000000000000       0x3c
 .note.gnu.avr.deviceinfo
                0x0000000000000000       0x3c c:/tools/avr8-gnu-toolchain-win32_x86_64/bin/../lib/gcc/avr/7.3.0/../../../../avr/lib/avr5/crtatmega32a.o

.avr.prop       0x0000000000000000       0x2c
 .avr.prop      0x0000000000000000       0x16 ./Include/MCAL/ADC/ADC.o
 .avr.prop      0x0000000000000016       0x16 ./FreeRtos/timers.o

.note.gnu.build-id
 *(.note.gnu.build-id)

.debug
 *(.debug)

.line
 *(.line)

.debug_srcinfo
 *(.debug_srcinfo)

.debug_sfnames
 *(.debug_sfnames)

.debug_aranges
 *(.debug_aranges)

.debug_pubnames
 *(.debug_pubnames)

.debug_info     0x0000000000000000      0x4e6
 *(.debug_info .gnu.linkonce.wi.*)
 .debug_info    0x0000000000000000      0x4e6 c:/tools/avr8-gnu-toolchain-win32_x86_64/bin/../lib/gcc/avr/7.3.0/../../../../avr/lib/avr5/crtatmega32a.o

.debug_abbrev   0x0000000000000000      0x4a3
 *(.debug_abbrev)
 .debug_abbrev  0x0000000000000000      0x4a3 c:/tools/avr8-gnu-toolchain-win32_x86_64/bin/../lib/gcc/avr/7.3.0/../../../../avr/lib/avr5/crtatmega32a.o

.debug_line     0x0000000000000000       0x1a
 *(.debug_line .debug_line.* .debug_line_end)
 .debug_line    0x0000000000000000       0x1a c:/tools/avr8-gnu-toolchain-win32_x86_64/bin/../lib/gcc/avr/7.3.0/../../../../avr/lib/avr5/crtatmega32a.o

.debug_frame
 *(.debug_frame)

.debug_str      0x0000000000000000      0x196
 *(.debug_str)
 .debug_str     0x0000000000000000      0x196 c:/tools/avr8-gnu-toolchain-win32_x86_64/bin/../lib/gcc/avr/7.3.0/../../../../avr/lib/avr5/crtatmega32a.o

.debug_loc
 *(.debug_loc)

.debug_macinfo
 *(.debug_macinfo)

.debug_weaknames
 *(.debug_weaknames)

.debug_funcnames
 *(.debug_funcnames)

.debug_typenames
 *(.debug_typenames)

.debug_varnames
 *(.debug_varnames)

.debug_pubtypes
 *(.debug_pubtypes)

.debug_ranges
 *(.debug_ranges)

.debug_macro
 *(.debug_macro)
OUTPUT(EV_charging_station.elf elf32-avr)
LOAD linker stubs
