Archive member included to satisfy reference by file (symbol)

d:/atmel software ide/7.0/toolchain/avr8/avr8-gnu-toolchain/bin/../lib/gcc/avr/5.4.0/../../../../avr/lib/avr5\libm.a(divsf3.o)
                              Include/MCAL/Adc/ADC.o (__divsf3)
d:/atmel software ide/7.0/toolchain/avr8/avr8-gnu-toolchain/bin/../lib/gcc/avr/5.4.0/../../../../avr/lib/avr5\libm.a(divsf3x.o)
                              d:/atmel software ide/7.0/toolchain/avr8/avr8-gnu-toolchain/bin/../lib/gcc/avr/5.4.0/../../../../avr/lib/avr5\libm.a(divsf3.o) (__divsf3x)
d:/atmel software ide/7.0/toolchain/avr8/avr8-gnu-toolchain/bin/../lib/gcc/avr/5.4.0/../../../../avr/lib/avr5\libm.a(floatsisf.o)
                              Include/MCAL/Adc/ADC.o (__floatunsisf)
d:/atmel software ide/7.0/toolchain/avr8/avr8-gnu-toolchain/bin/../lib/gcc/avr/5.4.0/../../../../avr/lib/avr5\libm.a(fp_inf.o)
                              d:/atmel software ide/7.0/toolchain/avr8/avr8-gnu-toolchain/bin/../lib/gcc/avr/5.4.0/../../../../avr/lib/avr5\libm.a(divsf3x.o) (__fp_inf)
d:/atmel software ide/7.0/toolchain/avr8/avr8-gnu-toolchain/bin/../lib/gcc/avr/5.4.0/../../../../avr/lib/avr5\libm.a(fp_nan.o)
                              d:/atmel software ide/7.0/toolchain/avr8/avr8-gnu-toolchain/bin/../lib/gcc/avr/5.4.0/../../../../avr/lib/avr5\libm.a(divsf3x.o) (__fp_nan)
d:/atmel software ide/7.0/toolchain/avr8/avr8-gnu-toolchain/bin/../lib/gcc/avr/5.4.0/../../../../avr/lib/avr5\libm.a(fp_pscA.o)
                              d:/atmel software ide/7.0/toolchain/avr8/avr8-gnu-toolchain/bin/../lib/gcc/avr/5.4.0/../../../../avr/lib/avr5\libm.a(divsf3x.o) (__fp_pscA)
d:/atmel software ide/7.0/toolchain/avr8/avr8-gnu-toolchain/bin/../lib/gcc/avr/5.4.0/../../../../avr/lib/avr5\libm.a(fp_pscB.o)
                              d:/atmel software ide/7.0/toolchain/avr8/avr8-gnu-toolchain/bin/../lib/gcc/avr/5.4.0/../../../../avr/lib/avr5\libm.a(divsf3x.o) (__fp_pscB)
d:/atmel software ide/7.0/toolchain/avr8/avr8-gnu-toolchain/bin/../lib/gcc/avr/5.4.0/../../../../avr/lib/avr5\libm.a(fp_round.o)
                              d:/atmel software ide/7.0/toolchain/avr8/avr8-gnu-toolchain/bin/../lib/gcc/avr/5.4.0/../../../../avr/lib/avr5\libm.a(divsf3.o) (__fp_round)
d:/atmel software ide/7.0/toolchain/avr8/avr8-gnu-toolchain/bin/../lib/gcc/avr/5.4.0/../../../../avr/lib/avr5\libm.a(fp_split3.o)
                              d:/atmel software ide/7.0/toolchain/avr8/avr8-gnu-toolchain/bin/../lib/gcc/avr/5.4.0/../../../../avr/lib/avr5\libm.a(divsf3x.o) (__fp_split3)
d:/atmel software ide/7.0/toolchain/avr8/avr8-gnu-toolchain/bin/../lib/gcc/avr/5.4.0/../../../../avr/lib/avr5\libm.a(fp_zero.o)
                              d:/atmel software ide/7.0/toolchain/avr8/avr8-gnu-toolchain/bin/../lib/gcc/avr/5.4.0/../../../../avr/lib/avr5\libm.a(divsf3x.o) (__fp_szero)
d:/atmel software ide/7.0/toolchain/avr8/avr8-gnu-toolchain/bin/../lib/gcc/avr/5.4.0/../../../../avr/lib/avr5\libm.a(mulsf3.o)
                              Include/MCAL/Adc/ADC.o (__mulsf3)
d:/atmel software ide/7.0/toolchain/avr8/avr8-gnu-toolchain/bin/../lib/gcc/avr/5.4.0/../../../../avr/lib/avr5\libm.a(mulsf3x.o)
                              d:/atmel software ide/7.0/toolchain/avr8/avr8-gnu-toolchain/bin/../lib/gcc/avr/5.4.0/../../../../avr/lib/avr5\libm.a(mulsf3.o) (__mulsf3x)
d:/atmel software ide/7.0/toolchain/avr8/avr8-gnu-toolchain/bin/../lib/gcc/avr/5.4.0/avr5\libgcc.a(_udivmodhi4.o)
                              FreeRtos/queue.o (__udivmodhi4)
d:/atmel software ide/7.0/toolchain/avr8/avr8-gnu-toolchain/bin/../lib/gcc/avr/5.4.0/avr5\libgcc.a(_udivmodsi4.o)
                              Include/LOGIC/Polling/poller.o (__udivmodsi4)
d:/atmel software ide/7.0/toolchain/avr8/avr8-gnu-toolchain/bin/../lib/gcc/avr/5.4.0/avr5\libgcc.a(_divmodsi4.o)
                              Include/COMMUNICATION/Uart/Uart.o (__divmodsi4)
d:/atmel software ide/7.0/toolchain/avr8/avr8-gnu-toolchain/bin/../lib/gcc/avr/5.4.0/avr5\libgcc.a(_negsi2.o)
                              d:/atmel software ide/7.0/toolchain/avr8/avr8-gnu-toolchain/bin/../lib/gcc/avr/5.4.0/avr5\libgcc.a(_divmodsi4.o) (__negsi2)
d:/atmel software ide/7.0/toolchain/avr8/avr8-gnu-toolchain/bin/../lib/gcc/avr/5.4.0/avr5\libgcc.a(_exit.o)
                              D:/Atmel Software IDE/7.0/Packs/atmel/ATmega_DFP/1.3.300/gcc/dev/atmega32a/avr5/crtatmega32a.o (exit)
d:/atmel software ide/7.0/toolchain/avr8/avr8-gnu-toolchain/bin/../lib/gcc/avr/5.4.0/avr5\libgcc.a(_tablejump2.o)
                              Include/MCAL/Adc/ADC.o (__tablejump2__)
d:/atmel software ide/7.0/toolchain/avr8/avr8-gnu-toolchain/bin/../lib/gcc/avr/5.4.0/avr5\libgcc.a(_copy_data.o)
                              FreeRtos/tasks.o (__do_copy_data)
d:/atmel software ide/7.0/toolchain/avr8/avr8-gnu-toolchain/bin/../lib/gcc/avr/5.4.0/avr5\libgcc.a(_clear_bss.o)
                              FreeRtos/croutine.o (__do_clear_bss)
d:/atmel software ide/7.0/toolchain/avr8/avr8-gnu-toolchain/bin/../lib/gcc/avr/5.4.0/../../../../avr/lib/avr5\libc.a(dtostrf.o)
                              Include/HAL/Lcd/Lcd.o (dtostrf)
d:/atmel software ide/7.0/toolchain/avr8/avr8-gnu-toolchain/bin/../lib/gcc/avr/5.4.0/../../../../avr/lib/avr5\libc.a(memcpy.o)
                              FreeRtos/queue.o (memcpy)
d:/atmel software ide/7.0/toolchain/avr8/avr8-gnu-toolchain/bin/../lib/gcc/avr/5.4.0/../../../../avr/lib/avr5\libc.a(snprintf.o)
                              Include/LOGIC/Polling/poller.o (snprintf)
d:/atmel software ide/7.0/toolchain/avr8/avr8-gnu-toolchain/bin/../lib/gcc/avr/5.4.0/../../../../avr/lib/avr5\libc.a(vfprintf_std.o)
                              d:/atmel software ide/7.0/toolchain/avr8/avr8-gnu-toolchain/bin/../lib/gcc/avr/5.4.0/../../../../avr/lib/avr5\libc.a(snprintf.o) (vfprintf)
d:/atmel software ide/7.0/toolchain/avr8/avr8-gnu-toolchain/bin/../lib/gcc/avr/5.4.0/../../../../avr/lib/avr5\libc.a(dtoa_prf.o)
                              d:/atmel software ide/7.0/toolchain/avr8/avr8-gnu-toolchain/bin/../lib/gcc/avr/5.4.0/../../../../avr/lib/avr5\libc.a(dtostrf.o) (dtoa_prf)
d:/atmel software ide/7.0/toolchain/avr8/avr8-gnu-toolchain/bin/../lib/gcc/avr/5.4.0/../../../../avr/lib/avr5\libc.a(ftoa_engine.o)
                              d:/atmel software ide/7.0/toolchain/avr8/avr8-gnu-toolchain/bin/../lib/gcc/avr/5.4.0/../../../../avr/lib/avr5\libc.a(dtoa_prf.o) (__ftoa_engine)
d:/atmel software ide/7.0/toolchain/avr8/avr8-gnu-toolchain/bin/../lib/gcc/avr/5.4.0/../../../../avr/lib/avr5\libc.a(strnlen_P.o)
                              d:/atmel software ide/7.0/toolchain/avr8/avr8-gnu-toolchain/bin/../lib/gcc/avr/5.4.0/../../../../avr/lib/avr5\libc.a(vfprintf_std.o) (strnlen_P)
d:/atmel software ide/7.0/toolchain/avr8/avr8-gnu-toolchain/bin/../lib/gcc/avr/5.4.0/../../../../avr/lib/avr5\libc.a(strnlen.o)
                              d:/atmel software ide/7.0/toolchain/avr8/avr8-gnu-toolchain/bin/../lib/gcc/avr/5.4.0/../../../../avr/lib/avr5\libc.a(vfprintf_std.o) (strnlen)
d:/atmel software ide/7.0/toolchain/avr8/avr8-gnu-toolchain/bin/../lib/gcc/avr/5.4.0/../../../../avr/lib/avr5\libc.a(fputc.o)
                              d:/atmel software ide/7.0/toolchain/avr8/avr8-gnu-toolchain/bin/../lib/gcc/avr/5.4.0/../../../../avr/lib/avr5\libc.a(vfprintf_std.o) (fputc)
d:/atmel software ide/7.0/toolchain/avr8/avr8-gnu-toolchain/bin/../lib/gcc/avr/5.4.0/../../../../avr/lib/avr5\libc.a(ultoa_invert.o)
                              d:/atmel software ide/7.0/toolchain/avr8/avr8-gnu-toolchain/bin/../lib/gcc/avr/5.4.0/../../../../avr/lib/avr5\libc.a(vfprintf_std.o) (__ultoa_invert)
d:/atmel software ide/7.0/toolchain/avr8/avr8-gnu-toolchain/bin/../lib/gcc/avr/5.4.0/avr5\libgcc.a(_prologue.o)
                              d:/atmel software ide/7.0/toolchain/avr8/avr8-gnu-toolchain/bin/../lib/gcc/avr/5.4.0/../../../../avr/lib/avr5\libc.a(snprintf.o) (__prologue_saves__)
d:/atmel software ide/7.0/toolchain/avr8/avr8-gnu-toolchain/bin/../lib/gcc/avr/5.4.0/avr5\libgcc.a(_epilogue.o)
                              d:/atmel software ide/7.0/toolchain/avr8/avr8-gnu-toolchain/bin/../lib/gcc/avr/5.4.0/../../../../avr/lib/avr5\libc.a(snprintf.o) (__epilogue_restores__)

Allocating common symbols
Common symbol       size              file

TaskDisplayRefreshHandle
                    0x2               Include/OS/Os.o
TaskUserCommandHandle
                    0x2               Include/OS/Os.o
TaskChargingStartHandle
                    0x2               Include/OS/Os.o
TaskFaultDetectionHandle
                    0x2               Include/OS/Os.o
TaskStopSessionHandle
                    0x2               Include/OS/Os.o

Discarded input sections

 .data          0x00000000        0x0 D:/Atmel Software IDE/7.0/Packs/atmel/ATmega_DFP/1.3.300/gcc/dev/atmega32a/avr5/crtatmega32a.o
 .bss           0x00000000        0x0 D:/Atmel Software IDE/7.0/Packs/atmel/ATmega_DFP/1.3.300/gcc/dev/atmega32a/avr5/crtatmega32a.o
 .text          0x00000000        0x0 FreeRtos/croutine.o
 .data          0x00000000        0x0 FreeRtos/croutine.o
 .bss           0x00000000        0x0 FreeRtos/croutine.o
 .text.xCoRoutineCreate
                0x00000000       0xf0 FreeRtos/croutine.o
 .text.vCoRoutineAddToDelayedList
                0x00000000       0x86 FreeRtos/croutine.o
 .text.vCoRoutineSchedule
                0x00000000      0x290 FreeRtos/croutine.o
 .text.xCoRoutineRemoveFromEventList
                0x00000000       0x4a FreeRtos/croutine.o
 .text.vCoRoutineResetState
                0x00000000       0x36 FreeRtos/croutine.o
 .bss.xPassedTicks
                0x00000000        0x2 FreeRtos/croutine.o
 .bss.xLastTickCount
                0x00000000        0x2 FreeRtos/croutine.o
 .bss.xCoRoutineTickCount
                0x00000000        0x2 FreeRtos/croutine.o
 .bss.uxTopCoRoutineReadyPriority
                0x00000000        0x1 FreeRtos/croutine.o
 .bss.pxCurrentCoRoutine
                0x00000000        0x2 FreeRtos/croutine.o
 .bss.xPendingReadyCoRoutineList
                0x00000000        0x9 FreeRtos/croutine.o
 .bss.pxOverflowDelayedCoRoutineList
                0x00000000        0x2 FreeRtos/croutine.o
 .bss.pxDelayedCoRoutineList
                0x00000000        0x2 FreeRtos/croutine.o
 .bss.xDelayedCoRoutineList2
                0x00000000        0x9 FreeRtos/croutine.o
 .bss.xDelayedCoRoutineList1
                0x00000000        0x9 FreeRtos/croutine.o
 .bss.pxReadyCoRoutineLists
                0x00000000       0x12 FreeRtos/croutine.o
 .debug_info    0x00000000      0x797 FreeRtos/croutine.o
 .debug_abbrev  0x00000000      0x243 FreeRtos/croutine.o
 .debug_loc     0x00000000      0x3eb FreeRtos/croutine.o
 .debug_aranges
                0x00000000       0x40 FreeRtos/croutine.o
 .debug_ranges  0x00000000       0x30 FreeRtos/croutine.o
 .debug_line    0x00000000      0x359 FreeRtos/croutine.o
 .debug_str     0x00000000      0x535 FreeRtos/croutine.o
 .comment       0x00000000       0x31 FreeRtos/croutine.o
 .debug_frame   0x00000000       0xd0 FreeRtos/croutine.o
 .text          0x00000000        0x0 FreeRtos/event_groups.o
 .data          0x00000000        0x0 FreeRtos/event_groups.o
 .bss           0x00000000        0x0 FreeRtos/event_groups.o
 .text.xEventGroupCreate
                0x00000000       0x26 FreeRtos/event_groups.o
 .text.xEventGroupWaitBits
                0x00000000      0x110 FreeRtos/event_groups.o
 .text.xEventGroupClearBits
                0x00000000       0x1e FreeRtos/event_groups.o
 .text.xEventGroupGetBitsFromISR
                0x00000000        0x8 FreeRtos/event_groups.o
 .text.xEventGroupSetBits
                0x00000000       0xdc FreeRtos/event_groups.o
 .text.xEventGroupSync
                0x00000000       0xd2 FreeRtos/event_groups.o
 .text.vEventGroupDelete
                0x00000000       0x32 FreeRtos/event_groups.o
 .text.vEventGroupSetBitsCallback
                0x00000000        0x8 FreeRtos/event_groups.o
 .text.vEventGroupClearBitsCallback
                0x00000000        0x8 FreeRtos/event_groups.o
 .debug_info    0x00000000      0x8fd FreeRtos/event_groups.o
 .debug_abbrev  0x00000000      0x205 FreeRtos/event_groups.o
 .debug_loc     0x00000000      0xb78 FreeRtos/event_groups.o
 .debug_aranges
                0x00000000       0x60 FreeRtos/event_groups.o
 .debug_ranges  0x00000000       0x68 FreeRtos/event_groups.o
 .debug_line    0x00000000      0x3a4 FreeRtos/event_groups.o
 .debug_str     0x00000000      0x56a FreeRtos/event_groups.o
 .comment       0x00000000       0x31 FreeRtos/event_groups.o
 .debug_frame   0x00000000      0x158 FreeRtos/event_groups.o
 .text          0x00000000        0x0 FreeRtos/heap_1.o
 .data          0x00000000        0x0 FreeRtos/heap_1.o
 .bss           0x00000000        0x0 FreeRtos/heap_1.o
 .text.vPortInitialiseBlocks
                0x00000000        0xa FreeRtos/heap_1.o
 .text.xPortGetFreeHeapSize
                0x00000000       0x12 FreeRtos/heap_1.o
 .text.vPortHeapResetState
                0x00000000        0xa FreeRtos/heap_1.o
 .text          0x00000000        0x0 FreeRtos/list.o
 .data          0x00000000        0x0 FreeRtos/list.o
 .bss           0x00000000        0x0 FreeRtos/list.o
 .text.vListInsertEnd
                0x00000000       0x42 FreeRtos/list.o
 .text.vListInsert
                0x00000000       0x62 FreeRtos/list.o
 .text          0x00000000        0x0 FreeRtos/port.o
 .data          0x00000000        0x0 FreeRtos/port.o
 .bss           0x00000000        0x0 FreeRtos/port.o
 .text.vPortEndScheduler
                0x00000000        0x2 FreeRtos/port.o
 .text.vPortYieldFromTick
                0x00000000       0xb8 FreeRtos/port.o
 .text          0x00000000        0x0 FreeRtos/queue.o
 .data          0x00000000        0x0 FreeRtos/queue.o
 .bss           0x00000000        0x0 FreeRtos/queue.o
 .text.prvIsQueueEmpty
                0x00000000       0x16 FreeRtos/queue.o
 .text.prvCopyDataToQueue
                0x00000000       0x92 FreeRtos/queue.o
 .text.prvCopyDataFromQueue
                0x00000000       0x34 FreeRtos/queue.o
 .text.prvUnlockQueue
                0x00000000       0x9a FreeRtos/queue.o
 .text.xQueueGenericReset
                0x00000000       0xc6 FreeRtos/queue.o
 .text.xQueueGenericCreate
                0x00000000       0x84 FreeRtos/queue.o
 .text.xQueueGenericSend
                0x00000000      0x142 FreeRtos/queue.o
 .text.xQueueGenericSendFromISR
                0x00000000       0x84 FreeRtos/queue.o
 .text.xQueueGiveFromISR
                0x00000000       0x70 FreeRtos/queue.o
 .text.xQueueReceive
                0x00000000      0x132 FreeRtos/queue.o
 .text.xQueueSemaphoreTake
                0x00000000      0x11a FreeRtos/queue.o
 .text.xQueuePeek
                0x00000000      0x132 FreeRtos/queue.o
 .text.xQueueReceiveFromISR
                0x00000000       0x7a FreeRtos/queue.o
 .text.xQueuePeekFromISR
                0x00000000       0x2e FreeRtos/queue.o
 .text.uxQueueMessagesWaiting
                0x00000000       0x10 FreeRtos/queue.o
 .text.uxQueueSpacesAvailable
                0x00000000       0x14 FreeRtos/queue.o
 .text.uxQueueMessagesWaitingFromISR
                0x00000000        0x6 FreeRtos/queue.o
 .text.vQueueDelete
                0x00000000        0x6 FreeRtos/queue.o
 .text.uxQueueGetQueueItemSize
                0x00000000        0x6 FreeRtos/queue.o
 .text.uxQueueGetQueueLength
                0x00000000        0x6 FreeRtos/queue.o
 .text.xQueueIsQueueEmptyFromISR
                0x00000000        0xc FreeRtos/queue.o
 .text.xQueueIsQueueFullFromISR
                0x00000000        0xe FreeRtos/queue.o
 .text.xQueueCRSend
                0x00000000       0x72 FreeRtos/queue.o
 .text.xQueueCRReceive
                0x00000000       0x92 FreeRtos/queue.o
 .text.xQueueCRSendFromISR
                0x00000000       0x48 FreeRtos/queue.o
 .text.xQueueCRReceiveFromISR
                0x00000000       0x82 FreeRtos/queue.o
 .debug_info    0x00000000     0x185f FreeRtos/queue.o
 .debug_abbrev  0x00000000      0x284 FreeRtos/queue.o
 .debug_loc     0x00000000     0x2141 FreeRtos/queue.o
 .debug_aranges
                0x00000000       0xe8 FreeRtos/queue.o
 .debug_ranges  0x00000000      0x168 FreeRtos/queue.o
 .debug_line    0x00000000      0xc8c FreeRtos/queue.o
 .debug_str     0x00000000      0x857 FreeRtos/queue.o
 .comment       0x00000000       0x31 FreeRtos/queue.o
 .debug_frame   0x00000000      0x3ac FreeRtos/queue.o
 .text          0x00000000        0x0 FreeRtos/stream_buffer.o
 .data          0x00000000        0x0 FreeRtos/stream_buffer.o
 .bss           0x00000000        0x0 FreeRtos/stream_buffer.o
 .text.prvBytesInBuffer
                0x00000000       0x26 FreeRtos/stream_buffer.o
 .text.prvWriteBytesToBuffer
                0x00000000       0x88 FreeRtos/stream_buffer.o
 .text.prvWriteMessageToBuffer
                0x00000000       0x8e FreeRtos/stream_buffer.o
 .text.prvReadBytesFromBuffer
                0x00000000       0x88 FreeRtos/stream_buffer.o
 .text.prvReadMessageFromBuffer
                0x00000000       0x90 FreeRtos/stream_buffer.o
 .text.xStreamBufferGenericCreate
                0x00000000       0x7c FreeRtos/stream_buffer.o
 .text.vStreamBufferDelete
                0x00000000       0x1a FreeRtos/stream_buffer.o
 .text.xStreamBufferReset
                0x00000000       0x7a FreeRtos/stream_buffer.o
 .text.xStreamBufferResetFromISR
                0x00000000       0x70 FreeRtos/stream_buffer.o
 .text.xStreamBufferSetTriggerLevel
                0x00000000       0x22 FreeRtos/stream_buffer.o
 .text.xStreamBufferSpacesAvailable
                0x00000000       0x36 FreeRtos/stream_buffer.o
 .text.xStreamBufferBytesAvailable
                0x00000000        0x6 FreeRtos/stream_buffer.o
 .text.xStreamBufferSend
                0x00000000      0x170 FreeRtos/stream_buffer.o
 .text.xStreamBufferSendFromISR
                0x00000000       0x8e FreeRtos/stream_buffer.o
 .text.xStreamBufferReceive
                0x00000000      0x10c FreeRtos/stream_buffer.o
 .text.xStreamBufferNextMessageLengthBytes
                0x00000000       0x54 FreeRtos/stream_buffer.o
 .text.xStreamBufferReceiveFromISR
                0x00000000       0x8a FreeRtos/stream_buffer.o
 .text.xStreamBufferIsEmpty
                0x00000000       0x16 FreeRtos/stream_buffer.o
 .text.xStreamBufferIsFull
                0x00000000       0x2c FreeRtos/stream_buffer.o
 .text.xStreamBufferSendCompletedFromISR
                0x00000000       0x4c FreeRtos/stream_buffer.o
 .text.xStreamBufferReceiveCompletedFromISR
                0x00000000       0x4c FreeRtos/stream_buffer.o
 .text.uxStreamBufferGetStreamBufferNotificationIndex
                0x00000000        0x6 FreeRtos/stream_buffer.o
 .text.vStreamBufferSetStreamBufferNotificationIndex
                0x00000000        0x6 FreeRtos/stream_buffer.o
 .debug_info    0x00000000     0x14ac FreeRtos/stream_buffer.o
 .debug_abbrev  0x00000000      0x22f FreeRtos/stream_buffer.o
 .debug_loc     0x00000000     0x1e39 FreeRtos/stream_buffer.o
 .debug_aranges
                0x00000000       0xd0 FreeRtos/stream_buffer.o
 .debug_ranges  0x00000000       0xc0 FreeRtos/stream_buffer.o
 .debug_line    0x00000000      0x806 FreeRtos/stream_buffer.o
 .debug_str     0x00000000      0x898 FreeRtos/stream_buffer.o
 .comment       0x00000000       0x31 FreeRtos/stream_buffer.o
 .debug_frame   0x00000000      0x3f8 FreeRtos/stream_buffer.o
 .text          0x00000000        0x0 FreeRtos/tasks.o
 .data          0x00000000        0x0 FreeRtos/tasks.o
 .bss           0x00000000        0x0 FreeRtos/tasks.o
 .text.prvAddCurrentTaskToDelayedList
                0x00000000       0x9c FreeRtos/tasks.o
 .text.vTaskDelete
                0x00000000       0xba FreeRtos/tasks.o
 .text.vTaskEndScheduler
                0x00000000       0x1c FreeRtos/tasks.o
 .text.xTaskGetTickCount
                0x00000000       0x14 FreeRtos/tasks.o
 .text.xTaskGetTickCountFromISR
                0x00000000        0xa FreeRtos/tasks.o
 .text.uxTaskGetNumberOfTasks
                0x00000000        0x6 FreeRtos/tasks.o
 .text.pcTaskGetName
                0x00000000       0x10 FreeRtos/tasks.o
 .text.xTaskDelayUntil
                0x00000000       0x8e FreeRtos/tasks.o
 .text.vTaskDelay
                0x00000000       0x28 FreeRtos/tasks.o
 .text.xTaskCatchUpTicks
                0x00000000       0x32 FreeRtos/tasks.o
 .text.vTaskPlaceOnEventList
                0x00000000       0x24 FreeRtos/tasks.o
 .text.vTaskPlaceOnUnorderedEventList
                0x00000000       0x8c FreeRtos/tasks.o
 .text.xTaskRemoveFromEventList
                0x00000000      0x17c FreeRtos/tasks.o
 .text.vTaskRemoveFromUnorderedEventList
                0x00000000      0x14e FreeRtos/tasks.o
 .text.vTaskSetTimeOutState
                0x00000000       0x20 FreeRtos/tasks.o
 .text.vTaskInternalSetTimeOutState
                0x00000000       0x16 FreeRtos/tasks.o
 .text.xTaskCheckForTimeOut
                0x00000000       0x62 FreeRtos/tasks.o
 .text.vTaskMissedYield
                0x00000000        0x8 FreeRtos/tasks.o
 .text.xTaskGetCurrentTaskHandle
                0x00000000        0xa FreeRtos/tasks.o
 .text.xTaskGetCurrentTaskHandleForCore
                0x00000000       0x14 FreeRtos/tasks.o
 .text.uxTaskResetEventItemValue
                0x00000000       0x2e FreeRtos/tasks.o
 .text.ulTaskGenericNotifyTake
                0x00000000      0x120 FreeRtos/tasks.o
 .text.xTaskGenericNotifyWait
                0x00000000      0x176 FreeRtos/tasks.o
 .text.xTaskGenericNotify
                0x00000000      0x204 FreeRtos/tasks.o
 .text.xTaskGenericNotifyFromISR
                0x00000000      0x258 FreeRtos/tasks.o
 .text.vTaskGenericNotifyGiveFromISR
                0x00000000      0x194 FreeRtos/tasks.o
 .text.xTaskGenericNotifyStateClear
                0x00000000       0x34 FreeRtos/tasks.o
 .text.ulTaskGenericNotifyValueClear
                0x00000000       0x68 FreeRtos/tasks.o
 .text.vTaskResetState
                0x00000000       0x42 FreeRtos/tasks.o
 .text          0x00000000        0x0 FreeRtos/timers.o
 .data          0x00000000        0x0 FreeRtos/timers.o
 .bss           0x00000000        0x0 FreeRtos/timers.o
 .debug_info    0x00000000       0x64 FreeRtos/timers.o
 .debug_abbrev  0x00000000       0x26 FreeRtos/timers.o
 .debug_aranges
                0x00000000       0x18 FreeRtos/timers.o
 .debug_line    0x00000000       0x1a FreeRtos/timers.o
 .debug_str     0x00000000      0x154 FreeRtos/timers.o
 .comment       0x00000000       0x31 FreeRtos/timers.o
 .text          0x00000000        0x0 Include/COMMUNICATION/Uart/Uart.o
 .data          0x00000000        0x0 Include/COMMUNICATION/Uart/Uart.o
 .bss           0x00000000        0x0 Include/COMMUNICATION/Uart/Uart.o
 .text          0x00000000        0x0 Include/HAL/Lcd/Lcd.o
 .data          0x00000000        0x0 Include/HAL/Lcd/Lcd.o
 .bss           0x00000000        0x0 Include/HAL/Lcd/Lcd.o
 .text.LCD_Char
                0x00000000       0x8a Include/HAL/Lcd/Lcd.o
 .text.LCD_String
                0x00000000       0x1e Include/HAL/Lcd/Lcd.o
 .text.LCD_String_xy
                0x00000000       0x38 Include/HAL/Lcd/Lcd.o
 .text.LCD_Clear
                0x00000000       0x1a Include/HAL/Lcd/Lcd.o
 .text.LCD_Float
                0x00000000       0x46 Include/HAL/Lcd/Lcd.o
 .text          0x00000000        0x0 Include/LOGIC/Logic.o
 .data          0x00000000        0x0 Include/LOGIC/Logic.o
 .bss           0x00000000        0x0 Include/LOGIC/Logic.o
 .text.Charge_Logic
                0x00000000        0x6 Include/LOGIC/Logic.o
 .text.Stop_Charge_Logic
                0x00000000        0x6 Include/LOGIC/Logic.o
 .debug_info    0x00000000       0x99 Include/LOGIC/Logic.o
 .debug_abbrev  0x00000000       0x51 Include/LOGIC/Logic.o
 .debug_aranges
                0x00000000       0x28 Include/LOGIC/Logic.o
 .debug_ranges  0x00000000       0x18 Include/LOGIC/Logic.o
 .debug_line    0x00000000       0xc0 Include/LOGIC/Logic.o
 .debug_str     0x00000000      0x171 Include/LOGIC/Logic.o
 .comment       0x00000000       0x31 Include/LOGIC/Logic.o
 .debug_frame   0x00000000       0x34 Include/LOGIC/Logic.o
 .text          0x00000000        0x0 Include/LOGIC/Polling/poller.o
 .data          0x00000000        0x0 Include/LOGIC/Polling/poller.o
 .bss           0x00000000        0x0 Include/LOGIC/Polling/poller.o
 .text.Poller__StopPolling
                0x00000000        0x6 Include/LOGIC/Polling/poller.o
 .text          0x00000000        0x0 Include/MCAL/Adc/ADC.o
 .data          0x00000000        0x0 Include/MCAL/Adc/ADC.o
 .bss           0x00000000        0x0 Include/MCAL/Adc/ADC.o
 .text          0x00000000        0x0 Include/MCAL/Gpio/Gpio.o
 .data          0x00000000        0x0 Include/MCAL/Gpio/Gpio.o
 .bss           0x00000000        0x0 Include/MCAL/Gpio/Gpio.o
 .text.CreateGpioProxy
                0x00000000        0xc Include/MCAL/Gpio/Gpio.o
 .text.Proxy_ReadPin
                0x00000000       0x2e Include/MCAL/Gpio/Gpio.o
 .text.ConfigurePins
                0x00000000       0xa0 Include/MCAL/Gpio/Gpio.o
 .text          0x00000000        0x0 Include/MCAL/Gpio/Gpio_Config.o
 .data          0x00000000        0x0 Include/MCAL/Gpio/Gpio_Config.o
 .bss           0x00000000        0x0 Include/MCAL/Gpio/Gpio_Config.o
 .data.pinConfigs
                0x00000000       0x23 Include/MCAL/Gpio/Gpio_Config.o
 .text          0x00000000        0x0 Include/MCAL/Timer/timer.o
 .data          0x00000000        0x0 Include/MCAL/Timer/timer.o
 .bss           0x00000000        0x0 Include/MCAL/Timer/timer.o
 .text.Timer_vidStopTimer1
                0x00000000        0x8 Include/MCAL/Timer/timer.o
 .text          0x00000000        0x0 Include/OS/Os.o
 .data          0x00000000        0x0 Include/OS/Os.o
 .bss           0x00000000        0x0 Include/OS/Os.o
 .text.TaskChargingStart
                0x00000000        0x6 Include/OS/Os.o
 .text.TaskStopSession
                0x00000000        0x6 Include/OS/Os.o
 .rodata.str1.1
                0x00000000       0x23 Include/OS/Os.o
 .text.TaskDisplayRefresh
                0x00000000       0x5a Include/OS/Os.o
 .text.TaskUserCommand
                0x00000000        0x2 Include/OS/Os.o
 .text.TaskFaultDetection
                0x00000000        0x2 Include/OS/Os.o
 .text.Os_Init  0x00000000       0x2e Include/OS/Os.o
 .debug_info    0x00000000      0x3d3 Include/OS/Os.o
 .debug_abbrev  0x00000000      0x167 Include/OS/Os.o
 .debug_loc     0x00000000       0xf6 Include/OS/Os.o
 .debug_aranges
                0x00000000       0x48 Include/OS/Os.o
 .debug_ranges  0x00000000       0x38 Include/OS/Os.o
 .debug_line    0x00000000      0x1c7 Include/OS/Os.o
 .debug_str     0x00000000      0x30a Include/OS/Os.o
 .comment       0x00000000       0x31 Include/OS/Os.o
 .debug_frame   0x00000000       0x94 Include/OS/Os.o
 COMMON         0x00000000        0xa Include/OS/Os.o
 .text          0x00000000        0x0 main.o
 .data          0x00000000        0x0 main.o
 .bss           0x00000000        0x0 main.o
 .text          0x00000000        0x0 d:/atmel software ide/7.0/toolchain/avr8/avr8-gnu-toolchain/bin/../lib/gcc/avr/5.4.0/../../../../avr/lib/avr5\libm.a(divsf3.o)
 .data          0x00000000        0x0 d:/atmel software ide/7.0/toolchain/avr8/avr8-gnu-toolchain/bin/../lib/gcc/avr/5.4.0/../../../../avr/lib/avr5\libm.a(divsf3.o)
 .bss           0x00000000        0x0 d:/atmel software ide/7.0/toolchain/avr8/avr8-gnu-toolchain/bin/../lib/gcc/avr/5.4.0/../../../../avr/lib/avr5\libm.a(divsf3.o)
 .text          0x00000000        0x0 d:/atmel software ide/7.0/toolchain/avr8/avr8-gnu-toolchain/bin/../lib/gcc/avr/5.4.0/../../../../avr/lib/avr5\libm.a(divsf3x.o)
 .data          0x00000000        0x0 d:/atmel software ide/7.0/toolchain/avr8/avr8-gnu-toolchain/bin/../lib/gcc/avr/5.4.0/../../../../avr/lib/avr5\libm.a(divsf3x.o)
 .bss           0x00000000        0x0 d:/atmel software ide/7.0/toolchain/avr8/avr8-gnu-toolchain/bin/../lib/gcc/avr/5.4.0/../../../../avr/lib/avr5\libm.a(divsf3x.o)
 .text          0x00000000        0x0 d:/atmel software ide/7.0/toolchain/avr8/avr8-gnu-toolchain/bin/../lib/gcc/avr/5.4.0/../../../../avr/lib/avr5\libm.a(floatsisf.o)
 .data          0x00000000        0x0 d:/atmel software ide/7.0/toolchain/avr8/avr8-gnu-toolchain/bin/../lib/gcc/avr/5.4.0/../../../../avr/lib/avr5\libm.a(floatsisf.o)
 .bss           0x00000000        0x0 d:/atmel software ide/7.0/toolchain/avr8/avr8-gnu-toolchain/bin/../lib/gcc/avr/5.4.0/../../../../avr/lib/avr5\libm.a(floatsisf.o)
 .text          0x00000000        0x0 d:/atmel software ide/7.0/toolchain/avr8/avr8-gnu-toolchain/bin/../lib/gcc/avr/5.4.0/../../../../avr/lib/avr5\libm.a(fp_inf.o)
 .data          0x00000000        0x0 d:/atmel software ide/7.0/toolchain/avr8/avr8-gnu-toolchain/bin/../lib/gcc/avr/5.4.0/../../../../avr/lib/avr5\libm.a(fp_inf.o)
 .bss           0x00000000        0x0 d:/atmel software ide/7.0/toolchain/avr8/avr8-gnu-toolchain/bin/../lib/gcc/avr/5.4.0/../../../../avr/lib/avr5\libm.a(fp_inf.o)
 .text          0x00000000        0x0 d:/atmel software ide/7.0/toolchain/avr8/avr8-gnu-toolchain/bin/../lib/gcc/avr/5.4.0/../../../../avr/lib/avr5\libm.a(fp_nan.o)
 .data          0x00000000        0x0 d:/atmel software ide/7.0/toolchain/avr8/avr8-gnu-toolchain/bin/../lib/gcc/avr/5.4.0/../../../../avr/lib/avr5\libm.a(fp_nan.o)
 .bss           0x00000000        0x0 d:/atmel software ide/7.0/toolchain/avr8/avr8-gnu-toolchain/bin/../lib/gcc/avr/5.4.0/../../../../avr/lib/avr5\libm.a(fp_nan.o)
 .text          0x00000000        0x0 d:/atmel software ide/7.0/toolchain/avr8/avr8-gnu-toolchain/bin/../lib/gcc/avr/5.4.0/../../../../avr/lib/avr5\libm.a(fp_pscA.o)
 .data          0x00000000        0x0 d:/atmel software ide/7.0/toolchain/avr8/avr8-gnu-toolchain/bin/../lib/gcc/avr/5.4.0/../../../../avr/lib/avr5\libm.a(fp_pscA.o)
 .bss           0x00000000        0x0 d:/atmel software ide/7.0/toolchain/avr8/avr8-gnu-toolchain/bin/../lib/gcc/avr/5.4.0/../../../../avr/lib/avr5\libm.a(fp_pscA.o)
 .text          0x00000000        0x0 d:/atmel software ide/7.0/toolchain/avr8/avr8-gnu-toolchain/bin/../lib/gcc/avr/5.4.0/../../../../avr/lib/avr5\libm.a(fp_pscB.o)
 .data          0x00000000        0x0 d:/atmel software ide/7.0/toolchain/avr8/avr8-gnu-toolchain/bin/../lib/gcc/avr/5.4.0/../../../../avr/lib/avr5\libm.a(fp_pscB.o)
 .bss           0x00000000        0x0 d:/atmel software ide/7.0/toolchain/avr8/avr8-gnu-toolchain/bin/../lib/gcc/avr/5.4.0/../../../../avr/lib/avr5\libm.a(fp_pscB.o)
 .text          0x00000000        0x0 d:/atmel software ide/7.0/toolchain/avr8/avr8-gnu-toolchain/bin/../lib/gcc/avr/5.4.0/../../../../avr/lib/avr5\libm.a(fp_round.o)
 .data          0x00000000        0x0 d:/atmel software ide/7.0/toolchain/avr8/avr8-gnu-toolchain/bin/../lib/gcc/avr/5.4.0/../../../../avr/lib/avr5\libm.a(fp_round.o)
 .bss           0x00000000        0x0 d:/atmel software ide/7.0/toolchain/avr8/avr8-gnu-toolchain/bin/../lib/gcc/avr/5.4.0/../../../../avr/lib/avr5\libm.a(fp_round.o)
 .text          0x00000000        0x0 d:/atmel software ide/7.0/toolchain/avr8/avr8-gnu-toolchain/bin/../lib/gcc/avr/5.4.0/../../../../avr/lib/avr5\libm.a(fp_split3.o)
 .data          0x00000000        0x0 d:/atmel software ide/7.0/toolchain/avr8/avr8-gnu-toolchain/bin/../lib/gcc/avr/5.4.0/../../../../avr/lib/avr5\libm.a(fp_split3.o)
 .bss           0x00000000        0x0 d:/atmel software ide/7.0/toolchain/avr8/avr8-gnu-toolchain/bin/../lib/gcc/avr/5.4.0/../../../../avr/lib/avr5\libm.a(fp_split3.o)
 .text          0x00000000        0x0 d:/atmel software ide/7.0/toolchain/avr8/avr8-gnu-toolchain/bin/../lib/gcc/avr/5.4.0/../../../../avr/lib/avr5\libm.a(fp_zero.o)
 .data          0x00000000        0x0 d:/atmel software ide/7.0/toolchain/avr8/avr8-gnu-toolchain/bin/../lib/gcc/avr/5.4.0/../../../../avr/lib/avr5\libm.a(fp_zero.o)
 .bss           0x00000000        0x0 d:/atmel software ide/7.0/toolchain/avr8/avr8-gnu-toolchain/bin/../lib/gcc/avr/5.4.0/../../../../avr/lib/avr5\libm.a(fp_zero.o)
 .text          0x00000000        0x0 d:/atmel software ide/7.0/toolchain/avr8/avr8-gnu-toolchain/bin/../lib/gcc/avr/5.4.0/../../../../avr/lib/avr5\libm.a(mulsf3.o)
 .data          0x00000000        0x0 d:/atmel software ide/7.0/toolchain/avr8/avr8-gnu-toolchain/bin/../lib/gcc/avr/5.4.0/../../../../avr/lib/avr5\libm.a(mulsf3.o)
 .bss           0x00000000        0x0 d:/atmel software ide/7.0/toolchain/avr8/avr8-gnu-toolchain/bin/../lib/gcc/avr/5.4.0/../../../../avr/lib/avr5\libm.a(mulsf3.o)
 .text          0x00000000        0x0 d:/atmel software ide/7.0/toolchain/avr8/avr8-gnu-toolchain/bin/../lib/gcc/avr/5.4.0/../../../../avr/lib/avr5\libm.a(mulsf3x.o)
 .data          0x00000000        0x0 d:/atmel software ide/7.0/toolchain/avr8/avr8-gnu-toolchain/bin/../lib/gcc/avr/5.4.0/../../../../avr/lib/avr5\libm.a(mulsf3x.o)
 .bss           0x00000000        0x0 d:/atmel software ide/7.0/toolchain/avr8/avr8-gnu-toolchain/bin/../lib/gcc/avr/5.4.0/../../../../avr/lib/avr5\libm.a(mulsf3x.o)
 .text          0x00000000        0x0 d:/atmel software ide/7.0/toolchain/avr8/avr8-gnu-toolchain/bin/../lib/gcc/avr/5.4.0/avr5\libgcc.a(_udivmodhi4.o)
 .data          0x00000000        0x0 d:/atmel software ide/7.0/toolchain/avr8/avr8-gnu-toolchain/bin/../lib/gcc/avr/5.4.0/avr5\libgcc.a(_udivmodhi4.o)
 .bss           0x00000000        0x0 d:/atmel software ide/7.0/toolchain/avr8/avr8-gnu-toolchain/bin/../lib/gcc/avr/5.4.0/avr5\libgcc.a(_udivmodhi4.o)
 .text.libgcc.mul
                0x00000000        0x0 d:/atmel software ide/7.0/toolchain/avr8/avr8-gnu-toolchain/bin/../lib/gcc/avr/5.4.0/avr5\libgcc.a(_udivmodhi4.o)
 .text.libgcc.div
                0x00000000       0x28 d:/atmel software ide/7.0/toolchain/avr8/avr8-gnu-toolchain/bin/../lib/gcc/avr/5.4.0/avr5\libgcc.a(_udivmodhi4.o)
 .text.libgcc   0x00000000        0x0 d:/atmel software ide/7.0/toolchain/avr8/avr8-gnu-toolchain/bin/../lib/gcc/avr/5.4.0/avr5\libgcc.a(_udivmodhi4.o)
 .text.libgcc.prologue
                0x00000000        0x0 d:/atmel software ide/7.0/toolchain/avr8/avr8-gnu-toolchain/bin/../lib/gcc/avr/5.4.0/avr5\libgcc.a(_udivmodhi4.o)
 .text.libgcc.builtins
                0x00000000        0x0 d:/atmel software ide/7.0/toolchain/avr8/avr8-gnu-toolchain/bin/../lib/gcc/avr/5.4.0/avr5\libgcc.a(_udivmodhi4.o)
 .text.libgcc.fmul
                0x00000000        0x0 d:/atmel software ide/7.0/toolchain/avr8/avr8-gnu-toolchain/bin/../lib/gcc/avr/5.4.0/avr5\libgcc.a(_udivmodhi4.o)
 .text.libgcc.fixed
                0x00000000        0x0 d:/atmel software ide/7.0/toolchain/avr8/avr8-gnu-toolchain/bin/../lib/gcc/avr/5.4.0/avr5\libgcc.a(_udivmodhi4.o)
 .text          0x00000000        0x0 d:/atmel software ide/7.0/toolchain/avr8/avr8-gnu-toolchain/bin/../lib/gcc/avr/5.4.0/avr5\libgcc.a(_udivmodsi4.o)
 .data          0x00000000        0x0 d:/atmel software ide/7.0/toolchain/avr8/avr8-gnu-toolchain/bin/../lib/gcc/avr/5.4.0/avr5\libgcc.a(_udivmodsi4.o)
 .bss           0x00000000        0x0 d:/atmel software ide/7.0/toolchain/avr8/avr8-gnu-toolchain/bin/../lib/gcc/avr/5.4.0/avr5\libgcc.a(_udivmodsi4.o)
 .text.libgcc.mul
                0x00000000        0x0 d:/atmel software ide/7.0/toolchain/avr8/avr8-gnu-toolchain/bin/../lib/gcc/avr/5.4.0/avr5\libgcc.a(_udivmodsi4.o)
 .text.libgcc   0x00000000        0x0 d:/atmel software ide/7.0/toolchain/avr8/avr8-gnu-toolchain/bin/../lib/gcc/avr/5.4.0/avr5\libgcc.a(_udivmodsi4.o)
 .text.libgcc.prologue
                0x00000000        0x0 d:/atmel software ide/7.0/toolchain/avr8/avr8-gnu-toolchain/bin/../lib/gcc/avr/5.4.0/avr5\libgcc.a(_udivmodsi4.o)
 .text.libgcc.builtins
                0x00000000        0x0 d:/atmel software ide/7.0/toolchain/avr8/avr8-gnu-toolchain/bin/../lib/gcc/avr/5.4.0/avr5\libgcc.a(_udivmodsi4.o)
 .text.libgcc.fmul
                0x00000000        0x0 d:/atmel software ide/7.0/toolchain/avr8/avr8-gnu-toolchain/bin/../lib/gcc/avr/5.4.0/avr5\libgcc.a(_udivmodsi4.o)
 .text.libgcc.fixed
                0x00000000        0x0 d:/atmel software ide/7.0/toolchain/avr8/avr8-gnu-toolchain/bin/../lib/gcc/avr/5.4.0/avr5\libgcc.a(_udivmodsi4.o)
 .text          0x00000000        0x0 d:/atmel software ide/7.0/toolchain/avr8/avr8-gnu-toolchain/bin/../lib/gcc/avr/5.4.0/avr5\libgcc.a(_divmodsi4.o)
 .data          0x00000000        0x0 d:/atmel software ide/7.0/toolchain/avr8/avr8-gnu-toolchain/bin/../lib/gcc/avr/5.4.0/avr5\libgcc.a(_divmodsi4.o)
 .bss           0x00000000        0x0 d:/atmel software ide/7.0/toolchain/avr8/avr8-gnu-toolchain/bin/../lib/gcc/avr/5.4.0/avr5\libgcc.a(_divmodsi4.o)
 .text.libgcc.mul
                0x00000000        0x0 d:/atmel software ide/7.0/toolchain/avr8/avr8-gnu-toolchain/bin/../lib/gcc/avr/5.4.0/avr5\libgcc.a(_divmodsi4.o)
 .text.libgcc   0x00000000        0x0 d:/atmel software ide/7.0/toolchain/avr8/avr8-gnu-toolchain/bin/../lib/gcc/avr/5.4.0/avr5\libgcc.a(_divmodsi4.o)
 .text.libgcc.prologue
                0x00000000        0x0 d:/atmel software ide/7.0/toolchain/avr8/avr8-gnu-toolchain/bin/../lib/gcc/avr/5.4.0/avr5\libgcc.a(_divmodsi4.o)
 .text.libgcc.builtins
                0x00000000        0x0 d:/atmel software ide/7.0/toolchain/avr8/avr8-gnu-toolchain/bin/../lib/gcc/avr/5.4.0/avr5\libgcc.a(_divmodsi4.o)
 .text.libgcc.fmul
                0x00000000        0x0 d:/atmel software ide/7.0/toolchain/avr8/avr8-gnu-toolchain/bin/../lib/gcc/avr/5.4.0/avr5\libgcc.a(_divmodsi4.o)
 .text.libgcc.fixed
                0x00000000        0x0 d:/atmel software ide/7.0/toolchain/avr8/avr8-gnu-toolchain/bin/../lib/gcc/avr/5.4.0/avr5\libgcc.a(_divmodsi4.o)
 .text          0x00000000        0x0 d:/atmel software ide/7.0/toolchain/avr8/avr8-gnu-toolchain/bin/../lib/gcc/avr/5.4.0/avr5\libgcc.a(_negsi2.o)
 .data          0x00000000        0x0 d:/atmel software ide/7.0/toolchain/avr8/avr8-gnu-toolchain/bin/../lib/gcc/avr/5.4.0/avr5\libgcc.a(_negsi2.o)
 .bss           0x00000000        0x0 d:/atmel software ide/7.0/toolchain/avr8/avr8-gnu-toolchain/bin/../lib/gcc/avr/5.4.0/avr5\libgcc.a(_negsi2.o)
 .text.libgcc.mul
                0x00000000        0x0 d:/atmel software ide/7.0/toolchain/avr8/avr8-gnu-toolchain/bin/../lib/gcc/avr/5.4.0/avr5\libgcc.a(_negsi2.o)
 .text.libgcc   0x00000000        0x0 d:/atmel software ide/7.0/toolchain/avr8/avr8-gnu-toolchain/bin/../lib/gcc/avr/5.4.0/avr5\libgcc.a(_negsi2.o)
 .text.libgcc.prologue
                0x00000000        0x0 d:/atmel software ide/7.0/toolchain/avr8/avr8-gnu-toolchain/bin/../lib/gcc/avr/5.4.0/avr5\libgcc.a(_negsi2.o)
 .text.libgcc.builtins
                0x00000000        0x0 d:/atmel software ide/7.0/toolchain/avr8/avr8-gnu-toolchain/bin/../lib/gcc/avr/5.4.0/avr5\libgcc.a(_negsi2.o)
 .text.libgcc.fmul
                0x00000000        0x0 d:/atmel software ide/7.0/toolchain/avr8/avr8-gnu-toolchain/bin/../lib/gcc/avr/5.4.0/avr5\libgcc.a(_negsi2.o)
 .text.libgcc.fixed
                0x00000000        0x0 d:/atmel software ide/7.0/toolchain/avr8/avr8-gnu-toolchain/bin/../lib/gcc/avr/5.4.0/avr5\libgcc.a(_negsi2.o)
 .text          0x00000000        0x0 d:/atmel software ide/7.0/toolchain/avr8/avr8-gnu-toolchain/bin/../lib/gcc/avr/5.4.0/avr5\libgcc.a(_exit.o)
 .data          0x00000000        0x0 d:/atmel software ide/7.0/toolchain/avr8/avr8-gnu-toolchain/bin/../lib/gcc/avr/5.4.0/avr5\libgcc.a(_exit.o)
 .bss           0x00000000        0x0 d:/atmel software ide/7.0/toolchain/avr8/avr8-gnu-toolchain/bin/../lib/gcc/avr/5.4.0/avr5\libgcc.a(_exit.o)
 .text.libgcc.mul
                0x00000000        0x0 d:/atmel software ide/7.0/toolchain/avr8/avr8-gnu-toolchain/bin/../lib/gcc/avr/5.4.0/avr5\libgcc.a(_exit.o)
 .text.libgcc.div
                0x00000000        0x0 d:/atmel software ide/7.0/toolchain/avr8/avr8-gnu-toolchain/bin/../lib/gcc/avr/5.4.0/avr5\libgcc.a(_exit.o)
 .text.libgcc   0x00000000        0x0 d:/atmel software ide/7.0/toolchain/avr8/avr8-gnu-toolchain/bin/../lib/gcc/avr/5.4.0/avr5\libgcc.a(_exit.o)
 .text.libgcc.prologue
                0x00000000        0x0 d:/atmel software ide/7.0/toolchain/avr8/avr8-gnu-toolchain/bin/../lib/gcc/avr/5.4.0/avr5\libgcc.a(_exit.o)
 .text.libgcc.builtins
                0x00000000        0x0 d:/atmel software ide/7.0/toolchain/avr8/avr8-gnu-toolchain/bin/../lib/gcc/avr/5.4.0/avr5\libgcc.a(_exit.o)
 .text.libgcc.fmul
                0x00000000        0x0 d:/atmel software ide/7.0/toolchain/avr8/avr8-gnu-toolchain/bin/../lib/gcc/avr/5.4.0/avr5\libgcc.a(_exit.o)
 .text.libgcc.fixed
                0x00000000        0x0 d:/atmel software ide/7.0/toolchain/avr8/avr8-gnu-toolchain/bin/../lib/gcc/avr/5.4.0/avr5\libgcc.a(_exit.o)
 .text          0x00000000        0x0 d:/atmel software ide/7.0/toolchain/avr8/avr8-gnu-toolchain/bin/../lib/gcc/avr/5.4.0/avr5\libgcc.a(_tablejump2.o)
 .data          0x00000000        0x0 d:/atmel software ide/7.0/toolchain/avr8/avr8-gnu-toolchain/bin/../lib/gcc/avr/5.4.0/avr5\libgcc.a(_tablejump2.o)
 .bss           0x00000000        0x0 d:/atmel software ide/7.0/toolchain/avr8/avr8-gnu-toolchain/bin/../lib/gcc/avr/5.4.0/avr5\libgcc.a(_tablejump2.o)
 .text.libgcc.mul
                0x00000000        0x0 d:/atmel software ide/7.0/toolchain/avr8/avr8-gnu-toolchain/bin/../lib/gcc/avr/5.4.0/avr5\libgcc.a(_tablejump2.o)
 .text.libgcc.div
                0x00000000        0x0 d:/atmel software ide/7.0/toolchain/avr8/avr8-gnu-toolchain/bin/../lib/gcc/avr/5.4.0/avr5\libgcc.a(_tablejump2.o)
 .text.libgcc.prologue
                0x00000000        0x0 d:/atmel software ide/7.0/toolchain/avr8/avr8-gnu-toolchain/bin/../lib/gcc/avr/5.4.0/avr5\libgcc.a(_tablejump2.o)
 .text.libgcc.builtins
                0x00000000        0x0 d:/atmel software ide/7.0/toolchain/avr8/avr8-gnu-toolchain/bin/../lib/gcc/avr/5.4.0/avr5\libgcc.a(_tablejump2.o)
 .text.libgcc.fmul
                0x00000000        0x0 d:/atmel software ide/7.0/toolchain/avr8/avr8-gnu-toolchain/bin/../lib/gcc/avr/5.4.0/avr5\libgcc.a(_tablejump2.o)
 .text.libgcc.fixed
                0x00000000        0x0 d:/atmel software ide/7.0/toolchain/avr8/avr8-gnu-toolchain/bin/../lib/gcc/avr/5.4.0/avr5\libgcc.a(_tablejump2.o)
 .text          0x00000000        0x0 d:/atmel software ide/7.0/toolchain/avr8/avr8-gnu-toolchain/bin/../lib/gcc/avr/5.4.0/avr5\libgcc.a(_copy_data.o)
 .data          0x00000000        0x0 d:/atmel software ide/7.0/toolchain/avr8/avr8-gnu-toolchain/bin/../lib/gcc/avr/5.4.0/avr5\libgcc.a(_copy_data.o)
 .bss           0x00000000        0x0 d:/atmel software ide/7.0/toolchain/avr8/avr8-gnu-toolchain/bin/../lib/gcc/avr/5.4.0/avr5\libgcc.a(_copy_data.o)
 .text.libgcc.mul
                0x00000000        0x0 d:/atmel software ide/7.0/toolchain/avr8/avr8-gnu-toolchain/bin/../lib/gcc/avr/5.4.0/avr5\libgcc.a(_copy_data.o)
 .text.libgcc.div
                0x00000000        0x0 d:/atmel software ide/7.0/toolchain/avr8/avr8-gnu-toolchain/bin/../lib/gcc/avr/5.4.0/avr5\libgcc.a(_copy_data.o)
 .text.libgcc   0x00000000        0x0 d:/atmel software ide/7.0/toolchain/avr8/avr8-gnu-toolchain/bin/../lib/gcc/avr/5.4.0/avr5\libgcc.a(_copy_data.o)
 .text.libgcc.prologue
                0x00000000        0x0 d:/atmel software ide/7.0/toolchain/avr8/avr8-gnu-toolchain/bin/../lib/gcc/avr/5.4.0/avr5\libgcc.a(_copy_data.o)
 .text.libgcc.builtins
                0x00000000        0x0 d:/atmel software ide/7.0/toolchain/avr8/avr8-gnu-toolchain/bin/../lib/gcc/avr/5.4.0/avr5\libgcc.a(_copy_data.o)
 .text.libgcc.fmul
                0x00000000        0x0 d:/atmel software ide/7.0/toolchain/avr8/avr8-gnu-toolchain/bin/../lib/gcc/avr/5.4.0/avr5\libgcc.a(_copy_data.o)
 .text.libgcc.fixed
                0x00000000        0x0 d:/atmel software ide/7.0/toolchain/avr8/avr8-gnu-toolchain/bin/../lib/gcc/avr/5.4.0/avr5\libgcc.a(_copy_data.o)
 .text          0x00000000        0x0 d:/atmel software ide/7.0/toolchain/avr8/avr8-gnu-toolchain/bin/../lib/gcc/avr/5.4.0/avr5\libgcc.a(_clear_bss.o)
 .data          0x00000000        0x0 d:/atmel software ide/7.0/toolchain/avr8/avr8-gnu-toolchain/bin/../lib/gcc/avr/5.4.0/avr5\libgcc.a(_clear_bss.o)
 .bss           0x00000000        0x0 d:/atmel software ide/7.0/toolchain/avr8/avr8-gnu-toolchain/bin/../lib/gcc/avr/5.4.0/avr5\libgcc.a(_clear_bss.o)
 .text.libgcc.mul
                0x00000000        0x0 d:/atmel software ide/7.0/toolchain/avr8/avr8-gnu-toolchain/bin/../lib/gcc/avr/5.4.0/avr5\libgcc.a(_clear_bss.o)
 .text.libgcc.div
                0x00000000        0x0 d:/atmel software ide/7.0/toolchain/avr8/avr8-gnu-toolchain/bin/../lib/gcc/avr/5.4.0/avr5\libgcc.a(_clear_bss.o)
 .text.libgcc   0x00000000        0x0 d:/atmel software ide/7.0/toolchain/avr8/avr8-gnu-toolchain/bin/../lib/gcc/avr/5.4.0/avr5\libgcc.a(_clear_bss.o)
 .text.libgcc.prologue
                0x00000000        0x0 d:/atmel software ide/7.0/toolchain/avr8/avr8-gnu-toolchain/bin/../lib/gcc/avr/5.4.0/avr5\libgcc.a(_clear_bss.o)
 .text.libgcc.builtins
                0x00000000        0x0 d:/atmel software ide/7.0/toolchain/avr8/avr8-gnu-toolchain/bin/../lib/gcc/avr/5.4.0/avr5\libgcc.a(_clear_bss.o)
 .text.libgcc.fmul
                0x00000000        0x0 d:/atmel software ide/7.0/toolchain/avr8/avr8-gnu-toolchain/bin/../lib/gcc/avr/5.4.0/avr5\libgcc.a(_clear_bss.o)
 .text.libgcc.fixed
                0x00000000        0x0 d:/atmel software ide/7.0/toolchain/avr8/avr8-gnu-toolchain/bin/../lib/gcc/avr/5.4.0/avr5\libgcc.a(_clear_bss.o)
 .text          0x00000000        0x0 d:/atmel software ide/7.0/toolchain/avr8/avr8-gnu-toolchain/bin/../lib/gcc/avr/5.4.0/../../../../avr/lib/avr5\libc.a(dtostrf.o)
 .data          0x00000000        0x0 d:/atmel software ide/7.0/toolchain/avr8/avr8-gnu-toolchain/bin/../lib/gcc/avr/5.4.0/../../../../avr/lib/avr5\libc.a(dtostrf.o)
 .bss           0x00000000        0x0 d:/atmel software ide/7.0/toolchain/avr8/avr8-gnu-toolchain/bin/../lib/gcc/avr/5.4.0/../../../../avr/lib/avr5\libc.a(dtostrf.o)
 .text.avr-libc
                0x00000000       0x40 d:/atmel software ide/7.0/toolchain/avr8/avr8-gnu-toolchain/bin/../lib/gcc/avr/5.4.0/../../../../avr/lib/avr5\libc.a(dtostrf.o)
 .comment       0x00000000       0x31 d:/atmel software ide/7.0/toolchain/avr8/avr8-gnu-toolchain/bin/../lib/gcc/avr/5.4.0/../../../../avr/lib/avr5\libc.a(dtostrf.o)
 .text          0x00000000        0x0 d:/atmel software ide/7.0/toolchain/avr8/avr8-gnu-toolchain/bin/../lib/gcc/avr/5.4.0/../../../../avr/lib/avr5\libc.a(memcpy.o)
 .data          0x00000000        0x0 d:/atmel software ide/7.0/toolchain/avr8/avr8-gnu-toolchain/bin/../lib/gcc/avr/5.4.0/../../../../avr/lib/avr5\libc.a(memcpy.o)
 .bss           0x00000000        0x0 d:/atmel software ide/7.0/toolchain/avr8/avr8-gnu-toolchain/bin/../lib/gcc/avr/5.4.0/../../../../avr/lib/avr5\libc.a(memcpy.o)
 .text.avr-libc
                0x00000000       0x12 d:/atmel software ide/7.0/toolchain/avr8/avr8-gnu-toolchain/bin/../lib/gcc/avr/5.4.0/../../../../avr/lib/avr5\libc.a(memcpy.o)
 .text          0x00000000        0x0 d:/atmel software ide/7.0/toolchain/avr8/avr8-gnu-toolchain/bin/../lib/gcc/avr/5.4.0/../../../../avr/lib/avr5\libc.a(snprintf.o)
 .data          0x00000000        0x0 d:/atmel software ide/7.0/toolchain/avr8/avr8-gnu-toolchain/bin/../lib/gcc/avr/5.4.0/../../../../avr/lib/avr5\libc.a(snprintf.o)
 .bss           0x00000000        0x0 d:/atmel software ide/7.0/toolchain/avr8/avr8-gnu-toolchain/bin/../lib/gcc/avr/5.4.0/../../../../avr/lib/avr5\libc.a(snprintf.o)
 .text          0x00000000        0x0 d:/atmel software ide/7.0/toolchain/avr8/avr8-gnu-toolchain/bin/../lib/gcc/avr/5.4.0/../../../../avr/lib/avr5\libc.a(vfprintf_std.o)
 .data          0x00000000        0x0 d:/atmel software ide/7.0/toolchain/avr8/avr8-gnu-toolchain/bin/../lib/gcc/avr/5.4.0/../../../../avr/lib/avr5\libc.a(vfprintf_std.o)
 .bss           0x00000000        0x0 d:/atmel software ide/7.0/toolchain/avr8/avr8-gnu-toolchain/bin/../lib/gcc/avr/5.4.0/../../../../avr/lib/avr5\libc.a(vfprintf_std.o)
 .text          0x00000000        0x0 d:/atmel software ide/7.0/toolchain/avr8/avr8-gnu-toolchain/bin/../lib/gcc/avr/5.4.0/../../../../avr/lib/avr5\libc.a(dtoa_prf.o)
 .data          0x00000000        0x0 d:/atmel software ide/7.0/toolchain/avr8/avr8-gnu-toolchain/bin/../lib/gcc/avr/5.4.0/../../../../avr/lib/avr5\libc.a(dtoa_prf.o)
 .bss           0x00000000        0x0 d:/atmel software ide/7.0/toolchain/avr8/avr8-gnu-toolchain/bin/../lib/gcc/avr/5.4.0/../../../../avr/lib/avr5\libc.a(dtoa_prf.o)
 .text.avr-libc
                0x00000000      0x2b4 d:/atmel software ide/7.0/toolchain/avr8/avr8-gnu-toolchain/bin/../lib/gcc/avr/5.4.0/../../../../avr/lib/avr5\libc.a(dtoa_prf.o)
 .comment       0x00000000       0x31 d:/atmel software ide/7.0/toolchain/avr8/avr8-gnu-toolchain/bin/../lib/gcc/avr/5.4.0/../../../../avr/lib/avr5\libc.a(dtoa_prf.o)
 .text          0x00000000        0x0 d:/atmel software ide/7.0/toolchain/avr8/avr8-gnu-toolchain/bin/../lib/gcc/avr/5.4.0/../../../../avr/lib/avr5\libc.a(ftoa_engine.o)
 .data          0x00000000        0x0 d:/atmel software ide/7.0/toolchain/avr8/avr8-gnu-toolchain/bin/../lib/gcc/avr/5.4.0/../../../../avr/lib/avr5\libc.a(ftoa_engine.o)
 .bss           0x00000000        0x0 d:/atmel software ide/7.0/toolchain/avr8/avr8-gnu-toolchain/bin/../lib/gcc/avr/5.4.0/../../../../avr/lib/avr5\libc.a(ftoa_engine.o)
 .text.avr-libc
                0x00000000      0x1b0 d:/atmel software ide/7.0/toolchain/avr8/avr8-gnu-toolchain/bin/../lib/gcc/avr/5.4.0/../../../../avr/lib/avr5\libc.a(ftoa_engine.o)
 .progmem.data  0x00000000       0xfa d:/atmel software ide/7.0/toolchain/avr8/avr8-gnu-toolchain/bin/../lib/gcc/avr/5.4.0/../../../../avr/lib/avr5\libc.a(ftoa_engine.o)
 .text          0x00000000        0x0 d:/atmel software ide/7.0/toolchain/avr8/avr8-gnu-toolchain/bin/../lib/gcc/avr/5.4.0/../../../../avr/lib/avr5\libc.a(strnlen_P.o)
 .data          0x00000000        0x0 d:/atmel software ide/7.0/toolchain/avr8/avr8-gnu-toolchain/bin/../lib/gcc/avr/5.4.0/../../../../avr/lib/avr5\libc.a(strnlen_P.o)
 .bss           0x00000000        0x0 d:/atmel software ide/7.0/toolchain/avr8/avr8-gnu-toolchain/bin/../lib/gcc/avr/5.4.0/../../../../avr/lib/avr5\libc.a(strnlen_P.o)
 .text          0x00000000        0x0 d:/atmel software ide/7.0/toolchain/avr8/avr8-gnu-toolchain/bin/../lib/gcc/avr/5.4.0/../../../../avr/lib/avr5\libc.a(strnlen.o)
 .data          0x00000000        0x0 d:/atmel software ide/7.0/toolchain/avr8/avr8-gnu-toolchain/bin/../lib/gcc/avr/5.4.0/../../../../avr/lib/avr5\libc.a(strnlen.o)
 .bss           0x00000000        0x0 d:/atmel software ide/7.0/toolchain/avr8/avr8-gnu-toolchain/bin/../lib/gcc/avr/5.4.0/../../../../avr/lib/avr5\libc.a(strnlen.o)
 .text          0x00000000        0x0 d:/atmel software ide/7.0/toolchain/avr8/avr8-gnu-toolchain/bin/../lib/gcc/avr/5.4.0/../../../../avr/lib/avr5\libc.a(fputc.o)
 .data          0x00000000        0x0 d:/atmel software ide/7.0/toolchain/avr8/avr8-gnu-toolchain/bin/../lib/gcc/avr/5.4.0/../../../../avr/lib/avr5\libc.a(fputc.o)
 .bss           0x00000000        0x0 d:/atmel software ide/7.0/toolchain/avr8/avr8-gnu-toolchain/bin/../lib/gcc/avr/5.4.0/../../../../avr/lib/avr5\libc.a(fputc.o)
 .text          0x00000000        0x0 d:/atmel software ide/7.0/toolchain/avr8/avr8-gnu-toolchain/bin/../lib/gcc/avr/5.4.0/../../../../avr/lib/avr5\libc.a(ultoa_invert.o)
 .data          0x00000000        0x0 d:/atmel software ide/7.0/toolchain/avr8/avr8-gnu-toolchain/bin/../lib/gcc/avr/5.4.0/../../../../avr/lib/avr5\libc.a(ultoa_invert.o)
 .bss           0x00000000        0x0 d:/atmel software ide/7.0/toolchain/avr8/avr8-gnu-toolchain/bin/../lib/gcc/avr/5.4.0/../../../../avr/lib/avr5\libc.a(ultoa_invert.o)
 .text          0x00000000        0x0 d:/atmel software ide/7.0/toolchain/avr8/avr8-gnu-toolchain/bin/../lib/gcc/avr/5.4.0/avr5\libgcc.a(_prologue.o)
 .data          0x00000000        0x0 d:/atmel software ide/7.0/toolchain/avr8/avr8-gnu-toolchain/bin/../lib/gcc/avr/5.4.0/avr5\libgcc.a(_prologue.o)
 .bss           0x00000000        0x0 d:/atmel software ide/7.0/toolchain/avr8/avr8-gnu-toolchain/bin/../lib/gcc/avr/5.4.0/avr5\libgcc.a(_prologue.o)
 .text.libgcc.mul
                0x00000000        0x0 d:/atmel software ide/7.0/toolchain/avr8/avr8-gnu-toolchain/bin/../lib/gcc/avr/5.4.0/avr5\libgcc.a(_prologue.o)
 .text.libgcc.div
                0x00000000        0x0 d:/atmel software ide/7.0/toolchain/avr8/avr8-gnu-toolchain/bin/../lib/gcc/avr/5.4.0/avr5\libgcc.a(_prologue.o)
 .text.libgcc   0x00000000        0x0 d:/atmel software ide/7.0/toolchain/avr8/avr8-gnu-toolchain/bin/../lib/gcc/avr/5.4.0/avr5\libgcc.a(_prologue.o)
 .text.libgcc.builtins
                0x00000000        0x0 d:/atmel software ide/7.0/toolchain/avr8/avr8-gnu-toolchain/bin/../lib/gcc/avr/5.4.0/avr5\libgcc.a(_prologue.o)
 .text.libgcc.fmul
                0x00000000        0x0 d:/atmel software ide/7.0/toolchain/avr8/avr8-gnu-toolchain/bin/../lib/gcc/avr/5.4.0/avr5\libgcc.a(_prologue.o)
 .text.libgcc.fixed
                0x00000000        0x0 d:/atmel software ide/7.0/toolchain/avr8/avr8-gnu-toolchain/bin/../lib/gcc/avr/5.4.0/avr5\libgcc.a(_prologue.o)
 .text          0x00000000        0x0 d:/atmel software ide/7.0/toolchain/avr8/avr8-gnu-toolchain/bin/../lib/gcc/avr/5.4.0/avr5\libgcc.a(_epilogue.o)
 .data          0x00000000        0x0 d:/atmel software ide/7.0/toolchain/avr8/avr8-gnu-toolchain/bin/../lib/gcc/avr/5.4.0/avr5\libgcc.a(_epilogue.o)
 .bss           0x00000000        0x0 d:/atmel software ide/7.0/toolchain/avr8/avr8-gnu-toolchain/bin/../lib/gcc/avr/5.4.0/avr5\libgcc.a(_epilogue.o)
 .text.libgcc.mul
                0x00000000        0x0 d:/atmel software ide/7.0/toolchain/avr8/avr8-gnu-toolchain/bin/../lib/gcc/avr/5.4.0/avr5\libgcc.a(_epilogue.o)
 .text.libgcc.div
                0x00000000        0x0 d:/atmel software ide/7.0/toolchain/avr8/avr8-gnu-toolchain/bin/../lib/gcc/avr/5.4.0/avr5\libgcc.a(_epilogue.o)
 .text.libgcc   0x00000000        0x0 d:/atmel software ide/7.0/toolchain/avr8/avr8-gnu-toolchain/bin/../lib/gcc/avr/5.4.0/avr5\libgcc.a(_epilogue.o)
 .text.libgcc.builtins
                0x00000000        0x0 d:/atmel software ide/7.0/toolchain/avr8/avr8-gnu-toolchain/bin/../lib/gcc/avr/5.4.0/avr5\libgcc.a(_epilogue.o)
 .text.libgcc.fmul
                0x00000000        0x0 d:/atmel software ide/7.0/toolchain/avr8/avr8-gnu-toolchain/bin/../lib/gcc/avr/5.4.0/avr5\libgcc.a(_epilogue.o)
 .text.libgcc.fixed
                0x00000000        0x0 d:/atmel software ide/7.0/toolchain/avr8/avr8-gnu-toolchain/bin/../lib/gcc/avr/5.4.0/avr5\libgcc.a(_epilogue.o)

Memory Configuration

Name             Origin             Length             Attributes
text             0x00000000         0x00020000         xr
data             0x00800060         0x0000ffa0         rw !x
eeprom           0x00810000         0x00010000         rw !x
fuse             0x00820000         0x00000002         rw !x
lock             0x00830000         0x00000400         rw !x
signature        0x00840000         0x00000400         rw !x
user_signatures  0x00850000         0x00000400         rw !x
*default*        0x00000000         0xffffffff

Linker script and memory map

LOAD D:/Atmel Software IDE/7.0/Packs/atmel/ATmega_DFP/1.3.300/gcc/dev/atmega32a/avr5/crtatmega32a.o
LOAD FreeRtos/croutine.o
LOAD FreeRtos/event_groups.o
LOAD FreeRtos/heap_1.o
LOAD FreeRtos/list.o
LOAD FreeRtos/port.o
LOAD FreeRtos/queue.o
LOAD FreeRtos/stream_buffer.o
LOAD FreeRtos/tasks.o
LOAD FreeRtos/timers.o
LOAD Include/COMMUNICATION/Uart/Uart.o
LOAD Include/HAL/Lcd/Lcd.o
LOAD Include/LOGIC/Logic.o
LOAD Include/LOGIC/Polling/poller.o
LOAD Include/MCAL/Adc/ADC.o
LOAD Include/MCAL/Gpio/Gpio.o
LOAD Include/MCAL/Gpio/Gpio_Config.o
LOAD Include/MCAL/Timer/timer.o
LOAD Include/OS/Os.o
LOAD main.o
START GROUP
LOAD d:/atmel software ide/7.0/toolchain/avr8/avr8-gnu-toolchain/bin/../lib/gcc/avr/5.4.0/../../../../avr/lib/avr5\libm.a
END GROUP
START GROUP
LOAD d:/atmel software ide/7.0/toolchain/avr8/avr8-gnu-toolchain/bin/../lib/gcc/avr/5.4.0/avr5\libgcc.a
LOAD d:/atmel software ide/7.0/toolchain/avr8/avr8-gnu-toolchain/bin/../lib/gcc/avr/5.4.0/../../../../avr/lib/avr5\libm.a
LOAD d:/atmel software ide/7.0/toolchain/avr8/avr8-gnu-toolchain/bin/../lib/gcc/avr/5.4.0/../../../../avr/lib/avr5\libc.a
LOAD D:/Atmel Software IDE/7.0/Packs/atmel/ATmega_DFP/1.3.300/gcc/dev/atmega32a/avr5\libatmega32a.a
END GROUP
                0x00000000                __TEXT_REGION_ORIGIN__ = DEFINED (__TEXT_REGION_ORIGIN__)?__TEXT_REGION_ORIGIN__:0x0
                0x00800060                __DATA_REGION_ORIGIN__ = DEFINED (__DATA_REGION_ORIGIN__)?__DATA_REGION_ORIGIN__:0x800060
                0x00020000                __TEXT_REGION_LENGTH__ = DEFINED (__TEXT_REGION_LENGTH__)?__TEXT_REGION_LENGTH__:0x20000
                0x0000ffa0                __DATA_REGION_LENGTH__ = DEFINED (__DATA_REGION_LENGTH__)?__DATA_REGION_LENGTH__:0xffa0
                0x00010000                __EEPROM_REGION_LENGTH__ = DEFINED (__EEPROM_REGION_LENGTH__)?__EEPROM_REGION_LENGTH__:0x10000
                [0x00000002]                __FUSE_REGION_LENGTH__ = DEFINED (__FUSE_REGION_LENGTH__)?__FUSE_REGION_LENGTH__:0x400
                0x00000400                __LOCK_REGION_LENGTH__ = DEFINED (__LOCK_REGION_LENGTH__)?__LOCK_REGION_LENGTH__:0x400
                0x00000400                __SIGNATURE_REGION_LENGTH__ = DEFINED (__SIGNATURE_REGION_LENGTH__)?__SIGNATURE_REGION_LENGTH__:0x400
                0x00000400                __USER_SIGNATURE_REGION_LENGTH__ = DEFINED (__USER_SIGNATURE_REGION_LENGTH__)?__USER_SIGNATURE_REGION_LENGTH__:0x400

.hash
 *(.hash)

.dynsym
 *(.dynsym)

.dynstr
 *(.dynstr)

.gnu.version
 *(.gnu.version)

.gnu.version_d
 *(.gnu.version_d)

.gnu.version_r
 *(.gnu.version_r)

.rel.init
 *(.rel.init)

.rela.init
 *(.rela.init)

.rel.text
 *(.rel.text)
 *(.rel.text.*)
 *(.rel.gnu.linkonce.t*)

.rela.text
 *(.rela.text)
 *(.rela.text.*)
 *(.rela.gnu.linkonce.t*)

.rel.fini
 *(.rel.fini)

.rela.fini
 *(.rela.fini)

.rel.rodata
 *(.rel.rodata)
 *(.rel.rodata.*)
 *(.rel.gnu.linkonce.r*)

.rela.rodata
 *(.rela.rodata)
 *(.rela.rodata.*)
 *(.rela.gnu.linkonce.r*)

.rel.data
 *(.rel.data)
 *(.rel.data.*)
 *(.rel.gnu.linkonce.d*)

.rela.data
 *(.rela.data)
 *(.rela.data.*)
 *(.rela.gnu.linkonce.d*)

.rel.ctors
 *(.rel.ctors)

.rela.ctors
 *(.rela.ctors)

.rel.dtors
 *(.rel.dtors)

.rela.dtors
 *(.rela.dtors)

.rel.got
 *(.rel.got)

.rela.got
 *(.rela.got)

.rel.bss
 *(.rel.bss)

.rela.bss
 *(.rela.bss)

.rel.plt
 *(.rel.plt)

.rela.plt
 *(.rela.plt)

.text           0x00000000     0x19a4
 *(.vectors)
 .vectors       0x00000000       0x54 D:/Atmel Software IDE/7.0/Packs/atmel/ATmega_DFP/1.3.300/gcc/dev/atmega32a/avr5/crtatmega32a.o
                0x00000000                __vector_default
                0x00000000                __vectors
 *(.vectors)
 *(.progmem.gcc*)
 .progmem.gcc_sw_table.ADC_READ
                0x00000054       0x10 Include/MCAL/Adc/ADC.o
                0x00000064                . = ALIGN (0x2)
                0x00000064                __trampolines_start = .
 *(.trampolines)
 .trampolines   0x00000064        0x0 linker stubs
 *(.trampolines*)
                0x00000064                __trampolines_end = .
 *libprintf_flt.a:*(.progmem.data)
 *libc.a:*(.progmem.data)
 *(.progmem*)
                0x00000064                . = ALIGN (0x2)
 *(.jumptables)
 *(.jumptables*)
 *(.lowtext)
 *(.lowtext*)
                0x00000064                __ctors_start = .
 *(.ctors)
                0x00000064                __ctors_end = .
                0x00000064                __dtors_start = .
 *(.dtors)
                0x00000064                __dtors_end = .
 SORT(*)(.ctors)
 SORT(*)(.dtors)
 *(.init0)
 .init0         0x00000064        0x0 D:/Atmel Software IDE/7.0/Packs/atmel/ATmega_DFP/1.3.300/gcc/dev/atmega32a/avr5/crtatmega32a.o
                0x00000064                __init
 *(.init0)
 *(.init1)
 *(.init1)
 *(.init2)
 .init2         0x00000064        0xc D:/Atmel Software IDE/7.0/Packs/atmel/ATmega_DFP/1.3.300/gcc/dev/atmega32a/avr5/crtatmega32a.o
 *(.init2)
 *(.init3)
 *(.init3)
 *(.init4)
 .init4         0x00000070       0x16 d:/atmel software ide/7.0/toolchain/avr8/avr8-gnu-toolchain/bin/../lib/gcc/avr/5.4.0/avr5\libgcc.a(_copy_data.o)
                0x00000070                __do_copy_data
 .init4         0x00000086       0x10 d:/atmel software ide/7.0/toolchain/avr8/avr8-gnu-toolchain/bin/../lib/gcc/avr/5.4.0/avr5\libgcc.a(_clear_bss.o)
                0x00000086                __do_clear_bss
 *(.init4)
 *(.init5)
 *(.init5)
 *(.init6)
 *(.init6)
 *(.init7)
 *(.init7)
 *(.init8)
 *(.init8)
 *(.init9)
 .init9         0x00000096        0x8 D:/Atmel Software IDE/7.0/Packs/atmel/ATmega_DFP/1.3.300/gcc/dev/atmega32a/avr5/crtatmega32a.o
 *(.init9)
 *(.text)
 .text          0x0000009e        0x4 D:/Atmel Software IDE/7.0/Packs/atmel/ATmega_DFP/1.3.300/gcc/dev/atmega32a/avr5/crtatmega32a.o
                0x0000009e                __vector_1
                0x0000009e                __vector_12
                0x0000009e                __bad_interrupt
                0x0000009e                __vector_6
                0x0000009e                __vector_3
                0x0000009e                __vector_11
                0x0000009e                __vector_13
                0x0000009e                __vector_17
                0x0000009e                __vector_19
                0x0000009e                __vector_5
                0x0000009e                __vector_4
                0x0000009e                __vector_9
                0x0000009e                __vector_2
                0x0000009e                __vector_15
                0x0000009e                __vector_8
                0x0000009e                __vector_14
                0x0000009e                __vector_10
                0x0000009e                __vector_16
                0x0000009e                __vector_18
                0x0000009e                __vector_20
                0x000000a2                . = ALIGN (0x2)
 *(.text.*)
 .text.pvPortMalloc
                0x000000a2       0x74 FreeRtos/heap_1.o
                0x000000a2                pvPortMalloc
 .text.vPortFree
                0x00000116        0x2 FreeRtos/heap_1.o
                0x00000116                vPortFree
 .text.vListInitialise
                0x00000118       0x1c FreeRtos/list.o
                0x00000118                vListInitialise
 .text.vListInitialiseItem
                0x00000134        0x8 FreeRtos/list.o
                0x00000134                vListInitialiseItem
 .text.uxListRemove
                0x0000013c       0x4c FreeRtos/list.o
                0x0000013c                uxListRemove
 .text.pxPortInitialiseStack
                0x00000188       0xd8 FreeRtos/port.o
                0x00000188                pxPortInitialiseStack
 .text.xPortStartScheduler
                0x00000260       0x6a FreeRtos/port.o
                0x00000260                xPortStartScheduler
 .text.vPortYield
                0x000002ca       0xb2 FreeRtos/port.o
                0x000002ca                vPortYield
 .text.prvResetNextTaskUnblockTime
                0x0000037c       0x38 FreeRtos/tasks.o
 .text.prvCheckTasksWaitingTermination
                0x000003b4       0x68 FreeRtos/tasks.o
 .text.prvIdleTask
                0x0000041c       0x14 FreeRtos/tasks.o
 .text.xTaskCreate
                0x00000430      0x262 FreeRtos/tasks.o
                0x00000430                xTaskCreate
 .text.vTaskStartScheduler
                0x00000692       0x9e FreeRtos/tasks.o
                0x00000692                vTaskStartScheduler
 .text.vTaskSuspendAll
                0x00000730        0xc FreeRtos/tasks.o
                0x00000730                vTaskSuspendAll
 .text.xTaskIncrementTick
                0x0000073c      0x23e FreeRtos/tasks.o
                0x0000073c                xTaskIncrementTick
 .text.xTaskResumeAll
                0x0000097a      0x1c4 FreeRtos/tasks.o
                0x0000097a                xTaskResumeAll
 .text.vTaskSwitchContext
                0x00000b3e       0xe2 FreeRtos/tasks.o
                0x00000b3e                vTaskSwitchContext
 .text.UART_Init
                0x00000c20       0x24 Include/COMMUNICATION/Uart/Uart.o
                0x00000c20                UART_Init
 .text.UART_Transmit
                0x00000c44        0x8 Include/COMMUNICATION/Uart/Uart.o
                0x00000c44                UART_Transmit
 .text.UART_SendString
                0x00000c4c       0x1e Include/COMMUNICATION/Uart/Uart.o
                0x00000c4c                UART_SendString
 .text.LCD_Command
                0x00000c6a       0x8a Include/HAL/Lcd/Lcd.o
                0x00000c6a                LCD_Command
 .text.LCD_Init
                0x00000cf4       0x4c Include/HAL/Lcd/Lcd.o
                0x00000cf4                LCD_Init
 .text.poll     0x00000d40       0x96 Include/LOGIC/Polling/poller.o
 .text.poller_Init
                0x00000dd6        0xe Include/LOGIC/Polling/poller.o
                0x00000dd6                poller_Init
 .text.Poller__StartPolling
                0x00000de4        0x6 Include/LOGIC/Polling/poller.o
                0x00000de4                Poller__StartPolling
 .text.poller_SetPollTime
                0x00000dea       0x16 Include/LOGIC/Polling/poller.o
                0x00000dea                poller_SetPollTime
 .text.ADC_PRESCALER_SET
                0x00000e00       0x5c Include/MCAL/Adc/ADC.o
                0x00000e00                ADC_PRESCALER_SET
 .text.ADC_voltage_Reference
                0x00000e5c       0x2c Include/MCAL/Adc/ADC.o
                0x00000e5c                ADC_voltage_Reference
 .text.ADC_INIT
                0x00000e88       0x16 Include/MCAL/Adc/ADC.o
                0x00000e88                ADC_INIT
 .text.ADC_READ
                0x00000e9e       0x62 Include/MCAL/Adc/ADC.o
                0x00000e9e                ADC_READ
 .text.ADC_GetVoltage
                0x00000f00       0x24 Include/MCAL/Adc/ADC.o
                0x00000f00                ADC_GetVoltage
 .text.Proxy_SetPortDirection
                0x00000f24        0xa Include/MCAL/Gpio/Gpio.o
                0x00000f24                Proxy_SetPortDirection
 .text.Proxy_WritePort
                0x00000f2e        0xe Include/MCAL/Gpio/Gpio.o
                0x00000f2e                Proxy_WritePort
 .text.Proxy_ReadPort
                0x00000f3c        0xe Include/MCAL/Gpio/Gpio.o
                0x00000f3c                Proxy_ReadPort
 .text.Proxy_SetPin
                0x00000f4a       0x20 Include/MCAL/Gpio/Gpio.o
                0x00000f4a                Proxy_SetPin
 .text.Proxy_ClearPin
                0x00000f6a       0x22 Include/MCAL/Gpio/Gpio.o
                0x00000f6a                Proxy_ClearPin
 .text.Timer_vidInitTimer1
                0x00000f8c       0x16 Include/MCAL/Timer/timer.o
                0x00000f8c                Timer_vidInitTimer1
 .text.Timer_vidStartTimer1
                0x00000fa2        0x8 Include/MCAL/Timer/timer.o
                0x00000fa2                Timer_vidStartTimer1
 .text.Timer_vidSetCallBackTimer1
                0x00000faa        0xe Include/MCAL/Timer/timer.o
                0x00000faa                Timer_vidSetCallBackTimer1
 .text.__vector_7
                0x00000fb8       0x52 Include/MCAL/Timer/timer.o
                0x00000fb8                __vector_7
 .text.main     0x0000100a       0x3e main.o
                0x0000100a                main
 .text.avr-libc.fplib
                0x00001048        0x8 d:/atmel software ide/7.0/toolchain/avr8/avr8-gnu-toolchain/bin/../lib/gcc/avr/5.4.0/../../../../avr/lib/avr5\libm.a(divsf3.o)
                0x00001048                __divsf3
 .text.avr-libc.fplib
                0x00001050       0xdc d:/atmel software ide/7.0/toolchain/avr8/avr8-gnu-toolchain/bin/../lib/gcc/avr/5.4.0/../../../../avr/lib/avr5\libm.a(divsf3x.o)
                0x00001070                __divsf3x
                0x00001076                __divsf3_pse
 .text.avr-libc.fplib
                0x0000112c       0x7a d:/atmel software ide/7.0/toolchain/avr8/avr8-gnu-toolchain/bin/../lib/gcc/avr/5.4.0/../../../../avr/lib/avr5\libm.a(floatsisf.o)
                0x0000112c                __floatunsisf
                0x00001130                __floatsisf
 .text.avr-libc.fplib
                0x000011a6        0xc d:/atmel software ide/7.0/toolchain/avr8/avr8-gnu-toolchain/bin/../lib/gcc/avr/5.4.0/../../../../avr/lib/avr5\libm.a(fp_inf.o)
                0x000011a6                __fp_inf
 .text.avr-libc.fplib
                0x000011b2        0x6 d:/atmel software ide/7.0/toolchain/avr8/avr8-gnu-toolchain/bin/../lib/gcc/avr/5.4.0/../../../../avr/lib/avr5\libm.a(fp_nan.o)
                0x000011b2                __fp_nan
 .text.avr-libc.fplib
                0x000011b8        0xe d:/atmel software ide/7.0/toolchain/avr8/avr8-gnu-toolchain/bin/../lib/gcc/avr/5.4.0/../../../../avr/lib/avr5\libm.a(fp_pscA.o)
                0x000011b8                __fp_pscA
 .text.avr-libc.fplib
                0x000011c6        0xe d:/atmel software ide/7.0/toolchain/avr8/avr8-gnu-toolchain/bin/../lib/gcc/avr/5.4.0/../../../../avr/lib/avr5\libm.a(fp_pscB.o)
                0x000011c6                __fp_pscB
 .text.avr-libc.fplib
                0x000011d4       0x22 d:/atmel software ide/7.0/toolchain/avr8/avr8-gnu-toolchain/bin/../lib/gcc/avr/5.4.0/../../../../avr/lib/avr5\libm.a(fp_round.o)
                0x000011d4                __fp_round
 .text.avr-libc.fplib
                0x000011f6       0x44 d:/atmel software ide/7.0/toolchain/avr8/avr8-gnu-toolchain/bin/../lib/gcc/avr/5.4.0/../../../../avr/lib/avr5\libm.a(fp_split3.o)
                0x000011f6                __fp_split3
                0x00001206                __fp_splitA
 .text.avr-libc.fplib
                0x0000123a        0xe d:/atmel software ide/7.0/toolchain/avr8/avr8-gnu-toolchain/bin/../lib/gcc/avr/5.4.0/../../../../avr/lib/avr5\libm.a(fp_zero.o)
                0x0000123a                __fp_zero
                0x0000123c                __fp_szero
 .text.avr-libc.fplib
                0x00001248        0x8 d:/atmel software ide/7.0/toolchain/avr8/avr8-gnu-toolchain/bin/../lib/gcc/avr/5.4.0/../../../../avr/lib/avr5\libm.a(mulsf3.o)
                0x00001248                __mulsf3
 .text.avr-libc.fplib
                0x00001250       0xd2 d:/atmel software ide/7.0/toolchain/avr8/avr8-gnu-toolchain/bin/../lib/gcc/avr/5.4.0/../../../../avr/lib/avr5\libm.a(mulsf3x.o)
                0x0000126e                __mulsf3x
                0x00001274                __mulsf3_pse
 .text.libgcc.div
                0x00001322       0x44 d:/atmel software ide/7.0/toolchain/avr8/avr8-gnu-toolchain/bin/../lib/gcc/avr/5.4.0/avr5\libgcc.a(_udivmodsi4.o)
                0x00001322                __udivmodsi4
 .text.libgcc.div
                0x00001366       0x2e d:/atmel software ide/7.0/toolchain/avr8/avr8-gnu-toolchain/bin/../lib/gcc/avr/5.4.0/avr5\libgcc.a(_divmodsi4.o)
                0x00001366                __divmodsi4
 .text.libgcc.div
                0x00001394       0x10 d:/atmel software ide/7.0/toolchain/avr8/avr8-gnu-toolchain/bin/../lib/gcc/avr/5.4.0/avr5\libgcc.a(_negsi2.o)
                0x00001394                __negsi2
 .text.libgcc   0x000013a4        0xc d:/atmel software ide/7.0/toolchain/avr8/avr8-gnu-toolchain/bin/../lib/gcc/avr/5.4.0/avr5\libgcc.a(_tablejump2.o)
                0x000013a4                __tablejump2__
 .text.avr-libc
                0x000013b0       0x60 d:/atmel software ide/7.0/toolchain/avr8/avr8-gnu-toolchain/bin/../lib/gcc/avr/5.4.0/../../../../avr/lib/avr5\libc.a(snprintf.o)
                0x000013b0                snprintf
 .text.avr-libc
                0x00001410      0x3c2 d:/atmel software ide/7.0/toolchain/avr8/avr8-gnu-toolchain/bin/../lib/gcc/avr/5.4.0/../../../../avr/lib/avr5\libc.a(vfprintf_std.o)
                0x00001410                vfprintf
 .text.avr-libc
                0x000017d2       0x16 d:/atmel software ide/7.0/toolchain/avr8/avr8-gnu-toolchain/bin/../lib/gcc/avr/5.4.0/../../../../avr/lib/avr5\libc.a(strnlen_P.o)
                0x000017d2                strnlen_P
 .text.avr-libc
                0x000017e8       0x16 d:/atmel software ide/7.0/toolchain/avr8/avr8-gnu-toolchain/bin/../lib/gcc/avr/5.4.0/../../../../avr/lib/avr5\libc.a(strnlen.o)
                0x000017e8                strnlen
 .text.avr-libc
                0x000017fe       0x78 d:/atmel software ide/7.0/toolchain/avr8/avr8-gnu-toolchain/bin/../lib/gcc/avr/5.4.0/../../../../avr/lib/avr5\libc.a(fputc.o)
                0x000017fe                fputc
 .text.avr-libc
                0x00001876       0xbc d:/atmel software ide/7.0/toolchain/avr8/avr8-gnu-toolchain/bin/../lib/gcc/avr/5.4.0/../../../../avr/lib/avr5\libc.a(ultoa_invert.o)
                0x00001876                __ultoa_invert
 .text.libgcc.prologue
                0x00001932       0x38 d:/atmel software ide/7.0/toolchain/avr8/avr8-gnu-toolchain/bin/../lib/gcc/avr/5.4.0/avr5\libgcc.a(_prologue.o)
                0x00001932                __prologue_saves__
 .text.libgcc.prologue
                0x0000196a       0x36 d:/atmel software ide/7.0/toolchain/avr8/avr8-gnu-toolchain/bin/../lib/gcc/avr/5.4.0/avr5\libgcc.a(_epilogue.o)
                0x0000196a                __epilogue_restores__
                0x000019a0                . = ALIGN (0x2)
 *(.fini9)
 .fini9         0x000019a0        0x0 d:/atmel software ide/7.0/toolchain/avr8/avr8-gnu-toolchain/bin/../lib/gcc/avr/5.4.0/avr5\libgcc.a(_exit.o)
                0x000019a0                _exit
                0x000019a0                exit
 *(.fini9)
 *(.fini8)
 *(.fini8)
 *(.fini7)
 *(.fini7)
 *(.fini6)
 *(.fini6)
 *(.fini5)
 *(.fini5)
 *(.fini4)
 *(.fini4)
 *(.fini3)
 *(.fini3)
 *(.fini2)
 *(.fini2)
 *(.fini1)
 *(.fini1)
 *(.fini0)
 .fini0         0x000019a0        0x4 d:/atmel software ide/7.0/toolchain/avr8/avr8-gnu-toolchain/bin/../lib/gcc/avr/5.4.0/avr5\libgcc.a(_exit.o)
 *(.fini0)
                0x000019a4                _etext = .

.data           0x00800060       0x1c load address 0x000019a4
                0x00800060                PROVIDE (__data_start, .)
 *(.data)
 *(.data*)
 .data.uxTopUsedPriority
                0x00800060        0x1 FreeRtos/tasks.o
 .data.chargeProxy
                0x00800061        0x4 Include/MCAL/Gpio/Gpio_Config.o
                0x00800061                chargeProxy
 .data.lcdControlProxy
                0x00800065        0x4 Include/MCAL/Gpio/Gpio_Config.o
                0x00800065                lcdControlProxy
 .data.lcdDataProxy
                0x00800069        0x4 Include/MCAL/Gpio/Gpio_Config.o
                0x00800069                lcdDataProxy
 *(.gnu.linkonce.d*)
 *(.rodata)
 *(.rodata*)
 .rodata.str1.1
                0x0080006d        0x5 FreeRtos/tasks.o
 .rodata.str1.1
                0x00800072        0x9 Include/LOGIC/Polling/poller.o
 *(.gnu.linkonce.r*)
                0x0080007c                . = ALIGN (0x2)
 *fill*         0x0080007b        0x1 
                0x0080007c                _edata = .
                0x0080007c                PROVIDE (__data_end, .)

.bss            0x0080007c      0x644
                0x0080007c                PROVIDE (__bss_start, .)
 *(.bss)
 *(.bss*)
 .bss.pucAlignedHeap.2079
                0x0080007c        0x2 FreeRtos/heap_1.o
 .bss.xNextFreeByte
                0x0080007e        0x2 FreeRtos/heap_1.o
 .bss.ucHeap    0x00800080      0x5dc FreeRtos/heap_1.o
 .bss.uxSchedulerSuspended
                0x0080065c        0x1 FreeRtos/tasks.o
 .bss.xIdleTaskHandles
                0x0080065d        0x2 FreeRtos/tasks.o
 .bss.xNextTaskUnblockTime
                0x0080065f        0x2 FreeRtos/tasks.o
 .bss.uxTaskNumber
                0x00800661        0x1 FreeRtos/tasks.o
 .bss.xNumOfOverflows
                0x00800662        0x1 FreeRtos/tasks.o
 .bss.xYieldPendings
                0x00800663        0x1 FreeRtos/tasks.o
 .bss.xPendedTicks
                0x00800664        0x2 FreeRtos/tasks.o
 .bss.xSchedulerRunning
                0x00800666        0x1 FreeRtos/tasks.o
 .bss.uxTopReadyPriority
                0x00800667        0x1 FreeRtos/tasks.o
 .bss.xTickCount
                0x00800668        0x2 FreeRtos/tasks.o
 .bss.uxCurrentNumberOfTasks
                0x0080066a        0x1 FreeRtos/tasks.o
 .bss.uxDeletedTasksWaitingCleanUp
                0x0080066b        0x1 FreeRtos/tasks.o
 .bss.xTasksWaitingTermination
                0x0080066c        0x9 FreeRtos/tasks.o
 .bss.xPendingReadyList
                0x00800675        0x9 FreeRtos/tasks.o
 .bss.pxOverflowDelayedTaskList
                0x0080067e        0x2 FreeRtos/tasks.o
 .bss.pxDelayedTaskList
                0x00800680        0x2 FreeRtos/tasks.o
 .bss.xDelayedTaskList2
                0x00800682        0x9 FreeRtos/tasks.o
 .bss.xDelayedTaskList1
                0x0080068b        0x9 FreeRtos/tasks.o
 .bss.pxReadyTasksLists
                0x00800694       0x24 FreeRtos/tasks.o
 .bss.pxCurrentTCB
                0x008006b8        0x2 FreeRtos/tasks.o
                0x008006b8                pxCurrentTCB
 .bss.pollTimeCounter
                0x008006ba        0x2 Include/LOGIC/Polling/poller.o
 .bss.pollCounter
                0x008006bc        0x2 Include/LOGIC/Polling/poller.o
 .bss.Timer1Callback
                0x008006be        0x2 Include/MCAL/Timer/timer.o
 *(COMMON)
                0x008006c0                PROVIDE (__bss_end, .)
                0x000019a4                __data_load_start = LOADADDR (.data)
                0x000019c0                __data_load_end = (__data_load_start + SIZEOF (.data))

.noinit         0x008006c0        0x0
                [!provide]                PROVIDE (__noinit_start, .)
 *(.noinit*)
                [!provide]                PROVIDE (__noinit_end, .)
                0x008006c0                _end = .
                [!provide]                PROVIDE (__heap_start, .)

.eeprom         0x00810000        0x0
 *(.eeprom*)
                0x00810000                __eeprom_end = .

.fuse
 *(.fuse)
 *(.lfuse)
 *(.hfuse)
 *(.efuse)

.lock
 *(.lock*)

.signature
 *(.signature*)

.user_signatures
 *(.user_signatures*)

.stab
 *(.stab)

.stabstr
 *(.stabstr)

.stab.excl
 *(.stab.excl)

.stab.exclstr
 *(.stab.exclstr)

.stab.index
 *(.stab.index)

.stab.indexstr
 *(.stab.indexstr)

.comment        0x00000000       0x5c
 *(.comment)
 .comment       0x00000000       0x30 FreeRtos/heap_1.o
                                 0x31 (size before relaxing)
 .comment       0x00000030       0x31 FreeRtos/list.o
 .comment       0x00000030       0x31 FreeRtos/port.o
 .comment       0x00000030       0x31 FreeRtos/tasks.o
 .comment       0x00000030       0x31 Include/COMMUNICATION/Uart/Uart.o
 .comment       0x00000030       0x31 Include/HAL/Lcd/Lcd.o
 .comment       0x00000030       0x31 Include/LOGIC/Polling/poller.o
 .comment       0x00000030       0x31 Include/MCAL/Adc/ADC.o
 .comment       0x00000030       0x31 Include/MCAL/Gpio/Gpio.o
 .comment       0x00000030       0x31 Include/MCAL/Gpio/Gpio_Config.o
 .comment       0x00000030       0x31 Include/MCAL/Timer/timer.o
 .comment       0x00000030       0x31 main.o
 .comment       0x00000030       0x31 d:/atmel software ide/7.0/toolchain/avr8/avr8-gnu-toolchain/bin/../lib/gcc/avr/5.4.0/../../../../avr/lib/avr5\libc.a(snprintf.o)
 .comment       0x00000030       0x2c d:/atmel software ide/7.0/toolchain/avr8/avr8-gnu-toolchain/bin/../lib/gcc/avr/5.4.0/../../../../avr/lib/avr5\libc.a(vfprintf_std.o)
                                 0x2d (size before relaxing)
 .comment       0x0000005c       0x31 d:/atmel software ide/7.0/toolchain/avr8/avr8-gnu-toolchain/bin/../lib/gcc/avr/5.4.0/../../../../avr/lib/avr5\libc.a(fputc.o)

.note.gnu.avr.deviceinfo
                0x00000000       0x3c
 .note.gnu.avr.deviceinfo
                0x00000000       0x3c D:/Atmel Software IDE/7.0/Packs/atmel/ATmega_DFP/1.3.300/gcc/dev/atmega32a/avr5/crtatmega32a.o

.note.gnu.build-id
 *(.note.gnu.build-id)

.debug
 *(.debug)

.line
 *(.line)

.debug_srcinfo
 *(.debug_srcinfo)

.debug_sfnames
 *(.debug_sfnames)

.debug_aranges  0x00000000      0x3d8
 *(.debug_aranges)
 .debug_aranges
                0x00000000       0x40 FreeRtos/heap_1.o
 .debug_aranges
                0x00000040       0x40 FreeRtos/list.o
 .debug_aranges
                0x00000080       0x40 FreeRtos/port.o
 .debug_aranges
                0x000000c0      0x148 FreeRtos/tasks.o
 .debug_aranges
                0x00000208       0x30 Include/COMMUNICATION/Uart/Uart.o
 .debug_aranges
                0x00000238       0x50 Include/HAL/Lcd/Lcd.o
 .debug_aranges
                0x00000288       0x40 Include/LOGIC/Polling/poller.o
 .debug_aranges
                0x000002c8       0x40 Include/MCAL/Adc/ADC.o
 .debug_aranges
                0x00000308       0x58 Include/MCAL/Gpio/Gpio.o
 .debug_aranges
                0x00000360       0x18 Include/MCAL/Gpio/Gpio_Config.o
 .debug_aranges
                0x00000378       0x40 Include/MCAL/Timer/timer.o
 .debug_aranges
                0x000003b8       0x20 main.o

.debug_pubnames
 *(.debug_pubnames)

.debug_info     0x00000000     0x3ef6
 *(.debug_info .gnu.linkonce.wi.*)
 .debug_info    0x00000000      0x4e6 D:/Atmel Software IDE/7.0/Packs/atmel/ATmega_DFP/1.3.300/gcc/dev/atmega32a/avr5/crtatmega32a.o
 .debug_info    0x000004e6      0x1ba FreeRtos/heap_1.o
 .debug_info    0x000006a0      0x2d3 FreeRtos/list.o
 .debug_info    0x00000973      0x23e FreeRtos/port.o
 .debug_info    0x00000bb1     0x1d21 FreeRtos/tasks.o
 .debug_info    0x000028d2      0x116 Include/COMMUNICATION/Uart/Uart.o
 .debug_info    0x000029e8      0x7ce Include/HAL/Lcd/Lcd.o
 .debug_info    0x000031b6      0x2f6 Include/LOGIC/Polling/poller.o
 .debug_info    0x000034ac      0x198 Include/MCAL/Adc/ADC.o
 .debug_info    0x00003644      0x380 Include/MCAL/Gpio/Gpio.o
 .debug_info    0x000039c4      0x14d Include/MCAL/Gpio/Gpio_Config.o
 .debug_info    0x00003b11      0x13d Include/MCAL/Timer/timer.o
 .debug_info    0x00003c4e      0x2a8 main.o

.debug_abbrev   0x00000000     0x140a
 *(.debug_abbrev)
 .debug_abbrev  0x00000000      0x4a3 D:/Atmel Software IDE/7.0/Packs/atmel/ATmega_DFP/1.3.300/gcc/dev/atmega32a/avr5/crtatmega32a.o
 .debug_abbrev  0x000004a3      0x11c FreeRtos/heap_1.o
 .debug_abbrev  0x000005bf       0xf8 FreeRtos/list.o
 .debug_abbrev  0x000006b7      0x155 FreeRtos/port.o
 .debug_abbrev  0x0000080c      0x31f FreeRtos/tasks.o
 .debug_abbrev  0x00000b2b       0xc4 Include/COMMUNICATION/Uart/Uart.o
 .debug_abbrev  0x00000bef      0x1d1 Include/HAL/Lcd/Lcd.o
 .debug_abbrev  0x00000dc0      0x156 Include/LOGIC/Polling/poller.o
 .debug_abbrev  0x00000f16       0xe5 Include/MCAL/Adc/ADC.o
 .debug_abbrev  0x00000ffb      0x1b3 Include/MCAL/Gpio/Gpio.o
 .debug_abbrev  0x000011ae       0x91 Include/MCAL/Gpio/Gpio_Config.o
 .debug_abbrev  0x0000123f       0xb1 Include/MCAL/Timer/timer.o
 .debug_abbrev  0x000012f0      0x11a main.o

.debug_line     0x00000000     0x2416
 *(.debug_line .debug_line.* .debug_line_end)
 .debug_line    0x00000000      0x115 D:/Atmel Software IDE/7.0/Packs/atmel/ATmega_DFP/1.3.300/gcc/dev/atmega32a/avr5/crtatmega32a.o
 .debug_line    0x00000115      0x1c3 FreeRtos/heap_1.o
 .debug_line    0x000002d8      0x1d7 FreeRtos/list.o
 .debug_line    0x000004af      0x272 FreeRtos/port.o
 .debug_line    0x00000721      0xff8 FreeRtos/tasks.o
 .debug_line    0x00001719      0x10c Include/COMMUNICATION/Uart/Uart.o
 .debug_line    0x00001825      0x2f2 Include/HAL/Lcd/Lcd.o
 .debug_line    0x00001b17      0x1b0 Include/LOGIC/Polling/poller.o
 .debug_line    0x00001cc7      0x244 Include/MCAL/Adc/ADC.o
 .debug_line    0x00001f0b      0x1b6 Include/MCAL/Gpio/Gpio.o
 .debug_line    0x000020c1       0x9e Include/MCAL/Gpio/Gpio_Config.o
 .debug_line    0x0000215f      0x14f Include/MCAL/Timer/timer.o
 .debug_line    0x000022ae      0x168 main.o

.debug_frame    0x00000000      0x9ac
 *(.debug_frame)
 .debug_frame   0x00000000       0x70 FreeRtos/heap_1.o
 .debug_frame   0x00000070       0x88 FreeRtos/list.o
 .debug_frame   0x000000f8       0x64 FreeRtos/port.o
 .debug_frame   0x0000015c      0x4c8 FreeRtos/tasks.o
 .debug_frame   0x00000624       0x50 Include/COMMUNICATION/Uart/Uart.o
 .debug_frame   0x00000674       0xc8 Include/HAL/Lcd/Lcd.o
 .debug_frame   0x0000073c       0x80 Include/LOGIC/Polling/poller.o
 .debug_frame   0x000007bc       0x6c Include/MCAL/Adc/ADC.o
 .debug_frame   0x00000828       0xb4 Include/MCAL/Gpio/Gpio.o
 .debug_frame   0x000008dc       0xac Include/MCAL/Timer/timer.o
 .debug_frame   0x00000988       0x24 main.o

.debug_str      0x00000000     0x147f
 *(.debug_str)
 .debug_str     0x00000000      0x196 D:/Atmel Software IDE/7.0/Packs/atmel/ATmega_DFP/1.3.300/gcc/dev/atmega32a/avr5/crtatmega32a.o
 .debug_str     0x00000196      0x1e1 FreeRtos/heap_1.o
                                0x21a (size before relaxing)
 .debug_str     0x00000377      0x147 FreeRtos/list.o
                                0x295 (size before relaxing)
 .debug_str     0x000004be      0x11d FreeRtos/port.o
                                0x283 (size before relaxing)
 .debug_str     0x000005db      0x9a8 FreeRtos/tasks.o
                                0xd18 (size before relaxing)
 .debug_str     0x00000f83       0x5c Include/COMMUNICATION/Uart/Uart.o
                                0x19a (size before relaxing)
 .debug_str     0x00000fdf      0x14b Include/HAL/Lcd/Lcd.o
                                0x2b0 (size before relaxing)
 .debug_str     0x0000112a      0x158 Include/LOGIC/Polling/poller.o
                                0x2c4 (size before relaxing)
 .debug_str     0x00001282       0x87 Include/MCAL/Adc/ADC.o
                                0x1f1 (size before relaxing)
 .debug_str     0x00001309       0x7a Include/MCAL/Gpio/Gpio.o
                                0x222 (size before relaxing)
 .debug_str     0x00001383       0x2f Include/MCAL/Gpio/Gpio_Config.o
                                0x1d4 (size before relaxing)
 .debug_str     0x000013b2       0x46 Include/MCAL/Timer/timer.o
                                0x211 (size before relaxing)
 .debug_str     0x000013f8       0x87 main.o
                                0x29d (size before relaxing)

.debug_loc      0x00000000     0x31e3
 *(.debug_loc)
 .debug_loc     0x00000000      0x10f FreeRtos/heap_1.o
 .debug_loc     0x0000010f      0x145 FreeRtos/list.o
 .debug_loc     0x00000254      0x2a0 FreeRtos/port.o
 .debug_loc     0x000004f4     0x2177 FreeRtos/tasks.o
 .debug_loc     0x0000266b       0x8a Include/COMMUNICATION/Uart/Uart.o
 .debug_loc     0x000026f5      0x4f0 Include/HAL/Lcd/Lcd.o
 .debug_loc     0x00002be5       0xed Include/LOGIC/Polling/poller.o
 .debug_loc     0x00002cd2      0x29a Include/MCAL/Adc/ADC.o
 .debug_loc     0x00002f6c      0x1ac Include/MCAL/Gpio/Gpio.o
 .debug_loc     0x00003118       0xcb Include/MCAL/Timer/timer.o

.debug_macinfo
 *(.debug_macinfo)

.debug_weaknames
 *(.debug_weaknames)

.debug_funcnames
 *(.debug_funcnames)

.debug_typenames
 *(.debug_typenames)

.debug_varnames
 *(.debug_varnames)

.debug_pubtypes
 *(.debug_pubtypes)

.debug_ranges   0x00000000      0x390
 *(.debug_ranges)
 .debug_ranges  0x00000000       0x30 FreeRtos/heap_1.o
 .debug_ranges  0x00000030       0x30 FreeRtos/list.o
 .debug_ranges  0x00000060       0x30 FreeRtos/port.o
 .debug_ranges  0x00000090      0x1b8 FreeRtos/tasks.o
 .debug_ranges  0x00000248       0x20 Include/COMMUNICATION/Uart/Uart.o
 .debug_ranges  0x00000268       0x40 Include/HAL/Lcd/Lcd.o
 .debug_ranges  0x000002a8       0x30 Include/LOGIC/Polling/poller.o
 .debug_ranges  0x000002d8       0x30 Include/MCAL/Adc/ADC.o
 .debug_ranges  0x00000308       0x48 Include/MCAL/Gpio/Gpio.o
 .debug_ranges  0x00000350       0x30 Include/MCAL/Timer/timer.o
 .debug_ranges  0x00000380       0x10 main.o

.debug_macro
 *(.debug_macro)
OUTPUT(RTOS_AVR.elf elf32-avr)
LOAD linker stubs
